	Command being timed: "/tmp/ehgp-tower-v9-a494332c4aa1001d.x99lD2tvUz/output/build/mhgp9_tower_probe /tmp/ehgp-tower-v9-a494332c4aa1001d.x99lD2tvUz/output/preflight.u32le 5 2 --s=8 --static=2 --grid=1mm --lever=atlas_saturate_deep=1 --lever=q3_leaf_census=1 --lever=q34_dead_lanes=1 --lever=q34_witness_cache=1 --lever=q34_dead_core=1"
	User time (seconds): 1.63
	System time (seconds): 0.02
	Percent of CPU this job got: 192%
	Elapsed (wall clock) time (h:mm:ss or m:ss): 0:00.86
	Average shared text size (kbytes): 0
	Average unshared data size (kbytes): 0
	Average stack size (kbytes): 0
	Average total size (kbytes): 0
	Maximum resident set size (kbytes): 72764
	Average resident set size (kbytes): 0
	Major (requiring I/O) page faults: 0
	Minor (reclaiming a frame) page faults: 25814
	Voluntary context switches: 99
	Involuntary context switches: 28
	Swaps: 0
	File system inputs: 0
	File system outputs: 8
	Socket messages sent: 0
	Socket messages received: 0
	Signals delivered: 0
	Page size (bytes): 4096
	Exit status: 0
