[guard 07:00:02] attente (busy=1 free=20230 Mio)
[guard 07:00:32] attente (busy=1 free=20709 Mio)
[guard 07:01:02] attente (busy=1 free=18860 Mio)
[guard 07:01:32] attente (busy=1 free=18088 Mio)
[guard 07:02:02] attente (busy=1 free=18974 Mio)
[guard 07:02:33] attente (busy=1 free=20142 Mio)
[guard 07:03:03] attente (busy=1 free=20238 Mio)
[guard 07:03:33] attente (busy=1 free=21495 Mio)
[guard 07:04:03] attente (busy=1 free=21134 Mio)
[guard 07:04:33] attente (busy=1 free=20947 Mio)
[guard 07:05:03] attente (busy=1 free=20497 Mio)
[guard 07:05:33] attente (busy=1 free=19364 Mio)
[guard 07:06:03] attente (busy=1 free=20565 Mio)
[guard 07:06:33] attente (busy=1 free=18046 Mio)
[guard 07:07:04] attente (busy=1 free=17718 Mio)
[guard 07:07:34] attente (busy=1 free=16527 Mio)
[guard 07:08:04] attente (busy=1 free=13574 Mio)
[guard 07:08:34] attente (busy=1 free=17625 Mio)
[guard 07:09:04] attente (busy=1 free=21813 Mio)
[guard 07:09:34] attente (busy=1 free=19253 Mio)
[guard 07:10:04] attente (busy=1 free=20764 Mio)
[guard 07:10:34] attente (busy=1 free=22493 Mio)
[guard 07:11:04] attente (busy=1 free=22143 Mio)
[guard 07:11:34] attente (busy=1 free=20986 Mio)
[guard 07:12:04] attente (busy=1 free=19649 Mio)
[guard 07:12:34] attente (busy=1 free=23654 Mio)
[guard 07:13:04] attente (busy=1 free=24503 Mio)
[guard 07:13:34] attente (busy=1 free=24450 Mio)
[guard 07:14:04] attente (busy=1 free=24060 Mio)
[guard 07:14:34] attente (busy=1 free=23849 Mio)
[guard 07:15:04] attente (busy=1 free=23463 Mio)
[guard 07:15:34] attente (busy=1 free=24616 Mio)
[guard 07:16:04] attente (busy=1 free=24384 Mio)
[guard 07:16:34] attente (busy=1 free=23632 Mio)
[guard 07:17:05] attente (busy=1 free=23221 Mio)
[guard 07:17:35] attente (busy=1 free=24171 Mio)
[guard 07:18:05] attente (busy=1 free=23468 Mio)
[guard 07:18:35] attente (busy=1 free=22964 Mio)
[guard 07:19:05] attente (busy=1 free=22287 Mio)
[guard 07:19:35] attente (busy=1 free=23683 Mio)
[guard 07:20:05] attente (busy=1 free=23435 Mio)
[guard 07:20:35] attente (busy=1 free=23009 Mio)
[guard 07:21:05] attente (busy=1 free=22688 Mio)
[guard 07:21:35] attente (busy=1 free=23596 Mio)
[guard 07:22:05] attente (busy=1 free=23352 Mio)
[guard 07:22:35] attente (busy=1 free=22539 Mio)
[guard 07:23:05] attente (busy=1 free=21613 Mio)
[guard 07:23:35] attente (busy=1 free=21241 Mio)
[guard 07:24:05] attente (busy=1 free=20969 Mio)
[guard 07:24:35] attente (busy=1 free=22883 Mio)
[guard 07:25:05] attente (busy=1 free=21201 Mio)
[guard 07:25:35] attente (busy=1 free=22351 Mio)
[guard 07:26:05] attente (busy=1 free=22212 Mio)
[guard 07:26:35] attente (busy=1 free=21375 Mio)
[guard 07:27:05] attente (busy=1 free=21147 Mio)
[guard 07:27:35] attente (busy=1 free=21653 Mio)
[guard 07:28:05] attente (busy=1 free=19545 Mio)
[guard 07:28:35] attente (busy=1 free=21351 Mio)
[guard 07:29:05] attente (busy=1 free=21251 Mio)
[guard 07:29:35] attente (busy=1 free=19725 Mio)
[guard 07:30:05] machine quiet (free 24103 Mio) ; lancement observateur 50k seul
pinned_50000_threads8_o2_r2: rc=0 attendu=0 988.597s maxrss_kib=14453640
[guard 07:46:34] observateur terminé rc=0
guard exited rc=0
