Documentation validation failed:
- morsehgp3D_v10/receipts/audit_continu_20260929/performance_corrected/observed/G4_SESSION4_HISTORIQUE.md:15: missing local link 'plan_s4_j2c.json'
- morsehgp3D_v10/receipts/audit_continu_20260929/performance_corrected/observed/G4_SESSION4_HISTORIQUE.md:22: missing local link 'compare_sessions.py'
- morsehgp3D_v10/receipts/audit_continu_20260929/performance_corrected/observed/G4_SESSION4_HISTORIQUE.md:23: missing local link 'comparaison_s2_s3_s4.txt'
- morsehgp3D_v10/receipts/audit_continu_20260929/projection_facts_corrected/sources/docs/math/STATUT_PREUVES_ET_HEURISTIQUES.md:31: missing local link 'HIERARCHIE_DE_POINTS_MULTI_ORDRES.md'
- morsehgp3D_v10/receipts/audit_continu_20260929/projection_facts_corrected/sources/docs/math/STATUT_PREUVES_ET_HEURISTIQUES.md:48: missing local link '../validation/PHASE5_PROGRESS.md'
- morsehgp3D_v10/receipts/audit_continu_20260929/projection_facts_corrected/sources/docs/math/STATUT_PREUVES_ET_HEURISTIQUES.md:49: missing local link '../validation/PHASE5_PROGRESS.md'
- morsehgp3D_v10/receipts/audit_continu_20260929/projection_facts_corrected/sources/docs/math/STATUT_PREUVES_ET_HEURISTIQUES.md:53: missing local link 'CATALOGUE_PAIRES_DIAMETRALES_EXACT.md'
- morsehgp3D_v10/receipts/audit_continu_20260929/projection_facts_corrected/sources/docs/math/STATUT_PREUVES_ET_HEURISTIQUES.md:56: missing local link '../validation/phase15_morton_yao48_radial_subtree_filter_g4_8e23ff9.json'
- morsehgp3D_v10/receipts/audit_continu_20260929/projection_facts_corrected/sources/docs/math/STATUT_PREUVES_ET_HEURISTIQUES.md:67: missing local link '../../tests/fixtures/regressions/gabriel_carrier_strict_interior_extra_shell_matrix.json'
- morsehgp3D_v10/receipts/audit_continu_20260929/projection_facts_corrected/sources/docs/math/STATUT_PREUVES_ET_HEURISTIQUES.md:70: missing local link '../../morsehgp3d/tests/fixtures/spatial/relevant_gp_extra_shell_above_smax.json'
- morsehgp3D_v10/receipts/audit_continu_20260929/projection_facts_corrected/sources/docs/math/STATUT_PREUVES_ET_HEURISTIQUES.md:72: missing local link '../../tests/fixtures/regressions/hartigan_triangle_all_side_ranks_above_k.json'
- morsehgp3D_v10/receipts/audit_continu_20260929/projection_facts_corrected/sources/docs/math/STATUT_PREUVES_ET_HEURISTIQUES.md:75: missing local link 'RNG_JUNG_CLIQUES_ET_NIVEAUX_PEUPROFONDS.md'
- morsehgp3D_v10/receipts/audit_continu_20260929/projection_facts_corrected/sources/docs/math/STATUT_PREUVES_ET_HEURISTIQUES.md:75: missing local link '../../tests/fixtures/regressions/rng_order_q_rank11_support4_counterexample.json'
- morsehgp3D_v10/receipts/audit_continu_20260929/projection_facts_corrected/sources/docs/math/STATUT_PREUVES_ET_HEURISTIQUES.md:86: missing local link '../../tests/fixtures/regressions/tetrahedron_face_filter_counterexamples.json'
- morsehgp3D_v10/receipts/audit_continu_20260929/projection_facts_corrected/sources/docs/math/STATUT_PREUVES_ET_HEURISTIQUES.md:90: missing local link '../validation/PHASE5_PROGRESS.md'
- morsehgp3D_v10/receipts/audit_continu_20260929/projection_facts_corrected/sources/docs/math/STATUT_PREUVES_ET_HEURISTIQUES.md:91: missing local link '../validation/PHASE5_PROGRESS.md'
- morsehgp3D_v10/receipts/audit_continu_20260929/projection_facts_corrected/sources/docs/math/STATUT_PREUVES_ET_HEURISTIQUES.md:94: missing local link '../validation/PHASE5_PROGRESS.md'
- morsehgp3D_v10/receipts/audit_continu_20260929/projection_facts_corrected/sources/docs/math/STATUT_PREUVES_ET_HEURISTIQUES.md:119: missing local link 'INCIDENCES_SILENCIEUSES_GAMMA.md'
- morsehgp3D_v10/receipts/audit_continu_20260929/projection_facts_corrected/sources/docs/math/STATUT_PREUVES_ET_HEURISTIQUES.md:120: missing local link 'INCIDENCES_SILENCIEUSES_GAMMA.md'
- morsehgp3D_v10/receipts/audit_continu_20260929/projection_facts_corrected/sources/docs/math/STATUT_PREUVES_ET_HEURISTIQUES.md:123: missing local link '../../morsehgp3d/tests/unit/fixtures/moment_curve_k3_first_incidence_omitted_noop_batch_n9.hpp'
- morsehgp3D_v10/receipts/audit_continu_20260929/projection_facts_corrected/sources/docs/math/STATUT_PREUVES_ET_HEURISTIQUES.md:131: missing local link '../../morsehgp3D_v7/docs/AUDIT_NIVEAUX_GABRIEL_20260905.md'
- morsehgp3D_v10/receipts/audit_continu_20260929/projection_facts_corrected/sources/docs/math/STATUT_PREUVES_ET_HEURISTIQUES.md:131: missing local link '../../morsehgp3D_v7/audits/NIVEAUX_ET_CERTIFICAT_HGP_COURANT.md'
- morsehgp3D_v10/receipts/audit_continu_20260929/projection_facts_corrected/sources/docs/math/STATUT_PREUVES_ET_HEURISTIQUES.md:137: missing local link 'COMPTABILITE_M1_O5_DECES_H0.md'
- morsehgp3D_v10/receipts/audit_continu_20260929/projection_facts_corrected/sources/docs/math/STATUT_PREUVES_ET_HEURISTIQUES.md:141: missing local link '../../morsehgp3d/tests/unit/fixtures/moment_curve_k3_one_step_star_incompleteness_n9.hpp'
- morsehgp3D_v10/receipts/audit_continu_20260929/projection_facts_corrected/sources/docs/math/STATUT_PREUVES_ET_HEURISTIQUES.md:141: missing local link '../../morsehgp3d/tests/unit/test_hierarchy_direct_sparse_successive_incidence_star_journal.cpp'
- morsehgp3D_v10/receipts/audit_continu_20260929/projection_facts_corrected/sources/docs/math/STATUT_PREUVES_ET_HEURISTIQUES.md:144: missing local link 'TOUR_BOULES_SATUREES.md'
- morsehgp3D_v10/receipts/audit_continu_20260929/projection_facts_corrected/sources/docs/math/STATUT_PREUVES_ET_HEURISTIQUES.md:151: missing local link '../../morsehgp3D_v9/experiments/weighted_clustering_20260927/AUDIT_MATH.md'
- morsehgp3D_v10/receipts/audit_continu_20260929/projection_facts_corrected/sources/docs/math/STATUT_PREUVES_ET_HEURISTIQUES.md:153: missing local link '../../morsehgp3D_v9/experiments/point_dendrogram_20260927/test_catalogue_counterexample.py'
- morsehgp3D_v10/receipts/audit_continu_20260929/projection_facts_corrected/sources/docs/math/STATUT_PREUVES_ET_HEURISTIQUES.md:153: missing local link '../../morsehgp3D_v9/audits/CATALOGUE_ET_POIDS_NON_GABRIEL_20260927.md'
- morsehgp3D_v10/receipts/audit_continu_20260929/projection_facts_corrected/sources/docs/math/STATUT_PREUVES_ET_HEURISTIQUES.md:169: missing local link '../../morsehgp3d/tests/fixtures/spatial/relevant_gp_extra_shell_above_smax.json'
- morsehgp3D_v10/receipts/audit_continu_20260929/projection_facts_corrected/sources/docs/math/STATUT_PREUVES_ET_HEURISTIQUES.md:170: missing local link '../../morsehgp3d/tests/unit/test_hierarchy_critical_catalog.cpp'
- morsehgp3D_v10/receipts/audit_continu_20260929/projection_facts_corrected/sources/docs/math/STATUT_PREUVES_ET_HEURISTIQUES.md:183: missing local link 'TOUR_BOULES_SATUREES.md'
- morsehgp3D_v10/receipts/audit_continu_20260929/projection_facts_corrected/sources/docs/math/STATUT_PREUVES_ET_HEURISTIQUES.md:201: missing local link 'ATTACHES_DESCENTE_MINIBALL.md'
- morsehgp3D_v10/receipts/audit_continu_20260929/projection_facts_corrected/sources/docs/math/STATUT_PREUVES_ET_HEURISTIQUES.md:220: missing local link 'ATTACHES_DESCENTE_MINIBALL.md'
- morsehgp3D_v10/receipts/audit_continu_20260929/projection_facts_corrected/sources/docs/math/STATUT_PREUVES_ET_HEURISTIQUES.md:224: missing local link 'ATTACHES_DESCENTE_MINIBALL.md'
- morsehgp3D_v10/receipts/audit_continu_20260929/projection_facts_corrected/sources/docs/math/STATUT_PREUVES_ET_HEURISTIQUES.md:226: missing local link 'ATTACHES_DESCENTE_MINIBALL.md'
- morsehgp3D_v10/receipts/audit_continu_20260929/projection_facts_corrected/sources/docs/math/STATUT_PREUVES_ET_HEURISTIQUES.md:228: missing local link 'ATTACHES_DESCENTE_MINIBALL.md'
- morsehgp3D_v10/receipts/audit_continu_20260929/projection_facts_corrected/sources/docs/math/STATUT_PREUVES_ET_HEURISTIQUES.md:236: missing local link 'REDUCTION_MORSE_H0_PHASE10.md'
- morsehgp3D_v10/receipts/audit_continu_20260929/projection_facts_corrected/sources/docs/math/STATUT_PREUVES_ET_HEURISTIQUES.md:244: missing local link 'THEOREME_ANCRES_EVENEMENTS_ADJACENTS.md'
- morsehgp3D_v10/receipts/audit_continu_20260929/projection_facts_corrected/sources/docs/math/STATUT_PREUVES_ET_HEURISTIQUES.md:317: missing local link 'CERTIFICAT_GROUPE_PAIRES_ANCREES_PHASE14.md'
- morsehgp3D_v10/receipts/audit_continu_20260929/projection_facts_corrected/sources/docs/math/STATUT_PREUVES_ET_HEURISTIQUES.md:350: missing local link 'DESCENTE_FACETTE_SPARSE_PHASE10.md'
- morsehgp3D_v10/receipts/audit_continu_20260929/projection_facts_corrected/sources/docs/math/STATUT_PREUVES_ET_HEURISTIQUES.md:351: missing local link 'FERMETURE_DESCENTE_FACETTE_SPARSE_PHASE10.md'
- morsehgp3D_v10/receipts/audit_continu_20260929/projection_facts_corrected/sources/docs/math/STATUT_PREUVES_ET_HEURISTIQUES.md:363: missing local link 'PREMIERE_INCIDENCE_SPARSE_PHASE10.md'
- morsehgp3D_v10/receipts/audit_continu_20260929/projection_facts_corrected/sources/docs/math/STATUT_PREUVES_ET_HEURISTIQUES.md:364: missing local link 'PREMIERES_INCIDENCES_FACETTES_DIRECTES_PHASE10.md'
- morsehgp3D_v10/receipts/audit_continu_20260929/projection_facts_corrected/sources/docs/math/STATUT_PREUVES_ET_HEURISTIQUES.md:365: missing local link 'DIFFERENTIEL_GATEWAYS_DIRECTS_PHASE10.md'
- morsehgp3D_v10/receipts/audit_continu_20260929/projection_facts_corrected/sources/docs/math/STATUT_PREUVES_ET_HEURISTIQUES.md:366: missing local link 'LOCALISATION_CANDIDATS_GATEWAYS_PHASE10.md'
- morsehgp3D_v10/receipts/audit_continu_20260929/projection_facts_corrected/sources/docs/math/STATUT_PREUVES_ET_HEURISTIQUES.md:367: missing local link 'SONDE_PREFIXE_LOCATOR_POSITIF_PHASE10.md'
- morsehgp3D_v10/receipts/audit_continu_20260929/projection_facts_corrected/sources/docs/math/STATUT_PREUVES_ET_HEURISTIQUES.md:368: missing local link 'RACCORD_HORLOGES_SPARSE_PHASE10.md'
- morsehgp3D_v10/receipts/audit_continu_20260929/projection_facts_corrected/sources/docs/math/STATUT_PREUVES_ET_HEURISTIQUES.md:369: missing local link 'RACCORD_HORLOGES_SPARSE_PHASE10.md'
- morsehgp3D_v10/receipts/audit_continu_20260929/projection_facts_corrected/sources/docs/math/STATUT_PREUVES_ET_HEURISTIQUES.md:370: missing local link 'AUTORITE_HORLOGE_SPARSE_PHASE10.md'
- morsehgp3D_v10/receipts/audit_continu_20260929/projection_facts_corrected/sources/docs/math/STATUT_PREUVES_ET_HEURISTIQUES.md:371: missing local link 'RESOLUTION_TEMPORELLE_GATEWAYS_PHASE10.md'
- morsehgp3D_v10/receipts/audit_continu_20260929/projection_facts_corrected/sources/docs/math/STATUT_PREUVES_ET_HEURISTIQUES.md:372: missing local link 'QUOTIENT_GATEWAYS_HISTORIQUES_PHASE10.md'
- morsehgp3D_v10/receipts/audit_continu_20260929/projection_facts_corrected/sources/docs/math/STATUT_PREUVES_ET_HEURISTIQUES.md:373: missing local link 'DUREES_VIE_RESOLUTION_TEMPORELLE_PHASE10.md'
- morsehgp3D_v10/receipts/audit_continu_20260929/projection_facts_corrected/sources/docs/math/STATUT_PREUVES_ET_HEURISTIQUES.md:657: missing local link '../validation/PHASE7_PRIMITIVE_AUDIT.md'
- morsehgp3D_v10/receipts/audit_continu_20260929/projection_facts_corrected/sources/docs/math/STATUT_PREUVES_ET_HEURISTIQUES.md:674: missing local link '../../morsehgp3d/tests/fixtures/spatial/gpu_fp64_tie_split.json'
- morsehgp3D_v10/receipts/audit_continu_20260929/projection_facts_corrected/sources/docs/math/STATUT_PREUVES_ET_HEURISTIQUES.md:705: missing local link '../validation/phase15_exact_pair_block_antichain_cuda_g4_3bf31e7.json'
- morsehgp3D_v10/receipts/audit_continu_20260929/projection_facts_corrected/sources/docs/math/STATUT_PREUVES_ET_HEURISTIQUES.md:707: missing local link '../validation/phase15_exact_pair_block_antichain_compact_cuda_g4_02c615a.json'
- morsehgp3D_v10/receipts/audit_continu_20260929/projection_facts_corrected/sources/docs/math/STATUT_PREUVES_ET_HEURISTIQUES.md:709: missing local link '../validation/phase15_resident_transactional_semantic_g4_de60a1b.json'
- morsehgp3D_v10/receipts/audit_continu_20260929/projection_facts_corrected/sources/docs/math/STATUT_PREUVES_ET_HEURISTIQUES.md:710: missing local link '../validation/phase15_resident_transactional_semantic_g4_1312b33.json'
- morsehgp3D_v10/receipts/audit_continu_20260929/projection_facts_corrected/sources/docs/math/STATUT_PREUVES_ET_HEURISTIQUES.md:718: missing local link '../validation/phase15_resident_transactional_semantic_g4_74b7aa1.json'
- morsehgp3D_v10/receipts/audit_continu_20260929/projection_facts_corrected/sources/docs/math/STATUT_PREUVES_ET_HEURISTIQUES.md:729: missing local link '../validation/phase3_g4_resident_transactional_semantic_de60a1b.json'
- morsehgp3D_v10/receipts/audit_continu_20260929/projection_facts_corrected/sources/docs/math/STATUT_PREUVES_ET_HEURISTIQUES.md:731: missing local link '../validation/phase3_g4_resident_transactional_semantic_1312b33.json'
- morsehgp3D_v10/receipts/audit_continu_20260929/projection_facts_corrected/sources/docs/math/STATUT_PREUVES_ET_HEURISTIQUES.md:733: missing local link '../validation/phase15_resident_transactional_semantic_g4_74b7aa1.json'
- morsehgp3D_v10/receipts/audit_continu_20260929/projection_facts_corrected/sources/docs/math/STATUT_PREUVES_ET_HEURISTIQUES.md:733: missing local link '../validation/phase3_g4_resident_transactional_semantic_74b7aa1.json'
- morsehgp3D_v10/receipts/audit_continu_20260929/projection_facts_corrected/sources/docs/math/STATUT_PREUVES_ET_HEURISTIQUES.md:735: missing local link '../validation/phase14_complete_resident_50k_k10_g4_d250d71.json'
- morsehgp3D_v10/receipts/audit_continu_20260929/projection_facts_corrected/sources/docs/math/STATUT_PREUVES_ET_HEURISTIQUES.md:737: missing local link '../validation/phase14_surrogate_g4_session_99d3779.json'
- morsehgp3D_v10/receipts/audit_continu_20260929/projection_facts_corrected/sources/docs/math/STATUT_PREUVES_ET_HEURISTIQUES.md:739: missing local link '../validation/phase14_hierarchy_quality_50k_k10_g4_9d148f8.json'
- morsehgp3D_v10/receipts/audit_continu_20260929/projection_facts_corrected/sources/docs/math/STATUT_PREUVES_ET_HEURISTIQUES.md:767: missing local link '../../tests/fixtures/regressions/gabriel_carrier_strict_interior_extra_shell_matrix.json'
- morsehgp3D_v10/receipts/audit_continu_20260929/projection_facts_corrected/sources/docs/math/STATUT_PREUVES_ET_HEURISTIQUES.md:865: missing local link '../../tests/fixtures/regressions/delaunay_two_edge_gamma2_counterexample.json'
- morsehgp3D_v10/receipts/audit_continu_20260929/projection_facts_corrected/sources/docs/math/STATUT_PREUVES_ET_HEURISTIQUES.md:869: missing local link '../../tests/fixtures/regressions/delaunay_local_gamma2_counterexample_n8.json'
- morsehgp3D_v10/receipts/audit_continu_20260929/projection_facts_corrected/sources/docs/math/STATUT_PREUVES_ET_HEURISTIQUES.md:871: missing local link 'DELAUNAY_ORDINAIRE_GAMMA2.md'
- morsehgp3D_v10/receipts/audit_continu_20260929/projection_facts_corrected/sources/docs/math/STATUT_PREUVES_ET_HEURISTIQUES.md:879: missing local link '../archive/abandoned/phase15/PHASE15_GABRIEL_COVERAGE_G4.md'
- morsehgp3D_v10/receipts/audit_continu_20260929/projection_facts_corrected/sources/docs/math/STATUT_PREUVES_ET_HEURISTIQUES.md:897: missing local link '../archive/abandoned/phase15/PHASE15_GABRIEL_NEIGHBOR_RANK_G4.md'
- morsehgp3D_v10/receipts/audit_continu_20260929/projection_facts_corrected/sources/docs/math/STATUT_PREUVES_ET_HEURISTIQUES.md:909: missing local link '../validation/phase15_device_frontier_50k_kmax5_g4_3be0d42.json'
- morsehgp3D_v10/receipts/audit_continu_20260929/projection_facts_corrected/sources/docs/math/STATUT_PREUVES_ET_HEURISTIQUES.md:909: missing local link '../validation/phase3_g4_device_frontier_50k_kmax5_3be0d42.json'
- morsehgp3D_v10/receipts/audit_continu_20260929/projection_facts_corrected/sources/docs/math/STATUT_PREUVES_ET_HEURISTIQUES.md:911: missing local link '../validation/phase15_device_frontier_50k_kmax5_warm_g4_f39ab07.json'
- morsehgp3D_v10/receipts/audit_continu_20260929/projection_facts_corrected/sources/docs/math/STATUT_PREUVES_ET_HEURISTIQUES.md:911: missing local link '../validation/phase3_g4_device_frontier_50k_kmax5_warm_f39ab07.json'
- morsehgp3D_v10/receipts/audit_continu_20260929/projection_facts_corrected/sources/docs/math/STATUT_PREUVES_ET_HEURISTIQUES.md:913: missing local link '../validation/phase15_device_frontier_50k_kmax5_warm_cache_g4_a444de9.json'
- morsehgp3D_v10/receipts/audit_continu_20260929/projection_facts_corrected/sources/docs/math/STATUT_PREUVES_ET_HEURISTIQUES.md:913: missing local link '../validation/phase3_g4_device_frontier_50k_kmax5_warm_cache_a444de9.json'
- morsehgp3D_v10/receipts/audit_continu_20260929/projection_facts_corrected/sources/docs/math/STATUT_PREUVES_ET_HEURISTIQUES.md:915: missing local link '../validation/phase15_device_frontier_50k_kmax5_warm_occupancy_g4_4bf3cc0.json'
- morsehgp3D_v10/receipts/audit_continu_20260929/projection_facts_corrected/sources/docs/math/STATUT_PREUVES_ET_HEURISTIQUES.md:915: missing local link '../validation/phase3_g4_device_frontier_50k_kmax5_warm_occupancy_4bf3cc0.json'
- morsehgp3D_v10/receipts/audit_continu_20260929/projection_facts_corrected/sources/docs/math/STATUT_PREUVES_ET_HEURISTIQUES.md:917: missing local link '../validation/phase15_device_frontier_50k_kmax5_warm_authority_init_g4_92bfea7.json'
- morsehgp3D_v10/receipts/audit_continu_20260929/projection_facts_corrected/sources/docs/math/STATUT_PREUVES_ET_HEURISTIQUES.md:917: missing local link '../validation/phase3_g4_device_frontier_50k_kmax5_warm_authority_init_92bfea7.json'
- morsehgp3D_v10/receipts/audit_continu_20260929/projection_facts_corrected/sources/docs/math/STATUT_PREUVES_ET_HEURISTIQUES.md:923: missing local link '../validation/phase15_exact_pair_block_antichain_cuda_g4_3bf31e7.json'
- morsehgp3D_v10/receipts/audit_continu_20260929/projection_facts_corrected/sources/docs/math/STATUT_PREUVES_ET_HEURISTIQUES.md:931: missing local link '../validation/phase15_ranked_pair_classifier_g4_51102a0.json'
- morsehgp3D_v10/receipts/audit_continu_20260929/projection_facts_corrected/sources/docs/math/STATUT_PREUVES_ET_HEURISTIQUES.md:1001: missing local link 'COMPTABILITE_M1_O5_DECES_H0.md'
- morsehgp3D_v10/receipts/audit_continu_20260929/projection_facts_corrected/sources/docs/math/STATUT_PREUVES_ET_HEURISTIQUES.md:1007: missing local link '../../tests/fixtures/regressions/morse_m1_o5_death_accounting.json'
- morsehgp3D_v10/receipts/audit_continu_20260929/projection_facts_corrected/sources/docs/math/STATUT_PREUVES_ET_HEURISTIQUES.md:1007: missing local link '../../tests/oracle/test_morse_m1_o5_death_accounting.py'
- morsehgp3D_v10/receipts/audit_continu_20260929/projection_facts_corrected/sources/docs/math/STATUT_PREUVES_ET_HEURISTIQUES.md:1047: missing local link '../../tests/fixtures/regressions/higher_rank_prune_does_not_certify_star_regularity.json'
- morsehgp3D_v10/receipts/audit_continu_20260929/projection_facts_corrected/sources/docs/math/STATUT_PREUVES_ET_HEURISTIQUES.md:1055: missing local link 'INCIDENCES_SILENCIEUSES_GAMMA.md'
- morsehgp3D_v10/receipts/audit_continu_20260929/projection_facts_corrected/sources/docs/math/STATUT_PREUVES_ET_HEURISTIQUES.md:1061: missing local link '../../tests/fixtures/regressions/higher_rank_prune_does_not_certify_star_regularity.json'
- morsehgp3D_v10/receipts/audit_continu_20260929/projection_facts_corrected/sources/docs/math/STATUT_PREUVES_ET_HEURISTIQUES.md:1111: missing local link '../validation/phase15_exact_higher_support_terminal_geometry_cuda_g4_57dc0e6.json'
- morsehgp3D_v10/receipts/audit_continu_20260929/projection_facts_corrected/sources/docs/math/STATUT_PREUVES_ET_HEURISTIQUES.md:1219: missing local link '../../tests/fixtures/regressions/direct_normalized_h0_equal_nonbirth_e5_batch7.json'
- morsehgp3D_v10/receipts/audit_continu_20260929/projection_facts_corrected/sources/docs/math/STATUT_PREUVES_ET_HEURISTIQUES.md:1263: missing local link 'TOUR_BOULES_SATUREES.md'
- morsehgp3D_v10/receipts/audit_continu_20260929/projection_facts_corrected/sources/docs/math/STATUT_PREUVES_ET_HEURISTIQUES.md:1294: missing local link '../../morsehgp3D_v10/audits/audit_continu_20260929/AUDIT_LAMINARITE_POINTS_20260929.md'
- morsehgp3D_v10/receipts/audit_continu_20260929/projection_facts_corrected/sources/docs/math/STATUT_PREUVES_ET_HEURISTIQUES.md:1294: missing local link '../../morsehgp3D_v10/audits/audit_continu_20260929/pool_head/CONTRE_AUDIT_PROJECTION_MULTIK_20260929.md'
- morsehgp3D_v10/receipts/audit_continu_20260929/r2_rounding_bench_stream_20260930/bancs/developer_proofs/RECU_bancs_r2.md:31: missing local link 'recu/sondes_verif/ORIGINE.txt'
- morsehgp3D_v10/receipts/audit_continu_20260929/r2_rounding_bench_stream_20260930/bancs/developer_proofs/RECU_bancs_r2.md:54: missing local link 'recu/preuves/a_signal/r1/simulation_python3.txt'
- morsehgp3D_v10/receipts/audit_continu_20260929/r2_rounding_bench_stream_20260930/bancs/developer_proofs/RECU_bancs_r2.md:54: missing local link 'recu/preuves/a_signal/r1/simulation_python3.10.txt'
- morsehgp3D_v10/receipts/audit_continu_20260929/r2_rounding_bench_stream_20260930/bancs/developer_proofs/RECU_bancs_r2.md:69: missing local link 'recu/essais/fenetre_clause.py'
- morsehgp3D_v10/receipts/audit_continu_20260929/r2_rounding_bench_stream_20260930/bancs/developer_proofs/RECU_bancs_r2.md:77: missing local link 'recu/essais/fenetre_clause.txt'
- morsehgp3D_v10/receipts/audit_continu_20260929/r2_rounding_bench_stream_20260930/bancs/developer_proofs/RECU_bancs_r2.md:77: missing local link 'recu/essais/point_controle.txt'
- morsehgp3D_v10/receipts/audit_continu_20260929/r2_rounding_bench_stream_20260930/bancs/developer_proofs/RECU_bancs_r2.md:118: missing local link 'recu/preuves/e_ctest/ctest_r1_portes_finales.txt'
- morsehgp3D_v10/receipts/audit_continu_20260929/r2_rounding_bench_stream_20260930/bancs/developer_proofs/RECU_bancs_r2.md:118: missing local link 'recu/preuves/e_ctest/ctest_final_portes_V.txt'
- morsehgp3D_v10/receipts/audit_continu_20260929/r2_rounding_bench_stream_20260930/bancs/developer_proofs/RECU_bancs_r2.md:119: missing local link 'recu/preuves/a_signal/final/porte_delai_py312.txt'
- morsehgp3D_v10/receipts/audit_continu_20260929/r2_rounding_bench_stream_20260930/bancs/developer_proofs/RECU_bancs_r2.md:119: missing local link 'recu/preuves/a_signal/final/porte_delai_py310.txt'
- morsehgp3D_v10/receipts/audit_continu_20260929/r2_rounding_bench_stream_20260930/bancs/developer_proofs/RECU_bancs_r2.md:120: missing local link 'recu/preuves/f_interpretes/'
- morsehgp3D_v10/receipts/audit_continu_20260929/r2_rounding_bench_stream_20260930/bancs/developer_proofs/RECU_bancs_r2.md:124: missing local link 'recu/outils/mutants_scale_run.py'
- morsehgp3D_v10/receipts/audit_continu_20260929/r2_rounding_bench_stream_20260930/bancs/developer_proofs/RECU_bancs_r2.md:125: missing local link 'recu/preuves/a_signal/mutants_python3/resume.jsonl.txt'
- morsehgp3D_v10/receipts/audit_continu_20260929/r2_rounding_bench_stream_20260930/bancs/developer_proofs/RECU_bancs_r2.md:125: missing local link 'recu/preuves/a_signal/mutants_python3.10/resume.jsonl.txt'
- morsehgp3D_v10/receipts/audit_continu_20260929/r2_rounding_bench_stream_20260930/bancs/developer_proofs/RECU_bancs_r2.md:153: missing local link 'recu/outils/sous_ensemble_python3.10.txt'
- morsehgp3D_v10/receipts/audit_continu_20260929/r2_rounding_bench_stream_20260930/bancs/developer_proofs/RECU_bancs_r2.md:162: missing local link 'recu/sondes_verif/double_signal.py'
- morsehgp3D_v10/receipts/audit_continu_20260929/r2_rounding_bench_stream_20260930/bancs/developer_proofs/RECU_bancs_r2.md:163: missing local link 'recu/sondes_verif/signal_dans_close_group.py'
- morsehgp3D_v10/receipts/audit_continu_20260929/r2_rounding_bench_stream_20260930/bancs/developer_proofs/RECU_bancs_r2.md:167: missing local link 'recu/outils/vrais_signaux.sh.txt'
- morsehgp3D_v10/receipts/audit_continu_20260929/r2_rounding_bench_stream_20260930/bancs/developer_proofs/RECU_bancs_r2.md:167: missing local link 'recu/preuves/g_vrais_signaux/charge_debut.txt'
- morsehgp3D_v10/receipts/audit_continu_20260929/r2_rounding_bench_stream_20260930/bancs/developer_proofs/RECU_bancs_r2.md:205: missing local link 'recu/outils/mutants_decide.py'
- morsehgp3D_v10/receipts/audit_continu_20260929/r2_rounding_bench_stream_20260930/bancs/developer_proofs/RECU_bancs_r2.md:206: missing local link 'recu/preuves/b_completude/mutants/resume.jsonl.txt'
- morsehgp3D_v10/receipts/audit_continu_20260929/r2_rounding_bench_stream_20260930/bancs/developer_proofs/RECU_bancs_r2.md:259: missing local link 'recu/preuves/e_ctest/ctest_r1_portes_finales.txt'
- morsehgp3D_v10/receipts/audit_continu_20260929/r2_rounding_bench_stream_20260930/bancs/developer_proofs/RECU_bancs_r2.md:293: missing local link 'recu/preuves/b_completude/mutants/resume.jsonl.txt'
- morsehgp3D_v10/receipts/audit_continu_20260929/r2_rounding_bench_stream_20260930/bancs/developer_proofs/RECU_bancs_r2.md:294: missing local link 'recu/preuves/b_completude/mutants/base_avant_r1.txt'
- morsehgp3D_v10/receipts/audit_continu_20260929/r2_rounding_bench_stream_20260930/bancs/developer_proofs/RECU_bancs_r2.md:312: missing local link 'recu/preuves/c_causalite/diff_decide_base_final.jsonl.txt'
- morsehgp3D_v10/receipts/audit_continu_20260929/r2_rounding_bench_stream_20260930/bancs/developer_proofs/RECU_bancs_r2.md:347: missing local link 'recu/preuves/e_ctest/ctest_r1_portes_finales.txt'
- morsehgp3D_v10/receipts/audit_continu_20260929/r2_rounding_bench_stream_20260930/bancs/developer_proofs/RECU_bancs_r2.md:348: missing local link 'recu/preuves/e_ctest/ctest_final_portes_V.txt'
- morsehgp3D_v10/receipts/audit_continu_20260929/r2_rounding_bench_stream_20260930/bancs/developer_proofs/RECU_bancs_r2.md:349: missing local link 'recu/preuves/e_ctest/ctest_final_fast.txt'
- morsehgp3D_v10/receipts/audit_continu_20260929/r2_rounding_bench_stream_20260930/bancs/developer_proofs/RECU_bancs_r2.md:350: missing local link 'recu/preuves/a_signal/final/porte_delai_py312.txt'
- morsehgp3D_v10/receipts/audit_continu_20260929/r2_rounding_bench_stream_20260930/bancs/developer_proofs/RECU_bancs_r2.md:350: missing local link 'recu/preuves/a_signal/final/porte_delai_py310.txt'
- morsehgp3D_v10/receipts/audit_continu_20260929/r2_rounding_bench_stream_20260930/bancs/developer_proofs/RECU_bancs_r2.md:350: missing local link 'recu/preuves/f_interpretes/delai_py310_O.txt'
- morsehgp3D_v10/receipts/audit_continu_20260929/r2_rounding_bench_stream_20260930/bancs/developer_proofs/RECU_bancs_r2.md:351: missing local link 'recu/preuves/b_completude/final/porte_completude_py312_numpy.txt'
- morsehgp3D_v10/receipts/audit_continu_20260929/r2_rounding_bench_stream_20260930/bancs/developer_proofs/RECU_bancs_r2.md:351: missing local link 'recu/preuves/b_completude/final/porte_completude_py310_sans_numpy.txt'
- morsehgp3D_v10/receipts/audit_continu_20260929/r2_rounding_bench_stream_20260930/bancs/developer_proofs/RECU_bancs_r2.md:351: missing local link 'recu/preuves/f_interpretes/completude_py312_Xdev.txt'
- morsehgp3D_v10/receipts/audit_continu_20260929/r2_rounding_bench_stream_20260930/bancs/developer_proofs/RECU_bancs_r2.md:362: missing local link 'recu/preuves/f_interpretes/pycache_apres_rejeu.txt'
- morsehgp3D_v10/receipts/audit_continu_20260929/r2_rounding_bench_stream_20260930/bancs/developer_proofs/RECU_bancs_r2.md:362: missing local link 'recu/preuves/f_interpretes/ctest_controle_pycache.txt'
- morsehgp3D_v10/receipts/audit_continu_20260929/r2_rounding_bench_stream_20260930/bancs/developer_proofs/RECU_bancs_r2.md:374: missing local link 'recu/preuves/d_differentiels/redecide_refusion_base_final.jsonl.txt'
- morsehgp3D_v10/receipts/audit_continu_20260929/r2_rounding_bench_stream_20260930/bancs/developer_proofs/RECU_bancs_r2.md:378: missing local link 'recu/preuves/c_causalite/diff_decide_base_final.jsonl.txt'
- morsehgp3D_v10/receipts/audit_continu_20260929/r2_rounding_bench_stream_20260930/bancs/developer_proofs/RECU_bancs_r2.md:379: missing local link 'recu/preuves/d_differentiels/compare_k5_base_final.txt'
- morsehgp3D_v10/receipts/audit_continu_20260929/r2_rounding_bench_stream_20260930/bancs/developer_proofs/RECU_bancs_r2.md:379: missing local link 'recu/preuves/d_differentiels/compare_k5_r1_final.txt'
- morsehgp3D_v10/receipts/audit_continu_20260929/r2_rounding_bench_stream_20260930/bancs/developer_proofs/RECU_bancs_r2.md:379: missing local link 'recu/preuves/d_differentiels/compare_k10_base_final.txt'
- morsehgp3D_v10/receipts/audit_continu_20260929/r2_rounding_bench_stream_20260930/bancs/developer_proofs/RECU_bancs_r2.md:471: missing local link 'recu/RECU_bancs.md'
- morsehgp3D_v10/receipts/audit_continu_20260929/r2_rounding_bench_stream_20260930/bancs/developer_proofs/RECU_bancs_r2.md:472: missing local link 'recu/essais/fenetre_clause.py'
- morsehgp3D_v10/receipts/audit_continu_20260929/r2_rounding_bench_stream_20260930/bancs/developer_proofs/RECU_bancs_r2.md:473: missing local link 'recu/outils/mutants_scale_run.py'
- morsehgp3D_v10/receipts/audit_continu_20260929/r2_rounding_bench_stream_20260930/bancs/developer_proofs/RECU_bancs_r2.md:474: missing local link 'recu/sondes_verif/ORIGINE.txt'
- morsehgp3D_v10/receipts/audit_independant_20260930/developer_rebound/catalogue/source/receipts/audit_continu_20260929/group_moments_20260930/README.md:37: missing local link 'PROTOCOL.txt'
- morsehgp3D_v10/receipts/audit_independant_20260930/developer_rebound/catalogue/source/receipts/audit_continu_20260929/group_moments_20260930/README.md:50: missing local link 'receipt.json'
- morsehgp3D_v10/receipts/audit_independant_20260930/developer_rebound/catalogue/source/receipts/audit_continu_20260929/group_moments_20260930/README.md:83: missing local link 'SHA256SUMS'
- morsehgp3D_v10/receipts/audit_independant_20260930/developer_rebound/catalogue/source/receipts/audit_continu_20260929/group_moments_box_r2_20260930/README.md:47: missing local link 'CAPTURE_SHA256SUMS'
- morsehgp3D_v10/receipts/audit_independant_20260930/developer_rebound/catalogue/source/receipts/audit_continu_20260929/group_moments_box_r2_20260930/README.md:48: missing local link 'receipt.json'
- morsehgp3D_v10/receipts/audit_independant_20260930/grid32_followup/references/development_276.md:14: missing local link '../src/tower/rank_search.hpp'
- morsehgp3D_v10/receipts/audit_independant_20260930/grid32_followup/references/development_276.md:22: missing local link '../bench/frontier/README.md'
- morsehgp3D_v10/receipts/audit_independant_20260930/grid32_followup/references/development_276.md:40: missing local link '../bench/frontier/dev_quotas.py'
- morsehgp3D_v10/receipts/audit_independant_20260930/grid32_followup/references/development_276.md:74: missing local link '../src/cloud/grid32_primitives.hpp'
- morsehgp3D_v10/receipts/audit_independant_20260930/grid32_followup/references/development_276.md:90: missing local link '../receipts/development_frontier_precision_20260930/precision_math/AUDIT.md'
- morsehgp3D_v10/receipts/audit_independant_20260930/grid32_followup/references/development_276.md:109: missing local link '../receipts/audit_continu_20260929/precision_port_20260930/README.md'
- morsehgp3D_v10/receipts/audit_independant_20260930/grid32_followup/references/development_276.md:187: missing local link '../receipts/development_frontier_precision_20260930/README.md'
- morsehgp3D_v10/receipts/audit_independant_20260930/grid32_followup/references/development_4b7.md:14: missing local link '../src/tower/rank_search.hpp'
- morsehgp3D_v10/receipts/audit_independant_20260930/grid32_followup/references/development_4b7.md:22: missing local link '../bench/frontier/README.md'
- morsehgp3D_v10/receipts/audit_independant_20260930/grid32_followup/references/development_4b7.md:40: missing local link '../bench/frontier/dev_quotas.py'
- morsehgp3D_v10/receipts/audit_independant_20260930/grid32_followup/references/development_4b7.md:74: missing local link '../src/cloud/grid32_primitives.hpp'
- morsehgp3D_v10/receipts/audit_independant_20260930/grid32_followup/references/development_4b7.md:90: missing local link '../receipts/development_frontier_precision_20260930/precision_math/AUDIT.md'
- morsehgp3D_v10/receipts/audit_independant_20260930/grid32_followup/references/development_4b7.md:128: missing local link '../receipts/development_frontier_precision_20260930/README.md'
- morsehgp3D_v10/receipts/audit_independant_20260930/thesis_fixtures/thesis_geometry/sources/REPONSE_CLAUDE_AUDIT_GEANT_20260930.md:3: missing local link 'NOTE_CLAUDE_REPRISE_ET_PRECISION_20260930.md'
- morsehgp3D_v10/receipts/audit_independant_20260930/thesis_fixtures/thesis_geometry/sources/REPONSE_CLAUDE_AUDIT_GEANT_20260930.md:9: missing local link '../receipts/audit_geant_developpeur_20260930/RAPPORT_AUDIT_GEANT.md'
- morsehgp3D_v10/receipts/audit_independant_20260930/wide_order_followup/source/docs/DEVELOPPEMENT_FRONTIERE_ET_PRECISION_20260930.md:18: missing local link '../src/tower/rank_search.hpp'
- morsehgp3D_v10/receipts/audit_independant_20260930/wide_order_followup/source/docs/DEVELOPPEMENT_FRONTIERE_ET_PRECISION_20260930.md:26: missing local link '../bench/frontier/README.md'
- morsehgp3D_v10/receipts/audit_independant_20260930/wide_order_followup/source/docs/DEVELOPPEMENT_FRONTIERE_ET_PRECISION_20260930.md:44: missing local link '../bench/frontier/dev_quotas.py'
- morsehgp3D_v10/receipts/audit_independant_20260930/wide_order_followup/source/docs/DEVELOPPEMENT_FRONTIERE_ET_PRECISION_20260930.md:94: missing local link '../receipts/development_frontier_precision_20260930/precision_math/AUDIT.md'
- morsehgp3D_v10/receipts/audit_independant_20260930/wide_order_followup/source/docs/DEVELOPPEMENT_FRONTIERE_ET_PRECISION_20260930.md:113: missing local link '../receipts/audit_continu_20260929/precision_port_20260930/README.md'
- morsehgp3D_v10/receipts/audit_independant_20260930/wide_order_followup/source/docs/DEVELOPPEMENT_FRONTIERE_ET_PRECISION_20260930.md:172: missing local link '../receipts/audit_continu_20260929/relative_filter_20260930/README.md'
- morsehgp3D_v10/receipts/audit_independant_20260930/wide_order_followup/source/docs/DEVELOPPEMENT_FRONTIERE_ET_PRECISION_20260930.md:203: missing local link '../receipts/audit_continu_20260929/relative_filter_reader_r2_20260930/README.md'
- morsehgp3D_v10/receipts/audit_independant_20260930/wide_order_followup/source/docs/DEVELOPPEMENT_FRONTIERE_ET_PRECISION_20260930.md:213: missing local link '../receipts/audit_continu_20260929/level_order_20260930/README.md'
- morsehgp3D_v10/receipts/audit_independant_20260930/wide_order_followup/source/docs/DEVELOPPEMENT_FRONTIERE_ET_PRECISION_20260930.md:277: missing local link '../receipts/development_frontier_precision_20260930/README.md'
- morsehgp3D_v10/receipts/audit_independant_20261002/massive_review/sources/morsehgp3D_v10/PASSATION.md:11: missing local link 'receipts/audit_continu_20260929/point_condensation_20260930/README.md'
- morsehgp3D_v10/receipts/audit_independant_20261002/massive_review/sources/morsehgp3D_v10/PASSATION.md:16: missing local link 'receipts/audit_continu_20260929/point_condensation_cover_r2_20260930/README.md'
- morsehgp3D_v10/receipts/audit_independant_20261002/massive_review/sources/morsehgp3D_v10/PASSATION.md:32: missing local link 'audits/NOTE_CLAUDE_REPRISE_ET_PRECISION_20260930.md'
- morsehgp3D_v10/receipts/audit_independant_20261002/massive_review/sources/morsehgp3D_v10/PASSATION.md:39: missing local link 'receipts/audit_continu_20260929/precision_port_20260930/README.md'
- morsehgp3D_v10/receipts/audit_independant_20261002/massive_review/sources/morsehgp3D_v10/PASSATION.md:46: missing local link 'receipts/audit_continu_20260929/relative_filter_20260930/README.md'
- morsehgp3D_v10/receipts/audit_independant_20261002/massive_review/sources/morsehgp3D_v10/PASSATION.md:54: missing local link 'receipts/audit_continu_20260929/relative_filter_reader_r2_20260930/README.md'
- morsehgp3D_v10/receipts/audit_independant_20261002/massive_review/sources/morsehgp3D_v10/PASSATION.md:57: missing local link 'receipts/audit_continu_20260929/level_order_20260930/README.md'
- morsehgp3D_v10/receipts/audit_independant_20261002/massive_review/sources/morsehgp3D_v10/PASSATION.md:77: missing local link 'docs/SPEC_V10.md'
- morsehgp3D_v10/receipts/audit_independant_20261002/massive_review/sources/morsehgp3D_v10/PASSATION.md:78: missing local link 'docs/CLUSTERING_DEPUIS_LA_TOUR_20260929.md'
- morsehgp3D_v10/receipts/audit_independant_20261002/massive_review/sources/morsehgp3D_v10/PASSATION.md:80: missing local link 'docs/conception/CONCEPTION_V10.md'
- morsehgp3D_v10/receipts/audit_independant_20261002/massive_review/sources/morsehgp3D_v10/PASSATION.md:81: missing local link 'receipts/audit_v9_20260928/AUDIT_V9_CRITIQUE_20260928.md'
- morsehgp3D_v10/receipts/audit_independant_20261002/massive_review/sources/morsehgp3D_v10/PASSATION.md:91: missing local link 'receipts/audit_continu_20260929/point_condensation_20260930/README.md'
- morsehgp3D_v10/receipts/audit_independant_20261002/massive_review/sources/morsehgp3D_v10/audits/AUDIT_MASSIF_LIDAR_20260930.md:3: missing local link '../receipts/audit_independant_20260930/massif/README.md'
- morsehgp3D_v10/receipts/audit_independant_20261002/massive_review/sources/morsehgp3D_v10/audits/AUDIT_MASSIF_LIDAR_20260930.md:3: missing local link '../receipts/audit_independant_20260930/precision_grille/representation/README.md'
- morsehgp3D_v10/receipts/audit_independant_20261002/massive_review/sources/morsehgp3D_v10/audits/AUDIT_MASSIF_LIDAR_20260930.md:9: missing local link '../receipts/audit_independant_20260930/grid32_followup/README.md'
- morsehgp3D_v10/receipts/audit_independant_20261002/massive_review/sources/morsehgp3D_v10/audits/AUDIT_MASSIF_LIDAR_20260930.md:18: missing local link '../receipts/audit_independant_20260930/precision_grille/representation/README.md'
- morsehgp3D_v10/receipts/audit_independant_20261002/massive_review/sources/morsehgp3D_v10/audits/AUDIT_MASSIF_LIDAR_20260930.md:27: missing local link '../receipts/audit_continu_20260929/relative_filter_20260930/README.md'
- morsehgp3D_v10/receipts/audit_independant_20261002/massive_review/sources/morsehgp3D_v10/audits/AUDIT_MASSIF_LIDAR_20260930.md:27: missing local link '../receipts/audit_independant_20260930/wide_order_followup/README.md'
- morsehgp3D_v10/receipts/audit_independant_20261002/massive_review/sources/morsehgp3D_v10/audits/AUDIT_MASSIF_LIDAR_20260930.md:29: missing local link '../receipts/audit_independant_20260930/wide_order_followup_bound/dispatch_meb_bound.md'
- morsehgp3D_v10/receipts/audit_independant_20261002/massive_review/sources/morsehgp3D_v10/audits/AUDIT_MASSIF_LIDAR_20260930.md:33: missing local link '../../docs/PERFORMANCE_MORSEHGP3D.md#L245'
- morsehgp3D_v10/receipts/audit_independant_20261002/massive_review/sources/morsehgp3D_v10/audits/AUDIT_MASSIF_LIDAR_20260930.md:35: missing local link '../receipts/audit_independant_20260930/massif/dimensionnement/README.md'
- morsehgp3D_v10/receipts/audit_independant_20261002/massive_review/sources/morsehgp3D_v10/audits/AUDIT_MASSIF_LIDAR_20260930.md:52: missing local link '../receipts/audit_independant_20260930/forest_cardinality/README.md'
- morsehgp3D_v10/receipts/audit_independant_20261002/massive_review/sources/morsehgp3D_v10/audits/AUDIT_MASSIF_LIDAR_20260930.md:53: missing local link '../receipts/audit_independant_20260930/rank_search_preintegration/README.md'
- morsehgp3D_v10/receipts/audit_independant_20261002/massive_review/sources/morsehgp3D_v10/audits/AUDIT_MASSIF_LIDAR_20260930.md:55: missing local link '../receipts/audit_independant_20260930/developer_rebound/catalogue/README.md'
- morsehgp3D_v10/receipts/audit_independant_20261002/massive_review/sources/morsehgp3D_v10/audits/AUDIT_MASSIF_LIDAR_20260930.md:61: missing local link '../../morsehgp3D_v7/docs/CROISSANCE_ET_BORNE_DE_SORTIE.md'
- morsehgp3D_v10/receipts/audit_independant_20261002/massive_review/sources/morsehgp3D_v10/audits/AUDIT_MASSIF_LIDAR_20260930.md:65: missing local link '../docs/conception/GEN_v2.md#L110'
- morsehgp3D_v10/receipts/audit_independant_20261002/massive_review/sources/morsehgp3D_v10/audits/AUDIT_MASSIF_LIDAR_20260930.md:67: missing local link 'audit_continu_20260929/QUESTION_RACCORD_CORRECTIFS_ET_FRONTIERE_20260929.md'
- morsehgp3D_v10/receipts/audit_independant_20261002/massive_review/sources/morsehgp3D_v10/audits/AUDIT_MASSIF_LIDAR_20260930.md:69: missing local link '../receipts/audit_independant_20260930/developer_rebound/catalogue/MOMENTS_PROTOCOL.md'
- morsehgp3D_v10/receipts/audit_independant_20261002/massive_review/sources/morsehgp3D_v10/audits/AUDIT_MASSIF_LIDAR_20260930.md:73: missing local link '../receipts/audit_independant_20260930/massif/semantique/receipt.json'
- morsehgp3D_v10/receipts/audit_independant_20261002/massive_review/sources/morsehgp3D_v10/audits/AUDIT_MASSIF_LIDAR_20260930.md:75: missing local link '../receipts/audit_independant_20260930/cover_band_followup/README.md'
- morsehgp3D_v10/receipts/audit_independant_20261002/massive_review/sources/morsehgp3D_v10/docs/DEVELOPPEMENT_FRONTIERE_ET_PRECISION_20260930.md:8: missing local link '../receipts/audit_continu_20260929/point_condensation_20260930/README.md'
- morsehgp3D_v10/receipts/audit_independant_20261002/massive_review/sources/morsehgp3D_v10/docs/DEVELOPPEMENT_FRONTIERE_ET_PRECISION_20260930.md:15: missing local link '../receipts/audit_continu_20260929/point_condensation_cover_r2_20260930/README.md'
- morsehgp3D_v10/receipts/audit_independant_20261002/massive_review/sources/morsehgp3D_v10/docs/DEVELOPPEMENT_FRONTIERE_ET_PRECISION_20260930.md:21: missing local link '../receipts/audit_continu_20260929/group_moments_20260930/README.md'
- morsehgp3D_v10/receipts/audit_independant_20261002/massive_review/sources/morsehgp3D_v10/docs/DEVELOPPEMENT_FRONTIERE_ET_PRECISION_20260930.md:48: missing local link '../bench/frontier/README.md'
- morsehgp3D_v10/receipts/audit_independant_20261002/massive_review/sources/morsehgp3D_v10/docs/DEVELOPPEMENT_FRONTIERE_ET_PRECISION_20260930.md:66: missing local link '../bench/frontier/dev_quotas.py'
- morsehgp3D_v10/receipts/audit_independant_20261002/massive_review/sources/morsehgp3D_v10/docs/DEVELOPPEMENT_FRONTIERE_ET_PRECISION_20260930.md:79: missing local link '../audits/NOTE_CLAUDE_REPRISE_ET_PRECISION_20260930.md'
- morsehgp3D_v10/receipts/audit_independant_20261002/massive_review/sources/morsehgp3D_v10/docs/DEVELOPPEMENT_FRONTIERE_ET_PRECISION_20260930.md:119: missing local link '../receipts/development_frontier_precision_20260930/precision_math/AUDIT.md'
- morsehgp3D_v10/receipts/audit_independant_20261002/massive_review/sources/morsehgp3D_v10/docs/DEVELOPPEMENT_FRONTIERE_ET_PRECISION_20260930.md:138: missing local link '../receipts/audit_continu_20260929/precision_port_20260930/README.md'
- morsehgp3D_v10/receipts/audit_independant_20261002/massive_review/sources/morsehgp3D_v10/docs/DEVELOPPEMENT_FRONTIERE_ET_PRECISION_20260930.md:197: missing local link '../receipts/audit_continu_20260929/relative_filter_20260930/README.md'
- morsehgp3D_v10/receipts/audit_independant_20261002/massive_review/sources/morsehgp3D_v10/docs/DEVELOPPEMENT_FRONTIERE_ET_PRECISION_20260930.md:228: missing local link '../receipts/audit_continu_20260929/relative_filter_reader_r2_20260930/README.md'
- morsehgp3D_v10/receipts/audit_independant_20261002/massive_review/sources/morsehgp3D_v10/docs/DEVELOPPEMENT_FRONTIERE_ET_PRECISION_20260930.md:238: missing local link '../receipts/audit_continu_20260929/level_order_20260930/README.md'
- morsehgp3D_v10/receipts/audit_independant_20261002/massive_review/sources/morsehgp3D_v10/docs/DEVELOPPEMENT_FRONTIERE_ET_PRECISION_20260930.md:302: missing local link '../receipts/development_frontier_precision_20260930/README.md'
- morsehgp3D_v10/receipts/audit_independant_20261002/maturity_review/sources/REPONSE_CLAUDE_BATTERIE_TOUR_HIERARCHIES_20261002.md:16: missing local link '../receipts/g4_sessions_batterie_20261001/README.md'

real	0m22.008s
user	0m4.919s
sys	0m0.483s
