spherical  medium   calib  mean=0.731 sd=0.021 pub=0.73 vals=[0.76, 0.7, 0.74, 0.73, 0.72]
spherical  medium   plan   mean=0.396 sd=0.302 pub=0.73 vals=[0.73, 0.72, 0.18, 0.17, 0.18]
spherical  medium   fresh  mean=0.678 sd=0.179 pub=0.73 vals=[0.73, 0.76, 0.71, 0.73, 0.74, 0.73, 0.8, 0.74, 0.18, 0.67]
spherical  hard     calib  mean=0.322 sd=0.206 pub=0.32 vals=[0.17, 0.17, 0.57, 0.53, 0.17]
spherical  hard     plan   mean=0.227 sd=0.130 pub=0.32 vals=[0.17, 0.46, 0.17, 0.16, 0.17]
spherical  hard     fresh  mean=0.207 sd=0.118 pub=0.32 vals=[0.17, 0.54, 0.17, 0.17, 0.17, 0.17, 0.16, 0.17, 0.17, 0.17]
filaments  medium   calib  mean=0.747 sd=0.083 pub=0.75 vals=[0.82, 0.65, 0.67, 0.76, 0.84]
filaments  medium   plan   mean=0.599 sd=0.296 pub=0.75 vals=[0.77, 0.08, 0.64, 0.75, 0.76]
filaments  medium   fresh  mean=0.729 sd=0.188 pub=0.75 vals=[0.85, 0.31, 0.8, 0.87, 0.75, 0.87, 0.47, 0.75, 0.76, 0.85]
filaments  hard     calib  mean=0.340 sd=0.245 pub=0.34 vals=[0.15, 0.34, 0.44, 0.69, 0.07]
filaments  hard     plan   mean=0.318 sd=0.231 pub=0.34 vals=[0.43, 0.07, 0.08, 0.42, 0.59]
filaments  hard     fresh  mean=0.486 sd=0.214 pub=0.34 vals=[0.73, 0.3, 0.41, 0.78, 0.55, 0.66, 0.07, 0.36, 0.54, 0.45]
shells     medium   calib  mean=0.836 sd=0.368 pub=0.84 vals=[1.0, 1.0, 1.0, 0.18, 1.0]
shells     medium   plan   mean=0.836 sd=0.368 pub=0.84 vals=[1.0, 1.0, 1.0, 0.18, 1.0]
shells     medium   fresh  mean=0.671 sd=0.425 pub=0.84 vals=[1.0, 1.0, 0.18, 1.0, 1.0, 1.0, 0.18, 1.0, 0.18, 0.18]
shells     hard     calib  mean=0.342 sd=0.368 pub=0.34 vals=[1.0, 0.18, 0.18, 0.18, 0.18]
shells     hard     plan   mean=0.342 sd=0.368 pub=0.34 vals=[0.18, 0.18, 1.0, 0.18, 0.18]
shells     hard     fresh  mean=0.260 sd=0.260 pub=0.34 vals=[0.18, 0.18, 0.18, 1.0, 0.18, 0.18, 0.18, 0.18, 0.18, 0.18]
spherical  extreme  calib  mean=0.156 sd=0.004 pub=0.16 vals=[0.16, 0.15, 0.15, 0.15, 0.16]
spherical  extreme  plan   mean=0.152 sd=0.005 pub=0.16 vals=[0.15, 0.15, 0.15, 0.15, 0.16]
spherical  extreme  fresh  mean=0.156 sd=0.007 pub=0.16 vals=[0.15, 0.15, 0.15, 0.16, 0.15, 0.15, 0.15, 0.16, 0.16, 0.17]
