reprise1 coherence=ok campagne=ECHEC commit=92c5af705f1d4b0183b2bf8af4bb515f58f9682d
  bits21 ok selection/passes/echecs/non_joues=98/98/0/0
  bits24 ok selection/passes/echecs/non_joues=98/98/0/0
  clang_release absent selection/passes/echecs/non_joues=0/0/0/0
  gcc_asan_ubsan ok selection/passes/echecs/non_joues=98/98/0/0
  gcc_release ok selection/passes/echecs/non_joues=173/173/0/0
  gcc_tsan build_failed selection/passes/echecs/non_joues=98/94/4/0
  mutants failed selection/passes/echecs/non_joues=3/2/1/0
  poison ok selection/passes/echecs/non_joues=99/99/0/0
  style ok selection/passes/echecs/non_joues=2/2/0/0
reprise2 coherence=ok campagne=ECHEC commit=d4eeb5157f039812b7da045daf4c6380e191da15
  bits21 build_failed selection/passes/echecs/non_joues=130/121/9/0
  bits24 build_failed selection/passes/echecs/non_joues=130/121/9/0
  clang_release absent selection/passes/echecs/non_joues=0/0/0/0
  gcc_asan_ubsan failed selection/passes/echecs/non_joues=130/128/2/0
  gcc_release failed selection/passes/echecs/non_joues=205/203/2/0
  gcc_tsan failed selection/passes/echecs/non_joues=130/128/2/0
  mutants failed selection/passes/echecs/non_joues=9/8/1/0
  poison failed selection/passes/echecs/non_joues=131/129/2/0
  style ok selection/passes/echecs/non_joues=2/2/0/0
reprise3 coherence=ok campagne=CONFORME commit=a971806679a1c68519249bb28c5dac9533a43f59
  bits21 ok selection/passes/echecs/non_joues=130/130/0/0
  bits24 ok selection/passes/echecs/non_joues=130/130/0/0
  clang_release absent selection/passes/echecs/non_joues=0/0/0/0
  gcc_asan_ubsan ok selection/passes/echecs/non_joues=130/130/0/0
  gcc_release ok selection/passes/echecs/non_joues=205/205/0/0
  gcc_tsan ok selection/passes/echecs/non_joues=130/130/0/0
  mutants ok selection/passes/echecs/non_joues=9/9/0/0
  poison ok selection/passes/echecs/non_joues=131/131/0/0
  style ok selection/passes/echecs/non_joues=2/2/0/0
captures_coherentes=3 campagnes_echouees=2
