payload=mhgp7-forests-horizontal-v1 authority=status_terminal callbacks=provisional vertical_maps=none
forest_layout=csr forest_storage_kind=csr_facet_keys_v1 csr_fallback=0 ordres_publies=1 ordres_storage_conformes=1
backend=cpu_reference
forest_semantics=normalized_horizontal_h0_candidate public_status=not_claimed require_exact=false
census_storage=mhgp7-census-direct-v1 census_payload_peak_scope=owned_balldata_capacities
silent_limits core_records=8000000 chain_steps=2000000 cofaces=2000000 query_nodes=1000000000 meb_supports=1000000000
silent_incidence_ms=0.000 regularity=rank_window_and_local_descent vertical_maps=none
tower_scope=prefix_k1 smax_requested=2 smax_effective=2 (K = 1..1, prefixe exact de l'objet complet)
famille=input_u16 n=3 coord=65536 s=8 smax=2 seed=3 threads=1 emis=3 boules_uniques=3 mortes_profondeur=0 survivantes=3 census_int=0 census_shell=6 evenements=3 facettes=3 fusions=2 deltas=2 noeuds=2
generation rect_alive=3/0/0 rect_visites_fusionnes=4 ancres=3/0/0 candidats=3/0/0 tues_profondeur=0/0/0 ancres_w4=0 ancres_w3=0 ancres_secteurs=0/0 ancres_cellules=0/0 seeds_cellules=0/0 grilles=0/0 seeds=0/0 completions_q4=0 seeds_core_tues=0 seeds_corde_tues=0 float_cert=0/0 repli=0 ancres_hist=0/0/0 hist_lignes=0/0/0 hist_seuil=0/0/0 hist_survivants=3/0/0 jung=0/0/0
sweep tests_coeur=0 tests_prof_q3=0 tests_passe2=0 tri_comparaisons=0 seeds_passe2=0 racines_corde=0 groupes=0 racines_hors_corde=0 temoins_constants=0 rejets=lens:0/owner:0/once:0/i64:0/face:0/det:0/centre:0
vwspd nœuds_temoins=33 coins=0 h_rect=0/0/0 h_scan=0/0/0 m_anchor=0/0/0 entrees_ancres=0/0/0 iters_coeur=0 iters_passe2=0
octaves_q4 ancres=0,0,0,0,0,0,0,0,0,0,0,0,0,0,0,0 seeds=0,0,0,0,0,0,0,0,0,0,0,0,0,0,0,0 w1=0,0,0,0,0,0,0,0,0,0,0,0,0,0,0,0 (octave = log2 de la taille du cover de l'ancre)
octaves_q4_seeds cellules=0,0,0,0,0,0,0,0,0,0,0,0,0,0,0,0 coeur=0,0,0,0,0,0,0,0,0,0,0,0,0,0,0,0 corde=0,0,0,0,0,0,0,0,0,0,0,0,0,0,0,0 passe2=0,0,0,0,0,0,0,0,0,0,0,0,0,0,0,0
vcensus prefiltre_nœuds=15 prefiltre_feuilles=0 range_add=0 census_nœuds=15 census_feuilles=6
p_factor=0/0/0 (evaluations d'auto-produits des histogrammes)
ledger_paires emis=3/0/0 tues=0/3/3
ouvriers wspd=1 rects=1 rle=1 prefiltre=1 census=1 expansion=1 fold=1
temps_ms index=0.0 gen=0.0 (wspd 0.0 rects 0.0) rle=0.0 prefiltre=0.0 census=0.0 comptage=0.0 expansion=0.0 fold=0.0 (tri 0.0 intern 0.0 fusion 0.0 reduce 0.0) digest=0.0
temps_mur_ms=1.8 (etages A et B du fold pipelines : fold+digest ci-dessus sont des cumuls par etage, pas le mur)
temps_fold_mur_ms=1.5 (etages A et B, fold_inflight=2, fold_join=1, pic_mesure_en_vol=1)
rss_mb apres_generation=4 apres_rle=4 apres_prefiltre=4 apres_census=4 max_fold=4 fin=4 (telemetrie active : DEUX lectures par jalon — /proc/self/statm (instantane, ~57 us) et /proc/self/status (VmHWM, ~109 us) — dont une paire par K sous le verrou de publication ; a desarmer ou signer pour un run de debit)
etage_atteint=publication (curseur d'etage ; un refus le nomme dans son message)
residence_hwm_mb apres_generation=4 apres_rle=4 apres_prefiltre=4 apres_census=4 max_fold=4 fin=4 (VmHWM de /proc/self/status, maximum HISTORIQUE depuis le debut du processus — non decroissant a quelques centaines de kio pres, VmHWM valant max(hiwater enregistre, resident courant) ; l'ecart avec le rss_mb du meme jalon est un majorant global, pas une mesure d'etage)
residence_increment_mb apres_generation=4 apres_rle=0 apres_prefiltre=0 apres_census=0 max_fold=0 fin=0 (increments du pic historique : ce que CHAQUE etage a ajoute au maximum)
residence_compteurs boules_census=3 boules_plateau=0 plateau_pct=0.000 somme_parents_total=4 somme_parents_par_K=4
cardinalites K=1 evenements=3 facettes=3 deltas=2 attachements=0 fusions=2 noeuds=2
stockage_foret K=1 kind=csr_facet_keys_v1 deltas=2 cles_parents=4 cles_nes=0 meta=2/3 offsets=6/8 parents=4/4 nes=0/0 csr_capacity_growths=5 octets_possedes=496 exact=1 offset_dernier_parents=4 offset_dernier_nes=0
digest_candidates_v5_compat=6c153f72ccd5d63d95f1bca727ec6f0ec79af150db6a1c0a12e0f417f7a48733
digest_postprefilter=5901f6b432c05bcb8dbfa8c6d644b951c478bd3e20c2685b32093bfee4c1dbe3
digest_forest_K1=31c5d69bafdd6aa94b624b0515c1b42e0d326a6f3595516e554e8d125a33b480
digest_all=b4123a9ddf8d1e23f606bd600ae8b3c6196ebd263777fd4873ef14b351c1f474
rss_max_kb=19200
cli_e2e_ms=6.980 includes_input_and_export=true archive_committed=true
