payload=mhgp7-forests-horizontal-v1 authority=status_terminal callbacks=provisional vertical_maps=none
forest_layout=csr forest_storage_kind=csr_facet_keys_v1 csr_fallback=0 ordres_publies=1 ordres_storage_conformes=1
backend=cpu_reference
forest_semantics=normalized_horizontal_h0_candidate public_status=not_claimed require_exact=false
census_storage=mhgp7-census-direct-v1 census_payload_peak_scope=owned_balldata_capacities
silent_limits core_records=8000000 chain_steps=2000000 cofaces=2000000 query_nodes=1000000000 meb_supports=1000000000
silent_incidence_ms=0.000 regularity=rank_window_and_local_descent vertical_maps=none
tower_scope=prefix_k1 smax_requested=2 smax_effective=2 (K = 1..1, prefixe exact de l'objet complet)
famille=input_u16 n=2 coord=65536 s=8 smax=2 seed=3 threads=1 emis=1 boules_uniques=1 mortes_profondeur=0 survivantes=1 census_int=0 census_shell=2 evenements=1 facettes=2 fusions=1 deltas=1 noeuds=1
generation rect_alive=1/0/0 rect_visites_fusionnes=1 ancres=1/0/0 candidats=1/0/0 tues_profondeur=0/0/0 ancres_w4=0 ancres_w3=0 ancres_secteurs=0/0 ancres_cellules=0/0 seeds_cellules=0/0 grilles=0/0 seeds=0/0 completions_q4=0 seeds_core_tues=0 seeds_corde_tues=0 float_cert=0/0 repli=0 ancres_hist=0/0/0 hist_lignes=0/0/0 hist_seuil=0/0/0 hist_survivants=1/0/0 jung=0/0/0
sweep tests_coeur=0 tests_prof_q3=0 tests_passe2=0 tri_comparaisons=0 seeds_passe2=0 racines_corde=0 groupes=0 racines_hors_corde=0 temoins_constants=0 rejets=lens:0/owner:0/once:0/i64:0/face:0/det:0/centre:0
vwspd nœuds_temoins=6 coins=0 h_rect=0/0/0 h_scan=0/0/0 m_anchor=0/0/0 entrees_ancres=0/0/0 iters_coeur=0 iters_passe2=0
octaves_q4 ancres=0,0,0,0,0,0,0,0,0,0,0,0,0,0,0,0 seeds=0,0,0,0,0,0,0,0,0,0,0,0,0,0,0,0 w1=0,0,0,0,0,0,0,0,0,0,0,0,0,0,0,0 (octave = log2 de la taille du cover de l'ancre)
octaves_q4_seeds cellules=0,0,0,0,0,0,0,0,0,0,0,0,0,0,0,0 coeur=0,0,0,0,0,0,0,0,0,0,0,0,0,0,0,0 corde=0,0,0,0,0,0,0,0,0,0,0,0,0,0,0,0 passe2=0,0,0,0,0,0,0,0,0,0,0,0,0,0,0,0
vcensus prefiltre_nœuds=3 prefiltre_feuilles=0 range_add=0 census_nœuds=3 census_feuilles=2
p_factor=0/0/0 (evaluations d'auto-produits des histogrammes)
ledger_paires emis=1/0/0 tues=0/1/1
ouvriers wspd=1 rects=1 rle=1 prefiltre=1 census=1 expansion=1 fold=1
temps_ms index=0.0 gen=0.0 (wspd 0.0 rects 0.0) rle=0.0 prefiltre=0.0 census=0.0 comptage=0.0 expansion=0.0 fold=0.0 (tri 0.0 intern 0.0 fusion 0.0 reduce 0.0) digest=0.1
temps_mur_ms=2.3 (etages A et B du fold pipelines : fold+digest ci-dessus sont des cumuls par etage, pas le mur)
temps_fold_mur_ms=1.9 (etages A et B, fold_inflight=2, fold_join=1, pic_mesure_en_vol=1)
rss_mb apres_generation=4 apres_rle=4 apres_prefiltre=4 apres_census=4 max_fold=4 fin=4 (telemetrie active : DEUX lectures par jalon — /proc/self/statm (instantane, ~57 us) et /proc/self/status (VmHWM, ~109 us) — dont une paire par K sous le verrou de publication ; a desarmer ou signer pour un run de debit)
etage_atteint=publication (curseur d'etage ; un refus le nomme dans son message)
residence_hwm_mb apres_generation=4 apres_rle=4 apres_prefiltre=4 apres_census=4 max_fold=4 fin=4 (VmHWM de /proc/self/status, maximum HISTORIQUE depuis le debut du processus — non decroissant a quelques centaines de kio pres, VmHWM valant max(hiwater enregistre, resident courant) ; l'ecart avec le rss_mb du meme jalon est un majorant global, pas une mesure d'etage)
residence_increment_mb apres_generation=4 apres_rle=0 apres_prefiltre=0 apres_census=0 max_fold=0 fin=0 (increments du pic historique : ce que CHAQUE etage a ajoute au maximum)
residence_compteurs boules_census=1 boules_plateau=0 plateau_pct=0.000 somme_parents_total=2 somme_parents_par_K=2
cardinalites K=1 evenements=1 facettes=2 deltas=1 attachements=0 fusions=1 noeuds=1
stockage_foret K=1 kind=csr_facet_keys_v1 deltas=1 cles_parents=2 cles_nes=0 meta=1/1 offsets=4/4 parents=2/2 nes=0/0 csr_capacity_growths=4 octets_possedes=200 exact=1 offset_dernier_parents=2 offset_dernier_nes=0
digest_candidates_v5_compat=08416e30d125683440dddd417761774b55da5b32d107eb8c75cc8cd71792c6bd
digest_postprefilter=d2117a8c44d06113c9ee185bebeaf689e41e27c1dc4df8408c3d662d93a1a98a
digest_forest_K1=5046a547cd9e549e3d13e2594c48b532394d37b70da6cc5ef3c7bd0830714162
digest_all=a92357392b72018a6d31006be9ac58be402820db6499fb81d0cc1e013905d4b6
rss_max_kb=19200
cli_e2e_ms=9.008 includes_input_and_export=true archive_committed=true
