{"case":0,"states":[[1,0,0],[1,0,0],[1,0,0],[1,0,0],[1,0,0],[1,0,0]]}
{"case":1,"states":[[1,0,0],[1,0,0],[1,0,0],[1,0,0],[1,0,0],[1,0,0]]}
{"case":2,"states":[[1,0,0],[1,0,0],[1,0,0],[1,0,0],[1,0,0],[1,0,0]]}
{"case":3,"states":[[1,1,1],[1,1,1],[1,1,1],[1,1,1],[1,1,1],[1,1,1]]}
{"case":4,"states":[[1,1,1],[1,1,1],[1,1,1],[1,1,1],[1,1,1],[1,1,1]]}
{"case":5,"states":[[1,1,1],[1,1,1],[1,1,1],[1,1,1],[1,1,1],[1,1,1]]}
{"case":6,"states":[[1,0,0],[1,0,0],[1,0,0],[1,0,0],[1,0,0],[1,0,0]]}
{"case":7,"states":[[1,0,0],[1,0,0],[1,0,0],[1,0,0],[1,0,0],[1,0,0]]}
{"case":8,"states":[[1,0,0],[1,0,0],[1,0,0],[1,0,0],[1,0,0],[1,0,0]]}
{"case":9,"states":[[1,2,2],[1,2,2],[1,2,2],[1,2,2],[1,2,2],[1,2,2]]}
{"case":10,"states":[[1,2,2],[1,2,2],[1,2,2],[1,2,2],[1,2,2],[1,2,2]]}
{"case":11,"states":[[1,2,2],[1,2,2],[1,2,2],[1,2,2],[1,2,2],[1,2,2]]}
{"case":12,"states":[[1,0,0],[1,0,0],[1,0,0],[1,0,0],[1,0,0],[1,0,0]]}
{"case":13,"states":[[1,0,0],[1,0,0],[1,0,0],[1,0,0],[1,0,0],[1,0,0]]}
{"case":14,"states":[[1,0,0],[1,0,0],[1,0,0],[1,0,0],[1,0,0],[1,0,0]]}
{"case":15,"states":[[1,1,1],[1,1,1],[1,1,1],[1,1,1],[1,1,1],[1,1,1]]}
{"case":16,"states":[[1,1,1],[1,1,1],[1,1,1],[1,1,1],[1,1,1],[1,1,1]]}
{"case":17,"states":[[1,1,1],[1,1,1],[1,1,1],[1,1,1],[1,1,1],[1,1,1]]}
{"case":18,"states":[[1,0,0],[1,0,0],[1,0,0],[1,0,0],[1,0,0],[1,0,0]]}
{"case":19,"states":[[1,0,0],[1,0,0],[1,0,0],[1,0,0],[1,0,0],[1,0,0]]}
{"case":20,"states":[[1,0,0],[1,0,0],[1,0,0],[1,0,0],[1,0,0],[1,0,0]]}
{"case":21,"states":[[1,3,3],[1,3,3],[1,3,3],[1,3,3],[1,3,3],[1,3,3]]}
{"case":22,"states":[[1,3,3],[1,3,3],[1,3,3],[1,3,3],[1,3,3],[1,3,3]]}
{"case":23,"states":[[1,3,3],[1,3,3],[1,3,3],[1,3,3],[1,3,3],[1,3,3]]}
{"case":24,"states":[[1,0,0],[1,0,0],[1,0,0],[1,0,0],[1,0,0],[1,0,0]]}
{"case":25,"states":[[1,0,0],[1,0,0],[1,0,0],[1,0,0],[1,0,0],[1,0,0]]}
{"case":26,"states":[[1,0,0],[1,0,0],[1,0,0],[1,0,0],[1,0,0],[1,0,0]]}
{"case":27,"states":[[1,1,1],[1,1,1],[1,1,1],[1,1,1],[1,1,1],[1,1,1]]}
{"case":28,"states":[[1,1,1],[1,1,1],[1,1,1],[1,1,1],[1,1,1],[1,1,1]]}
{"case":29,"states":[[1,1,1],[1,1,1],[1,1,1],[1,1,1],[1,1,1],[1,1,1]]}
{"case":30,"states":[[1,0,0],[1,0,0],[1,0,0],[1,0,0],[1,0,0],[1,0,0]]}
{"case":31,"states":[[1,0,0],[1,0,0],[1,0,0],[1,0,0],[1,0,0],[1,0,0]]}
{"case":32,"states":[[1,0,0],[1,0,0],[1,0,0],[1,0,0],[1,0,0],[1,0,0]]}
{"case":33,"states":[[1,2,2],[1,2,2],[1,2,2],[1,2,2],[1,2,2],[1,2,2]]}
{"case":34,"states":[[1,2,2],[1,2,2],[1,2,2],[1,2,2],[1,2,2],[1,2,2]]}
{"case":35,"states":[[1,2,2],[1,2,2],[1,2,2],[1,2,2],[1,2,2],[1,2,2]]}
{"case":36,"states":[[1,0,0],[1,0,0],[1,0,0],[1,0,0],[1,0,0],[1,0,0]]}
{"case":37,"states":[[1,0,0],[1,0,0],[1,0,0],[1,0,0],[1,0,0],[1,0,0]]}
{"case":38,"states":[[1,0,0],[1,0,0],[1,0,0],[1,0,0],[1,0,0],[1,0,0]]}
{"case":39,"states":[[1,1,1],[1,1,1],[1,1,1],[1,1,1],[1,1,1],[1,1,1]]}
{"case":40,"states":[[1,1,1],[1,1,1],[1,1,1],[1,1,1],[1,1,1],[1,1,1]]}
{"case":41,"states":[[1,1,1],[1,1,1],[1,1,1],[1,1,1],[1,1,1],[1,1,1]]}
{"case":42,"states":[[1,0,0],[1,0,0],[1,0,0],[1,0,0],[1,0,0],[1,0,0]]}
{"case":43,"states":[[1,0,0],[1,0,0],[1,0,0],[1,0,0],[1,0,0],[1,0,0]]}
{"case":44,"states":[[1,0,0],[1,0,0],[1,0,0],[1,0,0],[1,0,0],[1,0,0]]}
{"case":45,"states":[[1,0,0],[1,0,0],[1,0,0],[1,0,0],[1,0,0],[1,0,0]]}
{"case":46,"states":[[1,0,0],[1,0,0],[1,0,0],[1,0,0],[1,0,0],[1,0,0]]}
{"case":47,"states":[[1,0,0],[1,0,0],[1,0,0],[1,0,0],[1,0,0],[1,0,0]]}
{"case":48,"states":[[1,1,1],[1,1,1],[1,1,1],[1,1,1],[1,1,1],[1,1,1]]}
{"case":49,"states":[[1,1,1],[1,1,1],[1,1,1],[1,1,1],[1,1,1],[1,1,1]]}
{"case":50,"states":[[1,1,1],[1,1,1],[1,1,1],[1,1,1],[1,1,1],[1,1,1]]}
{"case":51,"states":[[1,0,1],[1,0,1],[1,0,1],[1,0,1],[1,0,1],[1,0,1]]}
{"case":52,"states":[[1,0,1],[1,0,1],[1,0,1],[1,0,1],[1,0,1],[1,0,1]]}
{"case":53,"states":[[1,0,1],[1,0,1],[1,0,1],[1,0,1],[1,0,1],[1,0,1]]}
{"case":54,"states":[[1,2,2],[1,2,2],[1,2,2],[1,2,2],[1,2,2],[1,2,2]]}
{"case":55,"states":[[1,2,2],[1,2,2],[1,2,2],[1,2,2],[1,2,2],[1,2,2]]}
{"case":56,"states":[[1,2,2],[1,2,2],[1,2,2],[1,2,2],[1,2,2],[1,2,2]]}
{"case":57,"states":[[1,0,2],[1,0,2],[1,0,2],[1,0,2],[1,0,2],[1,0,2]]}
{"case":58,"states":[[1,0,2],[1,0,2],[1,0,2],[1,0,2],[1,0,2],[1,0,2]]}
{"case":59,"states":[[1,0,2],[1,0,2],[1,0,2],[1,0,2],[1,0,2],[1,0,2]]}
{"case":60,"states":[[1,1,2],[1,1,2],[1,1,2],[1,1,2],[1,1,2],[1,1,2]]}
{"case":61,"states":[[1,1,2],[1,1,2],[1,1,2],[1,1,2],[1,1,2],[1,1,2]]}
{"case":62,"states":[[1,1,2],[1,1,2],[1,1,2],[1,1,2],[1,1,2],[1,1,2]]}
{"case":63,"states":[[1,0,2],[1,0,2],[1,0,2],[1,0,2],[1,0,2],[1,0,2]]}
{"case":64,"states":[[1,0,2],[1,0,2],[1,0,2],[1,0,2],[1,0,2],[1,0,2]]}
{"case":65,"states":[[1,0,2],[1,0,2],[1,0,2],[1,0,2],[1,0,2],[1,0,2]]}
{"case":66,"states":[[1,3,3],[1,3,3],[1,3,3],[1,3,3],[1,3,3],[1,3,3]]}
{"case":67,"states":[[1,3,3],[1,3,3],[1,3,3],[1,3,3],[1,3,3],[1,3,3]]}
{"case":68,"states":[[1,3,3],[1,3,3],[1,3,3],[1,3,3],[1,3,3],[1,3,3]]}
{"case":69,"states":[[1,0,3],[1,0,3],[1,0,3],[1,0,3],[1,0,3],[1,0,3]]}
{"case":70,"states":[[1,0,3],[1,0,3],[1,0,3],[1,0,3],[1,0,3],[1,0,3]]}
{"case":71,"states":[[1,0,3],[1,0,3],[1,0,3],[1,0,3],[1,0,3],[1,0,3]]}
{"case":72,"states":[[1,1,3],[1,1,3],[1,1,3],[1,1,3],[1,1,3],[1,1,3]]}
{"case":73,"states":[[1,1,3],[1,1,3],[1,1,3],[1,1,3],[1,1,3],[1,1,3]]}
{"case":74,"states":[[1,1,3],[1,1,3],[1,1,3],[1,1,3],[1,1,3],[1,1,3]]}
{"case":75,"states":[[1,0,3],[1,0,3],[1,0,3],[1,0,3],[1,0,3],[1,0,3]]}
{"case":76,"states":[[1,0,3],[1,0,3],[1,0,3],[1,0,3],[1,0,3],[1,0,3]]}
{"case":77,"states":[[1,0,3],[1,0,3],[1,0,3],[1,0,3],[1,0,3],[1,0,3]]}
{"case":78,"states":[[1,2,3],[1,2,3],[1,2,3],[1,2,3],[1,2,3],[1,2,3]]}
{"case":79,"states":[[1,2,3],[1,2,3],[1,2,3],[1,2,3],[1,2,3],[1,2,3]]}
{"case":80,"states":[[1,2,3],[1,2,3],[1,2,3],[1,2,3],[1,2,3],[1,2,3]]}
{"case":81,"states":[[1,0,3],[1,0,3],[1,0,3],[1,0,3],[1,0,3],[1,0,3]]}
{"case":82,"states":[[1,0,3],[1,0,3],[1,0,3],[1,0,3],[1,0,3],[1,0,3]]}
{"case":83,"states":[[1,0,3],[1,0,3],[1,0,3],[1,0,3],[1,0,3],[1,0,3]]}
{"case":84,"states":[[1,1,3],[1,1,3],[1,1,3],[1,1,3],[1,1,3],[1,1,3]]}
{"case":85,"states":[[1,1,3],[1,1,3],[1,1,3],[1,1,3],[1,1,3],[1,1,3]]}
{"case":86,"states":[[1,1,3],[1,1,3],[1,1,3],[1,1,3],[1,1,3],[1,1,3]]}
{"case":87,"states":[[1,0,3],[1,0,3],[1,0,3],[1,0,3],[1,0,3],[1,0,3]]}
{"case":88,"states":[[1,0,3],[1,0,3],[1,0,3],[1,0,3],[1,0,3],[1,0,3]]}
{"case":89,"states":[[1,0,3],[1,0,3],[1,0,3],[1,0,3],[1,0,3],[1,0,3]]}
{"case":90,"states":[[1,4,4],[1,4,4],[1,4,4],[1,4,4],[1,4,4],[1,4,4]]}
{"case":91,"states":[[1,4,4],[1,4,4],[1,4,4],[1,4,4],[1,4,4],[1,4,4]]}
{"case":92,"states":[[1,4,4],[1,4,4],[1,4,4],[1,4,4],[1,4,4],[1,4,4]]}
{"case":93,"states":[[1,0,0],[1,0,0],[1,0,0],[1,0,0],[1,0,0],[1,0,0]]}
{"case":94,"states":[[1,0,0],[1,0,0],[1,0,0],[1,0,0],[1,0,0],[1,0,0]]}
{"case":95,"states":[[1,0,0],[1,0,0],[1,0,0],[1,0,0],[1,0,0],[1,0,0]]}
{"case":96,"states":[[1,1,1],[1,1,1],[1,1,1],[1,1,1],[1,1,1],[1,1,1]]}
{"case":97,"states":[[1,1,1],[1,1,1],[1,1,1],[1,1,1],[1,1,1],[1,1,1]]}
{"case":98,"states":[[1,1,1],[1,1,1],[1,1,1],[1,1,1],[1,1,1],[1,1,1]]}
{"case":99,"states":[[1,0,1],[1,0,1],[1,0,1],[1,0,1],[1,0,1],[1,0,1]]}
{"case":100,"states":[[1,0,1],[1,0,1],[1,0,1],[1,0,1],[1,0,1],[1,0,1]]}
{"case":101,"states":[[1,0,1],[1,0,1],[1,0,1],[1,0,1],[1,0,1],[1,0,1]]}
{"case":102,"states":[[1,2,2],[1,2,2],[1,2,2],[1,2,2],[1,2,2],[1,2,2]]}
{"case":103,"states":[[1,2,2],[1,2,2],[1,2,2],[1,2,2],[1,2,2],[1,2,2]]}
{"case":104,"states":[[1,2,2],[1,2,2],[1,2,2],[1,2,2],[1,2,2],[1,2,2]]}
{"case":105,"states":[[1,0,2],[1,0,2],[1,0,2],[1,0,2],[1,0,2],[1,0,2]]}
{"case":106,"states":[[1,0,2],[1,0,2],[1,0,2],[1,0,2],[1,0,2],[1,0,2]]}
{"case":107,"states":[[1,0,2],[1,0,2],[1,0,2],[1,0,2],[1,0,2],[1,0,2]]}
{"case":108,"states":[[1,1,2],[1,1,2],[1,1,2],[1,1,2],[1,1,2],[1,1,2]]}
{"case":109,"states":[[1,1,2],[1,1,2],[1,1,2],[1,1,2],[1,1,2],[1,1,2]]}
{"case":110,"states":[[1,1,2],[1,1,2],[1,1,2],[1,1,2],[1,1,2],[1,1,2]]}
{"case":111,"states":[[1,0,2],[1,0,2],[1,0,2],[1,0,2],[1,0,2],[1,0,2]]}
{"case":112,"states":[[1,0,2],[1,0,2],[1,0,2],[1,0,2],[1,0,2],[1,0,2]]}
{"case":113,"states":[[1,0,2],[1,0,2],[1,0,2],[1,0,2],[1,0,2],[1,0,2]]}
{"case":114,"states":[[1,3,3],[1,3,3],[1,3,3],[1,3,3],[1,3,3],[1,3,3]]}
{"case":115,"states":[[1,3,3],[1,3,3],[1,3,3],[1,3,3],[1,3,3],[1,3,3]]}
{"case":116,"states":[[1,3,3],[1,3,3],[1,3,3],[1,3,3],[1,3,3],[1,3,3]]}
{"case":117,"states":[[1,0,3],[1,0,3],[1,0,3],[1,0,3],[1,0,3],[1,0,3]]}
{"case":118,"states":[[1,0,3],[1,0,3],[1,0,3],[1,0,3],[1,0,3],[1,0,3]]}
{"case":119,"states":[[1,0,3],[1,0,3],[1,0,3],[1,0,3],[1,0,3],[1,0,3]]}
{"case":120,"states":[[1,1,3],[1,1,3],[1,1,3],[1,1,3],[1,1,3],[1,1,3]]}
{"case":121,"states":[[1,1,3],[1,1,3],[1,1,3],[1,1,3],[1,1,3],[1,1,3]]}
{"case":122,"states":[[1,1,3],[1,1,3],[1,1,3],[1,1,3],[1,1,3],[1,1,3]]}
{"case":123,"states":[[1,0,3],[1,0,3],[1,0,3],[1,0,3],[1,0,3],[1,0,3]]}
{"case":124,"states":[[1,0,3],[1,0,3],[1,0,3],[1,0,3],[1,0,3],[1,0,3]]}
{"case":125,"states":[[1,0,3],[1,0,3],[1,0,3],[1,0,3],[1,0,3],[1,0,3]]}
{"case":126,"states":[[1,2,3],[1,2,3],[1,2,3],[1,2,3],[1,2,3],[1,2,3]]}
{"case":127,"states":[[1,2,3],[1,2,3],[1,2,3],[1,2,3],[1,2,3],[1,2,3]]}
{"case":128,"states":[[1,2,3],[1,2,3],[1,2,3],[1,2,3],[1,2,3],[1,2,3]]}
{"case":129,"states":[[1,0,3],[1,0,3],[1,0,3],[1,0,3],[1,0,3],[1,0,3]]}
{"case":130,"states":[[1,0,3],[1,0,3],[1,0,3],[1,0,3],[1,0,3],[1,0,3]]}
{"case":131,"states":[[1,0,3],[1,0,3],[1,0,3],[1,0,3],[1,0,3],[1,0,3]]}
{"case":132,"states":[[1,1,3],[1,1,3],[1,1,3],[1,1,3],[1,1,3],[1,1,3]]}
{"case":133,"states":[[1,1,3],[1,1,3],[1,1,3],[1,1,3],[1,1,3],[1,1,3]]}
{"case":134,"states":[[1,1,3],[1,1,3],[1,1,3],[1,1,3],[1,1,3],[1,1,3]]}
{"case":135,"states":[[1,0,3],[1,0,3],[1,0,3],[1,0,3],[1,0,3],[1,0,3]]}
{"case":136,"states":[[1,0,3],[1,0,3],[1,0,3],[1,0,3],[1,0,3],[1,0,3]]}
{"case":137,"states":[[1,0,3],[1,0,3],[1,0,3],[1,0,3],[1,0,3],[1,0,3]]}
{"case":138,"states":[[1,0,0],[1,0,0],[1,0,0],[1,0,0],[1,0,0],[1,0,0]]}
{"case":139,"states":[[1,0,0],[1,0,0],[1,0,0],[1,0,0],[1,0,0],[1,0,0]]}
{"case":140,"states":[[1,0,0],[1,0,0],[1,0,0],[1,0,0],[1,0,0],[1,0,0]]}
{"case":141,"states":[[1,1,1],[1,1,1],[1,1,1],[1,1,1],[1,1,1],[1,1,1]]}
{"case":142,"states":[[1,1,1],[1,1,1],[1,1,1],[1,1,1],[1,1,1],[1,1,1]]}
{"case":143,"states":[[1,1,1],[1,1,1],[1,1,1],[1,1,1],[1,1,1],[1,1,1]]}
{"case":144,"states":[[1,0,1],[1,0,1],[1,0,1],[1,0,1],[1,0,1],[1,0,1]]}
{"case":145,"states":[[1,0,1],[1,0,1],[1,0,1],[1,0,1],[1,0,1],[1,0,1]]}
{"case":146,"states":[[1,0,1],[1,0,1],[1,0,1],[1,0,1],[1,0,1],[1,0,1]]}
{"case":147,"states":[[1,2,2],[1,2,2],[1,2,2],[1,2,2],[1,2,2],[1,2,2]]}
{"case":148,"states":[[1,2,2],[1,2,2],[1,2,2],[1,2,2],[1,2,2],[1,2,2]]}
{"case":149,"states":[[1,2,2],[1,2,2],[1,2,2],[1,2,2],[1,2,2],[1,2,2]]}
{"case":150,"states":[[1,0,2],[1,0,2],[1,0,2],[1,0,2],[1,0,2],[1,0,2]]}
{"case":151,"states":[[1,0,2],[1,0,2],[1,0,2],[1,0,2],[1,0,2],[1,0,2]]}
{"case":152,"states":[[1,0,2],[1,0,2],[1,0,2],[1,0,2],[1,0,2],[1,0,2]]}
{"case":153,"states":[[1,1,2],[1,1,2],[1,1,2],[1,1,2],[1,1,2],[1,1,2]]}
{"case":154,"states":[[1,1,2],[1,1,2],[1,1,2],[1,1,2],[1,1,2],[1,1,2]]}
{"case":155,"states":[[1,1,2],[1,1,2],[1,1,2],[1,1,2],[1,1,2],[1,1,2]]}
{"case":156,"states":[[1,0,2],[1,0,2],[1,0,2],[1,0,2],[1,0,2],[1,0,2]]}
{"case":157,"states":[[1,0,2],[1,0,2],[1,0,2],[1,0,2],[1,0,2],[1,0,2]]}
{"case":158,"states":[[1,0,2],[1,0,2],[1,0,2],[1,0,2],[1,0,2],[1,0,2]]}
{"case":159,"states":[[1,3,3],[1,3,3],[1,3,3],[1,3,3],[1,3,3],[1,3,3]]}
{"case":160,"states":[[1,3,3],[1,3,3],[1,3,3],[1,3,3],[1,3,3],[1,3,3]]}
{"case":161,"states":[[1,3,3],[1,3,3],[1,3,3],[1,3,3],[1,3,3],[1,3,3]]}
{"case":162,"states":[[1,0,3],[1,0,3],[1,0,3],[1,0,3],[1,0,3],[1,0,3]]}
{"case":163,"states":[[1,0,3],[1,0,3],[1,0,3],[1,0,3],[1,0,3],[1,0,3]]}
{"case":164,"states":[[1,0,3],[1,0,3],[1,0,3],[1,0,3],[1,0,3],[1,0,3]]}
{"case":165,"states":[[1,1,3],[1,1,3],[1,1,3],[1,1,3],[1,1,3],[1,1,3]]}
{"case":166,"states":[[1,1,3],[1,1,3],[1,1,3],[1,1,3],[1,1,3],[1,1,3]]}
{"case":167,"states":[[1,1,3],[1,1,3],[1,1,3],[1,1,3],[1,1,3],[1,1,3]]}
{"case":168,"states":[[1,0,3],[1,0,3],[1,0,3],[1,0,3],[1,0,3],[1,0,3]]}
{"case":169,"states":[[1,0,3],[1,0,3],[1,0,3],[1,0,3],[1,0,3],[1,0,3]]}
{"case":170,"states":[[1,0,3],[1,0,3],[1,0,3],[1,0,3],[1,0,3],[1,0,3]]}
{"case":171,"states":[[1,2,3],[1,2,3],[1,2,3],[1,2,3],[1,2,3],[1,2,3]]}
{"case":172,"states":[[1,2,3],[1,2,3],[1,2,3],[1,2,3],[1,2,3],[1,2,3]]}
{"case":173,"states":[[1,2,3],[1,2,3],[1,2,3],[1,2,3],[1,2,3],[1,2,3]]}
{"case":174,"states":[[1,0,3],[1,0,3],[1,0,3],[1,0,3],[1,0,3],[1,0,3]]}
{"case":175,"states":[[1,0,3],[1,0,3],[1,0,3],[1,0,3],[1,0,3],[1,0,3]]}
{"case":176,"states":[[1,0,3],[1,0,3],[1,0,3],[1,0,3],[1,0,3],[1,0,3]]}
{"case":177,"states":[[1,1,3],[1,1,3],[1,1,3],[1,1,3],[1,1,3],[1,1,3]]}
{"case":178,"states":[[1,1,3],[1,1,3],[1,1,3],[1,1,3],[1,1,3],[1,1,3]]}
{"case":179,"states":[[1,1,3],[1,1,3],[1,1,3],[1,1,3],[1,1,3],[1,1,3]]}
{"case":180,"states":[[1,0,3],[1,0,3],[1,0,3],[1,0,3],[1,0,3],[1,0,3]]}
{"case":181,"states":[[1,0,3],[1,0,3],[1,0,3],[1,0,3],[1,0,3],[1,0,3]]}
{"case":182,"states":[[1,0,3],[1,0,3],[1,0,3],[1,0,3],[1,0,3],[1,0,3]]}
{"case":183,"states":[[1,4,4],[1,4,4],[1,4,4],[1,4,4],[1,4,4],[1,4,4]]}
{"case":184,"states":[[1,4,4],[1,4,4],[1,4,4],[1,4,4],[1,4,4],[1,4,4]]}
{"case":185,"states":[[1,4,4],[1,4,4],[1,4,4],[1,4,4],[1,4,4],[1,4,4]]}
{"case":186,"states":[[1,0,0],[1,0,0],[1,0,0],[1,0,0],[1,0,0],[1,0,0]]}
{"case":187,"states":[[1,0,0],[1,0,0],[1,0,0],[1,0,0],[1,0,0],[1,0,0]]}
{"case":188,"states":[[1,0,0],[1,0,0],[1,0,0],[1,0,0],[1,0,0],[1,0,0]]}
{"case":189,"states":[[1,1,1],[1,1,1],[1,1,1],[1,1,1],[1,1,1],[1,1,1]]}
{"case":190,"states":[[1,1,1],[1,1,1],[1,1,1],[1,1,1],[1,1,1],[1,1,1]]}
{"case":191,"states":[[1,1,1],[1,1,1],[1,1,1],[1,1,1],[1,1,1],[1,1,1]]}
{"case":192,"states":[[1,0,1],[1,0,1],[1,0,1],[1,0,1],[1,0,1],[1,0,1]]}
{"case":193,"states":[[1,0,1],[1,0,1],[1,0,1],[1,0,1],[1,0,1],[1,0,1]]}
{"case":194,"states":[[1,0,1],[1,0,1],[1,0,1],[1,0,1],[1,0,1],[1,0,1]]}
{"case":195,"states":[[1,4,2],[1,4,2],[1,4,2],[1,4,2],[1,4,2],[1,4,2]]}
{"case":196,"states":[[1,4,2],[1,4,2],[1,4,2],[1,4,2],[1,4,2],[1,4,2]]}
{"case":197,"states":[[1,4,2],[1,4,2],[1,4,2],[1,4,2],[1,4,2],[1,4,2]]}
{"case":198,"states":[[1,0,2],[1,0,2],[1,0,2],[1,0,2],[1,0,2],[1,0,2]]}
{"case":199,"states":[[1,0,2],[1,0,2],[1,0,2],[1,0,2],[1,0,2],[1,0,2]]}
{"case":200,"states":[[1,0,2],[1,0,2],[1,0,2],[1,0,2],[1,0,2],[1,0,2]]}
{"case":201,"states":[[1,1,2],[1,1,2],[1,1,2],[1,1,2],[1,1,2],[1,1,2]]}
{"case":202,"states":[[1,1,2],[1,1,2],[1,1,2],[1,1,2],[1,1,2],[1,1,2]]}
{"case":203,"states":[[1,1,2],[1,1,2],[1,1,2],[1,1,2],[1,1,2],[1,1,2]]}
{"case":204,"states":[[1,0,2],[1,0,2],[1,0,2],[1,0,2],[1,0,2],[1,0,2]]}
{"case":205,"states":[[1,0,2],[1,0,2],[1,0,2],[1,0,2],[1,0,2],[1,0,2]]}
{"case":206,"states":[[1,0,2],[1,0,2],[1,0,2],[1,0,2],[1,0,2],[1,0,2]]}
{"case":207,"states":[[1,4,3],[1,4,3],[1,4,3],[1,4,3],[1,4,3],[1,4,3]]}
{"case":208,"states":[[1,4,3],[1,4,3],[1,4,3],[1,4,3],[1,4,3],[1,4,3]]}
{"case":209,"states":[[1,4,3],[1,4,3],[1,4,3],[1,4,3],[1,4,3],[1,4,3]]}
{"case":210,"states":[[1,0,3],[1,0,3],[1,0,3],[1,0,3],[1,0,3],[1,0,3]]}
{"case":211,"states":[[1,0,3],[1,0,3],[1,0,3],[1,0,3],[1,0,3],[1,0,3]]}
{"case":212,"states":[[1,0,3],[1,0,3],[1,0,3],[1,0,3],[1,0,3],[1,0,3]]}
{"case":213,"states":[[1,1,3],[1,1,3],[1,1,3],[1,1,3],[1,1,3],[1,1,3]]}
{"case":214,"states":[[1,1,3],[1,1,3],[1,1,3],[1,1,3],[1,1,3],[1,1,3]]}
{"case":215,"states":[[1,1,3],[1,1,3],[1,1,3],[1,1,3],[1,1,3],[1,1,3]]}
{"case":216,"states":[[1,0,3],[1,0,3],[1,0,3],[1,0,3],[1,0,3],[1,0,3]]}
{"case":217,"states":[[1,0,3],[1,0,3],[1,0,3],[1,0,3],[1,0,3],[1,0,3]]}
{"case":218,"states":[[1,0,3],[1,0,3],[1,0,3],[1,0,3],[1,0,3],[1,0,3]]}
{"case":219,"states":[[1,4,3],[1,4,3],[1,4,3],[1,4,3],[1,4,3],[1,4,3]]}
{"case":220,"states":[[1,4,3],[1,4,3],[1,4,3],[1,4,3],[1,4,3],[1,4,3]]}
{"case":221,"states":[[1,4,3],[1,4,3],[1,4,3],[1,4,3],[1,4,3],[1,4,3]]}
{"case":222,"states":[[1,0,3],[1,0,3],[1,0,3],[1,0,3],[1,0,3],[1,0,3]]}
{"case":223,"states":[[1,0,3],[1,0,3],[1,0,3],[1,0,3],[1,0,3],[1,0,3]]}
{"case":224,"states":[[1,0,3],[1,0,3],[1,0,3],[1,0,3],[1,0,3],[1,0,3]]}
{"case":225,"states":[[1,1,3],[1,1,3],[1,1,3],[1,1,3],[1,1,3],[1,1,3]]}
{"case":226,"states":[[1,1,3],[1,1,3],[1,1,3],[1,1,3],[1,1,3],[1,1,3]]}
{"case":227,"states":[[1,1,3],[1,1,3],[1,1,3],[1,1,3],[1,1,3],[1,1,3]]}
{"case":228,"states":[[1,0,3],[1,0,3],[1,0,3],[1,0,3],[1,0,3],[1,0,3]]}
{"case":229,"states":[[1,0,3],[1,0,3],[1,0,3],[1,0,3],[1,0,3],[1,0,3]]}
{"case":230,"states":[[1,0,3],[1,0,3],[1,0,3],[1,0,3],[1,0,3],[1,0,3]]}
{"case":231,"states":[[1,5,5],[1,5,5],[1,5,5],[1,5,5],[1,5,5],[1,5,5]]}
{"case":232,"states":[[1,5,5],[1,5,5],[1,5,5],[1,5,5],[1,5,5],[1,5,5]]}
{"case":233,"states":[[1,5,5],[1,5,5],[1,5,5],[1,5,5],[1,5,5],[1,5,5]]}
{"case":234,"states":[[1,0,5],[1,0,5],[1,0,5],[1,0,5],[1,0,5],[1,0,5]]}
{"case":235,"states":[[1,0,5],[1,0,5],[1,0,5],[1,0,5],[1,0,5],[1,0,5]]}
{"case":236,"states":[[1,0,5],[1,0,5],[1,0,5],[1,0,5],[1,0,5],[1,0,5]]}
{"case":237,"states":[[1,1,5],[1,1,5],[1,1,5],[1,1,5],[1,1,5],[1,1,5]]}
{"case":238,"states":[[1,1,5],[1,1,5],[1,1,5],[1,1,5],[1,1,5],[1,1,5]]}
{"case":239,"states":[[1,1,5],[1,1,5],[1,1,5],[1,1,5],[1,1,5],[1,1,5]]}
{"case":240,"states":[[1,0,5],[1,0,5],[1,0,5],[1,0,5],[1,0,5],[1,0,5]]}
{"case":241,"states":[[1,0,5],[1,0,5],[1,0,5],[1,0,5],[1,0,5],[1,0,5]]}
{"case":242,"states":[[1,0,5],[1,0,5],[1,0,5],[1,0,5],[1,0,5],[1,0,5]]}
{"case":243,"states":[[1,2,2],[1,2,2],[1,2,2],[1,2,2],[1,2,2],[1,2,2]]}
{"case":244,"states":[[1,2,2],[1,2,2],[1,2,2],[1,2,2],[1,2,2],[1,2,2]]}
{"case":245,"states":[[1,2,2],[1,2,2],[1,2,2],[1,2,2],[1,2,2],[1,2,2]]}
{"case":246,"states":[[1,0,2],[1,0,2],[1,0,2],[1,0,2],[1,0,2],[1,0,2]]}
{"case":247,"states":[[1,0,2],[1,0,2],[1,0,2],[1,0,2],[1,0,2],[1,0,2]]}
{"case":248,"states":[[1,0,2],[1,0,2],[1,0,2],[1,0,2],[1,0,2],[1,0,2]]}
{"case":249,"states":[[1,1,2],[1,1,2],[1,1,2],[1,1,2],[1,1,2],[1,1,2]]}
{"case":250,"states":[[1,1,2],[1,1,2],[1,1,2],[1,1,2],[1,1,2],[1,1,2]]}
{"case":251,"states":[[1,1,2],[1,1,2],[1,1,2],[1,1,2],[1,1,2],[1,1,2]]}
{"case":252,"states":[[1,0,2],[1,0,2],[1,0,2],[1,0,2],[1,0,2],[1,0,2]]}
{"case":253,"states":[[1,0,2],[1,0,2],[1,0,2],[1,0,2],[1,0,2],[1,0,2]]}
{"case":254,"states":[[1,0,2],[1,0,2],[1,0,2],[1,0,2],[1,0,2],[1,0,2]]}
{"case":255,"states":[[1,3,3],[1,3,3],[1,3,3],[1,3,3],[1,3,3],[1,3,3]]}
{"case":256,"states":[[1,3,3],[1,3,3],[1,3,3],[1,3,3],[1,3,3],[1,3,3]]}
{"case":257,"states":[[1,3,3],[1,3,3],[1,3,3],[1,3,3],[1,3,3],[1,3,3]]}
{"case":258,"states":[[1,0,3],[1,0,3],[1,0,3],[1,0,3],[1,0,3],[1,0,3]]}
{"case":259,"states":[[1,0,3],[1,0,3],[1,0,3],[1,0,3],[1,0,3],[1,0,3]]}
{"case":260,"states":[[1,0,3],[1,0,3],[1,0,3],[1,0,3],[1,0,3],[1,0,3]]}
{"case":261,"states":[[1,1,3],[1,1,3],[1,1,3],[1,1,3],[1,1,3],[1,1,3]]}
{"case":262,"states":[[1,1,3],[1,1,3],[1,1,3],[1,1,3],[1,1,3],[1,1,3]]}
{"case":263,"states":[[1,1,3],[1,1,3],[1,1,3],[1,1,3],[1,1,3],[1,1,3]]}
{"case":264,"states":[[1,0,3],[1,0,3],[1,0,3],[1,0,3],[1,0,3],[1,0,3]]}
{"case":265,"states":[[1,0,3],[1,0,3],[1,0,3],[1,0,3],[1,0,3],[1,0,3]]}
{"case":266,"states":[[1,0,3],[1,0,3],[1,0,3],[1,0,3],[1,0,3],[1,0,3]]}
{"case":267,"states":[[1,2,3],[1,2,3],[1,2,3],[1,2,3],[1,2,3],[1,2,3]]}
{"case":268,"states":[[1,2,3],[1,2,3],[1,2,3],[1,2,3],[1,2,3],[1,2,3]]}
{"case":269,"states":[[1,2,3],[1,2,3],[1,2,3],[1,2,3],[1,2,3],[1,2,3]]}
{"case":270,"states":[[1,0,3],[1,0,3],[1,0,3],[1,0,3],[1,0,3],[1,0,3]]}
{"case":271,"states":[[1,0,3],[1,0,3],[1,0,3],[1,0,3],[1,0,3],[1,0,3]]}
{"case":272,"states":[[1,0,3],[1,0,3],[1,0,3],[1,0,3],[1,0,3],[1,0,3]]}
{"case":273,"states":[[1,1,3],[1,1,3],[1,1,3],[1,1,3],[1,1,3],[1,1,3]]}
{"case":274,"states":[[1,1,3],[1,1,3],[1,1,3],[1,1,3],[1,1,3],[1,1,3]]}
{"case":275,"states":[[1,1,3],[1,1,3],[1,1,3],[1,1,3],[1,1,3],[1,1,3]]}
{"case":276,"states":[[1,0,3],[1,0,3],[1,0,3],[1,0,3],[1,0,3],[1,0,3]]}
{"case":277,"states":[[1,0,3],[1,0,3],[1,0,3],[1,0,3],[1,0,3],[1,0,3]]}
{"case":278,"states":[[1,0,3],[1,0,3],[1,0,3],[1,0,3],[1,0,3],[1,0,3]]}
{"case":279,"states":[[1,4,5],[1,4,5],[1,4,5],[1,4,5],[1,4,5],[1,4,5]]}
{"case":280,"states":[[1,4,5],[1,4,5],[1,4,5],[1,4,5],[1,4,5],[1,4,5]]}
{"case":281,"states":[[1,4,5],[1,4,5],[1,4,5],[1,4,5],[1,4,5],[1,4,5]]}
{"case":282,"states":[[1,0,5],[1,0,5],[1,0,5],[1,0,5],[1,0,5],[1,0,5]]}
{"case":283,"states":[[1,0,5],[1,0,5],[1,0,5],[1,0,5],[1,0,5],[1,0,5]]}
{"case":284,"states":[[1,0,5],[1,0,5],[1,0,5],[1,0,5],[1,0,5],[1,0,5]]}
{"case":285,"states":[[1,1,5],[1,1,5],[1,1,5],[1,1,5],[1,1,5],[1,1,5]]}
{"case":286,"states":[[1,1,5],[1,1,5],[1,1,5],[1,1,5],[1,1,5],[1,1,5]]}
{"case":287,"states":[[1,1,5],[1,1,5],[1,1,5],[1,1,5],[1,1,5],[1,1,5]]}
{"case":288,"states":[[1,0,5],[1,0,5],[1,0,5],[1,0,5],[1,0,5],[1,0,5]]}
{"case":289,"states":[[1,0,5],[1,0,5],[1,0,5],[1,0,5],[1,0,5],[1,0,5]]}
{"case":290,"states":[[1,0,5],[1,0,5],[1,0,5],[1,0,5],[1,0,5],[1,0,5]]}
{"case":291,"states":[[1,4,2],[1,4,2],[1,4,2],[1,4,2],[1,4,2],[1,4,2]]}
{"case":292,"states":[[1,4,2],[1,4,2],[1,4,2],[1,4,2],[1,4,2],[1,4,2]]}
{"case":293,"states":[[1,4,2],[1,4,2],[1,4,2],[1,4,2],[1,4,2],[1,4,2]]}
{"case":294,"states":[[1,0,2],[1,0,2],[1,0,2],[1,0,2],[1,0,2],[1,0,2]]}
{"case":295,"states":[[1,0,2],[1,0,2],[1,0,2],[1,0,2],[1,0,2],[1,0,2]]}
{"case":296,"states":[[1,0,2],[1,0,2],[1,0,2],[1,0,2],[1,0,2],[1,0,2]]}
{"case":297,"states":[[1,1,2],[1,1,2],[1,1,2],[1,1,2],[1,1,2],[1,1,2]]}
{"case":298,"states":[[1,1,2],[1,1,2],[1,1,2],[1,1,2],[1,1,2],[1,1,2]]}
{"case":299,"states":[[1,1,2],[1,1,2],[1,1,2],[1,1,2],[1,1,2],[1,1,2]]}
{"case":300,"states":[[1,0,2],[1,0,2],[1,0,2],[1,0,2],[1,0,2],[1,0,2]]}
{"case":301,"states":[[1,0,2],[1,0,2],[1,0,2],[1,0,2],[1,0,2],[1,0,2]]}
{"case":302,"states":[[1,0,2],[1,0,2],[1,0,2],[1,0,2],[1,0,2],[1,0,2]]}
{"case":303,"states":[[1,4,3],[1,4,3],[1,4,3],[1,4,3],[1,4,3],[1,4,3]]}
{"case":304,"states":[[1,4,3],[1,4,3],[1,4,3],[1,4,3],[1,4,3],[1,4,3]]}
{"case":305,"states":[[1,4,3],[1,4,3],[1,4,3],[1,4,3],[1,4,3],[1,4,3]]}
{"case":306,"states":[[1,0,3],[1,0,3],[1,0,3],[1,0,3],[1,0,3],[1,0,3]]}
{"case":307,"states":[[1,0,3],[1,0,3],[1,0,3],[1,0,3],[1,0,3],[1,0,3]]}
{"case":308,"states":[[1,0,3],[1,0,3],[1,0,3],[1,0,3],[1,0,3],[1,0,3]]}
{"case":309,"states":[[1,1,3],[1,1,3],[1,1,3],[1,1,3],[1,1,3],[1,1,3]]}
{"case":310,"states":[[1,1,3],[1,1,3],[1,1,3],[1,1,3],[1,1,3],[1,1,3]]}
{"case":311,"states":[[1,1,3],[1,1,3],[1,1,3],[1,1,3],[1,1,3],[1,1,3]]}
{"case":312,"states":[[1,0,3],[1,0,3],[1,0,3],[1,0,3],[1,0,3],[1,0,3]]}
{"case":313,"states":[[1,0,3],[1,0,3],[1,0,3],[1,0,3],[1,0,3],[1,0,3]]}
{"case":314,"states":[[1,0,3],[1,0,3],[1,0,3],[1,0,3],[1,0,3],[1,0,3]]}
{"case":315,"states":[[1,4,3],[1,4,3],[1,4,3],[1,4,3],[1,4,3],[1,4,3]]}
{"case":316,"states":[[1,4,3],[1,4,3],[1,4,3],[1,4,3],[1,4,3],[1,4,3]]}
{"case":317,"states":[[1,4,3],[1,4,3],[1,4,3],[1,4,3],[1,4,3],[1,4,3]]}
{"case":318,"states":[[1,0,3],[1,0,3],[1,0,3],[1,0,3],[1,0,3],[1,0,3]]}
{"case":319,"states":[[1,0,3],[1,0,3],[1,0,3],[1,0,3],[1,0,3],[1,0,3]]}
{"case":320,"states":[[1,0,3],[1,0,3],[1,0,3],[1,0,3],[1,0,3],[1,0,3]]}
{"case":321,"states":[[1,1,3],[1,1,3],[1,1,3],[1,1,3],[1,1,3],[1,1,3]]}
{"case":322,"states":[[1,1,3],[1,1,3],[1,1,3],[1,1,3],[1,1,3],[1,1,3]]}
{"case":323,"states":[[1,1,3],[1,1,3],[1,1,3],[1,1,3],[1,1,3],[1,1,3]]}
{"case":324,"states":[[1,0,3],[1,0,3],[1,0,3],[1,0,3],[1,0,3],[1,0,3]]}
{"case":325,"states":[[1,0,3],[1,0,3],[1,0,3],[1,0,3],[1,0,3],[1,0,3]]}
{"case":326,"states":[[1,0,3],[1,0,3],[1,0,3],[1,0,3],[1,0,3],[1,0,3]]}
{"case":327,"states":[[1,6,6],[1,6,6],[1,6,6],[1,6,6],[1,6,6],[1,6,6]]}
{"case":328,"states":[[1,6,6],[1,6,6],[1,6,6],[1,6,6],[1,6,6],[1,6,6]]}
{"case":329,"states":[[1,6,6],[1,6,6],[1,6,6],[1,6,6],[1,6,6],[1,6,6]]}
{"case":330,"states":[[1,0,0],[1,0,0],[1,0,0],[1,0,0],[1,0,0],[1,0,0]]}
{"case":331,"states":[[1,0,0],[1,0,0],[1,0,0],[1,0,0],[1,0,0],[1,0,0]]}
{"case":332,"states":[[1,0,0],[1,0,0],[1,0,0],[1,0,0],[1,0,0],[1,0,0]]}
{"case":333,"states":[[1,1,1],[1,1,1],[1,1,1],[1,1,1],[1,1,1],[1,1,1]]}
{"case":334,"states":[[1,1,1],[1,1,1],[1,1,1],[1,1,1],[1,1,1],[1,1,1]]}
{"case":335,"states":[[1,1,1],[1,1,1],[1,1,1],[1,1,1],[1,1,1],[1,1,1]]}
{"case":336,"states":[[1,0,1],[1,0,1],[1,0,1],[1,0,1],[1,0,1],[1,0,1]]}
{"case":337,"states":[[1,0,1],[1,0,1],[1,0,1],[1,0,1],[1,0,1],[1,0,1]]}
{"case":338,"states":[[1,0,1],[1,0,1],[1,0,1],[1,0,1],[1,0,1],[1,0,1]]}
{"case":339,"states":[[1,2,2],[1,2,2],[1,2,2],[1,2,2],[1,2,2],[1,2,2]]}
{"case":340,"states":[[1,2,2],[1,2,2],[1,2,2],[1,2,2],[1,2,2],[1,2,2]]}
{"case":341,"states":[[1,2,2],[1,2,2],[1,2,2],[1,2,2],[1,2,2],[1,2,2]]}
{"case":342,"states":[[1,0,2],[1,0,2],[1,0,2],[1,0,2],[1,0,2],[1,0,2]]}
{"case":343,"states":[[1,0,2],[1,0,2],[1,0,2],[1,0,2],[1,0,2],[1,0,2]]}
{"case":344,"states":[[1,0,2],[1,0,2],[1,0,2],[1,0,2],[1,0,2],[1,0,2]]}
{"case":345,"states":[[1,1,2],[1,1,2],[1,1,2],[1,1,2],[1,1,2],[1,1,2]]}
{"case":346,"states":[[1,1,2],[1,1,2],[1,1,2],[1,1,2],[1,1,2],[1,1,2]]}
{"case":347,"states":[[1,1,2],[1,1,2],[1,1,2],[1,1,2],[1,1,2],[1,1,2]]}
{"case":348,"states":[[1,0,2],[1,0,2],[1,0,2],[1,0,2],[1,0,2],[1,0,2]]}
{"case":349,"states":[[1,0,2],[1,0,2],[1,0,2],[1,0,2],[1,0,2],[1,0,2]]}
{"case":350,"states":[[1,0,2],[1,0,2],[1,0,2],[1,0,2],[1,0,2],[1,0,2]]}
{"case":351,"states":[[1,3,3],[1,3,3],[1,3,3],[1,3,3],[1,3,3],[1,3,3]]}
{"case":352,"states":[[1,3,3],[1,3,3],[1,3,3],[1,3,3],[1,3,3],[1,3,3]]}
{"case":353,"states":[[1,3,3],[1,3,3],[1,3,3],[1,3,3],[1,3,3],[1,3,3]]}
{"case":354,"states":[[1,0,3],[1,0,3],[1,0,3],[1,0,3],[1,0,3],[1,0,3]]}
{"case":355,"states":[[1,0,3],[1,0,3],[1,0,3],[1,0,3],[1,0,3],[1,0,3]]}
{"case":356,"states":[[1,0,3],[1,0,3],[1,0,3],[1,0,3],[1,0,3],[1,0,3]]}
{"case":357,"states":[[1,1,3],[1,1,3],[1,1,3],[1,1,3],[1,1,3],[1,1,3]]}
{"case":358,"states":[[1,1,3],[1,1,3],[1,1,3],[1,1,3],[1,1,3],[1,1,3]]}
{"case":359,"states":[[1,1,3],[1,1,3],[1,1,3],[1,1,3],[1,1,3],[1,1,3]]}
{"case":360,"states":[[1,0,3],[1,0,3],[1,0,3],[1,0,3],[1,0,3],[1,0,3]]}
{"case":361,"states":[[1,0,3],[1,0,3],[1,0,3],[1,0,3],[1,0,3],[1,0,3]]}
{"case":362,"states":[[1,0,3],[1,0,3],[1,0,3],[1,0,3],[1,0,3],[1,0,3]]}
{"case":363,"states":[[1,2,3],[1,2,3],[1,2,3],[1,2,3],[1,2,3],[1,2,3]]}
{"case":364,"states":[[1,2,3],[1,2,3],[1,2,3],[1,2,3],[1,2,3],[1,2,3]]}
{"case":365,"states":[[1,2,3],[1,2,3],[1,2,3],[1,2,3],[1,2,3],[1,2,3]]}
{"case":366,"states":[[1,0,3],[1,0,3],[1,0,3],[1,0,3],[1,0,3],[1,0,3]]}
{"case":367,"states":[[1,0,3],[1,0,3],[1,0,3],[1,0,3],[1,0,3],[1,0,3]]}
{"case":368,"states":[[1,0,3],[1,0,3],[1,0,3],[1,0,3],[1,0,3],[1,0,3]]}
{"case":369,"states":[[1,1,3],[1,1,3],[1,1,3],[1,1,3],[1,1,3],[1,1,3]]}
{"case":370,"states":[[1,1,3],[1,1,3],[1,1,3],[1,1,3],[1,1,3],[1,1,3]]}
{"case":371,"states":[[1,1,3],[1,1,3],[1,1,3],[1,1,3],[1,1,3],[1,1,3]]}
{"case":372,"states":[[1,0,3],[1,0,3],[1,0,3],[1,0,3],[1,0,3],[1,0,3]]}
{"case":373,"states":[[1,0,3],[1,0,3],[1,0,3],[1,0,3],[1,0,3],[1,0,3]]}
{"case":374,"states":[[1,0,3],[1,0,3],[1,0,3],[1,0,3],[1,0,3],[1,0,3]]}
{"case":375,"states":[[1,4,4],[1,4,4],[1,4,4],[1,4,4],[1,4,4],[1,4,4]]}
{"case":376,"states":[[1,4,4],[1,4,4],[1,4,4],[1,4,4],[1,4,4],[1,4,4]]}
{"case":377,"states":[[1,4,4],[1,4,4],[1,4,4],[1,4,4],[1,4,4],[1,4,4]]}
{"case":378,"states":[[1,0,0],[1,0,0],[1,0,0],[1,0,0],[1,0,0],[1,0,0]]}
{"case":379,"states":[[1,0,0],[1,0,0],[1,0,0],[1,0,0],[1,0,0],[1,0,0]]}
{"case":380,"states":[[1,0,0],[1,0,0],[1,0,0],[1,0,0],[1,0,0],[1,0,0]]}
{"case":381,"states":[[1,1,1],[1,1,1],[1,1,1],[1,1,1],[1,1,1],[1,1,1]]}
{"case":382,"states":[[1,1,1],[1,1,1],[1,1,1],[1,1,1],[1,1,1],[1,1,1]]}
{"case":383,"states":[[1,1,1],[1,1,1],[1,1,1],[1,1,1],[1,1,1],[1,1,1]]}
{"case":384,"states":[[1,0,1],[1,0,1],[1,0,1],[1,0,1],[1,0,1],[1,0,1]]}
{"case":385,"states":[[1,0,1],[1,0,1],[1,0,1],[1,0,1],[1,0,1],[1,0,1]]}
{"case":386,"states":[[1,0,1],[1,0,1],[1,0,1],[1,0,1],[1,0,1],[1,0,1]]}
{"case":387,"states":[[1,4,2],[1,4,2],[1,4,2],[1,4,2],[1,4,2],[1,4,2]]}
{"case":388,"states":[[1,4,2],[1,4,2],[1,4,2],[1,4,2],[1,4,2],[1,4,2]]}
{"case":389,"states":[[1,4,2],[1,4,2],[1,4,2],[1,4,2],[1,4,2],[1,4,2]]}
{"case":390,"states":[[1,0,2],[1,0,2],[1,0,2],[1,0,2],[1,0,2],[1,0,2]]}
{"case":391,"states":[[1,0,2],[1,0,2],[1,0,2],[1,0,2],[1,0,2],[1,0,2]]}
{"case":392,"states":[[1,0,2],[1,0,2],[1,0,2],[1,0,2],[1,0,2],[1,0,2]]}
{"case":393,"states":[[1,1,2],[1,1,2],[1,1,2],[1,1,2],[1,1,2],[1,1,2]]}
{"case":394,"states":[[1,1,2],[1,1,2],[1,1,2],[1,1,2],[1,1,2],[1,1,2]]}
{"case":395,"states":[[1,1,2],[1,1,2],[1,1,2],[1,1,2],[1,1,2],[1,1,2]]}
{"case":396,"states":[[1,0,2],[1,0,2],[1,0,2],[1,0,2],[1,0,2],[1,0,2]]}
{"case":397,"states":[[1,0,2],[1,0,2],[1,0,2],[1,0,2],[1,0,2],[1,0,2]]}
{"case":398,"states":[[1,0,2],[1,0,2],[1,0,2],[1,0,2],[1,0,2],[1,0,2]]}
{"case":399,"states":[[1,4,3],[1,4,3],[1,4,3],[1,4,3],[1,4,3],[1,4,3]]}
{"case":400,"states":[[1,4,3],[1,4,3],[1,4,3],[1,4,3],[1,4,3],[1,4,3]]}
{"case":401,"states":[[1,4,3],[1,4,3],[1,4,3],[1,4,3],[1,4,3],[1,4,3]]}
{"case":402,"states":[[1,0,3],[1,0,3],[1,0,3],[1,0,3],[1,0,3],[1,0,3]]}
{"case":403,"states":[[1,0,3],[1,0,3],[1,0,3],[1,0,3],[1,0,3],[1,0,3]]}
{"case":404,"states":[[1,0,3],[1,0,3],[1,0,3],[1,0,3],[1,0,3],[1,0,3]]}
{"case":405,"states":[[1,1,3],[1,1,3],[1,1,3],[1,1,3],[1,1,3],[1,1,3]]}
{"case":406,"states":[[1,1,3],[1,1,3],[1,1,3],[1,1,3],[1,1,3],[1,1,3]]}
{"case":407,"states":[[1,1,3],[1,1,3],[1,1,3],[1,1,3],[1,1,3],[1,1,3]]}
{"case":408,"states":[[1,0,3],[1,0,3],[1,0,3],[1,0,3],[1,0,3],[1,0,3]]}
{"case":409,"states":[[1,0,3],[1,0,3],[1,0,3],[1,0,3],[1,0,3],[1,0,3]]}
{"case":410,"states":[[1,0,3],[1,0,3],[1,0,3],[1,0,3],[1,0,3],[1,0,3]]}
{"case":411,"states":[[1,4,3],[1,4,3],[1,4,3],[1,4,3],[1,4,3],[1,4,3]]}
{"case":412,"states":[[1,4,3],[1,4,3],[1,4,3],[1,4,3],[1,4,3],[1,4,3]]}
{"case":413,"states":[[1,4,3],[1,4,3],[1,4,3],[1,4,3],[1,4,3],[1,4,3]]}
{"case":414,"states":[[1,0,3],[1,0,3],[1,0,3],[1,0,3],[1,0,3],[1,0,3]]}
{"case":415,"states":[[1,0,3],[1,0,3],[1,0,3],[1,0,3],[1,0,3],[1,0,3]]}
{"case":416,"states":[[1,0,3],[1,0,3],[1,0,3],[1,0,3],[1,0,3],[1,0,3]]}
{"case":417,"states":[[1,1,3],[1,1,3],[1,1,3],[1,1,3],[1,1,3],[1,1,3]]}
{"case":418,"states":[[1,1,3],[1,1,3],[1,1,3],[1,1,3],[1,1,3],[1,1,3]]}
{"case":419,"states":[[1,1,3],[1,1,3],[1,1,3],[1,1,3],[1,1,3],[1,1,3]]}
{"case":420,"states":[[1,0,3],[1,0,3],[1,0,3],[1,0,3],[1,0,3],[1,0,3]]}
{"case":421,"states":[[1,0,3],[1,0,3],[1,0,3],[1,0,3],[1,0,3],[1,0,3]]}
{"case":422,"states":[[1,0,3],[1,0,3],[1,0,3],[1,0,3],[1,0,3],[1,0,3]]}
{"case":423,"states":[[1,5,5],[1,5,5],[1,5,5],[1,5,5],[1,5,5],[1,5,5]]}
{"case":424,"states":[[1,5,5],[1,5,5],[1,5,5],[1,5,5],[1,5,5],[1,5,5]]}
{"case":425,"states":[[1,5,5],[1,5,5],[1,5,5],[1,5,5],[1,5,5],[1,5,5]]}
{"case":426,"states":[[1,0,5],[1,0,5],[1,0,5],[1,0,5],[1,0,5],[1,0,5]]}
{"case":427,"states":[[1,0,5],[1,0,5],[1,0,5],[1,0,5],[1,0,5],[1,0,5]]}
{"case":428,"states":[[1,0,5],[1,0,5],[1,0,5],[1,0,5],[1,0,5],[1,0,5]]}
{"case":429,"states":[[1,1,5],[1,1,5],[1,1,5],[1,1,5],[1,1,5],[1,1,5]]}
{"case":430,"states":[[1,1,5],[1,1,5],[1,1,5],[1,1,5],[1,1,5],[1,1,5]]}
{"case":431,"states":[[1,1,5],[1,1,5],[1,1,5],[1,1,5],[1,1,5],[1,1,5]]}
{"case":432,"states":[[1,0,5],[1,0,5],[1,0,5],[1,0,5],[1,0,5],[1,0,5]]}
{"case":433,"states":[[1,0,5],[1,0,5],[1,0,5],[1,0,5],[1,0,5],[1,0,5]]}
{"case":434,"states":[[1,0,5],[1,0,5],[1,0,5],[1,0,5],[1,0,5],[1,0,5]]}
{"case":435,"states":[[1,2,2],[1,2,2],[1,2,2],[1,2,2],[1,2,2],[1,2,2]]}
{"case":436,"states":[[1,2,2],[1,2,2],[1,2,2],[1,2,2],[1,2,2],[1,2,2]]}
{"case":437,"states":[[1,2,2],[1,2,2],[1,2,2],[1,2,2],[1,2,2],[1,2,2]]}
{"case":438,"states":[[1,0,2],[1,0,2],[1,0,2],[1,0,2],[1,0,2],[1,0,2]]}
{"case":439,"states":[[1,0,2],[1,0,2],[1,0,2],[1,0,2],[1,0,2],[1,0,2]]}
{"case":440,"states":[[1,0,2],[1,0,2],[1,0,2],[1,0,2],[1,0,2],[1,0,2]]}
{"case":441,"states":[[1,1,2],[1,1,2],[1,1,2],[1,1,2],[1,1,2],[1,1,2]]}
{"case":442,"states":[[1,1,2],[1,1,2],[1,1,2],[1,1,2],[1,1,2],[1,1,2]]}
{"case":443,"states":[[1,1,2],[1,1,2],[1,1,2],[1,1,2],[1,1,2],[1,1,2]]}
{"case":444,"states":[[1,0,2],[1,0,2],[1,0,2],[1,0,2],[1,0,2],[1,0,2]]}
{"case":445,"states":[[1,0,2],[1,0,2],[1,0,2],[1,0,2],[1,0,2],[1,0,2]]}
{"case":446,"states":[[1,0,2],[1,0,2],[1,0,2],[1,0,2],[1,0,2],[1,0,2]]}
{"case":447,"states":[[1,3,3],[1,3,3],[1,3,3],[1,3,3],[1,3,3],[1,3,3]]}
{"case":448,"states":[[1,3,3],[1,3,3],[1,3,3],[1,3,3],[1,3,3],[1,3,3]]}
{"case":449,"states":[[1,3,3],[1,3,3],[1,3,3],[1,3,3],[1,3,3],[1,3,3]]}
{"case":450,"states":[[1,0,3],[1,0,3],[1,0,3],[1,0,3],[1,0,3],[1,0,3]]}
{"case":451,"states":[[1,0,3],[1,0,3],[1,0,3],[1,0,3],[1,0,3],[1,0,3]]}
{"case":452,"states":[[1,0,3],[1,0,3],[1,0,3],[1,0,3],[1,0,3],[1,0,3]]}
{"case":453,"states":[[1,1,3],[1,1,3],[1,1,3],[1,1,3],[1,1,3],[1,1,3]]}
{"case":454,"states":[[1,1,3],[1,1,3],[1,1,3],[1,1,3],[1,1,3],[1,1,3]]}
{"case":455,"states":[[1,1,3],[1,1,3],[1,1,3],[1,1,3],[1,1,3],[1,1,3]]}
{"case":456,"states":[[1,0,3],[1,0,3],[1,0,3],[1,0,3],[1,0,3],[1,0,3]]}
{"case":457,"states":[[1,0,3],[1,0,3],[1,0,3],[1,0,3],[1,0,3],[1,0,3]]}
{"case":458,"states":[[1,0,3],[1,0,3],[1,0,3],[1,0,3],[1,0,3],[1,0,3]]}
{"case":459,"states":[[1,2,3],[1,2,3],[1,2,3],[1,2,3],[1,2,3],[1,2,3]]}
{"case":460,"states":[[1,2,3],[1,2,3],[1,2,3],[1,2,3],[1,2,3],[1,2,3]]}
{"case":461,"states":[[1,2,3],[1,2,3],[1,2,3],[1,2,3],[1,2,3],[1,2,3]]}
{"case":462,"states":[[1,0,3],[1,0,3],[1,0,3],[1,0,3],[1,0,3],[1,0,3]]}
{"case":463,"states":[[1,0,3],[1,0,3],[1,0,3],[1,0,3],[1,0,3],[1,0,3]]}
{"case":464,"states":[[1,0,3],[1,0,3],[1,0,3],[1,0,3],[1,0,3],[1,0,3]]}
{"case":465,"states":[[1,1,3],[1,1,3],[1,1,3],[1,1,3],[1,1,3],[1,1,3]]}
{"case":466,"states":[[1,1,3],[1,1,3],[1,1,3],[1,1,3],[1,1,3],[1,1,3]]}
{"case":467,"states":[[1,1,3],[1,1,3],[1,1,3],[1,1,3],[1,1,3],[1,1,3]]}
{"case":468,"states":[[1,0,3],[1,0,3],[1,0,3],[1,0,3],[1,0,3],[1,0,3]]}
{"case":469,"states":[[1,0,3],[1,0,3],[1,0,3],[1,0,3],[1,0,3],[1,0,3]]}
{"case":470,"states":[[1,0,3],[1,0,3],[1,0,3],[1,0,3],[1,0,3],[1,0,3]]}
{"case":471,"states":[[1,4,5],[1,4,5],[1,4,5],[1,4,5],[1,4,5],[1,4,5]]}
{"case":472,"states":[[1,4,5],[1,4,5],[1,4,5],[1,4,5],[1,4,5],[1,4,5]]}
{"case":473,"states":[[1,4,5],[1,4,5],[1,4,5],[1,4,5],[1,4,5],[1,4,5]]}
{"case":474,"states":[[1,0,5],[1,0,5],[1,0,5],[1,0,5],[1,0,5],[1,0,5]]}
{"case":475,"states":[[1,0,5],[1,0,5],[1,0,5],[1,0,5],[1,0,5],[1,0,5]]}
{"case":476,"states":[[1,0,5],[1,0,5],[1,0,5],[1,0,5],[1,0,5],[1,0,5]]}
{"case":477,"states":[[1,1,5],[1,1,5],[1,1,5],[1,1,5],[1,1,5],[1,1,5]]}
{"case":478,"states":[[1,1,5],[1,1,5],[1,1,5],[1,1,5],[1,1,5],[1,1,5]]}
{"case":479,"states":[[1,1,5],[1,1,5],[1,1,5],[1,1,5],[1,1,5],[1,1,5]]}
{"case":480,"states":[[1,0,5],[1,0,5],[1,0,5],[1,0,5],[1,0,5],[1,0,5]]}
{"case":481,"states":[[1,0,5],[1,0,5],[1,0,5],[1,0,5],[1,0,5],[1,0,5]]}
{"case":482,"states":[[1,0,5],[1,0,5],[1,0,5],[1,0,5],[1,0,5],[1,0,5]]}
{"case":483,"states":[[1,4,2],[1,4,2],[1,4,2],[1,4,2],[1,4,2],[1,4,2]]}
{"case":484,"states":[[1,4,2],[1,4,2],[1,4,2],[1,4,2],[1,4,2],[1,4,2]]}
{"case":485,"states":[[1,4,2],[1,4,2],[1,4,2],[1,4,2],[1,4,2],[1,4,2]]}
{"case":486,"states":[[1,0,2],[1,0,2],[1,0,2],[1,0,2],[1,0,2],[1,0,2]]}
{"case":487,"states":[[1,0,2],[1,0,2],[1,0,2],[1,0,2],[1,0,2],[1,0,2]]}
{"case":488,"states":[[1,0,2],[1,0,2],[1,0,2],[1,0,2],[1,0,2],[1,0,2]]}
{"case":489,"states":[[1,1,2],[1,1,2],[1,1,2],[1,1,2],[1,1,2],[1,1,2]]}
{"case":490,"states":[[1,1,2],[1,1,2],[1,1,2],[1,1,2],[1,1,2],[1,1,2]]}
{"case":491,"states":[[1,1,2],[1,1,2],[1,1,2],[1,1,2],[1,1,2],[1,1,2]]}
{"case":492,"states":[[1,0,2],[1,0,2],[1,0,2],[1,0,2],[1,0,2],[1,0,2]]}
{"case":493,"states":[[1,0,2],[1,0,2],[1,0,2],[1,0,2],[1,0,2],[1,0,2]]}
{"case":494,"states":[[1,0,2],[1,0,2],[1,0,2],[1,0,2],[1,0,2],[1,0,2]]}
{"case":495,"states":[[1,4,3],[1,4,3],[1,4,3],[1,4,3],[1,4,3],[1,4,3]]}
{"case":496,"states":[[1,4,3],[1,4,3],[1,4,3],[1,4,3],[1,4,3],[1,4,3]]}
{"case":497,"states":[[1,4,3],[1,4,3],[1,4,3],[1,4,3],[1,4,3],[1,4,3]]}
{"case":498,"states":[[1,0,3],[1,0,3],[1,0,3],[1,0,3],[1,0,3],[1,0,3]]}
{"case":499,"states":[[1,0,3],[1,0,3],[1,0,3],[1,0,3],[1,0,3],[1,0,3]]}
{"case":500,"states":[[1,0,3],[1,0,3],[1,0,3],[1,0,3],[1,0,3],[1,0,3]]}
{"case":501,"states":[[1,1,3],[1,1,3],[1,1,3],[1,1,3],[1,1,3],[1,1,3]]}
{"case":502,"states":[[1,1,3],[1,1,3],[1,1,3],[1,1,3],[1,1,3],[1,1,3]]}
{"case":503,"states":[[1,1,3],[1,1,3],[1,1,3],[1,1,3],[1,1,3],[1,1,3]]}
{"case":504,"states":[[1,0,3],[1,0,3],[1,0,3],[1,0,3],[1,0,3],[1,0,3]]}
{"case":505,"states":[[1,0,3],[1,0,3],[1,0,3],[1,0,3],[1,0,3],[1,0,3]]}
{"case":506,"states":[[1,0,3],[1,0,3],[1,0,3],[1,0,3],[1,0,3],[1,0,3]]}
{"case":507,"states":[[1,4,3],[1,4,3],[1,4,3],[1,4,3],[1,4,3],[1,4,3]]}
{"case":508,"states":[[1,4,3],[1,4,3],[1,4,3],[1,4,3],[1,4,3],[1,4,3]]}
{"case":509,"states":[[1,4,3],[1,4,3],[1,4,3],[1,4,3],[1,4,3],[1,4,3]]}
{"case":510,"states":[[1,0,3],[1,0,3],[1,0,3],[1,0,3],[1,0,3],[1,0,3]]}
{"case":511,"states":[[1,0,3],[1,0,3],[1,0,3],[1,0,3],[1,0,3],[1,0,3]]}
{"case":512,"states":[[1,0,3],[1,0,3],[1,0,3],[1,0,3],[1,0,3],[1,0,3]]}
{"case":513,"states":[[1,1,3],[1,1,3],[1,1,3],[1,1,3],[1,1,3],[1,1,3]]}
{"case":514,"states":[[1,1,3],[1,1,3],[1,1,3],[1,1,3],[1,1,3],[1,1,3]]}
{"case":515,"states":[[1,1,3],[1,1,3],[1,1,3],[1,1,3],[1,1,3],[1,1,3]]}
{"case":516,"states":[[1,0,3],[1,0,3],[1,0,3],[1,0,3],[1,0,3],[1,0,3]]}
{"case":517,"states":[[1,0,3],[1,0,3],[1,0,3],[1,0,3],[1,0,3],[1,0,3]]}
{"case":518,"states":[[1,0,3],[1,0,3],[1,0,3],[1,0,3],[1,0,3],[1,0,3]]}
{"case":519,"states":[[1,0,0],[1,0,0],[1,0,0],[1,0,0],[1,0,0],[1,0,0]]}
{"case":520,"states":[[1,0,0],[1,0,0],[1,0,0],[1,0,0],[1,0,0],[1,0,0]]}
{"case":521,"states":[[1,0,0],[1,0,0],[1,0,0],[1,0,0],[1,0,0],[1,0,0]]}
{"case":522,"states":[[1,1,1],[1,1,1],[1,1,1],[1,1,1],[1,1,1],[1,1,1]]}
{"case":523,"states":[[1,1,1],[1,1,1],[1,1,1],[1,1,1],[1,1,1],[1,1,1]]}
{"case":524,"states":[[1,1,1],[1,1,1],[1,1,1],[1,1,1],[1,1,1],[1,1,1]]}
{"case":525,"states":[[1,0,1],[1,0,1],[1,0,1],[1,0,1],[1,0,1],[1,0,1]]}
{"case":526,"states":[[1,0,1],[1,0,1],[1,0,1],[1,0,1],[1,0,1],[1,0,1]]}
{"case":527,"states":[[1,0,1],[1,0,1],[1,0,1],[1,0,1],[1,0,1],[1,0,1]]}
{"case":528,"states":[[1,2,2],[1,2,2],[1,2,2],[1,2,2],[1,2,2],[1,2,2]]}
{"case":529,"states":[[1,2,2],[1,2,2],[1,2,2],[1,2,2],[1,2,2],[1,2,2]]}
{"case":530,"states":[[1,2,2],[1,2,2],[1,2,2],[1,2,2],[1,2,2],[1,2,2]]}
{"case":531,"states":[[1,0,0],[1,0,0],[1,0,0],[1,0,0],[1,0,0],[1,0,0]]}
{"case":532,"states":[[1,0,0],[1,0,0],[1,0,0],[1,0,0],[1,0,0],[1,0,0]]}
{"case":533,"states":[[1,0,0],[1,0,0],[1,0,0],[1,0,0],[1,0,0],[1,0,0]]}
{"case":534,"states":[[1,1,1],[1,1,1],[1,1,1],[1,1,1],[1,1,1],[1,1,1]]}
{"case":535,"states":[[1,1,1],[1,1,1],[1,1,1],[1,1,1],[1,1,1],[1,1,1]]}
{"case":536,"states":[[1,1,1],[1,1,1],[1,1,1],[1,1,1],[1,1,1],[1,1,1]]}
{"case":537,"states":[[1,0,1],[1,0,1],[1,0,1],[1,0,1],[1,0,1],[1,0,1]]}
{"case":538,"states":[[1,0,1],[1,0,1],[1,0,1],[1,0,1],[1,0,1],[1,0,1]]}
{"case":539,"states":[[1,0,1],[1,0,1],[1,0,1],[1,0,1],[1,0,1],[1,0,1]]}
{"case":540,"states":[[1,3,3],[1,3,3],[1,3,3],[1,3,3],[1,3,3],[1,3,3]]}
{"case":541,"states":[[1,3,3],[1,3,3],[1,3,3],[1,3,3],[1,3,3],[1,3,3]]}
{"case":542,"states":[[1,3,3],[1,3,3],[1,3,3],[1,3,3],[1,3,3],[1,3,3]]}
{"case":543,"states":[[1,0,3],[1,0,3],[1,0,3],[1,0,3],[1,0,3],[1,0,3]]}
{"case":544,"states":[[1,0,3],[1,0,3],[1,0,3],[1,0,3],[1,0,3],[1,0,3]]}
{"case":545,"states":[[1,0,3],[1,0,3],[1,0,3],[1,0,3],[1,0,3],[1,0,3]]}
{"case":546,"states":[[1,1,3],[1,1,3],[1,1,3],[1,1,3],[1,1,3],[1,1,3]]}
{"case":547,"states":[[1,1,3],[1,1,3],[1,1,3],[1,1,3],[1,1,3],[1,1,3]]}
{"case":548,"states":[[1,1,3],[1,1,3],[1,1,3],[1,1,3],[1,1,3],[1,1,3]]}
{"case":549,"states":[[1,0,3],[1,0,3],[1,0,3],[1,0,3],[1,0,3],[1,0,3]]}
{"case":550,"states":[[1,0,3],[1,0,3],[1,0,3],[1,0,3],[1,0,3],[1,0,3]]}
{"case":551,"states":[[1,0,3],[1,0,3],[1,0,3],[1,0,3],[1,0,3],[1,0,3]]}
{"case":552,"states":[[1,2,3],[1,2,3],[1,2,3],[1,2,3],[1,2,3],[1,2,3]]}
{"case":553,"states":[[1,2,3],[1,2,3],[1,2,3],[1,2,3],[1,2,3],[1,2,3]]}
{"case":554,"states":[[1,2,3],[1,2,3],[1,2,3],[1,2,3],[1,2,3],[1,2,3]]}
{"case":555,"states":[[1,0,3],[1,0,3],[1,0,3],[1,0,3],[1,0,3],[1,0,3]]}
{"case":556,"states":[[1,0,3],[1,0,3],[1,0,3],[1,0,3],[1,0,3],[1,0,3]]}
{"case":557,"states":[[1,0,3],[1,0,3],[1,0,3],[1,0,3],[1,0,3],[1,0,3]]}
{"case":558,"states":[[1,1,3],[1,1,3],[1,1,3],[1,1,3],[1,1,3],[1,1,3]]}
{"case":559,"states":[[1,1,3],[1,1,3],[1,1,3],[1,1,3],[1,1,3],[1,1,3]]}
{"case":560,"states":[[1,1,3],[1,1,3],[1,1,3],[1,1,3],[1,1,3],[1,1,3]]}
{"case":561,"states":[[1,0,3],[1,0,3],[1,0,3],[1,0,3],[1,0,3],[1,0,3]]}
{"case":562,"states":[[1,0,3],[1,0,3],[1,0,3],[1,0,3],[1,0,3],[1,0,3]]}
{"case":563,"states":[[1,0,3],[1,0,3],[1,0,3],[1,0,3],[1,0,3],[1,0,3]]}
{"case":564,"states":[[0],[0],[0],[0],[0],[0]]}
{"case":565,"states":[[0],[0],[0],[0],[0],[0]]}
{"case":566,"states":[[0],[0],[0],[0],[0],[0]]}
{"case":567,"states":[[0],[0],[0],[0],[0],[0]]}
{"case":568,"states":[[0],[0],[0],[0],[0],[0]]}
{"case":569,"states":[[0],[0],[0],[0],[0],[0]]}
{"case":570,"states":[[1,1,1],[1,1,1],[1,1,1],[1,1,1],[1,1,1],[1,1,1]]}
{"case":571,"states":[[1,1,1],[1,1,1],[1,1,1],[1,1,1],[1,1,1],[1,1,1]]}
{"case":572,"states":[[1,1,1],[1,1,1],[1,1,1],[1,1,1],[1,1,1],[1,1,1]]}
{"case":573,"states":[[1,4294967294,4294967294],[1,4294967294,4294967294],[1,4294967294,4294967294],[1,4294967294,4294967294],[1,4294967294,4294967294],[1,4294967294,4294967294]]}
{"case":574,"states":[[1,4294967294,4294967294],[1,4294967294,4294967294],[1,4294967294,4294967294],[1,4294967294,4294967294],[1,4294967294,4294967294],[1,4294967294,4294967294]]}
{"case":575,"states":[[1,4294967294,4294967294],[1,4294967294,4294967294],[1,4294967294,4294967294],[1,4294967294,4294967294],[1,4294967294,4294967294],[1,4294967294,4294967294]]}
{"case":576,"states":[[1,4294967294,4294967294],[1,4294967294,4294967294],[1,4294967294,4294967294],[1,4294967294,4294967294],[1,4294967294,4294967294],[1,4294967294,4294967294]]}
{"case":577,"states":[[1,4294967294,4294967294],[1,4294967294,4294967294],[1,4294967294,4294967294],[1,4294967294,4294967294],[1,4294967294,4294967294],[1,4294967294,4294967294]]}
{"case":578,"states":[[1,4294967294,4294967294],[1,4294967294,4294967294],[1,4294967294,4294967294],[1,4294967294,4294967294],[1,4294967294,4294967294],[1,4294967294,4294967294]]}
{"case":579,"states":[[1,4,5],[1,4,5],[1,4,5],[1,4,5],[1,4,5],[1,4,5]]}
{"case":580,"states":[[1,4,5],[1,4,5],[1,4,5],[1,4,5],[1,4,5],[1,4,5]]}
{"case":581,"states":[[1,4,5],[1,4,5],[1,4,5],[1,4,5],[1,4,5],[1,4,5]]}
{"case":582,"states":[[1,8,9],[1,8,9],[1,8,9],[1,8,9],[1,8,9],[1,8,9]]}
{"case":583,"states":[[1,8,9],[1,8,9],[1,8,9],[1,8,9],[1,8,9],[1,8,9]]}
{"case":584,"states":[[1,8,9],[1,8,9],[1,8,9],[1,8,9],[1,8,9],[1,8,9]]}
{"case":585,"states":[[1,1,2],[1,1,2],[1,1,2],[1,1,2],[1,1,2],[1,1,2]]}
{"case":586,"states":[[1,1,2],[1,1,2],[1,1,2],[1,1,2],[1,1,2],[1,1,2]]}
{"case":587,"states":[[1,1,2],[1,1,2],[1,1,2],[1,1,2],[1,1,2],[1,1,2]]}
