0 0 0
1 1 1
2 2 2
2147483647 2147483647 2147483647
2147483648 2147483648 2147483648
2147483649 2147483649 2147483649
4294967294 4294967294 4294967294
4294967295 4294967295 4294967295
0 0 0
1 1 1
1 1 1
2 1 2
3 2 3
2147483648 2147483647 2147483648
2147483649 2147483648 2147483649
2147483650 2147483649 2147483650
4294967295 4294967294 4294967295
0 4294967295 0
1 0 1
2 1 2
2 2 2
3 2 3
4 2 4
2147483649 2147483647 2147483649
2147483650 2147483648 2147483650
2147483651 2147483649 2147483651
0 4294967294 0
1 4294967295 1
2 0 2
3 1 3
2147483647 2147483647 2147483647
2147483648 2147483647 2147483648
2147483649 2147483647 2147483649
4294967294 2147483647 4294967294
4294967295 2147483648 4294967295
0 2147483649 0
2147483645 4294967294 2147483645
2147483646 4294967295 2147483646
2147483647 0 2147483647
2147483648 1 2147483648
2147483648 2147483648 2147483648
2147483649 2147483648 2147483649
2147483650 2147483648 2147483650
4294967295 2147483648 4294967295
0 2147483648 0
1 2147483649 1
2147483646 4294967294 2147483646
2147483647 4294967295 2147483647
2147483648 0 2147483648
2147483649 1 2147483649
2147483649 2147483649 2147483649
2147483650 2147483649 2147483650
2147483651 2147483649 2147483651
0 2147483649 0
1 2147483649 1
2 2147483649 2
2147483647 4294967294 2147483647
2147483648 4294967295 2147483648
2147483649 0 2147483649
2147483650 1 2147483650
4294967294 4294967294 4294967294
4294967295 4294967294 4294967295
0 4294967294 0
2147483645 4294967294 2147483645
2147483646 4294967294 2147483646
2147483647 4294967294 2147483647
4294967292 4294967294 4294967292
4294967293 4294967295 4294967293
4294967294 0 4294967294
4294967295 1 4294967295
4294967295 4294967295 4294967295
0 4294967295 0
1 4294967295 1
2147483646 4294967295 2147483646
2147483647 4294967295 2147483647
2147483648 4294967295 2147483648
4294967293 4294967295 4294967293
4294967294 4294967295 4294967294
4294967295 0 4294967295
0 1 0
0 0 0
1 0 1
2 0 2
2147483647 0 2147483647
2147483648 0 2147483648
2147483649 0 2147483649
4294967294 0 4294967294
4294967295 0 4294967295
0 0 0
1 1 1
1 1 1
2 1 2
3 1 3
2147483648 1 2147483648
2147483649 1 2147483649
2147483650 1 2147483650
4294967295 1 4294967295
0 1 0
1 1 1
2 1 2
