ok uniform 22 1 2 101 2
ok uniform 22 1 4 250 4
ok uniform 22 1 6 460 7
ok uniform 22 2 2 125 8
ok uniform 22 2 4 326 12
ok uniform 22 2 6 589 12
ok uniform 22 3 2 124 3
ok uniform 22 3 4 328 3
ok uniform 22 3 6 597 3
ok plane 22 1 2 113 33
ok plane 22 1 4 224 64
ok plane 22 1 6 322 91
ok plane 22 2 2 120 42
ok plane 22 2 4 219 75
ok plane 22 2 6 322 101
ok plane 22 3 2 95 33
ok plane 22 3 4 189 64
ok plane 22 3 6 303 85
ok grid 22 1 2 126 59
ok grid 22 1 4 283 108
ok grid 22 1 6 498 149
ok grid 22 2 2 100 52
ok grid 22 2 4 239 96
ok grid 22 2 6 395 132
ok grid 22 3 2 124 57
ok grid 22 3 4 308 107
ok grid 22 3 6 544 148
ok big 18 1 2 104 0
ok big 18 1 4 258 0
ok big 18 1 6 429 0
ok big 18 2 2 92 0
ok big 18 2 4 247 0
ok big 18 2 6 409 0
ok big 18 3 2 96 0
ok big 18 3 4 248 0
ok big 18 3 6 393 0
ok uniform 25 1 2 146 32
ok uniform 25 1 4 364 61
ok uniform 25 1 6 652 82
ok uniform 25 2 2 159 36
ok uniform 25 2 4 407 64
ok uniform 25 2 6 675 85
ok uniform 25 3 2 148 22
ok uniform 25 3 4 383 40
ok uniform 25 3 6 658 61
total 45 fails 0
EXIT 0
