[  3%] Building CXX object CMakeFiles/resident_gen.dir/tmp/ehgp-full-v7-f2f4597811a39e0d.3ThHKx80U2/source/morsehgp3D_v9/src/gen/pipeline/local_credits.cpp.o
[  6%] Building CXX object CMakeFiles/resident_gen.dir/tmp/ehgp-full-v7-f2f4597811a39e0d.3ThHKx80U2/source/morsehgp3D_v9/src/gen/pipeline/axis_q2.cpp.o
[ 10%] Building CXX object CMakeFiles/resident_gen.dir/tmp/ehgp-full-v7-f2f4597811a39e0d.3ThHKx80U2/source/morsehgp3D_v9/src/gen/pipeline/q2_census.cpp.o
[ 16%] Building CXX object CMakeFiles/resident_gen.dir/tmp/ehgp-full-v7-f2f4597811a39e0d.3ThHKx80U2/source/morsehgp3D_v9/src/gen/pipeline/q2_census_parallel.cpp.o
[ 16%] Building CXX object CMakeFiles/resident_gen.dir/tmp/ehgp-full-v7-f2f4597811a39e0d.3ThHKx80U2/source/morsehgp3D_v9/src/gen/pipeline/prepared_cloud.cpp.o
[ 26%] Building CXX object CMakeFiles/resident_gen.dir/tmp/ehgp-full-v7-f2f4597811a39e0d.3ThHKx80U2/source/morsehgp3D_v9/src/gen/lanes/exact_ball.cpp.o
[ 26%] Building CXX object CMakeFiles/resident_gen.dir/tmp/ehgp-full-v7-f2f4597811a39e0d.3ThHKx80U2/source/morsehgp3D_v9/src/gen/lanes/q4_family.cpp.o
[ 26%] Building CXX object CMakeFiles/resident_gen.dir/tmp/ehgp-full-v7-f2f4597811a39e0d.3ThHKx80U2/source/morsehgp3D_v9/src/gen/wspd/front.cpp.o
[ 30%] Building CXX object CMakeFiles/resident_gen.dir/tmp/ehgp-full-v7-f2f4597811a39e0d.3ThHKx80U2/source/morsehgp3D_v9/src/gen/lanes/q34_seed.cpp.o
[ 33%] Building CXX object CMakeFiles/resident_gen.dir/tmp/ehgp-full-v7-f2f4597811a39e0d.3ThHKx80U2/source/morsehgp3D_v9/src/gen/lanes/edge_cover.cpp.o
[ 36%] Building CXX object CMakeFiles/resident_gen.dir/tmp/ehgp-full-v7-f2f4597811a39e0d.3ThHKx80U2/source/morsehgp3D_v9/src/gen/lanes/q34_cover.cpp.o
[ 40%] Building CXX object CMakeFiles/resident_gen.dir/tmp/ehgp-full-v7-f2f4597811a39e0d.3ThHKx80U2/source/morsehgp3D_v9/src/gen/lanes/family_certificate.cpp.o
[ 43%] Building CXX object CMakeFiles/resident_gen.dir/tmp/ehgp-full-v7-f2f4597811a39e0d.3ThHKx80U2/source/morsehgp3D_v9/src/gen/lanes/q34_pruning.cpp.o
[ 46%] Building CXX object CMakeFiles/resident_gen.dir/tmp/ehgp-full-v7-f2f4597811a39e0d.3ThHKx80U2/source/morsehgp3D_v9/src/gen/lanes/q34_collective.cpp.o
[ 50%] Building CXX object CMakeFiles/resident_gen.dir/tmp/ehgp-full-v7-f2f4597811a39e0d.3ThHKx80U2/source/morsehgp3D_v9/src/gen/lanes/q4_positive_domain.cpp.o
[ 53%] Building CXX object CMakeFiles/resident_gen.dir/tmp/ehgp-full-v7-f2f4597811a39e0d.3ThHKx80U2/source/morsehgp3D_v9/src/gen/lanes/q4_center_map.cpp.o
[ 56%] Building CXX object CMakeFiles/resident_gen.dir/tmp/ehgp-full-v7-f2f4597811a39e0d.3ThHKx80U2/source/morsehgp3D_v9/src/gen/lanes/q4_local_partition.cpp.o
[ 60%] Building CXX object CMakeFiles/resident_gen.dir/tmp/ehgp-full-v7-f2f4597811a39e0d.3ThHKx80U2/source/morsehgp3D_v9/src/gen/lanes/q4_local.cpp.o
[ 63%] Building CXX object CMakeFiles/resident_gen.dir/tmp/ehgp-full-v7-f2f4597811a39e0d.3ThHKx80U2/source/morsehgp3D_v9/src/gen/lanes/q4_shallow_set.cpp.o
[ 66%] Building CXX object CMakeFiles/resident_gen.dir/tmp/ehgp-full-v7-f2f4597811a39e0d.3ThHKx80U2/source/morsehgp3D_v9/src/gen/lanes/q4_shallow.cpp.o
[ 70%] Building CXX object CMakeFiles/resident_gen.dir/tmp/ehgp-full-v7-f2f4597811a39e0d.3ThHKx80U2/source/morsehgp3D_v9/src/gen/lanes/q4_window.cpp.o
[ 73%] Building CXX object CMakeFiles/resident_gen.dir/tmp/ehgp-full-v7-f2f4597811a39e0d.3ThHKx80U2/source/morsehgp3D_v9/src/gen/pipeline/wspd_q34.cpp.o
[ 76%] Building CXX object CMakeFiles/resident_gen.dir/tmp/ehgp-full-v7-f2f4597811a39e0d.3ThHKx80U2/source/morsehgp3D_v9/src/gen/lanes/q34_witness_search.cpp.o
[ 80%] Building CXX object CMakeFiles/resident_gen.dir/tmp/ehgp-full-v7-f2f4597811a39e0d.3ThHKx80U2/source/morsehgp3D_v9/src/gen/lanes/q3_ball_census.cpp.o
[ 83%] Building CXX object CMakeFiles/resident_gen.dir/tmp/ehgp-full-v7-f2f4597811a39e0d.3ThHKx80U2/source/morsehgp3D_v9/src/gen/lanes/q34_dead_lanes.cpp.o
[ 86%] Linking CXX static library libresident_gen.a
[ 86%] Built target resident_gen
[ 90%] Building CXX object CMakeFiles/mhgp9_q34_filtered_resident.dir/probe.cpp.o
[ 93%] Building CXX object CMakeFiles/mhgp9_q34_filtered_resident.dir/device_cpu.cpp.o
[ 96%] Building CUDA object CMakeFiles/mhgp9_q34_filtered_resident.dir/device_cuda.cu.o
[100%] Linking CXX executable mhgp9_q34_filtered_resident
[100%] Built target mhgp9_q34_filtered_resident
