{
  "closing_generation": null,
  "closure": "generation_unknown",
  "commands": [],
  "commit": "9c883b93f1c99b299d2de218af83c5a3d0e8ab9f",
  "errors": [
    "Refusal: demarrage garde non certifie (code 1)"
  ],
  "evidence_grade": "pushed_commit",
  "gcp_mutation_phase_entered": true,
  "generation": null,
  "public_status": "not_claimed",
  "receipt_path": "/workspaces/.ehgp-sessions/v11.20261002.parallel1/receipt.json",
  "recovery": "generation inconnue : NE JAMAIS lancer stop_and_verify.sh sans --expected-last-start-timestamp. Verifier d'abord qu'aucun processus ne reference la session (--recover le fait), puis lire : gcloud compute instances describe ehgp-v7-4fa0e0789a7d5bb06b787d35 --project=devpod-gpu-exploration --zone=us-central1-b --format='value(status,lastStartTimestamp,lastStopTimestamp)', et gcloud compute operations list --project=devpod-gpu-exploration --zones=us-central1-b --filter='targetLink~ehgp-v7-4fa0e0789a7d5bb06b787d35 AND operationType=start' (lecture seule). Si TERMINATED et lastStartTimestamp == 2026-10-02T12:28:25.841-07:00 sans operation start en cours : aucun demarrage n'a eu lieu, relire quelques minutes plus tard pour confirmer. Sinon reprise humaine : verifier qu'aucune autre session n'utilise la cible avant tout arret par la generation lue.",
  "recovery_command": null,
  "remote_summary": null,
  "results_verified": false,
  "session": "/workspaces/.ehgp-sessions/v11.20261002.parallel1",
  "source_kind": "commit",
  "start_may_have_been_requested": true,
  "status": "shutdown_uncertified",
  "targeted_shutdown_certified": false,
  "worker_exit_code": null,
  "worker_outcome": null
}
