{
  "EOM_flips": 0,
  "comparisons": [
    {
      "allow_single": false,
      "collapses": [],
      "differs": false,
      "exact_selected": [
        1,
        2,
        3
      ],
      "exact_stabilities": [
        {
          "certified_hi": "2091284483544149139939536560829265828624939691331/1461501637330902918203684832716283019655932542976",
          "certified_lo": "2091284483544149139939536560829265828624939691325/1461501637330902918203684832716283019655932542976",
          "expression": {
            "25": "1",
            "33/2": "5"
          }
        },
        {
          "certified_hi": "640353822022006377951582333932704830661986978729/1461501637330902918203684832716283019655932542976",
          "certified_lo": "640353822022006377951582333932704830661986978723/1461501637330902918203684832716283019655932542976",
          "expression": {
            "13/2": "3",
            "33/2": "-3"
          }
        },
        {
          "certified_hi": "45550791289879036834722134064345528159265684763/1461501637330902918203684832716283019655932542976",
          "certified_lo": "45550791289879036834722134064345528159265684761/1461501637330902918203684832716283019655932542976",
          "expression": {
            "13": "1",
            "33/2": "-1"
          }
        },
        {
          "certified_hi": "45550791289879036834722134064345528159265684763/1461501637330902918203684832716283019655932542976",
          "certified_lo": "45550791289879036834722134064345528159265684761/1461501637330902918203684832716283019655932542976",
          "expression": {
            "13": "1",
            "33/2": "-1"
          }
        }
      ],
      "mcs": 1,
      "native_selected": [
        1,
        2,
        3
      ],
      "native_stabilities": [
        1.4309149097933271,
        0.43814786495310787,
        0.031167116153949098,
        0.031167116153949098
      ],
      "z": 1
    },
    {
      "allow_single": true,
      "collapses": [],
      "differs": false,
      "exact_selected": [
        0
      ],
      "exact_stabilities": [
        {
          "certified_hi": "2091284483544149139939536560829265828624939691331/1461501637330902918203684832716283019655932542976",
          "certified_lo": "2091284483544149139939536560829265828624939691325/1461501637330902918203684832716283019655932542976",
          "expression": {
            "25": "1",
            "33/2": "5"
          }
        },
        {
          "certified_hi": "640353822022006377951582333932704830661986978729/1461501637330902918203684832716283019655932542976",
          "certified_lo": "640353822022006377951582333932704830661986978723/1461501637330902918203684832716283019655932542976",
          "expression": {
            "13/2": "3",
            "33/2": "-3"
          }
        },
        {
          "certified_hi": "45550791289879036834722134064345528159265684763/1461501637330902918203684832716283019655932542976",
          "certified_lo": "45550791289879036834722134064345528159265684761/1461501637330902918203684832716283019655932542976",
          "expression": {
            "13": "1",
            "33/2": "-1"
          }
        },
        {
          "certified_hi": "45550791289879036834722134064345528159265684763/1461501637330902918203684832716283019655932542976",
          "certified_lo": "45550791289879036834722134064345528159265684761/1461501637330902918203684832716283019655932542976",
          "expression": {
            "13": "1",
            "33/2": "-1"
          }
        }
      ],
      "mcs": 1,
      "native_selected": [
        0
      ],
      "native_stabilities": [
        1.4309149097933271,
        0.43814786495310787,
        0.031167116153949098,
        0.031167116153949098
      ],
      "z": 1
    },
    {
      "allow_single": false,
      "collapses": [],
      "differs": false,
      "exact_selected": [
        1,
        2,
        3
      ],
      "exact_stabilities": [
        {
          "certified_hi": "283/825",
          "certified_lo": "283/825",
          "expression": {
            "25": "1",
            "33/2": "5"
          }
        },
        {
          "certified_hi": "40/143",
          "certified_lo": "40/143",
          "expression": {
            "13/2": "3",
            "33/2": "-3"
          }
        },
        {
          "certified_hi": "7/429",
          "certified_lo": "7/429",
          "expression": {
            "13": "1",
            "33/2": "-1"
          }
        },
        {
          "certified_hi": "7/429",
          "certified_lo": "7/429",
          "expression": {
            "13": "1",
            "33/2": "-1"
          }
        }
      ],
      "mcs": 1,
      "native_selected": [
        1,
        2,
        3
      ],
      "native_stabilities": [
        0.3430303030303031,
        0.27972027972027974,
        0.01631701631701632,
        0.01631701631701632
      ],
      "z": 2
    },
    {
      "allow_single": true,
      "collapses": [],
      "differs": false,
      "exact_selected": [
        0
      ],
      "exact_stabilities": [
        {
          "certified_hi": "283/825",
          "certified_lo": "283/825",
          "expression": {
            "25": "1",
            "33/2": "5"
          }
        },
        {
          "certified_hi": "40/143",
          "certified_lo": "40/143",
          "expression": {
            "13/2": "3",
            "33/2": "-3"
          }
        },
        {
          "certified_hi": "7/429",
          "certified_lo": "7/429",
          "expression": {
            "13": "1",
            "33/2": "-1"
          }
        },
        {
          "certified_hi": "7/429",
          "certified_lo": "7/429",
          "expression": {
            "13": "1",
            "33/2": "-1"
          }
        }
      ],
      "mcs": 1,
      "native_selected": [
        0
      ],
      "native_stabilities": [
        0.3430303030303031,
        0.27972027972027974,
        0.01631701631701632,
        0.01631701631701632
      ],
      "z": 2
    },
    {
      "allow_single": false,
      "collapses": [],
      "differs": false,
      "exact_selected": [],
      "exact_stabilities": [
        {
          "certified_hi": "2731638305566155517891118894761970659286926670057/1461501637330902918203684832716283019655932542976",
          "certified_lo": "2731638305566155517891118894761970659286926670051/1461501637330902918203684832716283019655932542976",
          "expression": {
            "13/2": "3",
            "25": "1",
            "33/2": "2"
          }
        }
      ],
      "mcs": 2,
      "native_selected": [],
      "native_stabilities": [
        1.8690627747464352
      ],
      "z": 1
    },
    {
      "allow_single": true,
      "collapses": [],
      "differs": false,
      "exact_selected": [
        0
      ],
      "exact_stabilities": [
        {
          "certified_hi": "2731638305566155517891118894761970659286926670057/1461501637330902918203684832716283019655932542976",
          "certified_lo": "2731638305566155517891118894761970659286926670051/1461501637330902918203684832716283019655932542976",
          "expression": {
            "13/2": "3",
            "25": "1",
            "33/2": "2"
          }
        }
      ],
      "mcs": 2,
      "native_selected": [
        0
      ],
      "native_stabilities": [
        1.8690627747464352
      ],
      "z": 1
    },
    {
      "allow_single": false,
      "collapses": [],
      "differs": false,
      "exact_selected": [],
      "exact_stabilities": [
        {
          "certified_hi": "6679/10725",
          "certified_lo": "6679/10725",
          "expression": {
            "13/2": "3",
            "25": "1",
            "33/2": "2"
          }
        }
      ],
      "mcs": 2,
      "native_selected": [],
      "native_stabilities": [
        0.6227505827505828
      ],
      "z": 2
    },
    {
      "allow_single": true,
      "collapses": [],
      "differs": false,
      "exact_selected": [
        0
      ],
      "exact_stabilities": [
        {
          "certified_hi": "6679/10725",
          "certified_lo": "6679/10725",
          "expression": {
            "13/2": "3",
            "25": "1",
            "33/2": "2"
          }
        }
      ],
      "mcs": 2,
      "native_selected": [
        0
      ],
      "native_stabilities": [
        0.6227505827505828
      ],
      "z": 2
    },
    {
      "allow_single": false,
      "collapses": [
        {
          "beta": "25",
          "point_ids": [
            3,
            4,
            5,
            1,
            2
          ],
          "remaining": 5
        }
      ],
      "differs": true,
      "exact_selected": [],
      "exact_stabilities": [
        {
          "certified_hi": "219225245599635437730552724907442452948389881447/182687704666362864775460604089535377456991567872",
          "certified_lo": "876900982398541750922210899629769811793559525785/730750818665451459101842416358141509827966271488",
          "expression": {
            "25": "6"
          }
        }
      ],
      "mcs": 6,
      "native_selected": [],
      "native_stabilities": [
        1.353846153846154
      ],
      "z": 1
    },
    {
      "allow_single": true,
      "collapses": [
        {
          "beta": "25",
          "point_ids": [
            3,
            4,
            5,
            1,
            2
          ],
          "remaining": 5
        }
      ],
      "differs": true,
      "exact_selected": [
        0
      ],
      "exact_stabilities": [
        {
          "certified_hi": "219225245599635437730552724907442452948389881447/182687704666362864775460604089535377456991567872",
          "certified_lo": "876900982398541750922210899629769811793559525785/730750818665451459101842416358141509827966271488",
          "expression": {
            "25": "6"
          }
        }
      ],
      "mcs": 6,
      "native_selected": [
        0
      ],
      "native_stabilities": [
        1.353846153846154
      ],
      "z": 1
    },
    {
      "allow_single": false,
      "collapses": [
        {
          "beta": "25",
          "point_ids": [
            3,
            4,
            5,
            1,
            2
          ],
          "remaining": 5
        }
      ],
      "differs": true,
      "exact_selected": [],
      "exact_stabilities": [
        {
          "certified_hi": "6/25",
          "certified_lo": "6/25",
          "expression": {
            "25": "6"
          }
        }
      ],
      "mcs": 6,
      "native_selected": [],
      "native_stabilities": [
        0.30627218934911243
      ],
      "z": 2
    },
    {
      "allow_single": true,
      "collapses": [
        {
          "beta": "25",
          "point_ids": [
            3,
            4,
            5,
            1,
            2
          ],
          "remaining": 5
        }
      ],
      "differs": true,
      "exact_selected": [
        0
      ],
      "exact_stabilities": [
        {
          "certified_hi": "6/25",
          "certified_lo": "6/25",
          "expression": {
            "25": "6"
          }
        }
      ],
      "mcs": 6,
      "native_selected": [
        0
      ],
      "native_stabilities": [
        0.30627218934911243
      ],
      "z": 2
    }
  ],
  "differing_rows": 4,
  "exact_positive_controls": 8,
  "native_generator_invocations": 0,
  "rows": 12,
  "scope": "new head execution from historical 6-point native cover; no new generator",
  "status": "HISTORICAL_COVER_SCORE_DIFFERENCE_CONFIRMED"
}
