head 123389 6175011 238364135 2548453 22034426 503488729 3986433 559661741 3502180 3665711 351867 2196586 1408545 1408545 9824229 397354920 81089 41117 79412
product 0 1408545 1408545 1408545 9824229
product 1 516639 1094733 782530 11636158
product 2 361457 1686550 868255 17589321
product 3 127047 1310326 366045 17161404
product 4 59361 1289775 209005 18922710
product 5 33384 1480732 126388 18554218
product 6 20055 1785178 66063 15969148
product 7 11319 2010178 32389 13363522
product 8 6045 2162624 23903 18795196
product 9 2854 1990754 22221 20490915
product 10 1151 1605428 20738 67338911
product 11 366 1008870 3807 13127573
product 12 120 680378 33505 196091625
product 13 55 619546 23032 120766559
product 14 33 733704 7 30252
product 15 20 956869 0 0
product 16 2 210236 0 0
segment 0 1569615 2126928 1569615 14579999
segment 1 405895 1371814 871678 17932865
segment 2 176268 1261726 810414 23691018
segment 3 33634 722381 338245 24822197
segment 4 8529 476099 177402 25187474
segment 5 1966 245136 81807 21085000
segment 6 448 181510 38259 24821198
segment 7 150 118869 26033 29917518
segment 8 37 49083 11669 37614107
segment 9 16 80661 11838 72564826
segment 10 19 139811 27865 156661331
segment 11 9 83592 21608 110784208
top 1 1000 2197 462421824 177958 1097131
top 1 100 21966 503528136 464253 2158489
top 5 100 109830 527704320 967996 3228501
top 10 100 219659 536300734 1362085 3812912
