$ /usr/bin/cmake --build $HOME/ehgp-v12/ehgp-v12.vc0imrQwqy/build/t2dc/b_avant -j 44 --target mhgp12_catalogue_probe --target mhgp12_full_probe
[  3%] Building CXX object CMakeFiles/mhgp12.dir/src/core/ledger.cpp.o
[  3%] Building CXX object CMakeFiles/mhgp12.dir/src/num/sphere.cpp.o
[  0%] Building CXX object CMakeFiles/mhgp12.dir/src/core/buffer.cpp.o
[  6%] Building CXX object CMakeFiles/mhgp12.dir/src/num/lattice.cpp.o
[  6%] Building CXX object CMakeFiles/mhgp12.dir/src/num/local.cpp.o
[ 10%] Building CXX object CMakeFiles/mhgp12.dir/src/num/centers.cpp.o
[ 10%] Building CXX object CMakeFiles/mhgp12.dir/src/num/roots.cpp.o
[ 20%] Building CXX object CMakeFiles/mhgp12.dir/src/num/big.cpp.o
[ 20%] Building CXX object CMakeFiles/mhgp12.dir/src/num/guard.cpp.o
[ 20%] Building CXX object CMakeFiles/mhgp12.dir/src/num/center_region.cpp.o
[ 20%] Building CXX object CMakeFiles/mhgp12.dir/src/num/rational.cpp.o
[ 20%] Building CXX object CMakeFiles/mhgp12.dir/src/num/predicates.cpp.o
[ 24%] Building CXX object CMakeFiles/mhgp12.dir/src/cloud/cloud.cpp.o
[ 24%] Building CXX object CMakeFiles/mhgp12.dir/src/sched/pool.cpp.o
[ 27%] Building CXX object CMakeFiles/mhgp12.dir/src/index/build.cpp.o
[ 34%] Building CXX object CMakeFiles/mhgp12.dir/src/io/sha256.cpp.o
[ 34%] Building CXX object CMakeFiles/mhgp12.dir/src/num/radical.cpp.o
[ 37%] Building CXX object CMakeFiles/mhgp12.dir/src/io/input.cpp.o
[ 37%] Building CXX object CMakeFiles/mhgp12.dir/src/io/writer.cpp.o
[ 41%] Building CXX object CMakeFiles/mhgp12.dir/src/index/census_workspace.cpp.o
[ 41%] Building CXX object CMakeFiles/mhgp12.dir/src/index/census.cpp.o
[ 41%] Building CXX object CMakeFiles/mhgp12.dir/src/io/directory.cpp.o
[ 44%] Building CXX object CMakeFiles/mhgp12.dir/src/catalogue/assemble.cpp.o
[ 44%] Building CXX object CMakeFiles/mhgp12.dir/src/catalogue/table.cpp.o
[ 44%] Building CXX object CMakeFiles/mhgp12.dir/src/catalogue/leaves.cpp.o
[ 48%] Building CXX object CMakeFiles/mhgp12.dir/src/catalogue/traversal.cpp.o
[ 51%] Building CXX object CMakeFiles/mhgp12.dir/src/catalogue/catalogue.cpp.o
[ 51%] Building CXX object CMakeFiles/mhgp12.dir/src/catalogue/export.cpp.o
[ 55%] Building CUDA object CMakeFiles/mhgp12.dir/src/catalogue/device_leaf.cu.o
[ 62%] Building CXX object CMakeFiles/mhgp12.dir/src/tower/cells.cpp.o
[ 62%] Building CXX object CMakeFiles/mhgp12.dir/src/tower/supports.cpp.o
[ 62%] Building CUDA object CMakeFiles/mhgp12.dir/src/catalogue/device_cuda.cu.o
[ 62%] Building CXX object CMakeFiles/mhgp12.dir/src/tower/cells_stage.cpp.o
[ 65%] Building CXX object CMakeFiles/mhgp12.dir/src/tower/first_probes.cpp.o
[ 65%] Building CXX object CMakeFiles/mhgp12.dir/src/tower/radix.cpp.o
[ 68%] Building CXX object CMakeFiles/mhgp12.dir/src/tower/resolve.cpp.o
[ 68%] Building CXX object CMakeFiles/mhgp12.dir/src/tower/passes.cpp.o
[ 72%] Building CXX object CMakeFiles/mhgp12.dir/src/tower/stage.cpp.o
[ 75%] Building CXX object CMakeFiles/mhgp12.dir/src/tower/forest_kernel.cpp.o
[ 75%] Building CXX object CMakeFiles/mhgp12.dir/src/tower/forest_births.cpp.o
[ 79%] Building CXX object CMakeFiles/mhgp12.dir/src/tower/populations.cpp.o
[ 79%] Building CXX object CMakeFiles/mhgp12.dir/src/tower/forest_contract.cpp.o
[ 82%] Building CXX object CMakeFiles/mhgp12.dir/src/tower/forest_build.cpp.o
[ 86%] Building CXX object CMakeFiles/mhgp12.dir/src/tower/forest_stages.cpp.o
[ 86%] Building CXX object CMakeFiles/mhgp12.dir/src/tower/forest_validate.cpp.o
[ 89%] Building CXX object CMakeFiles/mhgp12.dir/src/tower/forest_sources.cpp.o
[ 89%] Building CXX object CMakeFiles/mhgp12.dir/src/tower/vertical_images.cpp.o
[ 93%] Building CXX object CMakeFiles/mhgp12.dir/src/tower/registry_branches.cpp.o
[ 93%] Building CXX object CMakeFiles/mhgp12.dir/src/tower/export_full.cpp.o
[ 96%] Linking CXX static library libmhgp12.a
[ 96%] Built target mhgp12
[100%] Building CXX object CMakeFiles/mhgp12_catalogue_probe.dir/bench/catalogue_probe.cpp.o
[100%] Linking CXX executable mhgp12_catalogue_probe
[100%] Built target mhgp12_catalogue_probe
Consolidate compiler generated dependencies of target mhgp12
[ 96%] Built target mhgp12
[ 96%] Building CXX object CMakeFiles/mhgp12_full_probe.dir/bench/full_probe.cpp.o
[100%] Linking CXX executable mhgp12_full_probe
[100%] Built target mhgp12_full_probe

--- stderr ---
