-- The CXX compiler identification is GNU 11.4.0
-- Detecting CXX compiler ABI info
-- Detecting CXX compiler ABI info - done
-- Check for working CXX compiler: /usr/bin/g++ - skipped
-- Detecting CXX compile features
-- Detecting CXX compile features - done
-- Looking for C++ include pthread.h
-- Looking for C++ include pthread.h - found
-- Performing Test CMAKE_HAVE_LIBC_PTHREAD
-- Performing Test CMAKE_HAVE_LIBC_PTHREAD - Success
-- Found Threads: TRUE  
-- The CUDA compiler identification is NVIDIA 12.9.41
-- Detecting CUDA compiler ABI info
-- Detecting CUDA compiler ABI info - done
-- Check for working CUDA compiler: /usr/local/cuda/bin/nvcc - skipped
-- Detecting CUDA compile features
-- Detecting CUDA compile features - done
-- Found CUDAToolkit: /usr/local/cuda/include (found version "12.9.41") 
-- Found Python3: /usr/bin/python3.10 (found version "3.10.12") found components: Interpreter 
-- mhgp9: mhgp9_gen_mutant_q34_indexed_witness_admitted_lane_recounted_in_children DISABLED (site de mutation non unique dans lanes/q34_witness_search.cpp depuis 2629a536 (bornes affines) ; DISABLED en v8 (CMakeLists v8, mhgp8_q34_indexed_witness_mutations))
-- Configuring done
-- Generating done
