 M morsehgp3D_v7/CMakeLists.txt
 M morsehgp3D_v7/PASSATION.md
 M morsehgp3D_v7/README.md
 M morsehgp3D_v7/audits/DIALOGUE_COURANT.md
 M morsehgp3D_v7/bench/full_gabriel_cache_policy_audit.py
 M morsehgp3D_v7/bench/full_gabriel_lazy_probe.cpp
 M morsehgp3D_v7/bench/full_gabriel_lazy_probe_audit.py
 M morsehgp3D_v7/bench/full_gabriel_probe.cpp
 M morsehgp3D_v7/docs/CONTRAT_CACHE_FULL_PARESSEUX.md
 M morsehgp3D_v7/docs/CONTRAT_LOT_UNITAIRE_FULL.md
 M morsehgp3D_v7/docs/CONTRAT_PRODUCTEUR_FULL_GABRIEL.md
 M morsehgp3D_v7/docs/FAUSSES_PISTES.md
 M morsehgp3D_v7/src/forest/full_gabriel.hpp
?? morsehgp3D_v7/docs/CONTRAT_NORMALISATION_FULL.md
?? morsehgp3D_v7/receipts/full_gabriel_successor_20260905/README.md
?? morsehgp3D_v7/receipts/full_gabriel_successor_20260905/SHA256SUMS
?? morsehgp3D_v7/receipts/full_gabriel_successor_20260905/failed_qualification/00_run_qualification/boost_dependency_identities.stdout
?? morsehgp3D_v7/receipts/full_gabriel_successor_20260905/failed_qualification/00_run_qualification/boost_inventory.json
?? morsehgp3D_v7/receipts/full_gabriel_successor_20260905/failed_qualification/00_run_qualification/cmake_version.command.json
?? morsehgp3D_v7/receipts/full_gabriel_successor_20260905/failed_qualification/00_run_qualification/cmake_version.intent.json
?? morsehgp3D_v7/receipts/full_gabriel_successor_20260905/failed_qualification/00_run_qualification/cmake_version.stderr
?? morsehgp3D_v7/receipts/full_gabriel_successor_20260905/failed_qualification/00_run_qualification/cmake_version.stdout
?? morsehgp3D_v7/receipts/full_gabriel_successor_20260905/failed_qualification/00_run_qualification/compiler_target.command.json
?? morsehgp3D_v7/receipts/full_gabriel_successor_20260905/failed_qualification/00_run_qualification/compiler_target.intent.json
?? morsehgp3D_v7/receipts/full_gabriel_successor_20260905/failed_qualification/00_run_qualification/compiler_target.stderr
?? morsehgp3D_v7/receipts/full_gabriel_successor_20260905/failed_qualification/00_run_qualification/compiler_target.stdout
?? morsehgp3D_v7/receipts/full_gabriel_successor_20260905/failed_qualification/00_run_qualification/compiler_version.command.json
?? morsehgp3D_v7/receipts/full_gabriel_successor_20260905/failed_qualification/00_run_qualification/compiler_version.intent.json
?? morsehgp3D_v7/receipts/full_gabriel_successor_20260905/failed_qualification/00_run_qualification/compiler_version.stderr
?? morsehgp3D_v7/receipts/full_gabriel_successor_20260905/failed_qualification/00_run_qualification/compiler_version.stdout
?? morsehgp3D_v7/receipts/full_gabriel_successor_20260905/failed_qualification/00_run_qualification/ctest_version.command.json
?? morsehgp3D_v7/receipts/full_gabriel_successor_20260905/failed_qualification/00_run_qualification/ctest_version.intent.json
?? morsehgp3D_v7/receipts/full_gabriel_successor_20260905/failed_qualification/00_run_qualification/ctest_version.stderr
?? morsehgp3D_v7/receipts/full_gabriel_successor_20260905/failed_qualification/00_run_qualification/ctest_version.stdout
?? morsehgp3D_v7/receipts/full_gabriel_successor_20260905/failed_qualification/00_run_qualification/freshness.json
?? morsehgp3D_v7/receipts/full_gabriel_successor_20260905/failed_qualification/00_run_qualification/host_after.json
?? morsehgp3D_v7/receipts/full_gabriel_successor_20260905/failed_qualification/00_run_qualification/host_before.json
?? morsehgp3D_v7/receipts/full_gabriel_successor_20260905/failed_qualification/00_run_qualification/metadata_selftest_normal.command.json
?? morsehgp3D_v7/receipts/full_gabriel_successor_20260905/failed_qualification/00_run_qualification/metadata_selftest_normal.intent.json
?? morsehgp3D_v7/receipts/full_gabriel_successor_20260905/failed_qualification/00_run_qualification/metadata_selftest_normal.stderr
?? morsehgp3D_v7/receipts/full_gabriel_successor_20260905/failed_qualification/00_run_qualification/metadata_selftest_normal.stdout
?? morsehgp3D_v7/receipts/full_gabriel_successor_20260905/failed_qualification/00_run_qualification/metadata_selftest_optimized.command.json
?? morsehgp3D_v7/receipts/full_gabriel_successor_20260905/failed_qualification/00_run_qualification/metadata_selftest_optimized.intent.json
?? morsehgp3D_v7/receipts/full_gabriel_successor_20260905/failed_qualification/00_run_qualification/metadata_selftest_optimized.stderr
?? morsehgp3D_v7/receipts/full_gabriel_successor_20260905/failed_qualification/00_run_qualification/metadata_selftest_optimized.stdout
?? morsehgp3D_v7/receipts/full_gabriel_successor_20260905/failed_qualification/00_run_qualification/protocol/capture.py
?? morsehgp3D_v7/receipts/full_gabriel_successor_20260905/failed_qualification/00_run_qualification/protocol/check_v7_receipt_publication.py
?? morsehgp3D_v7/receipts/full_gabriel_successor_20260905/failed_qualification/00_run_qualification/protocol/legacy_capture.py
?? morsehgp3D_v7/receipts/full_gabriel_successor_20260905/failed_qualification/00_run_qualification/protocol/publication_common.py
?? morsehgp3D_v7/receipts/full_gabriel_successor_20260905/failed_qualification/00_run_qualification/receipt.json
?? morsehgp3D_v7/receipts/full_gabriel_successor_20260905/failed_qualification/00_run_qualification/release/build.command.json
?? morsehgp3D_v7/receipts/full_gabriel_successor_20260905/failed_qualification/00_run_qualification/release/build.intent.json
?? morsehgp3D_v7/receipts/full_gabriel_successor_20260905/failed_qualification/00_run_qualification/release/build.stderr
?? morsehgp3D_v7/receipts/full_gabriel_successor_20260905/failed_qualification/00_run_qualification/release/build.stdout
?? morsehgp3D_v7/receipts/full_gabriel_successor_20260905/failed_qualification/00_run_qualification/release/build_artifact_copies.json
?? morsehgp3D_v7/receipts/full_gabriel_successor_20260905/failed_qualification/00_run_qualification/release/build_artifacts.json
?? morsehgp3D_v7/receipts/full_gabriel_successor_20260905/failed_qualification/00_run_qualification/release/build_artifacts/CMakeFiles__mhgp7_full_certificate_gate.dir__build.make
?? morsehgp3D_v7/receipts/full_gabriel_successor_20260905/failed_qualification/00_run_qualification/release/build_artifacts/CMakeFiles__mhgp7_full_certificate_gate.dir__flags.make
?? morsehgp3D_v7/receipts/full_gabriel_successor_20260905/failed_qualification/00_run_qualification/release/build_artifacts/CMakeFiles__mhgp7_full_certificate_gate.dir__link.txt
?? morsehgp3D_v7/receipts/full_gabriel_successor_20260905/failed_qualification/00_run_qualification/release/build_artifacts/CMakeFiles__mhgp7_full_certificate_gate.dir__tests__full_certificate_gate.cpp.o.d
?? morsehgp3D_v7/receipts/full_gabriel_successor_20260905/failed_qualification/00_run_qualification/release/build_artifacts/CMakeFiles__mhgp7_full_gabriel_allocation_gate.dir__build.make
?? morsehgp3D_v7/receipts/full_gabriel_successor_20260905/failed_qualification/00_run_qualification/release/build_artifacts/CMakeFiles__mhgp7_full_gabriel_allocation_gate.dir__flags.make
?? morsehgp3D_v7/receipts/full_gabriel_successor_20260905/failed_qualification/00_run_qualification/release/build_artifacts/CMakeFiles__mhgp7_full_gabriel_allocation_gate.dir__link.txt
?? morsehgp3D_v7/receipts/full_gabriel_successor_20260905/failed_qualification/00_run_qualification/release/build_artifacts/CMakeFiles__mhgp7_full_gabriel_allocation_gate.dir__tests__full_gabriel_allocation_gate.cpp.o.d
?? morsehgp3D_v7/receipts/full_gabriel_successor_20260905/failed_qualification/00_run_qualification/release/build_artifacts/CMakeFiles__mhgp7_full_gabriel_digest_gate.dir__build.make
?? morsehgp3D_v7/receipts/full_gabriel_successor_20260905/failed_qualification/00_run_qualification/release/build_artifacts/CMakeFiles__mhgp7_full_gabriel_digest_gate.dir__flags.make
?? morsehgp3D_v7/receipts/full_gabriel_successor_20260905/failed_qualification/00_run_qualification/release/build_artifacts/CMakeFiles__mhgp7_full_gabriel_digest_gate.dir__link.txt
?? morsehgp3D_v7/receipts/full_gabriel_successor_20260905/failed_qualification/00_run_qualification/release/build_artifacts/CMakeFiles__mhgp7_full_gabriel_digest_gate.dir__tests__full_gabriel_digest_gate.cpp.o.d
?? morsehgp3D_v7/receipts/full_gabriel_successor_20260905/failed_qualification/00_run_qualification/release/build_artifacts/CMakeFiles__mhgp7_full_gabriel_gate.dir__build.make
?? morsehgp3D_v7/receipts/full_gabriel_successor_20260905/failed_qualification/00_run_qualification/release/build_artifacts/CMakeFiles__mhgp7_full_gabriel_gate.dir__flags.make
?? morsehgp3D_v7/receipts/full_gabriel_successor_20260905/failed_qualification/00_run_qualification/release/build_artifacts/CMakeFiles__mhgp7_full_gabriel_gate.dir__link.txt
?? morsehgp3D_v7/receipts/full_gabriel_successor_20260905/failed_qualification/00_run_qualification/release/build_artifacts/CMakeFiles__mhgp7_full_gabriel_gate.dir__tests__full_gabriel_gate.cpp.o.d
?? morsehgp3D_v7/receipts/full_gabriel_successor_20260905/failed_qualification/00_run_qualification/release/build_artifacts/CMakeFiles__mhgp7_full_gabriel_lazy_allocation_gate.dir__build.make
?? morsehgp3D_v7/receipts/full_gabriel_successor_20260905/failed_qualification/00_run_qualification/release/build_artifacts/CMakeFiles__mhgp7_full_gabriel_lazy_allocation_gate.dir__flags.make
?? morsehgp3D_v7/receipts/full_gabriel_successor_20260905/failed_qualification/00_run_qualification/release/build_artifacts/CMakeFiles__mhgp7_full_gabriel_lazy_allocation_gate.dir__link.txt
?? morsehgp3D_v7/receipts/full_gabriel_successor_20260905/failed_qualification/00_run_qualification/release/build_artifacts/CMakeFiles__mhgp7_full_gabriel_lazy_allocation_gate.dir__tests__full_gabriel_lazy_allocation_gate.cpp.o.d
?? morsehgp3D_v7/receipts/full_gabriel_successor_20260905/failed_qualification/00_run_qualification/release/build_artifacts/CMakeFiles__mhgp7_full_gabriel_lazy_gate.dir__build.make
?? morsehgp3D_v7/receipts/full_gabriel_successor_20260905/failed_qualification/00_run_qualification/release/build_artifacts/CMakeFiles__mhgp7_full_gabriel_lazy_gate.dir__flags.make
?? morsehgp3D_v7/receipts/full_gabriel_successor_20260905/failed_qualification/00_run_qualification/release/build_artifacts/CMakeFiles__mhgp7_full_gabriel_lazy_gate.dir__link.txt
?? morsehgp3D_v7/receipts/full_gabriel_successor_20260905/failed_qualification/00_run_qualification/release/build_artifacts/CMakeFiles__mhgp7_full_gabriel_lazy_gate.dir__tests__full_gabriel_lazy_gate.cpp.o.d
?? morsehgp3D_v7/receipts/full_gabriel_successor_20260905/failed_qualification/00_run_qualification/release/build_artifacts/CMakeFiles__mhgp7_full_gabriel_singleton_gate.dir__build.make
?? morsehgp3D_v7/receipts/full_gabriel_successor_20260905/failed_qualification/00_run_qualification/release/build_artifacts/CMakeFiles__mhgp7_full_gabriel_singleton_gate.dir__flags.make
?? morsehgp3D_v7/receipts/full_gabriel_successor_20260905/failed_qualification/00_run_qualification/release/build_artifacts/CMakeFiles__mhgp7_full_gabriel_singleton_gate.dir__link.txt
?? morsehgp3D_v7/receipts/full_gabriel_successor_20260905/failed_qualification/00_run_qualification/release/build_artifacts/CMakeFiles__mhgp7_full_gabriel_singleton_gate.dir__tests__full_gabriel_singleton_gate.cpp.o.d
?? morsehgp3D_v7/receipts/full_gabriel_successor_20260905/failed_qualification/00_run_qualification/release/build_artifacts/CMakeFiles__mhgp7_full_gabriel_successor_gate.dir__build.make
?? morsehgp3D_v7/receipts/full_gabriel_successor_20260905/failed_qualification/00_run_qualification/release/build_artifacts/CMakeFiles__mhgp7_full_gabriel_successor_gate.dir__flags.make
?? morsehgp3D_v7/receipts/full_gabriel_successor_20260905/failed_qualification/00_run_qualification/release/build_artifacts/CMakeFiles__mhgp7_full_gabriel_successor_gate.dir__link.txt
?? morsehgp3D_v7/receipts/full_gabriel_successor_20260905/failed_qualification/00_run_qualification/release/build_artifacts/CMakeFiles__mhgp7_full_gabriel_successor_gate.dir__tests__full_gabriel_successor_gate.cpp.o.d
?? morsehgp3D_v7/receipts/full_gabriel_successor_20260905/failed_qualification/00_run_qualification/release/configure.command.json
?? morsehgp3D_v7/receipts/full_gabriel_successor_20260905/failed_qualification/00_run_qualification/release/configure.intent.json
?? morsehgp3D_v7/receipts/full_gabriel_successor_20260905/failed_qualification/00_run_qualification/release/configure.stderr
?? morsehgp3D_v7/receipts/full_gabriel_successor_20260905/failed_qualification/00_run_qualification/release/configure.stdout
?? morsehgp3D_v7/receipts/full_gabriel_successor_20260905/failed_qualification/00_run_qualification/release/environment.json
?? morsehgp3D_v7/receipts/full_gabriel_successor_20260905/failed_qualification/00_run_qualification/release/host_after.json
?? morsehgp3D_v7/receipts/full_gabriel_successor_20260905/failed_qualification/00_run_qualification/release/host_before.json
?? morsehgp3D_v7/receipts/full_gabriel_successor_20260905/failed_qualification/00_run_qualification/release/sources_after.json
?? morsehgp3D_v7/receipts/full_gabriel_successor_20260905/failed_qualification/00_run_qualification/release/summary.json
?? morsehgp3D_v7/receipts/full_gabriel_successor_20260905/failed_qualification/00_run_qualification/release/toolchain_after.json
?? morsehgp3D_v7/receipts/full_gabriel_successor_20260905/failed_qualification/00_run_qualification/sources_after.json
?? morsehgp3D_v7/receipts/full_gabriel_successor_20260905/failed_qualification/00_run_qualification/sources_before.json
?? morsehgp3D_v7/receipts/full_gabriel_successor_20260905/failed_qualification/00_run_qualification/toolchain_after.json
?? morsehgp3D_v7/receipts/full_gabriel_successor_20260905/failed_qualification/00_run_qualification/toolchain_before.json
?? morsehgp3D_v7/receipts/full_gabriel_successor_20260905/failed_qualification/00_run_qualification/toolchain_commands.json
?? morsehgp3D_v7/receipts/full_gabriel_successor_20260905/manifest.json
?? morsehgp3D_v7/receipts/full_gabriel_successor_20260905/protocol/publish.py
?? morsehgp3D_v7/receipts/full_gabriel_successor_20260905/publication.json
?? morsehgp3D_v7/receipts/full_gabriel_successor_20260905/qualification/boost_dependency_identities.stdout
?? morsehgp3D_v7/receipts/full_gabriel_successor_20260905/qualification/boost_inventory.json
?? morsehgp3D_v7/receipts/full_gabriel_successor_20260905/qualification/cmake_version.command.json
?? morsehgp3D_v7/receipts/full_gabriel_successor_20260905/qualification/cmake_version.intent.json
?? morsehgp3D_v7/receipts/full_gabriel_successor_20260905/qualification/cmake_version.stderr
?? morsehgp3D_v7/receipts/full_gabriel_successor_20260905/qualification/cmake_version.stdout
?? morsehgp3D_v7/receipts/full_gabriel_successor_20260905/qualification/compiler_target.command.json
?? morsehgp3D_v7/receipts/full_gabriel_successor_20260905/qualification/compiler_target.intent.json
?? morsehgp3D_v7/receipts/full_gabriel_successor_20260905/qualification/compiler_target.stderr
?? morsehgp3D_v7/receipts/full_gabriel_successor_20260905/qualification/compiler_target.stdout
?? morsehgp3D_v7/receipts/full_gabriel_successor_20260905/qualification/compiler_version.command.json
?? morsehgp3D_v7/receipts/full_gabriel_successor_20260905/qualification/compiler_version.intent.json
?? morsehgp3D_v7/receipts/full_gabriel_successor_20260905/qualification/compiler_version.stderr
?? morsehgp3D_v7/receipts/full_gabriel_successor_20260905/qualification/compiler_version.stdout
?? morsehgp3D_v7/receipts/full_gabriel_successor_20260905/qualification/ctest_version.command.json
?? morsehgp3D_v7/receipts/full_gabriel_successor_20260905/qualification/ctest_version.intent.json
?? morsehgp3D_v7/receipts/full_gabriel_successor_20260905/qualification/ctest_version.stderr
?? morsehgp3D_v7/receipts/full_gabriel_successor_20260905/qualification/ctest_version.stdout
?? morsehgp3D_v7/receipts/full_gabriel_successor_20260905/qualification/freshness.json
?? morsehgp3D_v7/receipts/full_gabriel_successor_20260905/qualification/host_after.json
?? morsehgp3D_v7/receipts/full_gabriel_successor_20260905/qualification/host_before.json
?? morsehgp3D_v7/receipts/full_gabriel_successor_20260905/qualification/metadata_selftest_normal.command.json
?? morsehgp3D_v7/receipts/full_gabriel_successor_20260905/qualification/metadata_selftest_normal.intent.json
?? morsehgp3D_v7/receipts/full_gabriel_successor_20260905/qualification/metadata_selftest_normal.stderr
?? morsehgp3D_v7/receipts/full_gabriel_successor_20260905/qualification/metadata_selftest_normal.stdout
?? morsehgp3D_v7/receipts/full_gabriel_successor_20260905/qualification/metadata_selftest_optimized.command.json
?? morsehgp3D_v7/receipts/full_gabriel_successor_20260905/qualification/metadata_selftest_optimized.intent.json
?? morsehgp3D_v7/receipts/full_gabriel_successor_20260905/qualification/metadata_selftest_optimized.stderr
?? morsehgp3D_v7/receipts/full_gabriel_successor_20260905/qualification/metadata_selftest_optimized.stdout
?? morsehgp3D_v7/receipts/full_gabriel_successor_20260905/qualification/protocol/capture.py
?? morsehgp3D_v7/receipts/full_gabriel_successor_20260905/qualification/protocol/check_v7_receipt_publication.py
?? morsehgp3D_v7/receipts/full_gabriel_successor_20260905/qualification/protocol/legacy_capture.py
?? morsehgp3D_v7/receipts/full_gabriel_successor_20260905/qualification/protocol/publication_common.py
?? morsehgp3D_v7/receipts/full_gabriel_successor_20260905/qualification/receipt.json
?? morsehgp3D_v7/receipts/full_gabriel_successor_20260905/qualification/release/JUnit.stdout
?? morsehgp3D_v7/receipts/full_gabriel_successor_20260905/qualification/release/LastTest.preexisting.stdout
?? morsehgp3D_v7/receipts/full_gabriel_successor_20260905/qualification/release/LastTest.prestate.json
?? morsehgp3D_v7/receipts/full_gabriel_successor_20260905/qualification/release/LastTest.stdout
?? morsehgp3D_v7/receipts/full_gabriel_successor_20260905/qualification/release/binaries.json
?? morsehgp3D_v7/receipts/full_gabriel_successor_20260905/qualification/release/binaries_after.json
?? morsehgp3D_v7/receipts/full_gabriel_successor_20260905/qualification/release/build.command.json
?? morsehgp3D_v7/receipts/full_gabriel_successor_20260905/qualification/release/build.intent.json
?? morsehgp3D_v7/receipts/full_gabriel_successor_20260905/qualification/release/build.stderr
?? morsehgp3D_v7/receipts/full_gabriel_successor_20260905/qualification/release/build.stdout
?? morsehgp3D_v7/receipts/full_gabriel_successor_20260905/qualification/release/build_artifact_copies.json
?? morsehgp3D_v7/receipts/full_gabriel_successor_20260905/qualification/release/build_artifacts.json
?? morsehgp3D_v7/receipts/full_gabriel_successor_20260905/qualification/release/build_artifacts/CMakeFiles__mhgp7_full_certificate_gate.dir__build.make
?? morsehgp3D_v7/receipts/full_gabriel_successor_20260905/qualification/release/build_artifacts/CMakeFiles__mhgp7_full_certificate_gate.dir__flags.make
?? morsehgp3D_v7/receipts/full_gabriel_successor_20260905/qualification/release/build_artifacts/CMakeFiles__mhgp7_full_certificate_gate.dir__link.txt
?? morsehgp3D_v7/receipts/full_gabriel_successor_20260905/qualification/release/build_artifacts/CMakeFiles__mhgp7_full_certificate_gate.dir__tests__full_certificate_gate.cpp.o.d
?? morsehgp3D_v7/receipts/full_gabriel_successor_20260905/qualification/release/build_artifacts/CMakeFiles__mhgp7_full_gabriel_allocation_gate.dir__build.make
?? morsehgp3D_v7/receipts/full_gabriel_successor_20260905/qualification/release/build_artifacts/CMakeFiles__mhgp7_full_gabriel_allocation_gate.dir__flags.make
?? morsehgp3D_v7/receipts/full_gabriel_successor_20260905/qualification/release/build_artifacts/CMakeFiles__mhgp7_full_gabriel_allocation_gate.dir__link.txt
?? morsehgp3D_v7/receipts/full_gabriel_successor_20260905/qualification/release/build_artifacts/CMakeFiles__mhgp7_full_gabriel_allocation_gate.dir__tests__full_gabriel_allocation_gate.cpp.o.d
?? morsehgp3D_v7/receipts/full_gabriel_successor_20260905/qualification/release/build_artifacts/CMakeFiles__mhgp7_full_gabriel_digest_gate.dir__build.make
?? morsehgp3D_v7/receipts/full_gabriel_successor_20260905/qualification/release/build_artifacts/CMakeFiles__mhgp7_full_gabriel_digest_gate.dir__flags.make
?? morsehgp3D_v7/receipts/full_gabriel_successor_20260905/qualification/release/build_artifacts/CMakeFiles__mhgp7_full_gabriel_digest_gate.dir__link.txt
?? morsehgp3D_v7/receipts/full_gabriel_successor_20260905/qualification/release/build_artifacts/CMakeFiles__mhgp7_full_gabriel_digest_gate.dir__tests__full_gabriel_digest_gate.cpp.o.d
?? morsehgp3D_v7/receipts/full_gabriel_successor_20260905/qualification/release/build_artifacts/CMakeFiles__mhgp7_full_gabriel_gate.dir__build.make
?? morsehgp3D_v7/receipts/full_gabriel_successor_20260905/qualification/release/build_artifacts/CMakeFiles__mhgp7_full_gabriel_gate.dir__flags.make
?? morsehgp3D_v7/receipts/full_gabriel_successor_20260905/qualification/release/build_artifacts/CMakeFiles__mhgp7_full_gabriel_gate.dir__link.txt
?? morsehgp3D_v7/receipts/full_gabriel_successor_20260905/qualification/release/build_artifacts/CMakeFiles__mhgp7_full_gabriel_gate.dir__tests__full_gabriel_gate.cpp.o.d
?? morsehgp3D_v7/receipts/full_gabriel_successor_20260905/qualification/release/build_artifacts/CMakeFiles__mhgp7_full_gabriel_lazy_allocation_gate.dir__build.make
?? morsehgp3D_v7/receipts/full_gabriel_successor_20260905/qualification/release/build_artifacts/CMakeFiles__mhgp7_full_gabriel_lazy_allocation_gate.dir__flags.make
?? morsehgp3D_v7/receipts/full_gabriel_successor_20260905/qualification/release/build_artifacts/CMakeFiles__mhgp7_full_gabriel_lazy_allocation_gate.dir__link.txt
?? morsehgp3D_v7/receipts/full_gabriel_successor_20260905/qualification/release/build_artifacts/CMakeFiles__mhgp7_full_gabriel_lazy_allocation_gate.dir__tests__full_gabriel_lazy_allocation_gate.cpp.o.d
?? morsehgp3D_v7/receipts/full_gabriel_successor_20260905/qualification/release/build_artifacts/CMakeFiles__mhgp7_full_gabriel_lazy_gate.dir__build.make
?? morsehgp3D_v7/receipts/full_gabriel_successor_20260905/qualification/release/build_artifacts/CMakeFiles__mhgp7_full_gabriel_lazy_gate.dir__flags.make
?? morsehgp3D_v7/receipts/full_gabriel_successor_20260905/qualification/release/build_artifacts/CMakeFiles__mhgp7_full_gabriel_lazy_gate.dir__link.txt
?? morsehgp3D_v7/receipts/full_gabriel_successor_20260905/qualification/release/build_artifacts/CMakeFiles__mhgp7_full_gabriel_lazy_gate.dir__tests__full_gabriel_lazy_gate.cpp.o.d
?? morsehgp3D_v7/receipts/full_gabriel_successor_20260905/qualification/release/build_artifacts/CMakeFiles__mhgp7_full_gabriel_singleton_gate.dir__build.make
?? morsehgp3D_v7/receipts/full_gabriel_successor_20260905/qualification/release/build_artifacts/CMakeFiles__mhgp7_full_gabriel_singleton_gate.dir__flags.make
?? morsehgp3D_v7/receipts/full_gabriel_successor_20260905/qualification/release/build_artifacts/CMakeFiles__mhgp7_full_gabriel_singleton_gate.dir__link.txt
?? morsehgp3D_v7/receipts/full_gabriel_successor_20260905/qualification/release/build_artifacts/CMakeFiles__mhgp7_full_gabriel_singleton_gate.dir__tests__full_gabriel_singleton_gate.cpp.o.d
?? morsehgp3D_v7/receipts/full_gabriel_successor_20260905/qualification/release/build_artifacts/CMakeFiles__mhgp7_full_gabriel_successor_gate.dir__build.make
?? morsehgp3D_v7/receipts/full_gabriel_successor_20260905/qualification/release/build_artifacts/CMakeFiles__mhgp7_full_gabriel_successor_gate.dir__flags.make
?? morsehgp3D_v7/receipts/full_gabriel_successor_20260905/qualification/release/build_artifacts/CMakeFiles__mhgp7_full_gabriel_successor_gate.dir__link.txt
?? morsehgp3D_v7/receipts/full_gabriel_successor_20260905/qualification/release/build_artifacts/CMakeFiles__mhgp7_full_gabriel_successor_gate.dir__tests__full_gabriel_successor_gate.cpp.o.d
?? morsehgp3D_v7/receipts/full_gabriel_successor_20260905/qualification/release/compile_binding.json
?? morsehgp3D_v7/receipts/full_gabriel_successor_20260905/qualification/release/compile_binding_after_sha256.json
?? morsehgp3D_v7/receipts/full_gabriel_successor_20260905/qualification/release/configure.command.json
?? morsehgp3D_v7/receipts/full_gabriel_successor_20260905/qualification/release/configure.intent.json
?? morsehgp3D_v7/receipts/full_gabriel_successor_20260905/qualification/release/configure.stderr
?? morsehgp3D_v7/receipts/full_gabriel_successor_20260905/qualification/release/configure.stdout
?? morsehgp3D_v7/receipts/full_gabriel_successor_20260905/qualification/release/ctest.command.json
?? morsehgp3D_v7/receipts/full_gabriel_successor_20260905/qualification/release/ctest.fence
?? morsehgp3D_v7/receipts/full_gabriel_successor_20260905/qualification/release/ctest.fence.json
?? morsehgp3D_v7/receipts/full_gabriel_successor_20260905/qualification/release/ctest.intent.json
?? morsehgp3D_v7/receipts/full_gabriel_successor_20260905/qualification/release/ctest.junit.xml
?? morsehgp3D_v7/receipts/full_gabriel_successor_20260905/qualification/release/ctest.stderr
?? morsehgp3D_v7/receipts/full_gabriel_successor_20260905/qualification/release/ctest.stdout
?? morsehgp3D_v7/receipts/full_gabriel_successor_20260905/qualification/release/environment.json
?? morsehgp3D_v7/receipts/full_gabriel_successor_20260905/qualification/release/host_after.json
?? morsehgp3D_v7/receipts/full_gabriel_successor_20260905/qualification/release/host_before.json
?? morsehgp3D_v7/receipts/full_gabriel_successor_20260905/qualification/release/inventory.command.json
?? morsehgp3D_v7/receipts/full_gabriel_successor_20260905/qualification/release/inventory.intent.json
?? morsehgp3D_v7/receipts/full_gabriel_successor_20260905/qualification/release/inventory.stderr
?? morsehgp3D_v7/receipts/full_gabriel_successor_20260905/qualification/release/inventory.stdout
?? morsehgp3D_v7/receipts/full_gabriel_successor_20260905/qualification/release/pre_ctest_binding.json
?? morsehgp3D_v7/receipts/full_gabriel_successor_20260905/qualification/release/sources_after.json
?? morsehgp3D_v7/receipts/full_gabriel_successor_20260905/qualification/release/summary.json
?? morsehgp3D_v7/receipts/full_gabriel_successor_20260905/qualification/release/test_output_copies.json
?? morsehgp3D_v7/receipts/full_gabriel_successor_20260905/qualification/release/test_outputs.json
?? morsehgp3D_v7/receipts/full_gabriel_successor_20260905/qualification/release/toolchain_after.json
?? morsehgp3D_v7/receipts/full_gabriel_successor_20260905/qualification/san/JUnit.stdout
?? morsehgp3D_v7/receipts/full_gabriel_successor_20260905/qualification/san/LastTest.preexisting.stdout
?? morsehgp3D_v7/receipts/full_gabriel_successor_20260905/qualification/san/LastTest.prestate.json
?? morsehgp3D_v7/receipts/full_gabriel_successor_20260905/qualification/san/LastTest.stdout
?? morsehgp3D_v7/receipts/full_gabriel_successor_20260905/qualification/san/binaries.json
?? morsehgp3D_v7/receipts/full_gabriel_successor_20260905/qualification/san/binaries_after.json
?? morsehgp3D_v7/receipts/full_gabriel_successor_20260905/qualification/san/build.command.json
?? morsehgp3D_v7/receipts/full_gabriel_successor_20260905/qualification/san/build.intent.json
?? morsehgp3D_v7/receipts/full_gabriel_successor_20260905/qualification/san/build.stderr
?? morsehgp3D_v7/receipts/full_gabriel_successor_20260905/qualification/san/build.stdout
?? morsehgp3D_v7/receipts/full_gabriel_successor_20260905/qualification/san/build_artifact_copies.json
?? morsehgp3D_v7/receipts/full_gabriel_successor_20260905/qualification/san/build_artifacts.json
?? morsehgp3D_v7/receipts/full_gabriel_successor_20260905/qualification/san/build_artifacts/CMakeFiles__mhgp7_full_certificate_gate.dir__build.make
?? morsehgp3D_v7/receipts/full_gabriel_successor_20260905/qualification/san/build_artifacts/CMakeFiles__mhgp7_full_certificate_gate.dir__flags.make
?? morsehgp3D_v7/receipts/full_gabriel_successor_20260905/qualification/san/build_artifacts/CMakeFiles__mhgp7_full_certificate_gate.dir__link.txt
?? morsehgp3D_v7/receipts/full_gabriel_successor_20260905/qualification/san/build_artifacts/CMakeFiles__mhgp7_full_certificate_gate.dir__tests__full_certificate_gate.cpp.o.d
?? morsehgp3D_v7/receipts/full_gabriel_successor_20260905/qualification/san/build_artifacts/CMakeFiles__mhgp7_full_gabriel_allocation_gate.dir__build.make
?? morsehgp3D_v7/receipts/full_gabriel_successor_20260905/qualification/san/build_artifacts/CMakeFiles__mhgp7_full_gabriel_allocation_gate.dir__flags.make
?? morsehgp3D_v7/receipts/full_gabriel_successor_20260905/qualification/san/build_artifacts/CMakeFiles__mhgp7_full_gabriel_allocation_gate.dir__link.txt
?? morsehgp3D_v7/receipts/full_gabriel_successor_20260905/qualification/san/build_artifacts/CMakeFiles__mhgp7_full_gabriel_allocation_gate.dir__tests__full_gabriel_allocation_gate.cpp.o.d
?? morsehgp3D_v7/receipts/full_gabriel_successor_20260905/qualification/san/build_artifacts/CMakeFiles__mhgp7_full_gabriel_digest_gate.dir__build.make
?? morsehgp3D_v7/receipts/full_gabriel_successor_20260905/qualification/san/build_artifacts/CMakeFiles__mhgp7_full_gabriel_digest_gate.dir__flags.make
?? morsehgp3D_v7/receipts/full_gabriel_successor_20260905/qualification/san/build_artifacts/CMakeFiles__mhgp7_full_gabriel_digest_gate.dir__link.txt
?? morsehgp3D_v7/receipts/full_gabriel_successor_20260905/qualification/san/build_artifacts/CMakeFiles__mhgp7_full_gabriel_digest_gate.dir__tests__full_gabriel_digest_gate.cpp.o.d
?? morsehgp3D_v7/receipts/full_gabriel_successor_20260905/qualification/san/build_artifacts/CMakeFiles__mhgp7_full_gabriel_gate.dir__build.make
?? morsehgp3D_v7/receipts/full_gabriel_successor_20260905/qualification/san/build_artifacts/CMakeFiles__mhgp7_full_gabriel_gate.dir__flags.make
?? morsehgp3D_v7/receipts/full_gabriel_successor_20260905/qualification/san/build_artifacts/CMakeFiles__mhgp7_full_gabriel_gate.dir__link.txt
?? morsehgp3D_v7/receipts/full_gabriel_successor_20260905/qualification/san/build_artifacts/CMakeFiles__mhgp7_full_gabriel_gate.dir__tests__full_gabriel_gate.cpp.o.d
?? morsehgp3D_v7/receipts/full_gabriel_successor_20260905/qualification/san/build_artifacts/CMakeFiles__mhgp7_full_gabriel_lazy_allocation_gate.dir__build.make
?? morsehgp3D_v7/receipts/full_gabriel_successor_20260905/qualification/san/build_artifacts/CMakeFiles__mhgp7_full_gabriel_lazy_allocation_gate.dir__flags.make
?? morsehgp3D_v7/receipts/full_gabriel_successor_20260905/qualification/san/build_artifacts/CMakeFiles__mhgp7_full_gabriel_lazy_allocation_gate.dir__link.txt
?? morsehgp3D_v7/receipts/full_gabriel_successor_20260905/qualification/san/build_artifacts/CMakeFiles__mhgp7_full_gabriel_lazy_allocation_gate.dir__tests__full_gabriel_lazy_allocation_gate.cpp.o.d
?? morsehgp3D_v7/receipts/full_gabriel_successor_20260905/qualification/san/build_artifacts/CMakeFiles__mhgp7_full_gabriel_lazy_gate.dir__build.make
?? morsehgp3D_v7/receipts/full_gabriel_successor_20260905/qualification/san/build_artifacts/CMakeFiles__mhgp7_full_gabriel_lazy_gate.dir__flags.make
?? morsehgp3D_v7/receipts/full_gabriel_successor_20260905/qualification/san/build_artifacts/CMakeFiles__mhgp7_full_gabriel_lazy_gate.dir__link.txt
?? morsehgp3D_v7/receipts/full_gabriel_successor_20260905/qualification/san/build_artifacts/CMakeFiles__mhgp7_full_gabriel_lazy_gate.dir__tests__full_gabriel_lazy_gate.cpp.o.d
?? morsehgp3D_v7/receipts/full_gabriel_successor_20260905/qualification/san/build_artifacts/CMakeFiles__mhgp7_full_gabriel_singleton_gate.dir__build.make
?? morsehgp3D_v7/receipts/full_gabriel_successor_20260905/qualification/san/build_artifacts/CMakeFiles__mhgp7_full_gabriel_singleton_gate.dir__flags.make
?? morsehgp3D_v7/receipts/full_gabriel_successor_20260905/qualification/san/build_artifacts/CMakeFiles__mhgp7_full_gabriel_singleton_gate.dir__link.txt
?? morsehgp3D_v7/receipts/full_gabriel_successor_20260905/qualification/san/build_artifacts/CMakeFiles__mhgp7_full_gabriel_singleton_gate.dir__tests__full_gabriel_singleton_gate.cpp.o.d
?? morsehgp3D_v7/receipts/full_gabriel_successor_20260905/qualification/san/build_artifacts/CMakeFiles__mhgp7_full_gabriel_successor_gate.dir__build.make
?? morsehgp3D_v7/receipts/full_gabriel_successor_20260905/qualification/san/build_artifacts/CMakeFiles__mhgp7_full_gabriel_successor_gate.dir__flags.make
?? morsehgp3D_v7/receipts/full_gabriel_successor_20260905/qualification/san/build_artifacts/CMakeFiles__mhgp7_full_gabriel_successor_gate.dir__link.txt
?? morsehgp3D_v7/receipts/full_gabriel_successor_20260905/qualification/san/build_artifacts/CMakeFiles__mhgp7_full_gabriel_successor_gate.dir__tests__full_gabriel_successor_gate.cpp.o.d
?? morsehgp3D_v7/receipts/full_gabriel_successor_20260905/qualification/san/compile_binding.json
?? morsehgp3D_v7/receipts/full_gabriel_successor_20260905/qualification/san/compile_binding_after_sha256.json
?? morsehgp3D_v7/receipts/full_gabriel_successor_20260905/qualification/san/configure.command.json
?? morsehgp3D_v7/receipts/full_gabriel_successor_20260905/qualification/san/configure.intent.json
?? morsehgp3D_v7/receipts/full_gabriel_successor_20260905/qualification/san/configure.stderr
?? morsehgp3D_v7/receipts/full_gabriel_successor_20260905/qualification/san/configure.stdout
?? morsehgp3D_v7/receipts/full_gabriel_successor_20260905/qualification/san/ctest.command.json
?? morsehgp3D_v7/receipts/full_gabriel_successor_20260905/qualification/san/ctest.fence
?? morsehgp3D_v7/receipts/full_gabriel_successor_20260905/qualification/san/ctest.fence.json
?? morsehgp3D_v7/receipts/full_gabriel_successor_20260905/qualification/san/ctest.intent.json
?? morsehgp3D_v7/receipts/full_gabriel_successor_20260905/qualification/san/ctest.junit.xml
?? morsehgp3D_v7/receipts/full_gabriel_successor_20260905/qualification/san/ctest.stderr
?? morsehgp3D_v7/receipts/full_gabriel_successor_20260905/qualification/san/ctest.stdout
?? morsehgp3D_v7/receipts/full_gabriel_successor_20260905/qualification/san/environment.json
?? morsehgp3D_v7/receipts/full_gabriel_successor_20260905/qualification/san/host_after.json
?? morsehgp3D_v7/receipts/full_gabriel_successor_20260905/qualification/san/host_before.json
?? morsehgp3D_v7/receipts/full_gabriel_successor_20260905/qualification/san/inventory.command.json
?? morsehgp3D_v7/receipts/full_gabriel_successor_20260905/qualification/san/inventory.intent.json
?? morsehgp3D_v7/receipts/full_gabriel_successor_20260905/qualification/san/inventory.stderr
?? morsehgp3D_v7/receipts/full_gabriel_successor_20260905/qualification/san/inventory.stdout
?? morsehgp3D_v7/receipts/full_gabriel_successor_20260905/qualification/san/pre_ctest_binding.json
?? morsehgp3D_v7/receipts/full_gabriel_successor_20260905/qualification/san/sources_after.json
?? morsehgp3D_v7/receipts/full_gabriel_successor_20260905/qualification/san/summary.json
?? morsehgp3D_v7/receipts/full_gabriel_successor_20260905/qualification/san/test_output_copies.json
?? morsehgp3D_v7/receipts/full_gabriel_successor_20260905/qualification/san/test_outputs.json
?? morsehgp3D_v7/receipts/full_gabriel_successor_20260905/qualification/san/toolchain_after.json
?? morsehgp3D_v7/receipts/full_gabriel_successor_20260905/qualification/sources_after.json
?? morsehgp3D_v7/receipts/full_gabriel_successor_20260905/qualification/sources_before.json
?? morsehgp3D_v7/receipts/full_gabriel_successor_20260905/qualification/toolchain_after.json
?? morsehgp3D_v7/receipts/full_gabriel_successor_20260905/qualification/toolchain_before.json
?? morsehgp3D_v7/receipts/full_gabriel_successor_20260905/qualification/toolchain_commands.json
?? morsehgp3D_v7/tests/full_gabriel_successor_gate.cpp
