stage_start=index
stage_complete=index seconds=0.000005760
stage_start=generate
stage_complete=generate seconds=0.001142350
stage_start=sort_rle
stage_complete=sort_rle seconds=0.000005870
stage_start=cuda_prefilter_census
stage_complete=cuda_prefilter_census seconds=0.155740459
stage_start=full_ball_tower
stage_complete=full_ball_tower seconds=0.000175480
stage_start=payload_digest
stage_complete=payload_digest seconds=0.000051760
	Command being timed: "/tmp/ehgp-full-v7-73766fa52dcfc59b.M5DKWfCPIl/output/full_probe_gpu --n=8 --s=8 --kmax=10 --threads=48"
	User time (seconds): 0.00
	System time (seconds): 0.21
	Percent of CPU this job got: 101%
	Elapsed (wall clock) time (h:mm:ss or m:ss): 0:00.21
	Average shared text size (kbytes): 0
	Average unshared data size (kbytes): 0
	Average stack size (kbytes): 0
	Average total size (kbytes): 0
	Maximum resident set size (kbytes): 106948
	Average resident set size (kbytes): 0
	Major (requiring I/O) page faults: 0
	Minor (reclaiming a frame) page faults: 9755
	Voluntary context switches: 171
	Involuntary context switches: 2
	Swaps: 0
	File system inputs: 0
	File system outputs: 16
	Socket messages sent: 0
	Socket messages received: 0
	Signals delivered: 0
	Page size (bytes): 4096
	Exit status: 0
