stage_start=index
stage_complete=index seconds=0.008358180
stage_start=generate
stage_complete=generate seconds=4.421952659
stage_start=sort_rle
stage_complete=sort_rle seconds=0.326344660
stage_start=cuda_prefilter_census
stage_complete=cuda_prefilter_census seconds=0.846324065
stage_start=full_ball_tower
stage_complete=full_ball_tower seconds=26.983110521
stage_start=payload_digest
stage_complete=payload_digest seconds=0.960647981
	Command being timed: "/tmp/ehgp-full-v7-73766fa52dcfc59b.M5DKWfCPIl/output/full_probe_gpu --n=50000 --s=8 --kmax=5 --threads=48"
	User time (seconds): 180.20
	System time (seconds): 1.54
	Percent of CPU this job got: 538%
	Elapsed (wall clock) time (h:mm:ss or m:ss): 0:33.77
	Average shared text size (kbytes): 0
	Average unshared data size (kbytes): 0
	Average stack size (kbytes): 0
	Average total size (kbytes): 0
	Maximum resident set size (kbytes): 3949772
	Average resident set size (kbytes): 0
	Major (requiring I/O) page faults: 0
	Minor (reclaiming a frame) page faults: 1749689
	Voluntary context switches: 2775
	Involuntary context switches: 7272
	Swaps: 0
	File system inputs: 0
	File system outputs: 32
	Socket messages sent: 0
	Socket messages received: 0
	Signals delivered: 0
	Page size (bytes): 4096
	Exit status: 0
