stage_start=index
stage_complete=index seconds=0.008296391
stage_start=generate
stage_complete=generate seconds=12.258982383
stage_start=sort_rle
stage_complete=sort_rle seconds=3.168912827
stage_start=cuda_prefilter_census
stage_complete=cuda_prefilter_census seconds=4.540113742
stage_start=full_ball_tower
stage_complete=full_ball_tower seconds=390.480777540
stage_start=payload_digest
stage_complete=payload_digest seconds=8.390774786
	Command being timed: "/tmp/ehgp-full-v7-73766fa52dcfc59b.M5DKWfCPIl/output/full_probe_gpu --n=50000 --s=8 --kmax=10 --threads=48"
	User time (seconds): 882.18
	System time (seconds): 8.65
	Percent of CPU this job got: 212%
	Elapsed (wall clock) time (h:mm:ss or m:ss): 6:59.88
	Average shared text size (kbytes): 0
	Average unshared data size (kbytes): 0
	Average stack size (kbytes): 0
	Average total size (kbytes): 0
	Maximum resident set size (kbytes): 16318064
	Average resident set size (kbytes): 0
	Major (requiring I/O) page faults: 0
	Minor (reclaiming a frame) page faults: 11135381
	Voluntary context switches: 6727
	Involuntary context switches: 14975
	Swaps: 0
	File system inputs: 0
	File system outputs: 48
	Socket messages sent: 0
	Socket messages received: 0
	Signals delivered: 0
	Page size (bytes): 4096
	Exit status: 0
