	Command being timed: "/tmp/ehgp-tower-v9-7616f2a67bb67fb4.R0qBVAxGTH/output/build/mhgp9_tower_probe /tmp/ehgp-tower-v9-7616f2a67bb67fb4.R0qBVAxGTH/source/data/scene_01.u32le 5 48 --s=10 --static=48 --grid=1mm --lever=atlas_saturate_deep=1 --lever=q3_leaf_census=1 --lever=q34_dead_lanes=1 --lever=q34_witness_cache=1 --lever=q34_dead_core=1 --lever=tower_meb_proposal=1"
	User time (seconds): 77.70
	System time (seconds): 10.19
	Percent of CPU this job got: 2204%
	Elapsed (wall clock) time (h:mm:ss or m:ss): 0:03.98
	Average shared text size (kbytes): 0
	Average unshared data size (kbytes): 0
	Average stack size (kbytes): 0
	Average total size (kbytes): 0
	Maximum resident set size (kbytes): 1162192
	Average resident set size (kbytes): 0
	Major (requiring I/O) page faults: 0
	Minor (reclaiming a frame) page faults: 371682
	Voluntary context switches: 591761
	Involuntary context switches: 534
	Swaps: 0
	File system inputs: 0
	File system outputs: 16
	Socket messages sent: 0
	Socket messages received: 0
	Signals delivered: 0
	Page size (bytes): 4096
	Exit status: 0
