/usr/bin/ld: /tmp/probe-367c36.o: in function `main':
probe.cpp:(.text+0xee): undefined reference to `operator new(unsigned long)'
/usr/bin/ld: probe.cpp:(.text+0x7d4): undefined reference to `operator new(unsigned long)'
/usr/bin/ld: probe.cpp:(.text+0x83d): undefined reference to `std::cout'
/usr/bin/ld: probe.cpp:(.text+0x849): undefined reference to `std::basic_ostream<char, std::char_traits<char> >& std::__ostream_insert<char, std::char_traits<char> >(std::basic_ostream<char, std::char_traits<char> >&, char const*, long)'
/usr/bin/ld: probe.cpp:(.text+0x865): undefined reference to `std::cout'
/usr/bin/ld: probe.cpp:(.text+0x86d): undefined reference to `std::ostream& std::ostream::_M_insert<unsigned long>(unsigned long)'
/usr/bin/ld: probe.cpp:(.text+0x881): undefined reference to `std::basic_ostream<char, std::char_traits<char> >& std::__ostream_insert<char, std::char_traits<char> >(std::basic_ostream<char, std::char_traits<char> >&, char const*, long)'
/usr/bin/ld: probe.cpp:(.text+0xaa0): undefined reference to `std::cout'
/usr/bin/ld: probe.cpp:(.text+0xab4): undefined reference to `std::basic_ostream<char, std::char_traits<char> >& std::__ostream_insert<char, std::char_traits<char> >(std::basic_ostream<char, std::char_traits<char> >&, char const*, long)'
/usr/bin/ld: probe.cpp:(.text+0xabf): undefined reference to `std::cout'
/usr/bin/ld: probe.cpp:(.text+0xac4): undefined reference to `std::ostream& std::ostream::_M_insert<unsigned long>(unsigned long)'
/usr/bin/ld: probe.cpp:(.text+0xaee): undefined reference to `std::basic_ostream<char, std::char_traits<char> >& std::__ostream_insert<char, std::char_traits<char> >(std::basic_ostream<char, std::char_traits<char> >&, char const*, long)'
/usr/bin/ld: probe.cpp:(.text+0xd31): undefined reference to `operator new(unsigned long)'
/usr/bin/ld: probe.cpp:(.text+0xdfa): undefined reference to `operator delete(void*)'
/usr/bin/ld: probe.cpp:(.text+0xe8d): undefined reference to `operator delete(void*)'
/usr/bin/ld: probe.cpp:(.text+0xe9e): undefined reference to `std::cout'
/usr/bin/ld: probe.cpp:(.text+0xeb2): undefined reference to `std::basic_ostream<char, std::char_traits<char> >& std::__ostream_insert<char, std::char_traits<char> >(std::basic_ostream<char, std::char_traits<char> >&, char const*, long)'
/usr/bin/ld: probe.cpp:(.text+0xec4): undefined reference to `std::ostream::put(char)'
/usr/bin/ld: probe.cpp:(.text+0xed3): undefined reference to `std::ostream& std::ostream::_M_insert<unsigned long>(unsigned long)'
/usr/bin/ld: probe.cpp:(.text+0xef9): undefined reference to `std::basic_ostream<char, std::char_traits<char> >& std::__ostream_insert<char, std::char_traits<char> >(std::basic_ostream<char, std::char_traits<char> >&, char const*, long)'
/usr/bin/ld: probe.cpp:(.text+0xf08): undefined reference to `std::ostream::put(char)'
/usr/bin/ld: probe.cpp:(.text+0xf28): undefined reference to `std::cout'
/usr/bin/ld: probe.cpp:(.text+0xf34): undefined reference to `std::basic_ostream<char, std::char_traits<char> >& std::__ostream_insert<char, std::char_traits<char> >(std::basic_ostream<char, std::char_traits<char> >&, char const*, long)'
/usr/bin/ld: probe.cpp:(.text+0xf51): undefined reference to `std::cout'
/usr/bin/ld: probe.cpp:(.text+0xf6f): undefined reference to `std::basic_ostream<char, std::char_traits<char> >& std::__ostream_insert<char, std::char_traits<char> >(std::basic_ostream<char, std::char_traits<char> >&, char const*, long)'
/usr/bin/ld: probe.cpp:(.text+0xf86): undefined reference to `std::ostream::put(char)'
/usr/bin/ld: probe.cpp:(.text+0xf9c): undefined reference to `std::cout'
/usr/bin/ld: probe.cpp:(.text+0xfa8): undefined reference to `std::basic_ostream<char, std::char_traits<char> >& std::__ostream_insert<char, std::char_traits<char> >(std::basic_ostream<char, std::char_traits<char> >&, char const*, long)'
/usr/bin/ld: probe.cpp:(.text+0xfb6): undefined reference to `std::cout'
/usr/bin/ld: probe.cpp:(.text+0xfbb): undefined reference to `std::ostream& std::ostream::_M_insert<unsigned long>(unsigned long)'
/usr/bin/ld: probe.cpp:(.text+0xfe1): undefined reference to `std::basic_ostream<char, std::char_traits<char> >& std::__ostream_insert<char, std::char_traits<char> >(std::basic_ostream<char, std::char_traits<char> >&, char const*, long)'
/usr/bin/ld: probe.cpp:(.text+0xffc): undefined reference to `std::ostream::put(char)'
/usr/bin/ld: probe.cpp:(.text+0x100e): undefined reference to `std::ostream& std::ostream::_M_insert<unsigned long>(unsigned long)'
/usr/bin/ld: probe.cpp:(.text+0x1034): undefined reference to `std::basic_ostream<char, std::char_traits<char> >& std::__ostream_insert<char, std::char_traits<char> >(std::basic_ostream<char, std::char_traits<char> >&, char const*, long)'
/usr/bin/ld: probe.cpp:(.text+0x1049): undefined reference to `std::ostream::put(char)'
/usr/bin/ld: probe.cpp:(.text+0x105a): undefined reference to `std::cout'
/usr/bin/ld: probe.cpp:(.text+0x1066): undefined reference to `std::basic_ostream<char, std::char_traits<char> >& std::__ostream_insert<char, std::char_traits<char> >(std::basic_ostream<char, std::char_traits<char> >&, char const*, long)'
/usr/bin/ld: probe.cpp:(.text+0x107d): undefined reference to `operator delete(void*)'
/usr/bin/ld: probe.cpp:(.text+0x1085): undefined reference to `operator delete(void*)'
/usr/bin/ld: probe.cpp:(.text+0x10c3): undefined reference to `std::cin'
/usr/bin/ld: probe.cpp:(.text+0x10d0): undefined reference to `std::basic_istream<char, std::char_traits<char> >& std::operator>><char, std::char_traits<char>, std::allocator<char> >(std::basic_istream<char, std::char_traits<char> >&, std::__cxx11::basic_string<char, std::char_traits<char>, std::allocator<char> >&)'
/usr/bin/ld: probe.cpp:(.text+0x10ee): undefined reference to `std::cerr'
/usr/bin/ld: probe.cpp:(.text+0x10ff): undefined reference to `std::basic_ostream<char, std::char_traits<char> >& std::__ostream_insert<char, std::char_traits<char> >(std::basic_ostream<char, std::char_traits<char> >&, char const*, long)'
/usr/bin/ld: probe.cpp:(.text+0x1106): undefined reference to `std::cerr'
/usr/bin/ld: probe.cpp:(.text+0x111a): undefined reference to `std::basic_ostream<char, std::char_traits<char> >& std::__ostream_insert<char, std::char_traits<char> >(std::basic_ostream<char, std::char_traits<char> >&, char const*, long)'
/usr/bin/ld: probe.cpp:(.text+0x1139): undefined reference to `std::cerr'
/usr/bin/ld: probe.cpp:(.text+0x1148): undefined reference to `std::basic_ostream<char, std::char_traits<char> >& std::__ostream_insert<char, std::char_traits<char> >(std::basic_ostream<char, std::char_traits<char> >&, char const*, long)'
/usr/bin/ld: probe.cpp:(.text+0x1154): undefined reference to `std::cerr'
/usr/bin/ld: probe.cpp:(.text+0x1168): undefined reference to `std::basic_ostream<char, std::char_traits<char> >& std::__ostream_insert<char, std::char_traits<char> >(std::basic_ostream<char, std::char_traits<char> >&, char const*, long)'
/usr/bin/ld: probe.cpp:(.text+0x117c): undefined reference to `std::basic_ostream<char, std::char_traits<char> >& std::__ostream_insert<char, std::char_traits<char> >(std::basic_ostream<char, std::char_traits<char> >&, char const*, long)'
/usr/bin/ld: probe.cpp:(.text+0x119a): undefined reference to `std::cerr'
/usr/bin/ld: probe.cpp:(.text+0x11ac): undefined reference to `std::basic_ostream<char, std::char_traits<char> >& std::__ostream_insert<char, std::char_traits<char> >(std::basic_ostream<char, std::char_traits<char> >&, char const*, long)'
/usr/bin/ld: probe.cpp:(.text+0x11b8): undefined reference to `std::cerr'
/usr/bin/ld: probe.cpp:(.text+0x11c2): undefined reference to `std::ostream::put(char)'
/usr/bin/ld: probe.cpp:(.text+0x11ce): undefined reference to `std::cerr'
/usr/bin/ld: probe.cpp:(.text+0x11df): undefined reference to `std::basic_ostream<char, std::char_traits<char> >& std::__ostream_insert<char, std::char_traits<char> >(std::basic_ostream<char, std::char_traits<char> >&, char const*, long)'
/usr/bin/ld: probe.cpp:(.text+0x11e6): undefined reference to `std::cerr'
/usr/bin/ld: probe.cpp:(.text+0x11fa): undefined reference to `std::basic_ostream<char, std::char_traits<char> >& std::__ostream_insert<char, std::char_traits<char> >(std::basic_ostream<char, std::char_traits<char> >&, char const*, long)'
/usr/bin/ld: probe.cpp:(.text+0x1215): undefined reference to `std::cerr'
/usr/bin/ld: probe.cpp:(.text+0x1224): undefined reference to `std::basic_ostream<char, std::char_traits<char> >& std::__ostream_insert<char, std::char_traits<char> >(std::basic_ostream<char, std::char_traits<char> >&, char const*, long)'
/usr/bin/ld: probe.cpp:(.text+0x1230): undefined reference to `std::cerr'
/usr/bin/ld: probe.cpp:(.text+0x1241): undefined reference to `std::basic_ostream<char, std::char_traits<char> >& std::__ostream_insert<char, std::char_traits<char> >(std::basic_ostream<char, std::char_traits<char> >&, char const*, long)'
/usr/bin/ld: probe.cpp:(.text+0x1248): undefined reference to `std::cerr'
/usr/bin/ld: probe.cpp:(.text+0x125c): undefined reference to `std::basic_ostream<char, std::char_traits<char> >& std::__ostream_insert<char, std::char_traits<char> >(std::basic_ostream<char, std::char_traits<char> >&, char const*, long)'
/usr/bin/ld: probe.cpp:(.text+0x1277): undefined reference to `std::cerr'
/usr/bin/ld: probe.cpp:(.text+0x1286): undefined reference to `std::basic_ostream<char, std::char_traits<char> >& std::__ostream_insert<char, std::char_traits<char> >(std::basic_ostream<char, std::char_traits<char> >&, char const*, long)'
/usr/bin/ld: probe.cpp:(.text+0x128f): undefined reference to `std::cerr'
/usr/bin/ld: probe.cpp:(.text+0x1299): undefined reference to `std::ostream::put(char)'
/usr/bin/ld: probe.cpp:(.text+0x12a2): undefined reference to `std::cerr'
/usr/bin/ld: probe.cpp:(.text+0x12b6): undefined reference to `std::basic_ostream<char, std::char_traits<char> >& std::__ostream_insert<char, std::char_traits<char> >(std::basic_ostream<char, std::char_traits<char> >&, char const*, long)'
/usr/bin/ld: probe.cpp:(.text+0x12ce): undefined reference to `std::cerr'
/usr/bin/ld: probe.cpp:(.text+0x12d8): undefined reference to `std::ostream::put(char)'
/usr/bin/ld: probe.cpp:(.text+0x12e0): undefined reference to `operator delete(void*)'
/usr/bin/ld: probe.cpp:(.text+0x12fe): undefined reference to `std::cerr'
/usr/bin/ld: probe.cpp:(.text+0x1308): undefined reference to `std::ostream::put(char)'
/usr/bin/ld: probe.cpp:(.text+0x1321): undefined reference to `operator delete(void*)'
/usr/bin/ld: probe.cpp:(.text+0x132c): undefined reference to `std::cerr'
/usr/bin/ld: probe.cpp:(.text+0x1340): undefined reference to `std::basic_ostream<char, std::char_traits<char> >& std::__ostream_insert<char, std::char_traits<char> >(std::basic_ostream<char, std::char_traits<char> >&, char const*, long)'
/usr/bin/ld: probe.cpp:(.text+0x135d): undefined reference to `std::__throw_length_error(char const*)'
/usr/bin/ld: probe.cpp:(.text+0x13ba): undefined reference to `operator delete(void*)'
/usr/bin/ld: probe.cpp:(.text+0x13c2): undefined reference to `operator delete(void*)'
/usr/bin/ld: probe.cpp:(.text+0x13cf): undefined reference to `operator delete(void*)'
/usr/bin/ld: /tmp/probe-367c36.o: in function `(anonymous namespace)::read_u32(unsigned int&)':
probe.cpp:(.text+0x1405): undefined reference to `std::cin'
/usr/bin/ld: probe.cpp:(.text+0x140d): undefined reference to `std::basic_istream<char, std::char_traits<char> >& std::operator>><char, std::char_traits<char>, std::allocator<char> >(std::basic_istream<char, std::char_traits<char> >&, std::__cxx11::basic_string<char, std::char_traits<char>, std::allocator<char> >&)'
/usr/bin/ld: probe.cpp:(.text+0x142b): undefined reference to `operator delete(void*)'
/usr/bin/ld: probe.cpp:(.text+0x14c5): undefined reference to `operator delete(void*)'
/usr/bin/ld: /tmp/probe-367c36.o:(.data.DW.ref.__gxx_personality_v0[DW.ref.__gxx_personality_v0]+0x0): undefined reference to `__gxx_personality_v0'
clang: error: linker command failed with exit code 1 (use -v to see invocation)
