0 0 0 0
0 1 1 1
0 2 2 2
0 2147483647 2147483647 2147483647
0 2147483648 2147483648 2147483648
0 2147483649 2147483649 2147483649
0 4294967294 4294967294 4294967294
0 4294967295 4294967295 4294967295
0 4294967296 4294967296 4294967296
0 4294967297 4294967297 4294967297
1 0 1 1
1 1 1 2
1 2 2 3
1 2147483647 2147483647 2147483648
1 2147483648 2147483648 2147483649
1 2147483649 2147483649 2147483650
1 4294967294 4294967294 4294967295
1 4294967295 4294967295 4294967296
1 4294967296 4294967296 4294967297
1 4294967297 4294967297 4294967298
2 0 2 2
2 1 2 3
2 2 2 4
2 2147483647 2147483647 2147483649
2 2147483648 2147483648 2147483650
2 2147483649 2147483649 2147483651
2 4294967294 4294967294 4294967296
2 4294967295 4294967295 4294967297
2 4294967296 4294967296 4294967298
2 4294967297 4294967297 4294967299
2147483647 0 2147483647 2147483647
2147483647 1 2147483647 2147483648
2147483647 2 2147483647 2147483649
2147483647 2147483647 2147483647 4294967294
2147483647 2147483648 2147483648 4294967295
2147483647 2147483649 2147483649 4294967296
2147483647 4294967294 4294967294 6442450941
2147483647 4294967295 4294967295 6442450942
2147483647 4294967296 4294967296 6442450943
2147483647 4294967297 4294967297 6442450944
2147483648 0 2147483648 2147483648
2147483648 1 2147483648 2147483649
2147483648 2 2147483648 2147483650
2147483648 2147483647 2147483648 4294967295
2147483648 2147483648 2147483648 4294967296
2147483648 2147483649 2147483649 4294967297
2147483648 4294967294 4294967294 6442450942
2147483648 4294967295 4294967295 6442450943
2147483648 4294967296 4294967296 6442450944
2147483648 4294967297 4294967297 6442450945
2147483649 0 2147483649 2147483649
2147483649 1 2147483649 2147483650
2147483649 2 2147483649 2147483651
2147483649 2147483647 2147483649 4294967296
2147483649 2147483648 2147483649 4294967297
2147483649 2147483649 2147483649 4294967298
2147483649 4294967294 4294967294 6442450943
2147483649 4294967295 4294967295 6442450944
2147483649 4294967296 4294967296 6442450945
2147483649 4294967297 4294967297 6442450946
4294967294 0 4294967294 4294967294
4294967294 1 4294967294 4294967295
4294967294 2 4294967294 4294967296
4294967294 2147483647 4294967294 6442450941
4294967294 2147483648 4294967294 6442450942
4294967294 2147483649 4294967294 6442450943
4294967294 4294967294 4294967294 8589934588
4294967294 4294967295 4294967295 8589934589
4294967294 4294967296 4294967296 8589934590
4294967294 4294967297 4294967297 8589934591
4294967295 0 4294967295 4294967295
4294967295 1 4294967295 4294967296
4294967295 2 4294967295 4294967297
4294967295 2147483647 4294967295 6442450942
4294967295 2147483648 4294967295 6442450943
4294967295 2147483649 4294967295 6442450944
4294967295 4294967294 4294967295 8589934589
4294967295 4294967295 4294967295 8589934590
4294967295 4294967296 4294967296 8589934591
4294967295 4294967297 4294967297 8589934592
4294967296 0 4294967296 4294967296
4294967296 1 4294967296 4294967297
4294967296 2 4294967296 4294967298
4294967296 2147483647 4294967296 6442450943
4294967296 2147483648 4294967296 6442450944
4294967296 2147483649 4294967296 6442450945
4294967296 4294967294 4294967296 8589934590
4294967296 4294967295 4294967296 8589934591
4294967296 4294967296 4294967296 8589934592
4294967296 4294967297 4294967297 8589934593
4294967297 0 4294967297 4294967297
4294967297 1 4294967297 4294967298
4294967297 2 4294967297 4294967299
4294967297 2147483647 4294967297 6442450944
4294967297 2147483648 4294967297 6442450945
4294967297 2147483649 4294967297 6442450946
4294967297 4294967294 4294967297 8589934591
4294967297 4294967295 4294967297 8589934592
4294967297 4294967296 4294967297 8589934593
4294967297 4294967297 4294967297 8589934594
