stage_start=index
stage_complete=index seconds=0.000547732
stage_start=generate
stage_complete=generate seconds=8.338777631
stage_start=sort_rle
stage_complete=sort_rle seconds=0.166408477
stage_start=prefilter
stage_complete=prefilter seconds=1.443094237
stage_start=census
stage_complete=census seconds=1.014459695
stage_start=full_ball_tower
stage_complete=full_ball_tower seconds=9.771049497
stage_start=payload_digest
stage_complete=payload_digest seconds=0.286121490
	Command being timed: "/workspaces/E-HGP/build/v7_combined_resolver_20260910/run_probe_build/combined --n=1000 --s=8 --kmax=10 --threads=1"
	User time (seconds): 18.63
	System time (seconds): 0.38
	Percent of CPU this job got: 90%
	Elapsed (wall clock) time (h:mm:ss or m:ss): 0:21.07
	Average shared text size (kbytes): 0
	Average unshared data size (kbytes): 0
	Average stack size (kbytes): 0
	Average total size (kbytes): 0
	Maximum resident set size (kbytes): 233156
	Average resident set size (kbytes): 0
	Major (requiring I/O) page faults: 0
	Minor (reclaiming a frame) page faults: 99528
	Voluntary context switches: 1
	Involuntary context switches: 6079
	Swaps: 0
	File system inputs: 0
	File system outputs: 16
	Socket messages sent: 0
	Socket messages received: 0
	Signals delivered: 0
	Page size (bytes): 4096
	Exit status: 0
