{
  "GCP_used": false,
  "K": 2,
  "cases": 11,
  "catalogue_balls_per_case": 10,
  "gamma_hyperedges_per_case": 4,
  "gamma_vertices_per_case": 6,
  "native_calls": 0,
  "reports": [
    {
      "M": null,
      "ab_p": 0,
      "ab_qmin": 2,
      "ab_strong": true,
      "alpha_a2": "81/4",
      "delta": "0",
      "determinant": "270",
      "entry_a": "25",
      "eta": "1/8",
      "full_gamma": [
        {
          "beta": "5/2",
          "closed": false,
          "components": [],
          "covers": []
        },
        {
          "beta": "5/2",
          "closed": true,
          "components": [
            [
              [
                1,
                2
              ]
            ]
          ],
          "covers": [
            [
              1,
              2
            ]
          ]
        },
        {
          "beta": "81/4",
          "closed": false,
          "components": [
            [
              [
                1,
                2
              ]
            ]
          ],
          "covers": [
            [
              1,
              2
            ]
          ]
        },
        {
          "beta": "81/4",
          "closed": true,
          "components": [
            [
              [
                0,
                3
              ]
            ],
            [
              [
                1,
                2
              ]
            ]
          ],
          "covers": [
            [
              0,
              3
            ],
            [
              1,
              2
            ]
          ]
        },
        {
          "beta": "45/2",
          "closed": false,
          "components": [
            [
              [
                0,
                3
              ]
            ],
            [
              [
                1,
                2
              ]
            ]
          ],
          "covers": [
            [
              0,
              3
            ],
            [
              1,
              2
            ]
          ]
        },
        {
          "beta": "45/2",
          "closed": true,
          "components": [
            [
              [
                0,
                2
              ]
            ],
            [
              [
                0,
                3
              ]
            ],
            [
              [
                1,
                2
              ]
            ]
          ],
          "covers": [
            [
              0,
              2
            ],
            [
              0,
              3
            ],
            [
              1,
              2
            ]
          ]
        },
        {
          "beta": "25",
          "closed": false,
          "components": [
            [
              [
                0,
                2
              ]
            ],
            [
              [
                0,
                3
              ]
            ],
            [
              [
                1,
                2
              ]
            ]
          ],
          "covers": [
            [
              0,
              2
            ],
            [
              0,
              3
            ],
            [
              1,
              2
            ]
          ]
        },
        {
          "beta": "25",
          "closed": true,
          "components": [
            [
              [
                0,
                1
              ],
              [
                0,
                2
              ],
              [
                1,
                2
              ]
            ],
            [
              [
                0,
                3
              ]
            ]
          ],
          "covers": [
            [
              0,
              1,
              2
            ],
            [
              0,
              3
            ]
          ]
        },
        {
          "beta": "171/4",
          "closed": false,
          "components": [
            [
              [
                0,
                1
              ],
              [
                0,
                2
              ],
              [
                1,
                2
              ]
            ],
            [
              [
                0,
                3
              ]
            ]
          ],
          "covers": [
            [
              0,
              1,
              2
            ],
            [
              0,
              3
            ]
          ]
        },
        {
          "beta": "171/4",
          "closed": true,
          "components": [
            [
              [
                0,
                1
              ],
              [
                0,
                2
              ],
              [
                0,
                3
              ],
              [
                1,
                2
              ],
              [
                2,
                3
              ]
            ]
          ],
          "covers": [
            [
              0,
              1,
              2,
              3
            ]
          ]
        },
        {
          "beta": "181/4",
          "closed": false,
          "components": [
            [
              [
                0,
                1
              ],
              [
                0,
                2
              ],
              [
                0,
                3
              ],
              [
                1,
                2
              ],
              [
                2,
                3
              ]
            ]
          ],
          "covers": [
            [
              0,
              1,
              2,
              3
            ]
          ]
        },
        {
          "beta": "181/4",
          "closed": true,
          "components": [
            [
              [
                0,
                1
              ],
              [
                0,
                2
              ],
              [
                0,
                3
              ],
              [
                1,
                2
              ],
              [
                1,
                3
              ],
              [
                2,
                3
              ]
            ]
          ],
          "covers": [
            [
              0,
              1,
              2,
              3
            ]
          ]
        }
      ],
      "height_ab": "25",
      "height_ay": "171/4",
      "minimum_squared_band_gap": "161/256",
      "name": "base_shell",
      "parts_entry_a": "25",
      "parts_height_ab": "25",
      "points": [
        [
          "0",
          "0",
          "0"
        ],
        [
          "10",
          "0",
          "0"
        ],
        [
          "9",
          "3",
          "0"
        ],
        [
          "0",
          "0",
          "9"
        ]
      ],
      "scale": "1",
      "threshold_a": "6561/256",
      "vote_count_a": 3
    },
    {
      "M": null,
      "ab_p": 1,
      "ab_qmin": 2,
      "ab_strong": false,
      "alpha_a2": "81/4",
      "delta": "1/16",
      "determinant": "270",
      "entry_a": "43489/1024",
      "eta": "1/8",
      "full_gamma": [
        {
          "beta": "2593/1024",
          "closed": false,
          "components": [],
          "covers": []
        },
        {
          "beta": "2593/1024",
          "closed": true,
          "components": [
            [
              [
                1,
                2
              ]
            ]
          ],
          "covers": [
            [
              1,
              2
            ]
          ]
        },
        {
          "beta": "81/4",
          "closed": false,
          "components": [
            [
              [
                1,
                2
              ]
            ]
          ],
          "covers": [
            [
              1,
              2
            ]
          ]
        },
        {
          "beta": "81/4",
          "closed": true,
          "components": [
            [
              [
                0,
                3
              ]
            ],
            [
              [
                1,
                2
              ]
            ]
          ],
          "covers": [
            [
              0,
              3
            ],
            [
              1,
              2
            ]
          ]
        },
        {
          "beta": "22753/1024",
          "closed": false,
          "components": [
            [
              [
                0,
                3
              ]
            ],
            [
              [
                1,
                2
              ]
            ]
          ],
          "covers": [
            [
              0,
              3
            ],
            [
              1,
              2
            ]
          ]
        },
        {
          "beta": "22753/1024",
          "closed": true,
          "components": [
            [
              [
                0,
                2
              ]
            ],
            [
              [
                0,
                3
              ]
            ],
            [
              [
                1,
                2
              ]
            ]
          ],
          "covers": [
            [
              0,
              2
            ],
            [
              0,
              3
            ],
            [
              1,
              2
            ]
          ]
        },
        {
          "beta": "25",
          "closed": false,
          "components": [
            [
              [
                0,
                2
              ]
            ],
            [
              [
                0,
                3
              ]
            ],
            [
              [
                1,
                2
              ]
            ]
          ],
          "covers": [
            [
              0,
              2
            ],
            [
              0,
              3
            ],
            [
              1,
              2
            ]
          ]
        },
        {
          "beta": "25",
          "closed": true,
          "components": [
            [
              [
                0,
                1
              ],
              [
                0,
                2
              ],
              [
                1,
                2
              ]
            ],
            [
              [
                0,
                3
              ]
            ]
          ],
          "covers": [
            [
              0,
              1,
              2
            ],
            [
              0,
              3
            ]
          ]
        },
        {
          "beta": "43489/1024",
          "closed": false,
          "components": [
            [
              [
                0,
                1
              ],
              [
                0,
                2
              ],
              [
                1,
                2
              ]
            ],
            [
              [
                0,
                3
              ]
            ]
          ],
          "covers": [
            [
              0,
              1,
              2
            ],
            [
              0,
              3
            ]
          ]
        },
        {
          "beta": "43489/1024",
          "closed": true,
          "components": [
            [
              [
                0,
                1
              ],
              [
                0,
                2
              ],
              [
                0,
                3
              ],
              [
                1,
                2
              ],
              [
                2,
                3
              ]
            ]
          ],
          "covers": [
            [
              0,
              1,
              2,
              3
            ]
          ]
        },
        {
          "beta": "181/4",
          "closed": false,
          "components": [
            [
              [
                0,
                1
              ],
              [
                0,
                2
              ],
              [
                0,
                3
              ],
              [
                1,
                2
              ],
              [
                2,
                3
              ]
            ]
          ],
          "covers": [
            [
              0,
              1,
              2,
              3
            ]
          ]
        },
        {
          "beta": "181/4",
          "closed": true,
          "components": [
            [
              [
                0,
                1
              ],
              [
                0,
                2
              ],
              [
                0,
                3
              ],
              [
                1,
                2
              ],
              [
                1,
                3
              ],
              [
                2,
                3
              ]
            ]
          ],
          "covers": [
            [
              0,
              1,
              2,
              3
            ]
          ]
        }
      ],
      "height_ab": "43489/1024",
      "height_ay": "43489/1024",
      "minimum_squared_band_gap": "161/256",
      "name": "base_inward_1/16",
      "parts_entry_a": "25",
      "parts_height_ab": "25",
      "points": [
        [
          "0",
          "0",
          "0"
        ],
        [
          "10",
          "0",
          "0"
        ],
        [
          "143/16",
          "3",
          "0"
        ],
        [
          "0",
          "0",
          "9"
        ]
      ],
      "scale": "1",
      "threshold_a": "6561/256",
      "vote_count_a": 2
    },
    {
      "M": null,
      "ab_p": 1,
      "ab_qmin": 2,
      "ab_strong": false,
      "alpha_a2": "81/4",
      "delta": "1/256",
      "determinant": "270",
      "entry_a": "11202049/262144",
      "eta": "1/8",
      "full_gamma": [
        {
          "beta": "655873/262144",
          "closed": false,
          "components": [],
          "covers": []
        },
        {
          "beta": "655873/262144",
          "closed": true,
          "components": [
            [
              [
                1,
                2
              ]
            ]
          ],
          "covers": [
            [
              1,
              2
            ]
          ]
        },
        {
          "beta": "81/4",
          "closed": false,
          "components": [
            [
              [
                1,
                2
              ]
            ]
          ],
          "covers": [
            [
              1,
              2
            ]
          ]
        },
        {
          "beta": "81/4",
          "closed": true,
          "components": [
            [
              [
                0,
                3
              ]
            ],
            [
              [
                1,
                2
              ]
            ]
          ],
          "covers": [
            [
              0,
              3
            ],
            [
              1,
              2
            ]
          ]
        },
        {
          "beta": "5893633/262144",
          "closed": false,
          "components": [
            [
              [
                0,
                3
              ]
            ],
            [
              [
                1,
                2
              ]
            ]
          ],
          "covers": [
            [
              0,
              3
            ],
            [
              1,
              2
            ]
          ]
        },
        {
          "beta": "5893633/262144",
          "closed": true,
          "components": [
            [
              [
                0,
                2
              ]
            ],
            [
              [
                0,
                3
              ]
            ],
            [
              [
                1,
                2
              ]
            ]
          ],
          "covers": [
            [
              0,
              2
            ],
            [
              0,
              3
            ],
            [
              1,
              2
            ]
          ]
        },
        {
          "beta": "25",
          "closed": false,
          "components": [
            [
              [
                0,
                2
              ]
            ],
            [
              [
                0,
                3
              ]
            ],
            [
              [
                1,
                2
              ]
            ]
          ],
          "covers": [
            [
              0,
              2
            ],
            [
              0,
              3
            ],
            [
              1,
              2
            ]
          ]
        },
        {
          "beta": "25",
          "closed": true,
          "components": [
            [
              [
                0,
                1
              ],
              [
                0,
                2
              ],
              [
                1,
                2
              ]
            ],
            [
              [
                0,
                3
              ]
            ]
          ],
          "covers": [
            [
              0,
              1,
              2
            ],
            [
              0,
              3
            ]
          ]
        },
        {
          "beta": "11202049/262144",
          "closed": false,
          "components": [
            [
              [
                0,
                1
              ],
              [
                0,
                2
              ],
              [
                1,
                2
              ]
            ],
            [
              [
                0,
                3
              ]
            ]
          ],
          "covers": [
            [
              0,
              1,
              2
            ],
            [
              0,
              3
            ]
          ]
        },
        {
          "beta": "11202049/262144",
          "closed": true,
          "components": [
            [
              [
                0,
                1
              ],
              [
                0,
                2
              ],
              [
                0,
                3
              ],
              [
                1,
                2
              ],
              [
                2,
                3
              ]
            ]
          ],
          "covers": [
            [
              0,
              1,
              2,
              3
            ]
          ]
        },
        {
          "beta": "181/4",
          "closed": false,
          "components": [
            [
              [
                0,
                1
              ],
              [
                0,
                2
              ],
              [
                0,
                3
              ],
              [
                1,
                2
              ],
              [
                2,
                3
              ]
            ]
          ],
          "covers": [
            [
              0,
              1,
              2,
              3
            ]
          ]
        },
        {
          "beta": "181/4",
          "closed": true,
          "components": [
            [
              [
                0,
                1
              ],
              [
                0,
                2
              ],
              [
                0,
                3
              ],
              [
                1,
                2
              ],
              [
                1,
                3
              ],
              [
                2,
                3
              ]
            ]
          ],
          "covers": [
            [
              0,
              1,
              2,
              3
            ]
          ]
        }
      ],
      "height_ab": "11202049/262144",
      "height_ay": "11202049/262144",
      "minimum_squared_band_gap": "161/256",
      "name": "base_inward_1/256",
      "parts_entry_a": "25",
      "parts_height_ab": "25",
      "points": [
        [
          "0",
          "0",
          "0"
        ],
        [
          "10",
          "0",
          "0"
        ],
        [
          "2303/256",
          "3",
          "0"
        ],
        [
          "0",
          "0",
          "9"
        ]
      ],
      "scale": "1",
      "threshold_a": "6561/256",
      "vote_count_a": 2
    },
    {
      "M": null,
      "ab_p": 1,
      "ab_qmin": 2,
      "ab_strong": false,
      "alpha_a2": "81/4",
      "delta": "1/4096",
      "determinant": "270",
      "entry_a": "2868830209/67108864",
      "eta": "1/8",
      "full_gamma": [
        {
          "beta": "167780353/67108864",
          "closed": false,
          "components": [],
          "covers": []
        },
        {
          "beta": "167780353/67108864",
          "closed": true,
          "components": [
            [
              [
                1,
                2
              ]
            ]
          ],
          "covers": [
            [
              1,
              2
            ]
          ]
        },
        {
          "beta": "81/4",
          "closed": false,
          "components": [
            [
              [
                1,
                2
              ]
            ]
          ],
          "covers": [
            [
              1,
              2
            ]
          ]
        },
        {
          "beta": "81/4",
          "closed": true,
          "components": [
            [
              [
                0,
                3
              ]
            ],
            [
              [
                1,
                2
              ]
            ]
          ],
          "covers": [
            [
              0,
              3
            ],
            [
              1,
              2
            ]
          ]
        },
        {
          "beta": "1509875713/67108864",
          "closed": false,
          "components": [
            [
              [
                0,
                3
              ]
            ],
            [
              [
                1,
                2
              ]
            ]
          ],
          "covers": [
            [
              0,
              3
            ],
            [
              1,
              2
            ]
          ]
        },
        {
          "beta": "1509875713/67108864",
          "closed": true,
          "components": [
            [
              [
                0,
                2
              ]
            ],
            [
              [
                0,
                3
              ]
            ],
            [
              [
                1,
                2
              ]
            ]
          ],
          "covers": [
            [
              0,
              2
            ],
            [
              0,
              3
            ],
            [
              1,
              2
            ]
          ]
        },
        {
          "beta": "25",
          "closed": false,
          "components": [
            [
              [
                0,
                2
              ]
            ],
            [
              [
                0,
                3
              ]
            ],
            [
              [
                1,
                2
              ]
            ]
          ],
          "covers": [
            [
              0,
              2
            ],
            [
              0,
              3
            ],
            [
              1,
              2
            ]
          ]
        },
        {
          "beta": "25",
          "closed": true,
          "components": [
            [
              [
                0,
                1
              ],
              [
                0,
                2
              ],
              [
                1,
                2
              ]
            ],
            [
              [
                0,
                3
              ]
            ]
          ],
          "covers": [
            [
              0,
              1,
              2
            ],
            [
              0,
              3
            ]
          ]
        },
        {
          "beta": "2868830209/67108864",
          "closed": false,
          "components": [
            [
              [
                0,
                1
              ],
              [
                0,
                2
              ],
              [
                1,
                2
              ]
            ],
            [
              [
                0,
                3
              ]
            ]
          ],
          "covers": [
            [
              0,
              1,
              2
            ],
            [
              0,
              3
            ]
          ]
        },
        {
          "beta": "2868830209/67108864",
          "closed": true,
          "components": [
            [
              [
                0,
                1
              ],
              [
                0,
                2
              ],
              [
                0,
                3
              ],
              [
                1,
                2
              ],
              [
                2,
                3
              ]
            ]
          ],
          "covers": [
            [
              0,
              1,
              2,
              3
            ]
          ]
        },
        {
          "beta": "181/4",
          "closed": false,
          "components": [
            [
              [
                0,
                1
              ],
              [
                0,
                2
              ],
              [
                0,
                3
              ],
              [
                1,
                2
              ],
              [
                2,
                3
              ]
            ]
          ],
          "covers": [
            [
              0,
              1,
              2,
              3
            ]
          ]
        },
        {
          "beta": "181/4",
          "closed": true,
          "components": [
            [
              [
                0,
                1
              ],
              [
                0,
                2
              ],
              [
                0,
                3
              ],
              [
                1,
                2
              ],
              [
                1,
                3
              ],
              [
                2,
                3
              ]
            ]
          ],
          "covers": [
            [
              0,
              1,
              2,
              3
            ]
          ]
        }
      ],
      "height_ab": "2868830209/67108864",
      "height_ay": "2868830209/67108864",
      "minimum_squared_band_gap": "161/256",
      "name": "base_inward_1/4096",
      "parts_entry_a": "25",
      "parts_height_ab": "25",
      "points": [
        [
          "0",
          "0",
          "0"
        ],
        [
          "10",
          "0",
          "0"
        ],
        [
          "36863/4096",
          "3",
          "0"
        ],
        [
          "0",
          "0",
          "9"
        ]
      ],
      "scale": "1",
      "threshold_a": "6561/256",
      "vote_count_a": 2
    },
    {
      "M": null,
      "ab_p": 1,
      "ab_qmin": 2,
      "ab_strong": false,
      "alpha_a2": "81/4",
      "delta": "1/65536",
      "determinant": "270",
      "entry_a": "734438227969/17179869184",
      "eta": "1/8",
      "full_gamma": [
        {
          "beta": "42949804033/17179869184",
          "closed": false,
          "components": [],
          "covers": []
        },
        {
          "beta": "42949804033/17179869184",
          "closed": true,
          "components": [
            [
              [
                1,
                2
              ]
            ]
          ],
          "covers": [
            [
              1,
              2
            ]
          ]
        },
        {
          "beta": "81/4",
          "closed": false,
          "components": [
            [
              [
                1,
                2
              ]
            ]
          ],
          "covers": [
            [
              1,
              2
            ]
          ]
        },
        {
          "beta": "81/4",
          "closed": true,
          "components": [
            [
              [
                0,
                3
              ]
            ],
            [
              [
                1,
                2
              ]
            ]
          ],
          "covers": [
            [
              0,
              3
            ],
            [
              1,
              2
            ]
          ]
        },
        {
          "beta": "386545876993/17179869184",
          "closed": false,
          "components": [
            [
              [
                0,
                3
              ]
            ],
            [
              [
                1,
                2
              ]
            ]
          ],
          "covers": [
            [
              0,
              3
            ],
            [
              1,
              2
            ]
          ]
        },
        {
          "beta": "386545876993/17179869184",
          "closed": true,
          "components": [
            [
              [
                0,
                2
              ]
            ],
            [
              [
                0,
                3
              ]
            ],
            [
              [
                1,
                2
              ]
            ]
          ],
          "covers": [
            [
              0,
              2
            ],
            [
              0,
              3
            ],
            [
              1,
              2
            ]
          ]
        },
        {
          "beta": "25",
          "closed": false,
          "components": [
            [
              [
                0,
                2
              ]
            ],
            [
              [
                0,
                3
              ]
            ],
            [
              [
                1,
                2
              ]
            ]
          ],
          "covers": [
            [
              0,
              2
            ],
            [
              0,
              3
            ],
            [
              1,
              2
            ]
          ]
        },
        {
          "beta": "25",
          "closed": true,
          "components": [
            [
              [
                0,
                1
              ],
              [
                0,
                2
              ],
              [
                1,
                2
              ]
            ],
            [
              [
                0,
                3
              ]
            ]
          ],
          "covers": [
            [
              0,
              1,
              2
            ],
            [
              0,
              3
            ]
          ]
        },
        {
          "beta": "734438227969/17179869184",
          "closed": false,
          "components": [
            [
              [
                0,
                1
              ],
              [
                0,
                2
              ],
              [
                1,
                2
              ]
            ],
            [
              [
                0,
                3
              ]
            ]
          ],
          "covers": [
            [
              0,
              1,
              2
            ],
            [
              0,
              3
            ]
          ]
        },
        {
          "beta": "734438227969/17179869184",
          "closed": true,
          "components": [
            [
              [
                0,
                1
              ],
              [
                0,
                2
              ],
              [
                0,
                3
              ],
              [
                1,
                2
              ],
              [
                2,
                3
              ]
            ]
          ],
          "covers": [
            [
              0,
              1,
              2,
              3
            ]
          ]
        },
        {
          "beta": "181/4",
          "closed": false,
          "components": [
            [
              [
                0,
                1
              ],
              [
                0,
                2
              ],
              [
                0,
                3
              ],
              [
                1,
                2
              ],
              [
                2,
                3
              ]
            ]
          ],
          "covers": [
            [
              0,
              1,
              2,
              3
            ]
          ]
        },
        {
          "beta": "181/4",
          "closed": true,
          "components": [
            [
              [
                0,
                1
              ],
              [
                0,
                2
              ],
              [
                0,
                3
              ],
              [
                1,
                2
              ],
              [
                1,
                3
              ],
              [
                2,
                3
              ]
            ]
          ],
          "covers": [
            [
              0,
              1,
              2,
              3
            ]
          ]
        }
      ],
      "height_ab": "734438227969/17179869184",
      "height_ay": "734438227969/17179869184",
      "minimum_squared_band_gap": "161/256",
      "name": "base_inward_1/65536",
      "parts_entry_a": "25",
      "parts_height_ab": "25",
      "points": [
        [
          "0",
          "0",
          "0"
        ],
        [
          "10",
          "0",
          "0"
        ],
        [
          "589823/65536",
          "3",
          "0"
        ],
        [
          "0",
          "0",
          "9"
        ]
      ],
      "scale": "1",
      "threshold_a": "6561/256",
      "vote_count_a": 2
    },
    {
      "M": null,
      "ab_p": 0,
      "ab_qmin": 2,
      "ab_strong": true,
      "alpha_a2": "21233664",
      "delta": "0",
      "determinant": "289910292480",
      "entry_a": "26214400",
      "eta": "1/8",
      "full_gamma": [
        {
          "beta": "2621440",
          "closed": false,
          "components": [],
          "covers": []
        },
        {
          "beta": "2621440",
          "closed": true,
          "components": [
            [
              [
                1,
                2
              ]
            ]
          ],
          "covers": [
            [
              1,
              2
            ]
          ]
        },
        {
          "beta": "21233664",
          "closed": false,
          "components": [
            [
              [
                1,
                2
              ]
            ]
          ],
          "covers": [
            [
              1,
              2
            ]
          ]
        },
        {
          "beta": "21233664",
          "closed": true,
          "components": [
            [
              [
                0,
                3
              ]
            ],
            [
              [
                1,
                2
              ]
            ]
          ],
          "covers": [
            [
              0,
              3
            ],
            [
              1,
              2
            ]
          ]
        },
        {
          "beta": "23592960",
          "closed": false,
          "components": [
            [
              [
                0,
                3
              ]
            ],
            [
              [
                1,
                2
              ]
            ]
          ],
          "covers": [
            [
              0,
              3
            ],
            [
              1,
              2
            ]
          ]
        },
        {
          "beta": "23592960",
          "closed": true,
          "components": [
            [
              [
                0,
                2
              ]
            ],
            [
              [
                0,
                3
              ]
            ],
            [
              [
                1,
                2
              ]
            ]
          ],
          "covers": [
            [
              0,
              2
            ],
            [
              0,
              3
            ],
            [
              1,
              2
            ]
          ]
        },
        {
          "beta": "26214400",
          "closed": false,
          "components": [
            [
              [
                0,
                2
              ]
            ],
            [
              [
                0,
                3
              ]
            ],
            [
              [
                1,
                2
              ]
            ]
          ],
          "covers": [
            [
              0,
              2
            ],
            [
              0,
              3
            ],
            [
              1,
              2
            ]
          ]
        },
        {
          "beta": "26214400",
          "closed": true,
          "components": [
            [
              [
                0,
                1
              ],
              [
                0,
                2
              ],
              [
                1,
                2
              ]
            ],
            [
              [
                0,
                3
              ]
            ]
          ],
          "covers": [
            [
              0,
              1,
              2
            ],
            [
              0,
              3
            ]
          ]
        },
        {
          "beta": "44826624",
          "closed": false,
          "components": [
            [
              [
                0,
                1
              ],
              [
                0,
                2
              ],
              [
                1,
                2
              ]
            ],
            [
              [
                0,
                3
              ]
            ]
          ],
          "covers": [
            [
              0,
              1,
              2
            ],
            [
              0,
              3
            ]
          ]
        },
        {
          "beta": "44826624",
          "closed": true,
          "components": [
            [
              [
                0,
                1
              ],
              [
                0,
                2
              ],
              [
                0,
                3
              ],
              [
                1,
                2
              ],
              [
                2,
                3
              ]
            ]
          ],
          "covers": [
            [
              0,
              1,
              2,
              3
            ]
          ]
        },
        {
          "beta": "47448064",
          "closed": false,
          "components": [
            [
              [
                0,
                1
              ],
              [
                0,
                2
              ],
              [
                0,
                3
              ],
              [
                1,
                2
              ],
              [
                2,
                3
              ]
            ]
          ],
          "covers": [
            [
              0,
              1,
              2,
              3
            ]
          ]
        },
        {
          "beta": "47448064",
          "closed": true,
          "components": [
            [
              [
                0,
                1
              ],
              [
                0,
                2
              ],
              [
                0,
                3
              ],
              [
                1,
                2
              ],
              [
                1,
                3
              ],
              [
                2,
                3
              ]
            ]
          ],
          "covers": [
            [
              0,
              1,
              2,
              3
            ]
          ]
        }
      ],
      "height_ab": "26214400",
      "height_ay": "44826624",
      "minimum_squared_band_gap": "659456",
      "name": "u18_shell_1024",
      "parts_entry_a": "26214400",
      "parts_height_ab": "26214400",
      "points": [
        [
          "0",
          "0",
          "0"
        ],
        [
          "10240",
          "0",
          "0"
        ],
        [
          "9216",
          "3072",
          "0"
        ],
        [
          "0",
          "0",
          "9216"
        ]
      ],
      "scale": "1024",
      "threshold_a": "26873856",
      "vote_count_a": 3
    },
    {
      "M": null,
      "ab_p": 1,
      "ab_qmin": 2,
      "ab_strong": false,
      "alpha_a2": "21233664",
      "delta": "1/1024",
      "determinant": "289910292480",
      "entry_a": "179288065/4",
      "eta": "1/8",
      "full_gamma": [
        {
          "beta": "10487809/4",
          "closed": false,
          "components": [],
          "covers": []
        },
        {
          "beta": "10487809/4",
          "closed": true,
          "components": [
            [
              [
                1,
                2
              ]
            ]
          ],
          "covers": [
            [
              1,
              2
            ]
          ]
        },
        {
          "beta": "21233664",
          "closed": false,
          "components": [
            [
              [
                1,
                2
              ]
            ]
          ],
          "covers": [
            [
              1,
              2
            ]
          ]
        },
        {
          "beta": "21233664",
          "closed": true,
          "components": [
            [
              [
                0,
                3
              ]
            ],
            [
              [
                1,
                2
              ]
            ]
          ],
          "covers": [
            [
              0,
              3
            ],
            [
              1,
              2
            ]
          ]
        },
        {
          "beta": "94353409/4",
          "closed": false,
          "components": [
            [
              [
                0,
                3
              ]
            ],
            [
              [
                1,
                2
              ]
            ]
          ],
          "covers": [
            [
              0,
              3
            ],
            [
              1,
              2
            ]
          ]
        },
        {
          "beta": "94353409/4",
          "closed": true,
          "components": [
            [
              [
                0,
                2
              ]
            ],
            [
              [
                0,
                3
              ]
            ],
            [
              [
                1,
                2
              ]
            ]
          ],
          "covers": [
            [
              0,
              2
            ],
            [
              0,
              3
            ],
            [
              1,
              2
            ]
          ]
        },
        {
          "beta": "26214400",
          "closed": false,
          "components": [
            [
              [
                0,
                2
              ]
            ],
            [
              [
                0,
                3
              ]
            ],
            [
              [
                1,
                2
              ]
            ]
          ],
          "covers": [
            [
              0,
              2
            ],
            [
              0,
              3
            ],
            [
              1,
              2
            ]
          ]
        },
        {
          "beta": "26214400",
          "closed": true,
          "components": [
            [
              [
                0,
                1
              ],
              [
                0,
                2
              ],
              [
                1,
                2
              ]
            ],
            [
              [
                0,
                3
              ]
            ]
          ],
          "covers": [
            [
              0,
              1,
              2
            ],
            [
              0,
              3
            ]
          ]
        },
        {
          "beta": "179288065/4",
          "closed": false,
          "components": [
            [
              [
                0,
                1
              ],
              [
                0,
                2
              ],
              [
                1,
                2
              ]
            ],
            [
              [
                0,
                3
              ]
            ]
          ],
          "covers": [
            [
              0,
              1,
              2
            ],
            [
              0,
              3
            ]
          ]
        },
        {
          "beta": "179288065/4",
          "closed": true,
          "components": [
            [
              [
                0,
                1
              ],
              [
                0,
                2
              ],
              [
                0,
                3
              ],
              [
                1,
                2
              ],
              [
                2,
                3
              ]
            ]
          ],
          "covers": [
            [
              0,
              1,
              2,
              3
            ]
          ]
        },
        {
          "beta": "47448064",
          "closed": false,
          "components": [
            [
              [
                0,
                1
              ],
              [
                0,
                2
              ],
              [
                0,
                3
              ],
              [
                1,
                2
              ],
              [
                2,
                3
              ]
            ]
          ],
          "covers": [
            [
              0,
              1,
              2,
              3
            ]
          ]
        },
        {
          "beta": "47448064",
          "closed": true,
          "components": [
            [
              [
                0,
                1
              ],
              [
                0,
                2
              ],
              [
                0,
                3
              ],
              [
                1,
                2
              ],
              [
                1,
                3
              ],
              [
                2,
                3
              ]
            ]
          ],
          "covers": [
            [
              0,
              1,
              2,
              3
            ]
          ]
        }
      ],
      "height_ab": "179288065/4",
      "height_ay": "179288065/4",
      "minimum_squared_band_gap": "659456",
      "name": "u18_jitter1_1024",
      "parts_entry_a": "26214400",
      "parts_height_ab": "26214400",
      "points": [
        [
          "0",
          "0",
          "0"
        ],
        [
          "10240",
          "0",
          "0"
        ],
        [
          "9215",
          "3072",
          "0"
        ],
        [
          "0",
          "0",
          "9216"
        ]
      ],
      "scale": "1024",
      "threshold_a": "26873856",
      "vote_count_a": 2
    },
    {
      "M": 3,
      "ab_p": 0,
      "ab_qmin": 2,
      "ab_strong": true,
      "alpha_a2": "90",
      "delta": "0",
      "determinant": "2400",
      "entry_a": "100",
      "eta": "1/8",
      "full_gamma": [
        {
          "beta": "10",
          "closed": false,
          "components": [],
          "covers": []
        },
        {
          "beta": "10",
          "closed": true,
          "components": [
            [
              [
                1,
                2
              ]
            ]
          ],
          "covers": [
            [
              1,
              2
            ]
          ]
        },
        {
          "beta": "90",
          "closed": false,
          "components": [
            [
              [
                1,
                2
              ]
            ]
          ],
          "covers": [
            [
              1,
              2
            ]
          ]
        },
        {
          "beta": "90",
          "closed": true,
          "components": [
            [
              [
                0,
                2
              ]
            ],
            [
              [
                1,
                2
              ]
            ]
          ],
          "covers": [
            [
              0,
              2
            ],
            [
              1,
              2
            ]
          ]
        },
        {
          "beta": "100",
          "closed": false,
          "components": [
            [
              [
                0,
                2
              ]
            ],
            [
              [
                1,
                2
              ]
            ]
          ],
          "covers": [
            [
              0,
              2
            ],
            [
              1,
              2
            ]
          ]
        },
        {
          "beta": "100",
          "closed": true,
          "components": [
            [
              [
                0,
                1
              ],
              [
                0,
                2
              ],
              [
                1,
                2
              ]
            ],
            [
              [
                0,
                3
              ]
            ]
          ],
          "covers": [
            [
              0,
              1,
              2
            ],
            [
              0,
              3
            ]
          ]
        },
        {
          "beta": "190",
          "closed": false,
          "components": [
            [
              [
                0,
                1
              ],
              [
                0,
                2
              ],
              [
                1,
                2
              ]
            ],
            [
              [
                0,
                3
              ]
            ]
          ],
          "covers": [
            [
              0,
              1,
              2
            ],
            [
              0,
              3
            ]
          ]
        },
        {
          "beta": "190",
          "closed": true,
          "components": [
            [
              [
                0,
                1
              ],
              [
                0,
                2
              ],
              [
                0,
                3
              ],
              [
                1,
                2
              ],
              [
                2,
                3
              ]
            ]
          ],
          "covers": [
            [
              0,
              1,
              2,
              3
            ]
          ]
        },
        {
          "beta": "200",
          "closed": false,
          "components": [
            [
              [
                0,
                1
              ],
              [
                0,
                2
              ],
              [
                0,
                3
              ],
              [
                1,
                2
              ],
              [
                2,
                3
              ]
            ]
          ],
          "covers": [
            [
              0,
              1,
              2,
              3
            ]
          ]
        },
        {
          "beta": "200",
          "closed": true,
          "components": [
            [
              [
                0,
                1
              ],
              [
                0,
                2
              ],
              [
                0,
                3
              ],
              [
                1,
                2
              ],
              [
                1,
                3
              ],
              [
                2,
                3
              ]
            ]
          ],
          "covers": [
            [
              0,
              1,
              2,
              3
            ]
          ]
        }
      ],
      "height_ab": "100",
      "height_ay": "190",
      "minimum_squared_band_gap": "85/32",
      "name": "family_M3_shell",
      "parts_entry_a": "100",
      "parts_height_ab": "100",
      "points": [
        [
          "0",
          "0",
          "0"
        ],
        [
          "20",
          "0",
          "0"
        ],
        [
          "18",
          "6",
          "0"
        ],
        [
          "0",
          "0",
          "20"
        ]
      ],
      "scale": "1",
      "threshold_a": "3645/32",
      "vote_count_a": 3
    },
    {
      "M": 3,
      "ab_p": 1,
      "ab_qmin": 2,
      "ab_strong": false,
      "alpha_a2": "1546185867265/17179869184",
      "delta": "1/65536",
      "determinant": "2400",
      "entry_a": "3264172785665/17179869184",
      "eta": "1/8",
      "full_gamma": [
        {
          "beta": "171798953985/17179869184",
          "closed": false,
          "components": [],
          "covers": []
        },
        {
          "beta": "171798953985/17179869184",
          "closed": true,
          "components": [
            [
              [
                1,
                2
              ]
            ]
          ],
          "covers": [
            [
              1,
              2
            ]
          ]
        },
        {
          "beta": "1546185867265/17179869184",
          "closed": false,
          "components": [
            [
              [
                1,
                2
              ]
            ]
          ],
          "covers": [
            [
              1,
              2
            ]
          ]
        },
        {
          "beta": "1546185867265/17179869184",
          "closed": true,
          "components": [
            [
              [
                0,
                2
              ]
            ],
            [
              [
                1,
                2
              ]
            ]
          ],
          "covers": [
            [
              0,
              2
            ],
            [
              1,
              2
            ]
          ]
        },
        {
          "beta": "100",
          "closed": false,
          "components": [
            [
              [
                0,
                2
              ]
            ],
            [
              [
                1,
                2
              ]
            ]
          ],
          "covers": [
            [
              0,
              2
            ],
            [
              1,
              2
            ]
          ]
        },
        {
          "beta": "100",
          "closed": true,
          "components": [
            [
              [
                0,
                1
              ],
              [
                0,
                2
              ],
              [
                1,
                2
              ]
            ],
            [
              [
                0,
                3
              ]
            ]
          ],
          "covers": [
            [
              0,
              1,
              2
            ],
            [
              0,
              3
            ]
          ]
        },
        {
          "beta": "3264172785665/17179869184",
          "closed": false,
          "components": [
            [
              [
                0,
                1
              ],
              [
                0,
                2
              ],
              [
                1,
                2
              ]
            ],
            [
              [
                0,
                3
              ]
            ]
          ],
          "covers": [
            [
              0,
              1,
              2
            ],
            [
              0,
              3
            ]
          ]
        },
        {
          "beta": "3264172785665/17179869184",
          "closed": true,
          "components": [
            [
              [
                0,
                1
              ],
              [
                0,
                2
              ],
              [
                0,
                3
              ],
              [
                1,
                2
              ],
              [
                2,
                3
              ]
            ]
          ],
          "covers": [
            [
              0,
              1,
              2,
              3
            ]
          ]
        },
        {
          "beta": "200",
          "closed": false,
          "components": [
            [
              [
                0,
                1
              ],
              [
                0,
                2
              ],
              [
                0,
                3
              ],
              [
                1,
                2
              ],
              [
                2,
                3
              ]
            ]
          ],
          "covers": [
            [
              0,
              1,
              2,
              3
            ]
          ]
        },
        {
          "beta": "200",
          "closed": true,
          "components": [
            [
              [
                0,
                1
              ],
              [
                0,
                2
              ],
              [
                0,
                3
              ],
              [
                1,
                2
              ],
              [
                1,
                3
              ],
              [
                2,
                3
              ]
            ]
          ],
          "covers": [
            [
              0,
              1,
              2,
              3
            ]
          ]
        }
      ],
      "height_ab": "3264172785665/17179869184",
      "height_ay": "3264172785665/17179869184",
      "minimum_squared_band_gap": "2920582217745/1099511627776",
      "name": "family_M3_inward",
      "parts_entry_a": "100",
      "parts_height_ab": "100",
      "points": [
        [
          "0",
          "0",
          "0"
        ],
        [
          "20",
          "0",
          "0"
        ],
        [
          "1179647/65536",
          "6",
          "0"
        ],
        [
          "0",
          "0",
          "20"
        ]
      ],
      "scale": "1",
      "threshold_a": "125241055248465/1099511627776",
      "vote_count_a": 2
    },
    {
      "M": 32,
      "ab_p": 0,
      "ab_qmin": 2,
      "ab_strong": true,
      "alpha_a2": "1049600",
      "delta": "0",
      "determinant": "268960000",
      "entry_a": "1050625",
      "eta": "1/1000",
      "full_gamma": [
        {
          "beta": "1025",
          "closed": false,
          "components": [],
          "covers": []
        },
        {
          "beta": "1025",
          "closed": true,
          "components": [
            [
              [
                1,
                2
              ]
            ]
          ],
          "covers": [
            [
              1,
              2
            ]
          ]
        },
        {
          "beta": "1049600",
          "closed": false,
          "components": [
            [
              [
                1,
                2
              ]
            ]
          ],
          "covers": [
            [
              1,
              2
            ]
          ]
        },
        {
          "beta": "1049600",
          "closed": true,
          "components": [
            [
              [
                0,
                2
              ]
            ],
            [
              [
                1,
                2
              ]
            ]
          ],
          "covers": [
            [
              0,
              2
            ],
            [
              1,
              2
            ]
          ]
        },
        {
          "beta": "1050625",
          "closed": false,
          "components": [
            [
              [
                0,
                2
              ]
            ],
            [
              [
                1,
                2
              ]
            ]
          ],
          "covers": [
            [
              0,
              2
            ],
            [
              1,
              2
            ]
          ]
        },
        {
          "beta": "1050625",
          "closed": true,
          "components": [
            [
              [
                0,
                1
              ],
              [
                0,
                2
              ],
              [
                1,
                2
              ]
            ],
            [
              [
                0,
                3
              ]
            ]
          ],
          "covers": [
            [
              0,
              1,
              2
            ],
            [
              0,
              3
            ]
          ]
        },
        {
          "beta": "2100225",
          "closed": false,
          "components": [
            [
              [
                0,
                1
              ],
              [
                0,
                2
              ],
              [
                1,
                2
              ]
            ],
            [
              [
                0,
                3
              ]
            ]
          ],
          "covers": [
            [
              0,
              1,
              2
            ],
            [
              0,
              3
            ]
          ]
        },
        {
          "beta": "2100225",
          "closed": true,
          "components": [
            [
              [
                0,
                1
              ],
              [
                0,
                2
              ],
              [
                0,
                3
              ],
              [
                1,
                2
              ],
              [
                2,
                3
              ]
            ]
          ],
          "covers": [
            [
              0,
              1,
              2,
              3
            ]
          ]
        },
        {
          "beta": "2101250",
          "closed": false,
          "components": [
            [
              [
                0,
                1
              ],
              [
                0,
                2
              ],
              [
                0,
                3
              ],
              [
                1,
                2
              ],
              [
                2,
                3
              ]
            ]
          ],
          "covers": [
            [
              0,
              1,
              2,
              3
            ]
          ]
        },
        {
          "beta": "2101250",
          "closed": true,
          "components": [
            [
              [
                0,
                1
              ],
              [
                0,
                2
              ],
              [
                0,
                3
              ],
              [
                1,
                2
              ],
              [
                1,
                3
              ],
              [
                2,
                3
              ]
            ]
          ],
          "covers": [
            [
              0,
              1,
              2,
              3
            ]
          ]
        }
      ],
      "height_ab": "1050625",
      "height_ay": "2100225",
      "minimum_squared_band_gap": "82041/40000",
      "name": "family_M32_shell",
      "parts_entry_a": "1050625",
      "parts_height_ab": "1050625",
      "points": [
        [
          "0",
          "0",
          "0"
        ],
        [
          "2050",
          "0",
          "0"
        ],
        [
          "2048",
          "64",
          "0"
        ],
        [
          "0",
          "0",
          "2050"
        ]
      ],
      "scale": "1",
      "threshold_a": "657312656/625",
      "vote_count_a": 3
    },
    {
      "M": 32,
      "ab_p": 1,
      "ab_qmin": 2,
      "ab_strong": false,
      "alpha_a2": "18031990427090945/17179869184",
      "delta": "1/65536",
      "determinant": "268960000",
      "entry_a": "36081590488530945/17179869184",
      "eta": "1/1000",
      "full_gamma": [
        {
          "beta": "17609366175745/17179869184",
          "closed": false,
          "components": [],
          "covers": []
        },
        {
          "beta": "17609366175745/17179869184",
          "closed": true,
          "components": [
            [
              [
                1,
                2
              ]
            ]
          ],
          "covers": [
            [
              1,
              2
            ]
          ]
        },
        {
          "beta": "18031990427090945/17179869184",
          "closed": false,
          "components": [
            [
              [
                1,
                2
              ]
            ]
          ],
          "covers": [
            [
              1,
              2
            ]
          ]
        },
        {
          "beta": "18031990427090945/17179869184",
          "closed": true,
          "components": [
            [
              [
                0,
                2
              ]
            ],
            [
              [
                1,
                2
              ]
            ]
          ],
          "covers": [
            [
              0,
              2
            ],
            [
              1,
              2
            ]
          ]
        },
        {
          "beta": "1050625",
          "closed": false,
          "components": [
            [
              [
                0,
                2
              ]
            ],
            [
              [
                1,
                2
              ]
            ]
          ],
          "covers": [
            [
              0,
              2
            ],
            [
              1,
              2
            ]
          ]
        },
        {
          "beta": "1050625",
          "closed": true,
          "components": [
            [
              [
                0,
                1
              ],
              [
                0,
                2
              ],
              [
                1,
                2
              ]
            ],
            [
              [
                0,
                3
              ]
            ]
          ],
          "covers": [
            [
              0,
              1,
              2
            ],
            [
              0,
              3
            ]
          ]
        },
        {
          "beta": "36081590488530945/17179869184",
          "closed": false,
          "components": [
            [
              [
                0,
                1
              ],
              [
                0,
                2
              ],
              [
                1,
                2
              ]
            ],
            [
              [
                0,
                3
              ]
            ]
          ],
          "covers": [
            [
              0,
              1,
              2
            ],
            [
              0,
              3
            ]
          ]
        },
        {
          "beta": "36081590488530945/17179869184",
          "closed": true,
          "components": [
            [
              [
                0,
                1
              ],
              [
                0,
                2
              ],
              [
                0,
                3
              ],
              [
                1,
                2
              ],
              [
                2,
                3
              ]
            ]
          ],
          "covers": [
            [
              0,
              1,
              2,
              3
            ]
          ]
        },
        {
          "beta": "2101250",
          "closed": false,
          "components": [
            [
              [
                0,
                1
              ],
              [
                0,
                2
              ],
              [
                0,
                3
              ],
              [
                1,
                2
              ],
              [
                2,
                3
              ]
            ]
          ],
          "covers": [
            [
              0,
              1,
              2,
              3
            ]
          ]
        },
        {
          "beta": "2101250",
          "closed": true,
          "components": [
            [
              [
                0,
                1
              ],
              [
                0,
                2
              ],
              [
                0,
                3
              ],
              [
                1,
                2
              ],
              [
                1,
                3
              ],
              [
                2,
                3
              ]
            ]
          ],
          "covers": [
            [
              0,
              1,
              2,
              3
            ]
          ]
        }
      ],
      "height_ab": "36081590488530945/17179869184",
      "height_ay": "36081590488530945/17179869184",
      "minimum_squared_band_gap": "7047268343533149/3435973836800000",
      "name": "family_M32_inward",
      "parts_entry_a": "1050625",
      "parts_height_ab": "1050625",
      "points": [
        [
          "0",
          "0",
          "0"
        ],
        [
          "2050",
          "0",
          "0"
        ],
        [
          "134217727/65536",
          "64",
          "0"
        ],
        [
          "0",
          "0",
          "2050"
        ]
      ],
      "scale": "1",
      "threshold_a": "3613614487987110796189/3435973836800000",
      "vote_count_a": 2
    }
  ],
  "scope": "affine3D exact Fraction Gamma2; strong-vote removal, not sphere splitting, native or benchmark",
  "status": "UNIFORM_BAND_CONTACT_DISCONTINUITY_PROVED",
  "wrong_value_mutants": [
    {
      "case": "base_inward_1/16",
      "correct_height": "43489/1024",
      "kind": "drop_weak_abz_event",
      "wrong_height": "181/4"
    },
    {
      "case": "base_shell",
      "correct_height": "25",
      "kind": "component_dedup",
      "wrong_height": "171/4"
    }
  ]
}
