payload=mhgp6-forests-horizontal-v1 authority=status_terminal callbacks=provisional vertical_maps=none
forest_layout=csr forest_storage_kind=csr_facet_keys_v1 csr_fallback=0 ordres_publies=10 ordres_storage_conformes=10
backend=cpu_reference
tower_scope=profile_complete_k10 smax_requested=11 smax_effective=11
famille=uniform n=32000 coord=317 s=8 smax=11 seed=3 threads=8 emis=13606420 boules_uniques=13603488 mortes_profondeur=139396 survivantes=13464092 census_int=69967626 census_shell=45431356 evenements=13559848 facettes=84745247 fusions=84738451 deltas=11434994 noeuds=8353420
generation rect_alive=1094102/2908394/3233183 rect_visites_fusionnes=24881177 ancres=1372559/4867765/5733463 candidats=1326665/6152729/6127026 tues_profondeur=0/47712147/10334897 ancres_w4=1647417 ancres_w3=1220040 ancres_secteurs=595640/1149282 ancres_cellules=0/23845 seeds_cellules=0/65445 grilles=0/25031 seeds=53864876/46839948 completions_q4=172547232 seeds_core_tues=10635031 seeds_corde_tues=27429242 float_cert=914952898/701999774 repli=27567996 ancres_hist=45894/191605/233049 hist_lignes=22948/96722/118508 hist_seuil=22946/94883/114541 hist_survivants=1326665/4676160/5500414 jung=272389484/180494202/403
sweep tests_coeur=959631030 tests_prof_q3=684889638 tests_passe2=513306385 tri_comparaisons=878422744 seeds_passe2=8710230 racines_corde=172547232 groupes=172464447 racines_hors_corde=340542681 temoins_constants=24593063 rejets=lens:90909716/owner:315859/once:26837323/i64:3135413/face:25216109/det:0/centre:9670889
vwspd nœuds_temoins=3182949082 coins=860742019 h_rect=0/1214875468/1963530219 h_scan=0/1065272440/1167368147 m_anchor=0/221874919/274197554 entrees_ancres=0/3104062/2810573 iters_coeur=1003311705 iters_passe2=539437075
octaves_q4 ancres=0,31592,62941,125444,249609,495251,963482,854510,27728,16,0,0,0,0,0,0 seeds=0,2787,40181,221091,999766,4231253,16560998,24574955,207372,1545,0,0,0,0,0,0 w1=0,0,114723,1996224,21455728,171591540,465945831,297242053,1274755,10176,0,0,0,0,0,0 (octave = log2 de la taille du cover de l'ancre)
octaves_q4_seeds cellules=0,0,0,0,0,0,0,0,65038,407,0,0,0,0,0,0 coeur=0,0,0,1,402,73002,2336380,8097774,126351,1121,0,0,0,0,0,0 corde=0,0,0,0,1863,568185,10561445,16281783,15949,17,0,0,0,0,0,0 passe2=0,2787,40181,221090,997501,3590066,3663173,195398,34,0,0,0,0,0,0,0
vcensus prefiltre_nœuds=1340502334 prefiltre_feuilles=0 range_add=71388477 census_nœuds=1367663566 census_feuilles=115398982
p_factor=532888/3664182/4657512 (evaluations d'auto-produits des histogrammes)
ledger_paires emis=1372559/4867765/5733463 tues=510611441/507116235/506250537
ouvriers wspd=8 rects=8 rle=8 prefiltre=8 census=8 expansion=8 fold=8
temps_ms index=8.1 gen=67062.9 (wspd 37821.2 rects 29241.0) rle=4386.0 prefiltre=24355.9 census=25277.6 comptage=50.1 expansion=2016.6 fold=59953.0 (tri 6802.0 intern 15412.2 fusion 5030.3 reduce 32552.2) digest=14787.1
temps_mur_ms=165141.2 (etages A et B du fold pipelines : fold+digest ci-dessus sont des cumuls par etage, pas le mur)
temps_fold_mur_ms=39553.5 (etages A et B, fold_inflight=2, fold_join=0, pic_mesure_en_vol=2)
rss_mb apres_generation=2188 apres_rle=2188 apres_prefiltre=2393 apres_census=5224 max_fold=9377 fin=616 (telemetrie active : DEUX lectures par jalon — /proc/self/statm (instantane, ~57 us) et /proc/self/status (VmHWM, ~109 us) — dont une paire par K sous le verrou de publication ; a desarmer ou signer pour un run de debit)
etage_atteint=publication (curseur d'etage ; un refus le nomme dans son message)
residence_hwm_mb apres_generation=2557 apres_rle=2557 apres_prefiltre=2557 apres_census=5502 max_fold=9954 fin=9954 (VmHWM de /proc/self/status, maximum HISTORIQUE depuis le debut du processus — non decroissant a quelques centaines de kio pres, VmHWM valant max(hiwater enregistre, resident courant) ; l'ecart avec le rss_mb du meme jalon est un majorant global, pas une mesure d'etage)
residence_increment_mb apres_generation=2557 apres_rle=0 apres_prefiltre=0 apres_census=2945 max_fold=4451 fin=0 (increments du pic historique : ce que CHAQUE etage a ajoute au maximum)
residence_compteurs boules_census=13464092 boules_plateau=96905 plateau_pct=0.720 somme_parents_total=25676568 somme_parents_par_K=57948,231849,611473,1088371,1692739,2425440,3286875,4275176,5386262,6620435
cardinalites K=1 evenements=125201 facettes=32000 deltas=25949 attachements=0 fusions=31999 noeuds=25949
cardinalites K=2 evenements=268027 facettes=259741 deltas=98880 attachements=126754 fusions=259723 noeuds=88849
cardinalites K=3 evenements=460488 facettes=845562 deltas=299801 attachements=533834 fusions=845506 noeuds=195562
cardinalites K=4 evenements=703116 facettes=1943993 deltas=520704 attachements=1376189 fusions=1943856 noeuds=346716
cardinalites K=5 evenements=994023 facettes=3701131 deltas=788305 attachements=2796379 fusions=3700813 noeuds=543478
cardinalites K=6 evenements=1333360 facettes=6263044 deltas=1106582 attachements=4943675 fusions=6262533 noeuds=782323
cardinalites K=7 evenements=1720922 facettes=9774049 deltas=1475594 attachements=7961942 fusions=9773223 noeuds=1064280
cardinalites K=8 evenements=2155606 facettes=14372556 deltas=1892550 attachements=11988763 fusions=14371389 noeuds=1389760
cardinalites K=9 evenements=2636575 facettes=20191290 deltas=2357241 attachements=17160651 fusions=20189672 noeuds=1754997
cardinalites K=10 evenements=3162530 facettes=27361881 deltas=2869388 attachements=23608690 fusions=27359737 noeuds=2161506
stockage_foret K=1 kind=csr_facet_keys_v1 deltas=25949 cles_parents=57948 cles_nes=0 meta=25949/34560 offsets=51900/69248 parents=57948/65454 nes=0/0 csr_capacity_growths=37 octets_possedes=6474728 exact=1 offset_dernier_parents=57948 offset_dernier_nes=0
stockage_foret K=2 kind=csr_facet_keys_v1 deltas=98880 cles_parents=231849 cles_nes=126754 meta=98880/100827 offsets=197762/201656 parents=231849/441624 nes=126754/129308 csr_capacity_growths=40 octets_possedes=35607024 exact=1 offset_dernier_parents=231849 offset_dernier_nes=126754
stockage_foret K=3 kind=csr_facet_keys_v1 deltas=299801 cles_parents=611473 cles_nes=533834 meta=299801/518544 offsets=599604/1037092 parents=611473/1168048 nes=533834/775176 csr_capacity_growths=46 octets_possedes=139430448 exact=1 offset_dernier_parents=611473 offset_dernier_nes=533834
stockage_foret K=4 kind=csr_facet_keys_v1 deltas=520704 cles_parents=1088371 cles_nes=1376189 meta=520704/945924 offsets=1041410/1891852 parents=1088371/1501900 nes=1376189/1876966 csr_capacity_growths=47 octets_possedes=247046216 exact=1 offset_dernier_parents=1088371 offset_dernier_nes=1376189
stockage_foret K=5 kind=csr_facet_keys_v1 deltas=788305 cles_parents=1692739 cles_nes=2796379 meta=788305/1478724 offsets=1576612/2957452 parents=1692739/1983452 nes=2796379/5054142 csr_capacity_growths=49 octets_possedes=463441448 exact=1 offset_dernier_parents=1692739 offset_dernier_nes=2796379
stockage_foret K=6 kind=csr_facet_keys_v1 deltas=1106582 cles_parents=2425440 cles_nes=4943675 meta=1106582/2113344 offsets=2213166/4226692 parents=2425440/3513206 nes=4943675/6920870 csr_capacity_growths=49 octets_possedes=678887136 exact=1 offset_dernier_parents=2425440 offset_dernier_nes=4943675
stockage_foret K=7 kind=csr_facet_keys_v1 deltas=1475594 cles_parents=3286875 cles_nes=7961942 meta=1475594/2846424 offsets=2951190/5692852 parents=3286875/4944588 nes=7961942/14076392 csr_capacity_growths=51 octets_possedes=1132951232 exact=1 offset_dernier_parents=3286875 offset_dernier_nes=7961942
stockage_foret K=8 kind=csr_facet_keys_v1 deltas=1892550 cles_parents=4275176 cles_nes=11988763 meta=1892550/3677102 offsets=3785102/7354208 parents=4275176/8290652 nes=11988763/23285578 csr_capacity_growths=52 octets_possedes=1771772744 exact=1 offset_dernier_parents=4275176 offset_dernier_nes=11988763
stockage_foret K=9 kind=csr_facet_keys_v1 deltas=2357241 cles_parents=5386262 cles_nes=17160651 meta=2357241/4605254 offsets=4714484/9210512 parents=5386262/8983988 nes=17160651/24120522 csr_capacity_growths=52 octets_possedes=1935544872 exact=1 offset_dernier_parents=5386262 offset_dernier_nes=17160651
stockage_foret K=10 kind=csr_facet_keys_v1 deltas=2869388 cles_parents=6620435 cles_nes=23608690 meta=2869388/5622086 offsets=5738778/11244176 parents=6620435/7515100 nes=23608690/37878156 csr_capacity_growths=52 octets_possedes=2582000224 exact=1 offset_dernier_parents=6620435 offset_dernier_nes=23608690
digest_candidates_v5_compat=8282a169b28dce286104b43855f4b54de8f1f916124dfbd6f9c6de4706aecf43
digest_postprefilter=7aa0d2ef00fad9bb47d7e5c5250876927f2562456092617e8d20a0f0ed8eb045
digest_forest_K1=62ac98ee453848eba6268a0fb9d211458caff8090e9f210c16bba7b1bda30828
digest_forest_K2=6527e540976d171049aaf5ebaaae4d1ce8e165b378d229dd91fdd0325d16eca9
digest_forest_K3=97f748c064e836f9c3c6c1b54b201a432ae44c862234dd2fb950a65624deed35
digest_forest_K4=84ac64bef12349ec8e463efe93b88e9e750b13e28db1ff5a223d01ba1764d768
digest_forest_K5=b4506702eced918eef7257bce5f4b2d52e6516e8c0fb769f912ae1f03d04080e
digest_forest_K6=c68af140b96e5315fd268badcd6d927debaa563337c9cded2608fdd7d69a0ecd
digest_forest_K7=cb0ccd6c6af1c55cf5da275483f14258ff7edb574f6ca2349de9417b38cfe370
digest_forest_K8=593a6f9d52416f52f3d9eca37bfc0f0ef8f69d5a627495cb7d10f36156f867d7
digest_forest_K9=12388016556319eabbdf5e380406d4c3a341b2f9b68851ccd4a086e7985950ba
digest_forest_K10=2b5382dc6c63114d9071d87a55c56f821007ec11568ea616adb7ca1900f2d3d8
digest_all=c3bb0ce9fce63c2bbde42ca5897713f427be88c464014a75a3441eb62d2dec57
rss_max_kb=10192460
