spherical       easy     GMM-oracle 0.998 (min 1.00)  matched_eom 0.990
spherical       medium   GMM-oracle 0.981 (min 0.97)  matched_eom 0.853
spherical       hard     GMM-oracle 0.953 (min 0.95)  matched_eom 0.404
spherical       extreme  GMM-oracle 0.907 (min 0.90)  matched_eom 0.295
anisotropic     easy     GMM-oracle 0.998 (min 0.99)  matched_eom 0.966
anisotropic     medium   GMM-oracle 0.980 (min 0.96)  matched_eom 0.816
anisotropic     hard     GMM-oracle 0.950 (min 0.92)  matched_eom 0.532
anisotropic     extreme  GMM-oracle 0.894 (min 0.87)  matched_eom 0.357
heteroscedastic easy     GMM-oracle 0.999 (min 1.00)  matched_eom 0.992
heteroscedastic medium   GMM-oracle 0.885 (min 0.85)  matched_eom 0.771
heteroscedastic hard     GMM-oracle 0.768 (min 0.76)  matched_eom 0.497
heteroscedastic extreme  GMM-oracle 0.480 (min 0.44)  matched_eom 0.250
unbalanced      easy     GMM-oracle 0.995 (min 0.99)  matched_eom 0.970
unbalanced      medium   GMM-oracle 0.961 (min 0.96)  matched_eom 0.785
unbalanced      hard     GMM-oracle 0.845 (min 0.81)  matched_eom 0.480
unbalanced      extreme  GMM-oracle 0.714 (min 0.68)  matched_eom 0.236
bridge          easy     GMM-oracle 0.999 (min 1.00)  matched_eom 0.971
bridge          medium   GMM-oracle 0.987 (min 0.98)  matched_eom 0.858
bridge          hard     GMM-oracle 0.980 (min 0.97)  matched_eom 0.805
bridge          extreme  GMM-oracle 0.907 (min 0.90)  matched_eom 0.194
hierarchical    easy     GMM-oracle 1.000 (min 1.00)  matched_eom 0.992
hierarchical    medium   GMM-oracle 0.984 (min 0.92)  matched_eom 0.477
hierarchical    hard     GMM-oracle 0.984 (min 0.92)  matched_eom 0.462
hierarchical    extreme  GMM-oracle 0.952 (min 0.92)  matched_eom 0.464
filaments       easy     GMM-oracle 0.999 (min 1.00)  matched_eom 0.973
filaments       medium   GMM-oracle 0.990 (min 0.98)  matched_eom 0.812
filaments       hard     GMM-oracle 0.940 (min 0.92)  matched_eom 0.352
filaments       extreme  GMM-oracle 0.795 (min 0.70)  matched_eom 0.238
shells          easy     GMM-oracle 1.000 (min 1.00)  matched_eom 1.000
shells          medium   GMM-oracle 1.000 (min 1.00)  matched_eom 1.000
shells          hard     GMM-oracle 1.000 (min 1.00)  matched_eom 1.000
shells          extreme  GMM-oracle 1.000 (min 1.00)  matched_eom 1.000
