anisotropic_n2000_g8_easy_noise0 2026092800 0.997 5/1/eom
anisotropic_n2000_g8_easy_noise0 2026092801 0.988 10/1/eom
anisotropic_n2000_g8_easy_noise0 2026092802 0.995 10/1/eom
anisotropic_n2000_g8_easy_noise0 2026092803 0.94 75/1/leaf
anisotropic_n2000_g8_easy_noise0 2026092804 1.0 5/1/eom
anisotropic_n2000_g8_extreme_noise0 2026092800 0.501 45/1/eom
anisotropic_n2000_g8_extreme_noise0 2026092801 0.411 75/1/leaf
anisotropic_n2000_g8_extreme_noise0 2026092802 0.403 75/1/eom
anisotropic_n2000_g8_extreme_noise0 2026092803 0.361 100/1/eom
anisotropic_n2000_g8_extreme_noise0 2026092804 0.442 20/1/eom
anisotropic_n2000_g8_hard_noise0 2026092800 0.781 75/1/leaf
anisotropic_n2000_g8_hard_noise0 2026092801 0.745 10/1/eom
anisotropic_n2000_g8_hard_noise0 2026092802 0.647 45/1/leaf
anisotropic_n2000_g8_hard_noise0 2026092803 0.528 150/1/leaf
anisotropic_n2000_g8_hard_noise0 2026092804 0.778 75/1/leaf
anisotropic_n2000_g8_medium_noise0 2026092800 0.887 75/1/leaf
anisotropic_n2000_g8_medium_noise0 2026092801 0.817 75/1/leaf
anisotropic_n2000_g8_medium_noise0 2026092802 0.901 30/1/eom
anisotropic_n2000_g8_medium_noise0 2026092803 0.82 75/1/leaf
anisotropic_n2000_g8_medium_noise0 2026092804 0.964 20/1/eom
bridge_n2000_g8_easy_noise0 2026092800 0.976 5/5/eom
bridge_n2000_g8_easy_noise0 2026092801 0.972 10/1/eom
bridge_n2000_g8_easy_noise0 2026092802 0.971 5/1/eom
bridge_n2000_g8_easy_noise0 2026092803 0.976 5/1/eom
bridge_n2000_g8_easy_noise0 2026092804 0.975 5/1/eom
bridge_n2000_g8_extreme_noise0 2026092800 0.619 30/1/eom
bridge_n2000_g8_extreme_noise0 2026092801 0.45 10/1/eom
bridge_n2000_g8_extreme_noise0 2026092802 0.465 75/1/leaf
bridge_n2000_g8_extreme_noise0 2026092803 0.512 45/1/leaf
bridge_n2000_g8_extreme_noise0 2026092804 0.555 75/1/leaf
bridge_n2000_g8_hard_noise0 2026092800 0.875 10/1/eom
bridge_n2000_g8_hard_noise0 2026092801 0.844 10/1/eom
bridge_n2000_g8_hard_noise0 2026092802 0.876 10/1/eom
bridge_n2000_g8_hard_noise0 2026092803 0.835 20/1/eom
bridge_n2000_g8_hard_noise0 2026092804 0.846 20/1/eom
bridge_n2000_g8_medium_noise0 2026092800 0.905 10/1/eom
bridge_n2000_g8_medium_noise0 2026092801 0.876 10/1/eom
bridge_n2000_g8_medium_noise0 2026092802 0.911 10/1/eom
bridge_n2000_g8_medium_noise0 2026092803 0.886 20/1/eom
bridge_n2000_g8_medium_noise0 2026092804 0.898 20/1/eom
filaments_n2000_g8_easy_noise0 2026092800 0.981 100/1/leaf
filaments_n2000_g8_easy_noise0 2026092801 0.995 5/5/eom
filaments_n2000_g8_easy_noise0 2026092802 1.0 5/1/eom
filaments_n2000_g8_easy_noise0 2026092803 1.0 5/1/eom
filaments_n2000_g8_easy_noise0 2026092804 1.0 5/1/eom
filaments_n2000_g8_extreme_noise0 2026092800 0.244 75/1/eom
filaments_n2000_g8_extreme_noise0 2026092801 0.366 75/1/eom
filaments_n2000_g8_extreme_noise0 2026092802 0.435 150/1/leaf
filaments_n2000_g8_extreme_noise0 2026092803 0.437 150/1/eom
filaments_n2000_g8_extreme_noise0 2026092804 0.431 100/1/eom
filaments_n2000_g8_hard_noise0 2026092800 0.61 100/1/leaf
filaments_n2000_g8_hard_noise0 2026092801 0.513 150/1/leaf
filaments_n2000_g8_hard_noise0 2026092802 0.514 150/1/leaf
filaments_n2000_g8_hard_noise0 2026092803 0.568 150/1/leaf
filaments_n2000_g8_hard_noise0 2026092804 0.755 150/1/leaf
filaments_n2000_g8_medium_noise0 2026092800 0.852 75/1/eom
filaments_n2000_g8_medium_noise0 2026092801 0.963 10/1/eom
filaments_n2000_g8_medium_noise0 2026092802 0.928 100/1/leaf
filaments_n2000_g8_medium_noise0 2026092803 0.979 150/1/leaf
filaments_n2000_g8_medium_noise0 2026092804 0.993 150/1/leaf
heteroscedastic_n2000_g8_easy_noise0 2026092800 0.997 5/1/eom
heteroscedastic_n2000_g8_easy_noise0 2026092801 0.994 5/1/eom
heteroscedastic_n2000_g8_easy_noise0 2026092802 0.999 5/1/eom
heteroscedastic_n2000_g8_easy_noise0 2026092803 0.993 10/1/eom
heteroscedastic_n2000_g8_easy_noise0 2026092804 0.999 5/1/eom
heteroscedastic_n2000_g8_extreme_noise0 2026092800 0.284 10/1/eom
heteroscedastic_n2000_g8_extreme_noise0 2026092801 0.272 75/1/eom
heteroscedastic_n2000_g8_extreme_noise0 2026092802 0.289 10/1/eom
heteroscedastic_n2000_g8_extreme_noise0 2026092803 0.287 10/1/eom
heteroscedastic_n2000_g8_extreme_noise0 2026092804 0.306 20/1/eom
heteroscedastic_n2000_g8_hard_noise0 2026092800 0.495 45/1/eom
heteroscedastic_n2000_g8_hard_noise0 2026092801 0.602 75/1/eom
heteroscedastic_n2000_g8_hard_noise0 2026092802 0.496 20/1/eom
heteroscedastic_n2000_g8_hard_noise0 2026092803 0.592 45/1/eom
heteroscedastic_n2000_g8_hard_noise0 2026092804 0.463 20/1/eom
heteroscedastic_n2000_g8_medium_noise0 2026092800 0.784 10/1/eom
heteroscedastic_n2000_g8_medium_noise0 2026092801 0.777 10/1/eom
heteroscedastic_n2000_g8_medium_noise0 2026092802 0.809 30/1/eom
heteroscedastic_n2000_g8_medium_noise0 2026092803 0.817 20/1/eom
heteroscedastic_n2000_g8_medium_noise0 2026092804 0.791 30/1/eom
hierarchical_n2000_g8_easy_noise0 2026092800 1.0 5/1/eom
hierarchical_n2000_g8_easy_noise0 2026092801 1.0 5/1/eom
hierarchical_n2000_g8_easy_noise0 2026092802 0.998 5/1/eom
hierarchical_n2000_g8_easy_noise0 2026092803 1.0 100/1/eom
hierarchical_n2000_g8_easy_noise0 2026092804 1.0 5/1/eom
hierarchical_n2000_g8_extreme_noise0 2026092800 1.0 75/None/eom
hierarchical_n2000_g8_extreme_noise0 2026092801 1.0 75/None/eom
hierarchical_n2000_g8_extreme_noise0 2026092802 1.0 100/1/leaf
hierarchical_n2000_g8_extreme_noise0 2026092803 0.967 100/1/leaf
hierarchical_n2000_g8_extreme_noise0 2026092804 1.0 100/1/eom
hierarchical_n2000_g8_hard_noise0 2026092800 1.0 45/None/eom
hierarchical_n2000_g8_hard_noise0 2026092801 1.0 45/None/eom
hierarchical_n2000_g8_hard_noise0 2026092802 1.0 100/1/leaf
hierarchical_n2000_g8_hard_noise0 2026092803 1.0 100/1/eom
hierarchical_n2000_g8_hard_noise0 2026092804 1.0 75/None/eom
hierarchical_n2000_g8_medium_noise0 2026092800 1.0 30/None/eom
hierarchical_n2000_g8_medium_noise0 2026092801 1.0 30/None/eom
hierarchical_n2000_g8_medium_noise0 2026092802 1.0 100/1/leaf
hierarchical_n2000_g8_medium_noise0 2026092803 1.0 100/1/eom
hierarchical_n2000_g8_medium_noise0 2026092804 1.0 45/None/eom
shells_n2000_g8_easy_noise0 2026092800 1.0 5/1/eom
shells_n2000_g8_easy_noise0 2026092801 1.0 5/1/eom
shells_n2000_g8_easy_noise0 2026092802 1.0 5/1/eom
shells_n2000_g8_easy_noise0 2026092803 1.0 5/1/eom
shells_n2000_g8_easy_noise0 2026092804 1.0 5/1/eom
shells_n2000_g8_extreme_noise0 2026092800 1.0 5/1/eom
shells_n2000_g8_extreme_noise0 2026092801 1.0 5/1/eom
shells_n2000_g8_extreme_noise0 2026092802 1.0 5/1/eom
shells_n2000_g8_extreme_noise0 2026092803 1.0 5/1/eom
shells_n2000_g8_extreme_noise0 2026092804 1.0 5/1/eom
shells_n2000_g8_hard_noise0 2026092800 1.0 5/1/eom
shells_n2000_g8_hard_noise0 2026092801 1.0 5/1/eom
shells_n2000_g8_hard_noise0 2026092802 1.0 5/1/eom
shells_n2000_g8_hard_noise0 2026092803 1.0 5/1/eom
shells_n2000_g8_hard_noise0 2026092804 1.0 5/1/eom
shells_n2000_g8_medium_noise0 2026092800 1.0 5/1/eom
shells_n2000_g8_medium_noise0 2026092801 1.0 5/1/eom
shells_n2000_g8_medium_noise0 2026092802 1.0 5/1/eom
shells_n2000_g8_medium_noise0 2026092803 1.0 5/1/eom
shells_n2000_g8_medium_noise0 2026092804 1.0 5/1/eom
spherical_n2000_g8_easy_noise0 2026092800 0.993 5/1/eom
spherical_n2000_g8_easy_noise0 2026092801 0.996 5/1/eom
spherical_n2000_g8_easy_noise0 2026092802 0.993 5/1/eom
spherical_n2000_g8_easy_noise0 2026092803 0.994 10/1/eom
spherical_n2000_g8_easy_noise0 2026092804 0.996 20/1/eom
spherical_n2000_g8_extreme_noise0 2026092800 0.554 45/1/eom
spherical_n2000_g8_extreme_noise0 2026092801 0.648 20/1/eom
spherical_n2000_g8_extreme_noise0 2026092802 0.582 75/1/leaf
spherical_n2000_g8_extreme_noise0 2026092803 0.488 45/1/leaf
spherical_n2000_g8_extreme_noise0 2026092804 0.562 20/1/eom
spherical_n2000_g8_hard_noise0 2026092800 0.826 20/1/eom
spherical_n2000_g8_hard_noise0 2026092801 0.795 20/1/eom
spherical_n2000_g8_hard_noise0 2026092802 0.719 75/1/leaf
spherical_n2000_g8_hard_noise0 2026092803 0.69 45/1/leaf
spherical_n2000_g8_hard_noise0 2026092804 0.737 30/1/eom
spherical_n2000_g8_medium_noise0 2026092800 0.899 20/1/eom
spherical_n2000_g8_medium_noise0 2026092801 0.908 20/1/eom
spherical_n2000_g8_medium_noise0 2026092802 0.921 20/1/eom
spherical_n2000_g8_medium_noise0 2026092803 0.86 20/1/eom
spherical_n2000_g8_medium_noise0 2026092804 0.894 20/1/eom
unbalanced_n2000_g8_easy_noise0 2026092800 0.985 10/1/eom
unbalanced_n2000_g8_easy_noise0 2026092801 0.984 10/1/eom
unbalanced_n2000_g8_easy_noise0 2026092802 0.983 10/1/eom
unbalanced_n2000_g8_easy_noise0 2026092803 0.979 10/1/eom
unbalanced_n2000_g8_easy_noise0 2026092804 0.987 10/1/eom
unbalanced_n2000_g8_extreme_noise0 2026092800 0.366 30/1/eom
unbalanced_n2000_g8_extreme_noise0 2026092801 0.372 45/1/eom
unbalanced_n2000_g8_extreme_noise0 2026092802 0.212 30/5/eom
unbalanced_n2000_g8_extreme_noise0 2026092803 0.21 20/5/eom
unbalanced_n2000_g8_extreme_noise0 2026092804 0.323 30/1/eom
unbalanced_n2000_g8_hard_noise0 2026092800 0.543 30/1/eom
unbalanced_n2000_g8_hard_noise0 2026092801 0.549 20/1/eom
unbalanced_n2000_g8_hard_noise0 2026092802 0.59 20/1/eom
unbalanced_n2000_g8_hard_noise0 2026092803 0.492 45/1/eom
unbalanced_n2000_g8_hard_noise0 2026092804 0.551 20/1/eom
unbalanced_n2000_g8_medium_noise0 2026092800 0.883 10/1/eom
unbalanced_n2000_g8_medium_noise0 2026092801 0.856 30/1/eom
unbalanced_n2000_g8_medium_noise0 2026092802 0.866 10/1/eom
unbalanced_n2000_g8_medium_noise0 2026092803 0.747 20/1/eom
unbalanced_n2000_g8_medium_noise0 2026092804 0.871 20/1/eom
