Sun Oct  4 12:34:32 UTC 2026
 12:34:32 up  1:14,  0 user,  load average: 15.68, 17.15, 14.08
== scene_00 requetes=1000 voisinage=12 K=5
sites 39885 noeuds morton/kd_median/kd_middle 16383 16383 15019 requetes 1000 saturees 894 voisinage 12 K 5 secondes 12.3
A morton    bornes/requete  113.5 tests/requete   50.3 comptes_ok 1000 | sature 894 : 104.3 / 46.7 | complet 106 : 190.6 / 81.5
B morton    bornes/requete   75.5 tests/requete   26.2 comptes_ok 1000 | sature 894 : 69.8 / 24.7 | complet 106 : 122.9 / 39.0
C morton    bornes/requete   77.7 tests/requete   24.4 comptes_ok 1000 | sature 894 : 72.3 / 22.6 | complet 106 : 122.9 / 39.0
E kd_median bornes/requete   61.2 tests/requete   30.7 comptes_ok 1000 | sature 894 : 57.4 / 28.9 | complet 106 : 93.2 / 45.9
F kd_median bornes/requete   33.6 tests/requete   16.5 comptes_ok 1000 | sature 894 : 32.4 / 15.7 | complet 106 : 43.6 / 22.7
G kd_middle bornes/requete   34.3 tests/requete   14.5 comptes_ok 999 | sature 894 : 33.1 / 13.8 | complet 106 : 44.9 / 20.0
== scene_00 requetes=1000 voisinage=24 K=5
sites 39885 noeuds morton/kd_median/kd_middle 16383 16383 15019 requetes 1000 saturees 977 voisinage 24 K 5 secondes 9.2
A morton    bornes/requete  108.0 tests/requete   48.5 comptes_ok 1000 | sature 977 : 105.6 / 47.5 | complet 23 : 209.7 / 92.8
B morton    bornes/requete   70.9 tests/requete   24.8 comptes_ok 1000 | sature 977 : 69.6 / 24.3 | complet 23 : 125.3 / 48.6
C morton    bornes/requete   72.3 tests/requete   21.2 comptes_ok 1000 | sature 977 : 71.1 / 20.6 | complet 23 : 125.3 / 48.6
E kd_median bornes/requete   61.0 tests/requete   30.8 comptes_ok 1000 | sature 977 : 60.0 / 30.3 | complet 23 : 103.8 / 53.8
F kd_median bornes/requete   32.1 tests/requete   15.0 comptes_ok 1000 | sature 977 : 31.7 / 14.7 | complet 23 : 49.6 / 26.7
G kd_middle bornes/requete   33.3 tests/requete   13.4 comptes_ok 1000 | sature 977 : 33.0 / 13.1 | complet 23 : 47.0 / 25.3
== scene_02 requetes=1000 voisinage=12 K=5
sites 45845 noeuds morton/kd_median/kd_middle 16383 16383 16705 requetes 1000 saturees 885 voisinage 12 K 5 secondes 10.4
A morton    bornes/requete  104.6 tests/requete   55.4 comptes_ok 1000 | sature 885 : 95.6 / 51.9 | complet 115 : 174.0 / 82.0
B morton    bornes/requete   68.8 tests/requete   28.4 comptes_ok 1000 | sature 885 : 63.0 / 26.9 | complet 115 : 113.5 / 40.0
C morton    bornes/requete   81.5 tests/requete   28.3 comptes_ok 1000 | sature 885 : 77.4 / 26.7 | complet 115 : 113.5 / 40.0
E kd_median bornes/requete   67.0 tests/requete   38.8 comptes_ok 1000 | sature 885 : 63.0 / 36.7 | complet 115 : 97.5 / 55.1
F kd_median bornes/requete   38.8 tests/requete   20.2 comptes_ok 1000 | sature 885 : 37.4 / 19.3 | complet 115 : 49.9 / 27.3
G kd_middle bornes/requete   34.0 tests/requete   14.5 comptes_ok 999 | sature 885 : 32.8 / 13.9 | complet 115 : 43.9 / 19.5
== scene_01 requetes=1000 voisinage=12 K=5
sites 35551 noeuds morton/kd_median/kd_middle 13757 13757 13331 requetes 1000 saturees 890 voisinage 12 K 5 secondes 8.8
A morton    bornes/requete   98.9 tests/requete   52.2 comptes_ok 1000 | sature 890 : 91.6 / 49.1 | complet 110 : 157.7 / 77.9
B morton    bornes/requete   65.9 tests/requete   28.0 comptes_ok 1000 | sature 890 : 61.1 / 26.4 | complet 110 : 104.0 / 40.8
C morton    bornes/requete   70.6 tests/requete   25.9 comptes_ok 1000 | sature 890 : 66.5 / 24.1 | complet 110 : 104.0 / 40.8
E kd_median bornes/requete   60.4 tests/requete   35.3 comptes_ok 1000 | sature 890 : 57.3 / 33.6 | complet 110 : 86.2 / 49.1
F kd_median bornes/requete   34.6 tests/requete   18.3 comptes_ok 1000 | sature 890 : 33.3 / 17.4 | complet 110 : 44.9 / 25.2
G kd_middle bornes/requete   32.7 tests/requete   13.9 comptes_ok 998 | sature 890 : 31.6 / 13.2 | complet 110 : 41.7 / 19.4
== scene_00 requetes=600 voisinage=20 K=10
sites 39885 noeuds morton/kd_median/kd_middle 16383 16383 15019 requetes 600 saturees 595 voisinage 20 K 10 secondes 26.7
A morton    bornes/requete  119.2 tests/requete   61.6 comptes_ok 600 | sature 595 : 118.1 / 61.3 | complet 5 : 243.4 / 108.0
B morton    bornes/requete   76.6 tests/requete   33.1 comptes_ok 600 | sature 595 : 76.0 / 32.9 | complet 5 : 140.2 / 52.8
C morton    bornes/requete   78.6 tests/requete   30.3 comptes_ok 600 | sature 595 : 78.1 / 30.1 | complet 5 : 140.2 / 52.8
E kd_median bornes/requete   69.8 tests/requete   42.1 comptes_ok 600 | sature 595 : 69.3 / 41.9 | complet 5 : 124.2 / 59.8
F kd_median bornes/requete   38.5 tests/requete   22.0 comptes_ok 600 | sature 595 : 38.3 / 22.0 | complet 5 : 57.0 / 32.0
G kd_middle bornes/requete   37.2 tests/requete   19.1 comptes_ok 600 | sature 595 : 37.0 / 19.0 | complet 5 : 56.2 / 31.2
Sun Oct  4 12:36:09 UTC 2026
