{
  "GCP_used": false,
  "cases": [
    {
      "K": 2,
      "alpha_point0": "19/20",
      "coordinates": [
        "0",
        "19/10",
        "39/20",
        "2"
      ],
      "eta": "1/8",
      "fixed_ballots": [
        [
          0,
          1
        ],
        [
          0,
          2
        ],
        [
          0,
          3
        ]
      ],
      "fixed_band_upper_radius": "171/160",
      "full_cofaces": 4,
      "full_facets": 6,
      "scope": "Gamma exact cuts and ballot counts, not a native FULL export or changed hard hierarchy",
      "snapshots": [
        {
          "active_cofaces": [
            [
              0,
              1,
              2
            ],
            [
              1,
              2,
              3
            ]
          ],
          "active_vertices": [
            [
              0,
              1
            ],
            [
              0,
              2
            ],
            [
              1,
              2
            ],
            [
              1,
              3
            ],
            [
              2,
              3
            ]
          ],
          "actual_point0_mass": 2,
          "cardinal_shortcut": 3,
          "covered": [
            0,
            1,
            2,
            3
          ],
          "not_yet_admitted_ballots": [
            [
              0,
              3
            ]
          ],
          "radius": "39/40"
        },
        {
          "active_cofaces": [
            [
              0,
              1,
              2
            ],
            [
              0,
              1,
              3
            ],
            [
              0,
              2,
              3
            ],
            [
              1,
              2,
              3
            ]
          ],
          "active_vertices": [
            [
              0,
              1
            ],
            [
              0,
              2
            ],
            [
              0,
              3
            ],
            [
              1,
              2
            ],
            [
              1,
              3
            ],
            [
              2,
              3
            ]
          ],
          "actual_point0_mass": 3,
          "cardinal_shortcut": 3,
          "covered": [
            0,
            1,
            2,
            3
          ],
          "not_yet_admitted_ballots": [],
          "radius": "1"
        }
      ]
    },
    {
      "K": 5,
      "alpha_point0": "49/50",
      "coordinates": [
        "0",
        "19/10",
        "48/25",
        "97/50",
        "49/25",
        "99/50",
        "2"
      ],
      "eta": "1/8",
      "fixed_ballots": [
        [
          0,
          1,
          2,
          3,
          4
        ],
        [
          0,
          1,
          2,
          3,
          5
        ],
        [
          0,
          1,
          2,
          3,
          6
        ],
        [
          0,
          1,
          2,
          4,
          5
        ],
        [
          0,
          1,
          2,
          4,
          6
        ],
        [
          0,
          1,
          2,
          5,
          6
        ],
        [
          0,
          1,
          3,
          4,
          5
        ],
        [
          0,
          1,
          3,
          4,
          6
        ],
        [
          0,
          1,
          3,
          5,
          6
        ],
        [
          0,
          1,
          4,
          5,
          6
        ],
        [
          0,
          2,
          3,
          4,
          5
        ],
        [
          0,
          2,
          3,
          4,
          6
        ],
        [
          0,
          2,
          3,
          5,
          6
        ],
        [
          0,
          2,
          4,
          5,
          6
        ],
        [
          0,
          3,
          4,
          5,
          6
        ]
      ],
      "fixed_band_upper_radius": "441/400",
      "full_cofaces": 7,
      "full_facets": 21,
      "scope": "Gamma exact cuts and ballot counts, not a native FULL export or changed hard hierarchy",
      "snapshots": [
        {
          "active_cofaces": [
            [
              0,
              1,
              2,
              3,
              4,
              5
            ],
            [
              1,
              2,
              3,
              4,
              5,
              6
            ]
          ],
          "active_vertices": [
            [
              0,
              1,
              2,
              3,
              4
            ],
            [
              0,
              1,
              2,
              3,
              5
            ],
            [
              0,
              1,
              2,
              4,
              5
            ],
            [
              0,
              1,
              3,
              4,
              5
            ],
            [
              0,
              2,
              3,
              4,
              5
            ],
            [
              1,
              2,
              3,
              4,
              5
            ],
            [
              1,
              2,
              3,
              4,
              6
            ],
            [
              1,
              2,
              3,
              5,
              6
            ],
            [
              1,
              2,
              4,
              5,
              6
            ],
            [
              1,
              3,
              4,
              5,
              6
            ],
            [
              2,
              3,
              4,
              5,
              6
            ]
          ],
          "actual_point0_mass": 5,
          "cardinal_shortcut": 15,
          "covered": [
            0,
            1,
            2,
            3,
            4,
            5,
            6
          ],
          "not_yet_admitted_ballots": [
            [
              0,
              1,
              2,
              3,
              6
            ],
            [
              0,
              1,
              2,
              4,
              6
            ],
            [
              0,
              1,
              2,
              5,
              6
            ],
            [
              0,
              1,
              3,
              4,
              6
            ],
            [
              0,
              1,
              3,
              5,
              6
            ],
            [
              0,
              1,
              4,
              5,
              6
            ],
            [
              0,
              2,
              3,
              4,
              6
            ],
            [
              0,
              2,
              3,
              5,
              6
            ],
            [
              0,
              2,
              4,
              5,
              6
            ],
            [
              0,
              3,
              4,
              5,
              6
            ]
          ],
          "radius": "99/100"
        },
        {
          "active_cofaces": [
            [
              0,
              1,
              2,
              3,
              4,
              5
            ],
            [
              0,
              1,
              2,
              3,
              4,
              6
            ],
            [
              0,
              1,
              2,
              3,
              5,
              6
            ],
            [
              0,
              1,
              2,
              4,
              5,
              6
            ],
            [
              0,
              1,
              3,
              4,
              5,
              6
            ],
            [
              0,
              2,
              3,
              4,
              5,
              6
            ],
            [
              1,
              2,
              3,
              4,
              5,
              6
            ]
          ],
          "active_vertices": [
            [
              0,
              1,
              2,
              3,
              4
            ],
            [
              0,
              1,
              2,
              3,
              5
            ],
            [
              0,
              1,
              2,
              3,
              6
            ],
            [
              0,
              1,
              2,
              4,
              5
            ],
            [
              0,
              1,
              2,
              4,
              6
            ],
            [
              0,
              1,
              2,
              5,
              6
            ],
            [
              0,
              1,
              3,
              4,
              5
            ],
            [
              0,
              1,
              3,
              4,
              6
            ],
            [
              0,
              1,
              3,
              5,
              6
            ],
            [
              0,
              1,
              4,
              5,
              6
            ],
            [
              0,
              2,
              3,
              4,
              5
            ],
            [
              0,
              2,
              3,
              4,
              6
            ],
            [
              0,
              2,
              3,
              5,
              6
            ],
            [
              0,
              2,
              4,
              5,
              6
            ],
            [
              0,
              3,
              4,
              5,
              6
            ],
            [
              1,
              2,
              3,
              4,
              5
            ],
            [
              1,
              2,
              3,
              4,
              6
            ],
            [
              1,
              2,
              3,
              5,
              6
            ],
            [
              1,
              2,
              4,
              5,
              6
            ],
            [
              1,
              3,
              4,
              5,
              6
            ],
            [
              2,
              3,
              4,
              5,
              6
            ]
          ],
          "actual_point0_mass": 15,
          "cardinal_shortcut": 15,
          "covered": [
            0,
            1,
            2,
            3,
            4,
            5,
            6
          ],
          "not_yet_admitted_ballots": [],
          "radius": "1"
        }
      ]
    }
  ],
  "native_calls": 0,
  "scope": "two tiny Fraction Gamma cases; no large K-subset enumeration proposed",
  "status": "COMPONENT_COVER_IS_NOT_BALLOT_CDF_PROVED"
}
