stage_start=index
stage_complete=index seconds=0.010668985
stage_start=generate
stage_complete=generate seconds=150.878357620
stage_start=sort_rle
stage_complete=sort_rle seconds=4.186149958
stage_start=prefilter
stage_complete=prefilter seconds=21.819169919
stage_start=census
stage_complete=census seconds=17.520319349
stage_start=full_ball_tower
stage_complete=full_ball_tower seconds=155.883420224
stage_start=payload_digest
stage_complete=payload_digest seconds=3.746180377
	Command being timed: "/workspaces/E-HGP/build/v7_optimized_g4_20260910/local_r1/full_ball_probe --n=16000 --s=8 --kmax=10 --threads=1"
	User time (seconds): 342.36
	System time (seconds): 7.10
	Percent of CPU this job got: 98%
	Elapsed (wall clock) time (h:mm:ss or m:ss): 5:54.72
	Average shared text size (kbytes): 0
	Average unshared data size (kbytes): 0
	Average stack size (kbytes): 0
	Average total size (kbytes): 0
	Maximum resident set size (kbytes): 4427688
	Average resident set size (kbytes): 0
	Major (requiring I/O) page faults: 0
	Minor (reclaiming a frame) page faults: 2669245
	Voluntary context switches: 1
	Involuntary context switches: 17086
	Swaps: 0
	File system inputs: 0
	File system outputs: 40
	Socket messages sent: 0
	Socket messages received: 0
	Signals delivered: 0
	Page size (bytes): 4096
	Exit status: 0
