stage_start=index
stage_complete=index seconds=0.009570816
stage_start=generate
stage_complete=generate seconds=281.435349851
stage_start=sort_rle
stage_complete=sort_rle seconds=9.359325534
stage_start=prefilter
stage_complete=prefilter seconds=47.919301062
stage_start=census
stage_complete=census seconds=38.384479473
stage_start=full_ball_tower
stage_complete=full_ball_tower seconds=352.008587092
stage_start=payload_digest
stage_complete=payload_digest seconds=7.538686537
	Command being timed: "/workspaces/E-HGP/build/v7_optimized_g4_20260910/local_r1/full_ball_probe --n=32000 --s=8 --kmax=10 --threads=1"
	User time (seconds): 722.05
	System time (seconds): 15.73
	Percent of CPU this job got: 99%
	Elapsed (wall clock) time (h:mm:ss or m:ss): 12:18.14
	Average shared text size (kbytes): 0
	Average unshared data size (kbytes): 0
	Average stack size (kbytes): 0
	Average total size (kbytes): 0
	Maximum resident set size (kbytes): 9108756
	Average resident set size (kbytes): 0
	Major (requiring I/O) page faults: 0
	Minor (reclaiming a frame) page faults: 5903972
	Voluntary context switches: 89
	Involuntary context switches: 3904
	Swaps: 0
	File system inputs: 0
	File system outputs: 56
	Socket messages sent: 0
	Socket messages received: 0
	Signals delivered: 0
	Page size (bytes): 4096
	Exit status: 0
