stage_start=index
stage_complete=index seconds=0.002262612
stage_start=generate
stage_complete=generate seconds=59.129631462
stage_start=sort_rle
stage_complete=sort_rle seconds=1.590617023
stage_start=prefilter
stage_complete=prefilter seconds=9.668264133
stage_start=census
stage_complete=census seconds=7.540583183
stage_start=full_ball_tower
stage_complete=full_ball_tower seconds=69.347675087
stage_start=payload_digest
stage_complete=payload_digest seconds=1.850894329
	Command being timed: "/workspaces/E-HGP/build/v7_optimized_g4_20260910/local_r1/full_ball_probe --n=8000 --s=10 --kmax=10 --threads=1"
	User time (seconds): 146.26
	System time (seconds): 3.18
	Percent of CPU this job got: 99%
	Elapsed (wall clock) time (h:mm:ss or m:ss): 2:29.48
	Average shared text size (kbytes): 0
	Average unshared data size (kbytes): 0
	Average stack size (kbytes): 0
	Average total size (kbytes): 0
	Maximum resident set size (kbytes): 2136816
	Average resident set size (kbytes): 0
	Major (requiring I/O) page faults: 0
	Minor (reclaiming a frame) page faults: 1150131
	Voluntary context switches: 1
	Involuntary context switches: 593
	Swaps: 0
	File system inputs: 0
	File system outputs: 32
	Socket messages sent: 0
	Socket messages received: 0
	Signals delivered: 0
	Page size (bytes): 4096
	Exit status: 0
