morsehgp3D_v7/oracle/obig.hpp: OK
morsehgp3D_v7/src/cloud/families.hpp: OK
morsehgp3D_v7/src/core/caps.hpp: OK
morsehgp3D_v7/src/core/device.hpp: OK
morsehgp3D_v7/src/core/dint.hpp: OK
morsehgp3D_v7/src/core/intmath.hpp: OK
morsehgp3D_v7/src/core/morton.hpp: OK
morsehgp3D_v7/src/core/mutants.hpp: OK
morsehgp3D_v7/src/core/parse.hpp: OK
morsehgp3D_v7/src/core/sha256.hpp: OK
morsehgp3D_v7/src/core/types.hpp: OK
morsehgp3D_v7/src/core/wide.hpp: OK
morsehgp3D_v7/src/forest/fold.hpp: OK
morsehgp3D_v7/src/forest/plateau.hpp: OK
morsehgp3D_v7/src/forest/render.hpp: OK
morsehgp3D_v7/src/forest/silent_incidence.hpp: OK
morsehgp3D_v7/src/gpu/census_kernels.cuh: OK
morsehgp3D_v7/src/gpu/device_witness.cu: OK
morsehgp3D_v7/src/gpu/executor_pool.hpp: OK
morsehgp3D_v7/src/gpu/lot_ring.hpp: OK
morsehgp3D_v7/src/gpu/pack.hpp: OK
morsehgp3D_v7/src/gpu/pilot.hpp: OK
morsehgp3D_v7/src/gpu/route_c6.hpp: OK
morsehgp3D_v7/src/gpu/wire.hpp: OK
morsehgp3D_v7/src/io/archive.hpp: OK
morsehgp3D_v7/src/lanes/cell_grid.hpp: OK
morsehgp3D_v7/src/lanes/chord_kill.hpp: OK
morsehgp3D_v7/src/lanes/edge_cover.hpp: OK
morsehgp3D_v7/src/lanes/keys.hpp: OK
morsehgp3D_v7/src/lanes/level.hpp: OK
morsehgp3D_v7/src/lanes/q2.hpp: OK
morsehgp3D_v7/src/lanes/q3.hpp: OK
morsehgp3D_v7/src/lanes/q4.hpp: OK
morsehgp3D_v7/src/lanes/sector_kill.hpp: OK
morsehgp3D_v7/src/parallel/pool.hpp: OK
morsehgp3D_v7/src/parallel/sort.hpp: OK
morsehgp3D_v7/src/pipeline/candidates.hpp: OK
morsehgp3D_v7/src/pipeline/census.hpp: OK
morsehgp3D_v7/src/pipeline/digest.hpp: OK
morsehgp3D_v7/src/pipeline/expand.hpp: OK
morsehgp3D_v7/src/pipeline/float_filter.hpp: OK
morsehgp3D_v7/src/pipeline/generate.hpp: OK
morsehgp3D_v7/src/pipeline/run.hpp: OK
morsehgp3D_v7/src/spindle/spindle.hpp: OK
morsehgp3D_v7/src/spindle/witness_count.hpp: OK
morsehgp3D_v7/src/tree/cloud_index.hpp: OK
morsehgp3D_v7/src/wspd/wavefront.hpp: OK
build/v7/mhgp7: OK
build/v7_c_qualification/mhgp7: OK
a875192ec280e89f1bb2a7d887a974aeae5071445a7067afae13a8746393ded3  morsehgp3D_v7/CMakeLists.txt
85ddb30a767edb77b3b6066bc965e49ed2fb702c51683cfc0fbb1eac248e7eef  morsehgp3D_v7/tests/arithmetic_integer_gate.cpp
f6baee8f72a9becbbd3e291d87f22cbab953eff031560b96bdd7e5251154406c  morsehgp3D_v7/tests/arithmetic_lanes_gate.cpp
