=================================================================
==4==ERROR: AddressSanitizer: stack-use-after-scope on address 0x7afb2c600068 at pc 0x5a561970db99 bp 0x7afb2b1fea40 sp 0x7afb2b1fea30
READ of size 8 at 0x7afb2c600068 thread T1
    #0 0x5a561970db98 in operator() /tmp/mhgp10-audit-pool-head.X45WLs/pool_throw.cpp:16
    #1 0x5a561970db98 in __invoke_impl<void, main()::<lambda(mhgp10::u64, mhgp10::u64, unsigned int)>&, long unsigned int, long unsigned int, unsigned int> /usr/include/c++/13/bits/invoke.h:61
    #2 0x5a561970db98 in __invoke_r<void, main()::<lambda(mhgp10::u64, mhgp10::u64, unsigned int)>&, long unsigned int, long unsigned int, unsigned int> /usr/include/c++/13/bits/invoke.h:111
    #3 0x5a561970db98 in _M_invoke /usr/include/c++/13/bits/std_function.h:290
    #4 0x5a561970fac5 in std::function<void (unsigned long, unsigned long, unsigned int)>::operator()(unsigned long, unsigned long, unsigned int) const /usr/include/c++/13/bits/std_function.h:591
    #5 0x5a561970fac5 in mhgp10::sched::Pool::run_chunks(mhgp10::sched::Pool::Job&, unsigned int) /tmp/mhgp10-audit-pool-head.X45WLs/snapshot/morsehgp3D_v10/src/sched/pool.cpp:34
    #6 0x5a56197103dd in mhgp10::sched::Pool::worker_loop(unsigned int) /tmp/mhgp10-audit-pool-head.X45WLs/snapshot/morsehgp3D_v10/src/sched/pool.cpp:51
    #7 0x5a5619710f28 in operator() /tmp/mhgp10-audit-pool-head.X45WLs/snapshot/morsehgp3D_v10/src/sched/pool.cpp:16
    #8 0x5a5619710f28 in __invoke_impl<void, mhgp10::sched::Pool::Pool(unsigned int)::<lambda()> > /usr/include/c++/13/bits/invoke.h:61
    #9 0x5a5619710f28 in __invoke<mhgp10::sched::Pool::Pool(unsigned int)::<lambda()> > /usr/include/c++/13/bits/invoke.h:96
    #10 0x5a5619710f28 in _M_invoke<0> /usr/include/c++/13/bits/std_thread.h:292
    #11 0x5a5619710f28 in operator() /usr/include/c++/13/bits/std_thread.h:299
    #12 0x5a5619710f28 in _M_run /usr/include/c++/13/bits/std_thread.h:244
    #13 0x7afb2edebdb3  (/lib/x86_64-linux-gnu/libstdc++.so.6+0xecdb3) (BuildId: 753c6c8608b61d4e67be8f0c890e03e0aa046b8b)
    #14 0x7afb2efdba41 in asan_thread_start ../../../../src/libsanitizer/asan/asan_interceptors.cpp:234
    #15 0x7afb2e45aaa3 in start_thread nptl/pthread_create.c:447
    #16 0x7afb2e4e7c6b in clone3 ../sysdeps/unix/sysv/linux/x86_64/clone3.S:78

Address 0x7afb2c600068 is located in stack of thread T0 at offset 104 in frame
    #0 0x5a561970e130 in main /tmp/mhgp10-audit-pool-head.X45WLs/pool_throw.cpp:6

  This frame has 5 object(s):
    [32, 33) 'entered' (line 7)
    [48, 49) 'release' (line 7)
    [64, 80) '<unknown>'
    [96, 128) '<unknown>' <== Memory access at offset 104 is inside this variable
    [160, 352) 'pool' (line 8)
HINT: this may be a false positive if your program uses some custom stack unwind mechanism, swapcontext or vfork
      (longjmp and C++ exceptions *are* supported)
SUMMARY: AddressSanitizer: stack-use-after-scope /tmp/mhgp10-audit-pool-head.X45WLs/pool_throw.cpp:16 in operator()
Shadow bytes around the buggy address:
  0x7afb2c5ffd80: 00 00 00 00 00 00 00 00 00 00 00 00 00 00 00 00
  0x7afb2c5ffe00: 00 00 00 00 00 00 00 00 00 00 00 00 00 00 00 00
  0x7afb2c5ffe80: 00 00 00 00 00 00 00 00 00 00 00 00 00 00 00 00
  0x7afb2c5fff00: 00 00 00 00 00 00 00 00 00 00 00 00 00 00 00 00
  0x7afb2c5fff80: 00 00 00 00 00 00 00 00 00 00 00 00 00 00 00 00
=>0x7afb2c600000: f1 f1 f1 f1 01 f2 01 f2 f8 f8 f2 f2 f8[f8]f8 f8
  0x7afb2c600080: f2 f2 f2 f2 00 00 00 00 00 00 00 00 00 00 00 00
  0x7afb2c600100: 00 00 00 00 00 00 00 00 00 00 00 00 f3 f3 f3 f3
  0x7afb2c600180: f3 f3 f3 f3 00 00 00 00 00 00 00 00 00 00 00 00
  0x7afb2c600200: f5 f5 f5 f5 f5 f5 f5 f5 f5 f5 f5 f5 f5 f5 f5 f5
  0x7afb2c600280: f5 f5 f5 f5 f5 f5 f5 f5 f5 f5 f5 f5 f5 f5 f5 f5
Shadow byte legend (one shadow byte represents 8 application bytes):
  Addressable:           00
  Partially addressable: 01 02 03 04 05 06 07 
  Heap left redzone:       fa
  Freed heap region:       fd
  Stack left redzone:      f1
  Stack mid redzone:       f2
  Stack right redzone:     f3
  Stack after return:      f5
  Stack use after scope:   f8
  Global redzone:          f9
  Global init order:       f6
  Poisoned by user:        f7
  Container overflow:      fc
  Array cookie:            ac
  Intra object redzone:    bb
  ASan internal:           fe
  Left alloca redzone:     ca
  Right alloca redzone:    cb
Thread T1 created by T0 here:
    #0 0x7afb2f0721f9 in pthread_create ../../../../src/libsanitizer/asan/asan_interceptors.cpp:245
    #1 0x7afb2edebeb0 in std::thread::_M_start_thread(std::unique_ptr<std::thread::_State, std::default_delete<std::thread::_State> >, void (*)()) (/lib/x86_64-linux-gnu/libstdc++.so.6+0xeceb0) (BuildId: 753c6c8608b61d4e67be8f0c890e03e0aa046b8b)
    #2 0x5a5619712fda in thread<mhgp10::sched::Pool::Pool(unsigned int)::<lambda()> > /usr/include/c++/13/bits/std_thread.h:164
    #3 0x5a5619712fda in construct_at<std::thread, mhgp10::sched::Pool::Pool(unsigned int)::<lambda()> > /usr/include/c++/13/bits/stl_construct.h:97
    #4 0x5a5619712fda in construct<std::thread, mhgp10::sched::Pool::Pool(unsigned int)::<lambda()> > /usr/include/c++/13/bits/alloc_traits.h:540
    #5 0x5a5619712fda in emplace_back<mhgp10::sched::Pool::Pool(unsigned int)::<lambda()> > /usr/include/c++/13/bits/vector.tcc:117
    #6 0x5a5619712fda in mhgp10::sched::Pool::Pool(unsigned int) /tmp/mhgp10-audit-pool-head.X45WLs/snapshot/morsehgp3D_v10/src/sched/pool.cpp:16
    #7 0x5a561970e22f in main /tmp/mhgp10-audit-pool-head.X45WLs/pool_throw.cpp:8
    #8 0x7afb2e3e81c9 in __libc_start_call_main ../sysdeps/nptl/libc_start_call_main.h:58
    #9 0x7afb2e3e828a in __libc_start_main_impl ../csu/libc-start.c:360
    #10 0x5a561970d6e4 in _start (/tmp/mhgp10-audit-pool-head.X45WLs/pool_throw+0x166e4) (BuildId: 578c2b6f935cd5b10c73a0799a6543d88b6576db)

==4==ABORTING
