{"seed": 0, "mcs": 10, "n": 1500, "hdb": [3, 0], "birth_min": 0.25, "n_births": 1500, "gab_singletons": 0, "mass_set": [1.0], "head": [3, 0, 1.0, "OK"], "prefix": [35, 933, 0.0658, "DIFF"], "patched": [3, 0, 1.0, "OK"], "wt": [3, 0, 1.0, "OK"], "wtpatched": [3, 0, 1.0, "OK"]}
{"seed": 0, "mcs": 25, "n": 1500, "hdb": [3, 0], "head": [3, 0, 1.0, "OK"], "prefix": [4, 33, 0.9837, "DIFF"], "patched": [3, 0, 1.0, "OK"], "wt": [3, 0, 1.0, "OK"], "wtpatched": [3, 0, 1.0, "OK"]}
{"seed": 1, "mcs": 10, "n": 1500, "hdb": [3, 0], "birth_min": 0.25, "n_births": 1500, "gab_singletons": 0, "mass_set": [1.0], "head": [3, 0, 1.0, "OK"], "prefix": [25, 835, 0.3365, "DIFF"], "patched": [3, 0, 1.0, "OK"], "wt": [3, 0, 1.0, "OK"], "wtpatched": [3, 0, 1.0, "OK"]}
{"seed": 1, "mcs": 25, "n": 1500, "hdb": [3, 0], "head": [3, 0, 1.0, "OK"], "prefix": [8, 685, 0.658, "DIFF"], "patched": [3, 0, 1.0, "OK"], "wt": [3, 0, 1.0, "OK"], "wtpatched": [3, 0, 1.0, "OK"]}
{"seed": 2, "mcs": 10, "n": 1500, "hdb": [5, 0], "birth_min": 9.0, "n_births": 1500, "gab_singletons": 0, "mass_set": [1.0], "head": [5, 0, 1.0, "OK"], "prefix": [21, 487, 0.5405, "DIFF"], "patched": [5, 0, 1.0, "OK"], "wt": [5, 0, 1.0, "OK"], "wtpatched": [5, 0, 1.0, "OK"]}
{"seed": 2, "mcs": 25, "n": 1500, "hdb": [5, 0], "head": [5, 0, 1.0, "OK"], "prefix": [6, 70, 0.9817, "DIFF"], "patched": [5, 0, 1.0, "OK"], "wt": [5, 0, 1.0, "OK"], "wtpatched": [5, 0, 1.0, "OK"]}
{"seed": 3, "mcs": 10, "n": 1500, "hdb": [6, 0], "birth_min": 0.25, "n_births": 1500, "gab_singletons": 0, "mass_set": [1.0], "head": [6, 0, 1.0, "OK"], "prefix": [33, 679, 0.2276, "DIFF"], "patched": [6, 0, 1.0, "OK"], "wt": [6, 0, 1.0, "OK"], "wtpatched": [6, 0, 1.0, "OK"]}
{"seed": 3, "mcs": 25, "n": 1500, "hdb": [6, 0], "head": [6, 0, 1.0, "OK"], "prefix": [10, 241, 0.8269, "DIFF"], "patched": [6, 0, 1.0, "OK"], "wt": [6, 0, 1.0, "OK"], "wtpatched": [6, 0, 1.0, "OK"]}
{"seed": 4, "mcs": 10, "n": 1500, "hdb": [3, 2], "birth_min": 2.0, "n_births": 1500, "gab_singletons": 0, "mass_set": [1.0], "head": [3, 2, 1.0, "OK"], "prefix": [31, 966, -0.0153, "DIFF"], "patched": [3, 2, 1.0, "OK"], "wt": [3, 2, 1.0, "OK"], "wtpatched": [3, 2, 1.0, "OK"]}
{"seed": 4, "mcs": 25, "n": 1500, "hdb": [3, 2], "head": [3, 2, 1.0, "OK"], "prefix": [3, 2, 1.0, "OK"], "patched": [3, 2, 1.0, "OK"], "wt": [3, 2, 1.0, "OK"], "wtpatched": [3, 2, 1.0, "OK"]}
{"seed": 5, "mcs": 10, "n": 1499, "hdb": [4, 0], "birth_min": 0.25, "n_births": 1499, "gab_singletons": 0, "mass_set": [1.0], "head": [15, 254, 0.8457, "DIFF"], "prefix": [31, 724, 0.2519, "DIFF"], "patched": [4, 0, 1.0, "OK"], "wt": [15, 254, 0.8457, "DIFF"], "wtpatched": [4, 0, 1.0, "OK"]}
{"seed": 5, "mcs": 25, "n": 1499, "hdb": [4, 0], "head": [4, 0, 1.0, "OK"], "prefix": [7, 266, 0.7709, "DIFF"], "patched": [4, 0, 1.0, "OK"], "wt": [4, 0, 1.0, "OK"], "wtpatched": [4, 0, 1.0, "OK"]}
{"seed": 6, "mcs": 10, "n": 1500, "hdb": [5, 0], "birth_min": 1.25, "n_births": 1500, "gab_singletons": 0, "mass_set": [1.0], "head": [5, 0, 1.0, "OK"], "prefix": [28, 909, 0.0872, "DIFF"], "patched": [5, 0, 1.0, "OK"], "wt": [5, 0, 1.0, "OK"], "wtpatched": [5, 0, 1.0, "OK"]}
{"seed": 6, "mcs": 25, "n": 1500, "hdb": [5, 0], "head": [5, 0, 1.0, "OK"], "prefix": [5, 0, 1.0, "OK"], "patched": [5, 0, 1.0, "OK"], "wt": [5, 0, 1.0, "OK"], "wtpatched": [5, 0, 1.0, "OK"]}
{"seed": 7, "mcs": 10, "n": 1500, "hdb": [6, 27], "birth_min": 1.0, "n_births": 1500, "gab_singletons": 0, "mass_set": [1.0], "head": [17, 257, 0.8084, "DIFF"], "prefix": [26, 556, 0.4786, "DIFF"], "patched": [6, 27, 1.0, "OK"], "wt": [17, 257, 0.8084, "DIFF"], "wtpatched": [6, 27, 1.0, "OK"]}
{"seed": 7, "mcs": 25, "n": 1500, "hdb": [5, 0], "head": [8, 281, 0.8719, "DIFF"], "prefix": [8, 281, 0.8719, "DIFF"], "patched": [5, 0, 1.0, "OK"], "wt": [8, 281, 0.8719, "DIFF"], "wtpatched": [5, 0, 1.0, "OK"]}
{"seed": 8, "mcs": 10, "n": 1500, "hdb": [3, 0], "birth_min": 7.25, "n_births": 1500, "gab_singletons": 0, "mass_set": [1.0], "head": [3, 0, 1.0, "OK"], "prefix": [32, 961, -0.0026, "DIFF"], "patched": [3, 0, 1.0, "OK"], "wt": [3, 0, 1.0, "OK"], "wtpatched": [3, 0, 1.0, "OK"]}
{"seed": 8, "mcs": 25, "n": 1500, "hdb": [3, 0], "head": [3, 0, 1.0, "OK"], "prefix": [3, 0, 1.0, "OK"], "patched": [3, 0, 1.0, "OK"], "wt": [3, 0, 1.0, "OK"], "wtpatched": [3, 0, 1.0, "OK"]}
{"seed": 9, "mcs": 10, "n": 1500, "hdb": [4, 0], "birth_min": 0.5, "n_births": 1500, "gab_singletons": 0, "mass_set": [1.0], "head": [4, 0, 1.0, "OK"], "prefix": [30, 732, 0.2226, "DIFF"], "patched": [4, 0, 1.0, "OK"], "wt": [4, 0, 1.0, "OK"], "wtpatched": [4, 0, 1.0, "OK"]}
{"seed": 9, "mcs": 25, "n": 1500, "hdb": [4, 0], "head": [4, 0, 1.0, "OK"], "prefix": [4, 0, 1.0, "OK"], "patched": [4, 0, 1.0, "OK"], "wt": [4, 0, 1.0, "OK"], "wtpatched": [4, 0, 1.0, "OK"]}
{"seed": 10, "mcs": 10, "n": 1500, "hdb": [5, 0], "birth_min": 7.25, "n_births": 1500, "gab_singletons": 0, "mass_set": [1.0], "head": [5, 0, 1.0, "OK"], "prefix": [27, 766, 0.2839, "DIFF"], "patched": [5, 0, 1.0, "OK"], "wt": [5, 0, 1.0, "OK"], "wtpatched": [5, 0, 1.0, "OK"]}
{"seed": 10, "mcs": 25, "n": 1500, "hdb": [5, 0], "head": [5, 0, 1.0, "OK"], "prefix": [5, 0, 1.0, "OK"], "patched": [5, 0, 1.0, "OK"], "wt": [5, 0, 1.0, "OK"], "wtpatched": [5, 0, 1.0, "OK"]}
{"seed": 11, "mcs": 10, "n": 1500, "hdb": [5, 0], "birth_min": 6.25, "n_births": 1500, "gab_singletons": 0, "mass_set": [1.0], "head": [5, 0, 1.0, "OK"], "prefix": [36, 879, 0.0777, "DIFF"], "patched": [5, 0, 1.0, "OK"], "wt": [5, 0, 1.0, "OK"], "wtpatched": [5, 0, 1.0, "OK"]}
{"seed": 11, "mcs": 25, "n": 1500, "hdb": [5, 0], "head": [5, 0, 1.0, "OK"], "prefix": [5, 0, 1.0, "OK"], "patched": [5, 0, 1.0, "OK"], "wt": [5, 0, 1.0, "OK"], "wtpatched": [5, 0, 1.0, "OK"]}
{"seed": 12, "mcs": 10, "n": 1500, "hdb": [3, 0], "birth_min": 0.5, "n_births": 1500, "gab_singletons": 0, "mass_set": [1.0], "head": [3, 0, 1.0, "OK"], "prefix": [22, 378, 0.6869, "DIFF"], "patched": [3, 0, 1.0, "OK"], "wt": [3, 0, 1.0, "OK"], "wtpatched": [3, 0, 1.0, "OK"]}
{"seed": 12, "mcs": 25, "n": 1500, "hdb": [3, 0], "head": [3, 0, 1.0, "OK"], "prefix": [3, 0, 1.0, "OK"], "patched": [3, 0, 1.0, "OK"], "wt": [3, 0, 1.0, "OK"], "wtpatched": [3, 0, 1.0, "OK"]}
{"seed": 13, "mcs": 10, "n": 1500, "hdb": [4, 0], "birth_min": 0.5, "n_births": 1500, "gab_singletons": 0, "mass_set": [1.0], "head": [4, 0, 1.0, "OK"], "prefix": [39, 853, 0.0365, "DIFF"], "patched": [4, 0, 1.0, "OK"], "wt": [4, 0, 1.0, "OK"], "wtpatched": [4, 0, 1.0, "OK"]}
{"seed": 13, "mcs": 25, "n": 1500, "hdb": [4, 0], "head": [4, 0, 1.0, "OK"], "prefix": [8, 319, 0.8088, "DIFF"], "patched": [4, 0, 1.0, "OK"], "wt": [4, 0, 1.0, "OK"], "wtpatched": [4, 0, 1.0, "OK"]}
{"seed": 14, "mcs": 10, "n": 1500, "hdb": [3, 0], "birth_min": 1.25, "n_births": 1500, "gab_singletons": 0, "mass_set": [1.0], "head": [14, 310, 0.475, "DIFF"], "prefix": [31, 900, 0.0097, "DIFF"], "patched": [3, 0, 1.0, "OK"], "wt": [14, 310, 0.475, "DIFF"], "wtpatched": [3, 0, 1.0, "OK"]}
{"seed": 14, "mcs": 25, "n": 1500, "hdb": [3, 0], "head": [7, 220, 0.4495, "DIFF"], "prefix": [11, 378, 0.3103, "DIFF"], "patched": [3, 0, 1.0, "OK"], "wt": [7, 220, 0.4495, "DIFF"], "wtpatched": [3, 0, 1.0, "OK"]}
{"seed": 15, "mcs": 10, "n": 1500, "hdb": [6, 2], "birth_min": 9.25, "n_births": 1500, "gab_singletons": 0, "mass_set": [1.0], "head": [6, 2, 1.0, "OK"], "prefix": [35, 820, 0.1159, "DIFF"], "patched": [6, 2, 1.0, "OK"], "wt": [6, 2, 1.0, "OK"], "wtpatched": [6, 2, 1.0, "OK"]}
{"seed": 15, "mcs": 25, "n": 1500, "hdb": [6, 2], "head": [6, 2, 1.0, "OK"], "prefix": [8, 140, 0.939, "DIFF"], "patched": [6, 2, 1.0, "OK"], "wt": [6, 2, 1.0, "OK"], "wtpatched": [6, 2, 1.0, "OK"]}
{"seed": 16, "mcs": 10, "n": 1500, "hdb": [3, 4], "birth_min": 1.0, "n_births": 1500, "gab_singletons": 0, "mass_set": [1.0], "head": [16, 292, 0.8807, "DIFF"], "prefix": [32, 957, 0.035, "DIFF"], "patched": [3, 4, 1.0, "OK"], "wt": [16, 292, 0.8807, "DIFF"], "wtpatched": [3, 4, 1.0, "OK"]}
{"seed": 16, "mcs": 25, "n": 1500, "hdb": [3, 4], "head": [6, 298, 0.8887, "DIFF"], "prefix": [9, 508, 0.6876, "DIFF"], "patched": [3, 4, 1.0, "OK"], "wt": [6, 298, 0.8887, "DIFF"], "wtpatched": [3, 4, 1.0, "OK"]}
{"seed": 17, "mcs": 10, "n": 1500, "hdb": [4, 0], "birth_min": 1.0, "n_births": 1500, "gab_singletons": 0, "mass_set": [1.0], "head": [11, 125, 0.9431, "DIFF"], "prefix": [39, 725, 0.144, "DIFF"], "patched": [4, 0, 1.0, "OK"], "wt": [11, 125, 0.9431, "DIFF"], "wtpatched": [4, 0, 1.0, "OK"]}
{"seed": 17, "mcs": 25, "n": 1500, "hdb": [4, 0], "head": [7, 137, 0.9476, "DIFF"], "prefix": [7, 137, 0.9476, "DIFF"], "patched": [4, 0, 1.0, "OK"], "wt": [7, 137, 0.9476, "DIFF"], "wtpatched": [4, 0, 1.0, "OK"]}
{"seed": 18, "mcs": 10, "n": 1500, "hdb": [5, 0], "birth_min": 2.0, "n_births": 1500, "gab_singletons": 0, "mass_set": [1.0], "head": [5, 0, 1.0, "OK"], "prefix": [38, 862, 0.022, "DIFF"], "patched": [5, 0, 1.0, "OK"], "wt": [5, 0, 1.0, "OK"], "wtpatched": [5, 0, 1.0, "OK"]}
{"seed": 18, "mcs": 25, "n": 1500, "hdb": [5, 0], "head": [5, 0, 1.0, "OK"], "prefix": [6, 120, 0.8967, "DIFF"], "patched": [5, 0, 1.0, "OK"], "wt": [5, 0, 1.0, "OK"], "wtpatched": [5, 0, 1.0, "OK"]}
{"seed": 19, "mcs": 10, "n": 1500, "hdb": [6, 11], "birth_min": 2.75, "n_births": 1500, "gab_singletons": 0, "mass_set": [1.0], "head": [6, 11, 1.0, "OK"], "prefix": [24, 665, 0.4422, "DIFF"], "patched": [6, 11, 1.0, "OK"], "wt": [6, 11, 1.0, "OK"], "wtpatched": [6, 11, 1.0, "OK"]}
{"seed": 19, "mcs": 25, "n": 1500, "hdb": [6, 11], "head": [6, 11, 1.0, "OK"], "prefix": [6, 11, 1.0, "OK"], "patched": [6, 11, 1.0, "OK"], "wt": [6, 11, 1.0, "OK"], "wtpatched": [6, 11, 1.0, "OK"]}
exact matches over 40 {"head": 31, "prefix": 8, "patched": 40, "wt": 31, "wtpatched": 40}
