{
  "backtraceGraph" : 
  {
    "commands" : 
    [
      "add_test",
      "mhgp7_gate"
    ],
    "files" : 
    [
      "/workspaces/E-HGP/morsehgp3D_v7/CMakeLists.txt"
    ],
    "nodes" : 
    [
      {
        "file" : 0
      },
      {
        "command" : 1,
        "file" : 0,
        "line" : 94,
        "parent" : 0
      },
      {
        "command" : 0,
        "file" : 0,
        "line" : 34,
        "parent" : 1
      },
      {
        "file" : 0
      },
      {
        "command" : 1,
        "file" : 0,
        "line" : 95,
        "parent" : 3
      },
      {
        "command" : 0,
        "file" : 0,
        "line" : 34,
        "parent" : 4
      },
      {
        "file" : 0
      },
      {
        "command" : 1,
        "file" : 0,
        "line" : 98,
        "parent" : 6
      },
      {
        "command" : 0,
        "file" : 0,
        "line" : 34,
        "parent" : 7
      },
      {
        "file" : 0
      },
      {
        "command" : 1,
        "file" : 0,
        "line" : 101,
        "parent" : 9
      },
      {
        "command" : 0,
        "file" : 0,
        "line" : 34,
        "parent" : 10
      },
      {
        "file" : 0
      },
      {
        "command" : 1,
        "file" : 0,
        "line" : 773,
        "parent" : 12
      },
      {
        "command" : 0,
        "file" : 0,
        "line" : 34,
        "parent" : 13
      },
      {
        "file" : 0
      },
      {
        "command" : 1,
        "file" : 0,
        "line" : 774,
        "parent" : 15
      },
      {
        "command" : 0,
        "file" : 0,
        "line" : 34,
        "parent" : 16
      },
      {
        "file" : 0
      },
      {
        "command" : 1,
        "file" : 0,
        "line" : 776,
        "parent" : 18
      },
      {
        "command" : 0,
        "file" : 0,
        "line" : 34,
        "parent" : 19
      },
      {
        "file" : 0
      },
      {
        "command" : 1,
        "file" : 0,
        "line" : 779,
        "parent" : 21
      },
      {
        "command" : 0,
        "file" : 0,
        "line" : 34,
        "parent" : 22
      },
      {
        "file" : 0
      },
      {
        "command" : 1,
        "file" : 0,
        "line" : 780,
        "parent" : 24
      },
      {
        "command" : 0,
        "file" : 0,
        "line" : 34,
        "parent" : 25
      },
      {
        "file" : 0
      },
      {
        "command" : 1,
        "file" : 0,
        "line" : 781,
        "parent" : 27
      },
      {
        "command" : 0,
        "file" : 0,
        "line" : 34,
        "parent" : 28
      },
      {
        "file" : 0
      },
      {
        "command" : 1,
        "file" : 0,
        "line" : 783,
        "parent" : 30
      },
      {
        "command" : 0,
        "file" : 0,
        "line" : 34,
        "parent" : 31
      },
      {
        "file" : 0
      },
      {
        "command" : 1,
        "file" : 0,
        "line" : 786,
        "parent" : 33
      },
      {
        "command" : 0,
        "file" : 0,
        "line" : 34,
        "parent" : 34
      },
      {
        "file" : 0
      },
      {
        "command" : 1,
        "file" : 0,
        "line" : 787,
        "parent" : 36
      },
      {
        "command" : 0,
        "file" : 0,
        "line" : 34,
        "parent" : 37
      },
      {
        "file" : 0
      },
      {
        "command" : 1,
        "file" : 0,
        "line" : 789,
        "parent" : 39
      },
      {
        "command" : 0,
        "file" : 0,
        "line" : 34,
        "parent" : 40
      },
      {
        "file" : 0
      },
      {
        "command" : 1,
        "file" : 0,
        "line" : 791,
        "parent" : 42
      },
      {
        "command" : 0,
        "file" : 0,
        "line" : 34,
        "parent" : 43
      },
      {
        "file" : 0
      },
      {
        "command" : 1,
        "file" : 0,
        "line" : 793,
        "parent" : 45
      },
      {
        "command" : 0,
        "file" : 0,
        "line" : 34,
        "parent" : 46
      },
      {
        "file" : 0
      },
      {
        "command" : 1,
        "file" : 0,
        "line" : 795,
        "parent" : 48
      },
      {
        "command" : 0,
        "file" : 0,
        "line" : 34,
        "parent" : 49
      },
      {
        "file" : 0
      },
      {
        "command" : 0,
        "file" : 0,
        "line" : 798,
        "parent" : 51
      },
      {
        "file" : 0
      },
      {
        "command" : 0,
        "file" : 0,
        "line" : 800,
        "parent" : 53
      },
      {
        "file" : 0
      },
      {
        "command" : 1,
        "file" : 0,
        "line" : 810,
        "parent" : 55
      },
      {
        "command" : 0,
        "file" : 0,
        "line" : 34,
        "parent" : 56
      },
      {
        "file" : 0
      },
      {
        "command" : 1,
        "file" : 0,
        "line" : 813,
        "parent" : 58
      },
      {
        "command" : 0,
        "file" : 0,
        "line" : 34,
        "parent" : 59
      },
      {
        "file" : 0
      },
      {
        "command" : 1,
        "file" : 0,
        "line" : 829,
        "parent" : 61
      },
      {
        "command" : 0,
        "file" : 0,
        "line" : 34,
        "parent" : 62
      },
      {
        "file" : 0
      },
      {
        "command" : 1,
        "file" : 0,
        "line" : 831,
        "parent" : 64
      },
      {
        "command" : 0,
        "file" : 0,
        "line" : 34,
        "parent" : 65
      },
      {
        "file" : 0
      },
      {
        "command" : 1,
        "file" : 0,
        "line" : 833,
        "parent" : 67
      },
      {
        "command" : 0,
        "file" : 0,
        "line" : 34,
        "parent" : 68
      },
      {
        "file" : 0
      },
      {
        "command" : 1,
        "file" : 0,
        "line" : 835,
        "parent" : 70
      },
      {
        "command" : 0,
        "file" : 0,
        "line" : 34,
        "parent" : 71
      },
      {
        "file" : 0
      },
      {
        "command" : 1,
        "file" : 0,
        "line" : 991,
        "parent" : 73
      },
      {
        "command" : 0,
        "file" : 0,
        "line" : 34,
        "parent" : 74
      },
      {
        "file" : 0
      },
      {
        "command" : 1,
        "file" : 0,
        "line" : 993,
        "parent" : 76
      },
      {
        "command" : 0,
        "file" : 0,
        "line" : 34,
        "parent" : 77
      },
      {
        "file" : 0
      },
      {
        "command" : 1,
        "file" : 0,
        "line" : 996,
        "parent" : 79
      },
      {
        "command" : 0,
        "file" : 0,
        "line" : 34,
        "parent" : 80
      },
      {
        "file" : 0
      },
      {
        "command" : 1,
        "file" : 0,
        "line" : 999,
        "parent" : 82
      },
      {
        "command" : 0,
        "file" : 0,
        "line" : 34,
        "parent" : 83
      },
      {
        "file" : 0
      },
      {
        "command" : 1,
        "file" : 0,
        "line" : 1002,
        "parent" : 85
      },
      {
        "command" : 0,
        "file" : 0,
        "line" : 34,
        "parent" : 86
      },
      {
        "file" : 0
      },
      {
        "command" : 1,
        "file" : 0,
        "line" : 1004,
        "parent" : 88
      },
      {
        "command" : 0,
        "file" : 0,
        "line" : 34,
        "parent" : 89
      },
      {
        "file" : 0
      },
      {
        "command" : 1,
        "file" : 0,
        "line" : 1006,
        "parent" : 91
      },
      {
        "command" : 0,
        "file" : 0,
        "line" : 34,
        "parent" : 92
      }
    ]
  },
  "kind" : "ctestInfo",
  "tests" : 
  [
    {
      "backtrace" : 2,
      "command" : 
      [
        "/usr/bin/cmake",
        "-DEXPECTED=0",
        "-DCMD=/workspaces/E-HGP/build/v7_meb_integrated_tests/release/mhgp7_bad_alloc_gate",
        "-DARGS=--threads=4",
        "-DEXPECT_LINE=",
        "-DEXPECT_PREFIX=",
        "-P",
        "/workspaces/E-HGP/morsehgp3D_v7/cmake/run_expect.cmake"
      ],
      "name" : "mhgp7_bad_alloc_temoin",
      "properties" : 
      [
        {
          "name" : "LABELS",
          "value" : 
          [
            "gate"
          ]
        },
        {
          "name" : "TIMEOUT",
          "value" : 600.0
        },
        {
          "name" : "WORKING_DIRECTORY",
          "value" : "/workspaces/E-HGP/build/v7_meb_integrated_tests/release"
        }
      ]
    },
    {
      "backtrace" : 5,
      "command" : 
      [
        "/usr/bin/cmake",
        "-DEXPECTED=2",
        "-DCMD=/workspaces/E-HGP/build/v7_meb_integrated_tests/release/mhgp7_bad_alloc_gate",
        "-DARGS=--inject=caps-throw-bad-alloc-provision --etage=entree --threads=4",
        "-DEXPECT_LINE=",
        "-DEXPECT_PREFIX=caps-throw-bad-alloc-provision inflight=1 : resource_exhausted : allocation impossible a l'etage entree (rss_mb apres_generation=",
        "-P",
        "/workspaces/E-HGP/morsehgp3D_v7/cmake/run_expect.cmake"
      ],
      "name" : "mhgp7_bad_alloc_etage_provision",
      "properties" : 
      [
        {
          "name" : "LABELS",
          "value" : 
          [
            "gate"
          ]
        },
        {
          "name" : "TIMEOUT",
          "value" : 600.0
        },
        {
          "name" : "WORKING_DIRECTORY",
          "value" : "/workspaces/E-HGP/build/v7_meb_integrated_tests/release"
        }
      ]
    },
    {
      "backtrace" : 8,
      "command" : 
      [
        "/usr/bin/cmake",
        "-DEXPECTED=2",
        "-DCMD=/workspaces/E-HGP/build/v7_meb_integrated_tests/release/mhgp7_bad_alloc_gate",
        "-DARGS=--threads=4 --inject=caps-throw-bad-alloc-census --etage=census",
        "-DEXPECT_LINE=",
        "-DEXPECT_PREFIX=caps-throw-bad-alloc-census inflight=1 : resource_exhausted : allocation impossible a l'etage census (rss_mb apres_generation=",
        "-P",
        "/workspaces/E-HGP/morsehgp3D_v7/cmake/run_expect.cmake"
      ],
      "name" : "mhgp7_bad_alloc_etage_census",
      "properties" : 
      [
        {
          "name" : "LABELS",
          "value" : 
          [
            "gate"
          ]
        },
        {
          "name" : "TIMEOUT",
          "value" : 600.0
        },
        {
          "name" : "WORKING_DIRECTORY",
          "value" : "/workspaces/E-HGP/build/v7_meb_integrated_tests/release"
        }
      ]
    },
    {
      "backtrace" : 11,
      "command" : 
      [
        "/usr/bin/cmake",
        "-DEXPECTED=2",
        "-DCMD=/workspaces/E-HGP/build/v7_meb_integrated_tests/release/mhgp7_bad_alloc_gate",
        "-DARGS=--threads=4 --inject=caps-throw-bad-alloc-fold --etage=fold",
        "-DEXPECT_LINE=",
        "-DEXPECT_PREFIX=caps-throw-bad-alloc-fold inflight=1 : resource_exhausted : allocation impossible a l'etage fold (rss_mb apres_generation=",
        "-P",
        "/workspaces/E-HGP/morsehgp3D_v7/cmake/run_expect.cmake"
      ],
      "name" : "mhgp7_bad_alloc_etage_fold",
      "properties" : 
      [
        {
          "name" : "LABELS",
          "value" : 
          [
            "gate"
          ]
        },
        {
          "name" : "TIMEOUT",
          "value" : 600.0
        },
        {
          "name" : "WORKING_DIRECTORY",
          "value" : "/workspaces/E-HGP/build/v7_meb_integrated_tests/release"
        }
      ]
    },
    {
      "backtrace" : 14,
      "command" : 
      [
        "/usr/bin/cmake",
        "-DEXPECTED=0",
        "-DCMD=/workspaces/E-HGP/build/v7_meb_integrated_tests/release/mhgp7_thread_failure_gate",
        "-DARGS=",
        "-DEXPECT_LINE=",
        "-DEXPECT_PREFIX=",
        "-P",
        "/workspaces/E-HGP/morsehgp3D_v7/cmake/run_expect.cmake"
      ],
      "name" : "mhgp7_thread_failure",
      "properties" : 
      [
        {
          "name" : "LABELS",
          "value" : 
          [
            "gate"
          ]
        },
        {
          "name" : "TIMEOUT",
          "value" : 30.0
        },
        {
          "name" : "WORKING_DIRECTORY",
          "value" : "/workspaces/E-HGP/build/v7_meb_integrated_tests/release"
        }
      ]
    },
    {
      "backtrace" : 17,
      "command" : 
      [
        "/usr/bin/cmake",
        "-DEXPECTED=4",
        "-DCMD=/workspaces/E-HGP/build/v7_meb_integrated_tests/release/mhgp7_thread_failure_gate",
        "-DARGS=--inject=parallel-admit-partial-launch",
        "-DEXPECT_LINE=",
        "-DEXPECT_PREFIX=",
        "-P",
        "/workspaces/E-HGP/morsehgp3D_v7/cmake/run_expect.cmake"
      ],
      "name" : "mhgp7_thread_failure_mutant_admission",
      "properties" : 
      [
        {
          "name" : "LABELS",
          "value" : 
          [
            "gate"
          ]
        },
        {
          "name" : "TIMEOUT",
          "value" : 30.0
        },
        {
          "name" : "WORKING_DIRECTORY",
          "value" : "/workspaces/E-HGP/build/v7_meb_integrated_tests/release"
        }
      ]
    },
    {
      "backtrace" : 20,
      "command" : 
      [
        "/usr/bin/cmake",
        "-DEXPECTED=2",
        "-DCMD=/workspaces/E-HGP/build/v7_meb_integrated_tests/release/mhgp7_thread_failure_gate",
        "-DARGS=--unknown",
        "-DEXPECT_LINE=",
        "-DEXPECT_PREFIX=",
        "-P",
        "/workspaces/E-HGP/morsehgp3D_v7/cmake/run_expect.cmake"
      ],
      "name" : "mhgp7_thread_failure_refus_arg",
      "properties" : 
      [
        {
          "name" : "LABELS",
          "value" : 
          [
            "gate"
          ]
        },
        {
          "name" : "TIMEOUT",
          "value" : 30.0
        },
        {
          "name" : "WORKING_DIRECTORY",
          "value" : "/workspaces/E-HGP/build/v7_meb_integrated_tests/release"
        }
      ]
    },
    {
      "backtrace" : 23,
      "command" : 
      [
        "/usr/bin/cmake",
        "-DEXPECTED=0",
        "-DCMD=/workspaces/E-HGP/build/v7_meb_integrated_tests/release/mhgp7_census_direct_gate",
        "-DARGS=",
        "-DEXPECT_LINE=",
        "-DEXPECT_PREFIX=",
        "-P",
        "/workspaces/E-HGP/morsehgp3D_v7/cmake/run_expect.cmake"
      ],
      "name" : "mhgp7_census_direct",
      "properties" : 
      [
        {
          "name" : "LABELS",
          "value" : 
          [
            "gate"
          ]
        },
        {
          "name" : "TIMEOUT",
          "value" : 120.0
        },
        {
          "name" : "WORKING_DIRECTORY",
          "value" : "/workspaces/E-HGP/build/v7_meb_integrated_tests/release"
        }
      ]
    },
    {
      "backtrace" : 26,
      "command" : 
      [
        "/usr/bin/cmake",
        "-DEXPECTED=4",
        "-DCMD=/workspaces/E-HGP/build/v7_meb_integrated_tests/release/mhgp7_census_direct_gate",
        "-DARGS=--inject=census-direct-offset",
        "-DEXPECT_LINE=",
        "-DEXPECT_PREFIX=",
        "-P",
        "/workspaces/E-HGP/morsehgp3D_v7/cmake/run_expect.cmake"
      ],
      "name" : "mhgp7_census_direct_offset",
      "properties" : 
      [
        {
          "name" : "LABELS",
          "value" : 
          [
            "gate"
          ]
        },
        {
          "name" : "TIMEOUT",
          "value" : 120.0
        },
        {
          "name" : "WORKING_DIRECTORY",
          "value" : "/workspaces/E-HGP/build/v7_meb_integrated_tests/release"
        }
      ]
    },
    {
      "backtrace" : 29,
      "command" : 
      [
        "/usr/bin/cmake",
        "-DEXPECTED=4",
        "-DCMD=/workspaces/E-HGP/build/v7_meb_integrated_tests/release/mhgp7_census_direct_gate",
        "-DARGS=--inject=census-direct-publish-prefix",
        "-DEXPECT_LINE=",
        "-DEXPECT_PREFIX=",
        "-P",
        "/workspaces/E-HGP/morsehgp3D_v7/cmake/run_expect.cmake"
      ],
      "name" : "mhgp7_census_direct_transaction",
      "properties" : 
      [
        {
          "name" : "LABELS",
          "value" : 
          [
            "gate"
          ]
        },
        {
          "name" : "TIMEOUT",
          "value" : 120.0
        },
        {
          "name" : "WORKING_DIRECTORY",
          "value" : "/workspaces/E-HGP/build/v7_meb_integrated_tests/release"
        }
      ]
    },
    {
      "backtrace" : 32,
      "command" : 
      [
        "/usr/bin/cmake",
        "-DEXPECTED=4",
        "-DCMD=/workspaces/E-HGP/build/v7_meb_integrated_tests/release/mhgp7_census_direct_gate",
        "-DARGS=--inject=keep-ball-chunks",
        "-DEXPECT_LINE=",
        "-DEXPECT_PREFIX=",
        "-P",
        "/workspaces/E-HGP/morsehgp3D_v7/cmake/run_expect.cmake"
      ],
      "name" : "mhgp7_census_direct_residence",
      "properties" : 
      [
        {
          "name" : "LABELS",
          "value" : 
          [
            "gate"
          ]
        },
        {
          "name" : "TIMEOUT",
          "value" : 120.0
        },
        {
          "name" : "WORKING_DIRECTORY",
          "value" : "/workspaces/E-HGP/build/v7_meb_integrated_tests/release"
        }
      ]
    },
    {
      "backtrace" : 35,
      "command" : 
      [
        "/usr/bin/cmake",
        "-DEXPECTED=0",
        "-DCMD=/workspaces/E-HGP/build/v7_meb_integrated_tests/release/mhgp7_silent_incidence_gate",
        "-DARGS=",
        "-DEXPECT_LINE=",
        "-DEXPECT_PREFIX=",
        "-P",
        "/workspaces/E-HGP/morsehgp3D_v7/cmake/run_expect.cmake"
      ],
      "name" : "mhgp7_silent_incidence",
      "properties" : 
      [
        {
          "name" : "LABELS",
          "value" : 
          [
            "gate"
          ]
        },
        {
          "name" : "TIMEOUT",
          "value" : 120.0
        },
        {
          "name" : "WORKING_DIRECTORY",
          "value" : "/workspaces/E-HGP/build/v7_meb_integrated_tests/release"
        }
      ]
    },
    {
      "backtrace" : 38,
      "command" : 
      [
        "/usr/bin/cmake",
        "-DEXPECTED=4",
        "-DCMD=/workspaces/E-HGP/build/v7_meb_integrated_tests/release/mhgp7_silent_incidence_gate",
        "-DARGS=--mutant=silent-drop-coface",
        "-DEXPECT_LINE=",
        "-DEXPECT_PREFIX=",
        "-P",
        "/workspaces/E-HGP/morsehgp3D_v7/cmake/run_expect.cmake"
      ],
      "name" : "mhgp7_silent_incidence_mutant",
      "properties" : 
      [
        {
          "name" : "LABELS",
          "value" : 
          [
            "gate"
          ]
        },
        {
          "name" : "TIMEOUT",
          "value" : 120.0
        },
        {
          "name" : "WORKING_DIRECTORY",
          "value" : "/workspaces/E-HGP/build/v7_meb_integrated_tests/release"
        }
      ]
    },
    {
      "backtrace" : 41,
      "command" : 
      [
        "/usr/bin/cmake",
        "-DEXPECTED=4",
        "-DCMD=/workspaces/E-HGP/build/v7_meb_integrated_tests/release/mhgp7_silent_incidence_gate",
        "-DARGS=--mutant=reduced-latent-parent",
        "-DEXPECT_LINE=",
        "-DEXPECT_PREFIX=",
        "-P",
        "/workspaces/E-HGP/morsehgp3D_v7/cmake/run_expect.cmake"
      ],
      "name" : "mhgp7_reduced_latent_parent_mutant",
      "properties" : 
      [
        {
          "name" : "LABELS",
          "value" : 
          [
            "gate"
          ]
        },
        {
          "name" : "TIMEOUT",
          "value" : 120.0
        },
        {
          "name" : "WORKING_DIRECTORY",
          "value" : "/workspaces/E-HGP/build/v7_meb_integrated_tests/release"
        }
      ]
    },
    {
      "backtrace" : 44,
      "command" : 
      [
        "/usr/bin/cmake",
        "-DEXPECTED=4",
        "-DCMD=/workspaces/E-HGP/build/v7_meb_integrated_tests/release/mhgp7_silent_incidence_gate",
        "-DARGS=--mutant=reduced-drop-materialization",
        "-DEXPECT_LINE=",
        "-DEXPECT_PREFIX=",
        "-P",
        "/workspaces/E-HGP/morsehgp3D_v7/cmake/run_expect.cmake"
      ],
      "name" : "mhgp7_reduced_drop_materialization_mutant",
      "properties" : 
      [
        {
          "name" : "LABELS",
          "value" : 
          [
            "gate"
          ]
        },
        {
          "name" : "TIMEOUT",
          "value" : 120.0
        },
        {
          "name" : "WORKING_DIRECTORY",
          "value" : "/workspaces/E-HGP/build/v7_meb_integrated_tests/release"
        }
      ]
    },
    {
      "backtrace" : 47,
      "command" : 
      [
        "/usr/bin/cmake",
        "-DEXPECTED=4",
        "-DCMD=/workspaces/E-HGP/build/v7_meb_integrated_tests/release/mhgp7_silent_incidence_gate",
        "-DARGS=--mutant=drop-nonmerge",
        "-DEXPECT_LINE=",
        "-DEXPECT_PREFIX=",
        "-P",
        "/workspaces/E-HGP/morsehgp3D_v7/cmake/run_expect.cmake"
      ],
      "name" : "mhgp7_silent_drop_nonmerge_mutant",
      "properties" : 
      [
        {
          "name" : "LABELS",
          "value" : 
          [
            "gate"
          ]
        },
        {
          "name" : "TIMEOUT",
          "value" : 120.0
        },
        {
          "name" : "WORKING_DIRECTORY",
          "value" : "/workspaces/E-HGP/build/v7_meb_integrated_tests/release"
        }
      ]
    },
    {
      "backtrace" : 50,
      "command" : 
      [
        "/usr/bin/cmake",
        "-DEXPECTED=4",
        "-DCMD=/workspaces/E-HGP/build/v7_meb_integrated_tests/release/mhgp7_silent_incidence_gate",
        "-DARGS=--mutant=csr-stale-level",
        "-DEXPECT_LINE=",
        "-DEXPECT_PREFIX=",
        "-P",
        "/workspaces/E-HGP/morsehgp3D_v7/cmake/run_expect.cmake"
      ],
      "name" : "mhgp7_silent_csr_stale_level_mutant",
      "properties" : 
      [
        {
          "name" : "LABELS",
          "value" : 
          [
            "gate"
          ]
        },
        {
          "name" : "TIMEOUT",
          "value" : 120.0
        },
        {
          "name" : "WORKING_DIRECTORY",
          "value" : "/workspaces/E-HGP/build/v7_meb_integrated_tests/release"
        }
      ]
    },
    {
      "backtrace" : 52,
      "command" : 
      [
        "/home/codespace/.python/current/bin/python3",
        "/workspaces/E-HGP/morsehgp3D_v7/tests/archive_gate.py",
        "--binary",
        "/workspaces/E-HGP/build/v7_meb_integrated_tests/release/mhgp7"
      ],
      "name" : "mhgp7_archive",
      "properties" : 
      [
        {
          "name" : "LABELS",
          "value" : 
          [
            "gate"
          ]
        },
        {
          "name" : "TIMEOUT",
          "value" : 120.0
        },
        {
          "name" : "WORKING_DIRECTORY",
          "value" : "/workspaces/E-HGP/build/v7_meb_integrated_tests/release"
        }
      ]
    },
    {
      "backtrace" : 54,
      "command" : 
      [
        "/home/codespace/.python/current/bin/python3",
        "-O",
        "/workspaces/E-HGP/morsehgp3D_v7/tests/archive_gate.py",
        "--binary",
        "/workspaces/E-HGP/build/v7_meb_integrated_tests/release/mhgp7"
      ],
      "name" : "mhgp7_archive_optimized",
      "properties" : 
      [
        {
          "name" : "LABELS",
          "value" : 
          [
            "gate"
          ]
        },
        {
          "name" : "TIMEOUT",
          "value" : 120.0
        },
        {
          "name" : "WORKING_DIRECTORY",
          "value" : "/workspaces/E-HGP/build/v7_meb_integrated_tests/release"
        }
      ]
    },
    {
      "backtrace" : 57,
      "command" : 
      [
        "/usr/bin/cmake",
        "-DEXPECTED=0",
        "-DCMD=/workspaces/E-HGP/build/v7_meb_integrated_tests/release/mhgp7_archive_api_gate",
        "-DARGS=",
        "-DEXPECT_LINE=",
        "-DEXPECT_PREFIX=",
        "-P",
        "/workspaces/E-HGP/morsehgp3D_v7/cmake/run_expect.cmake"
      ],
      "name" : "mhgp7_archive_api",
      "properties" : 
      [
        {
          "name" : "LABELS",
          "value" : 
          [
            "gate"
          ]
        },
        {
          "name" : "TIMEOUT",
          "value" : 120.0
        },
        {
          "name" : "WORKING_DIRECTORY",
          "value" : "/workspaces/E-HGP/build/v7_meb_integrated_tests/release"
        }
      ]
    },
    {
      "backtrace" : 60,
      "command" : 
      [
        "/usr/bin/cmake",
        "-DEXPECTED=0",
        "-DCMD=/workspaces/E-HGP/build/v7_meb_integrated_tests/release/mhgp7_archive_cleanup_gate",
        "-DARGS=",
        "-DEXPECT_LINE=",
        "-DEXPECT_PREFIX=archive_cleanup_gate=passed persistent=1 all_order_files=10 ",
        "-P",
        "/workspaces/E-HGP/morsehgp3D_v7/cmake/run_expect.cmake"
      ],
      "name" : "mhgp7_archive_cleanup",
      "properties" : 
      [
        {
          "name" : "LABELS",
          "value" : 
          [
            "gate"
          ]
        },
        {
          "name" : "TIMEOUT",
          "value" : 120.0
        },
        {
          "name" : "WORKING_DIRECTORY",
          "value" : "/workspaces/E-HGP/build/v7_meb_integrated_tests/release"
        }
      ]
    },
    {
      "backtrace" : 63,
      "command" : 
      [
        "/usr/bin/cmake",
        "-DEXPECTED=0",
        "-DCMD=/workspaces/E-HGP/build/v7_meb_integrated_tests/release/mhgp7_mono_inline_gate",
        "-DARGS=",
        "-DEXPECT_LINE=",
        "-DEXPECT_PREFIX=mono_inline_gate=passed successful=4 rejected=8 reference_threads=30 failures=0",
        "-P",
        "/workspaces/E-HGP/morsehgp3D_v7/cmake/run_expect.cmake"
      ],
      "name" : "mhgp7_mono_inline",
      "properties" : 
      [
        {
          "name" : "LABELS",
          "value" : 
          [
            "gate"
          ]
        },
        {
          "name" : "TIMEOUT",
          "value" : 120.0
        },
        {
          "name" : "WORKING_DIRECTORY",
          "value" : "/workspaces/E-HGP/build/v7_meb_integrated_tests/release"
        }
      ]
    },
    {
      "backtrace" : 66,
      "command" : 
      [
        "/usr/bin/cmake",
        "-DEXPECTED=0",
        "-DCMD=/workspaces/E-HGP/build/v7_meb_integrated_tests/release/mhgp7_mono_inline_gate",
        "-DARGS=--inject=fold-inject-a-failure-k2",
        "-DEXPECT_LINE=",
        "-DEXPECT_PREFIX=mono_inline_injected=passed cases=2 failures=0",
        "-P",
        "/workspaces/E-HGP/morsehgp3D_v7/cmake/run_expect.cmake"
      ],
      "name" : "mhgp7_mono_inline_late_a",
      "properties" : 
      [
        {
          "name" : "LABELS",
          "value" : 
          [
            "gate"
          ]
        },
        {
          "name" : "TIMEOUT",
          "value" : 120.0
        },
        {
          "name" : "WORKING_DIRECTORY",
          "value" : "/workspaces/E-HGP/build/v7_meb_integrated_tests/release"
        }
      ]
    },
    {
      "backtrace" : 69,
      "command" : 
      [
        "/usr/bin/cmake",
        "-DEXPECTED=0",
        "-DCMD=/workspaces/E-HGP/build/v7_meb_integrated_tests/release/mhgp7_mono_inline_gate",
        "-DARGS=--inject=fold-inject-b-exception-k3",
        "-DEXPECT_LINE=",
        "-DEXPECT_PREFIX=mono_inline_injected=passed cases=2 failures=0",
        "-P",
        "/workspaces/E-HGP/morsehgp3D_v7/cmake/run_expect.cmake"
      ],
      "name" : "mhgp7_mono_inline_late_b",
      "properties" : 
      [
        {
          "name" : "LABELS",
          "value" : 
          [
            "gate"
          ]
        },
        {
          "name" : "TIMEOUT",
          "value" : 120.0
        },
        {
          "name" : "WORKING_DIRECTORY",
          "value" : "/workspaces/E-HGP/build/v7_meb_integrated_tests/release"
        }
      ]
    },
    {
      "backtrace" : 72,
      "command" : 
      [
        "/usr/bin/cmake",
        "-DEXPECTED=0",
        "-DCMD=/workspaces/E-HGP/build/v7_meb_integrated_tests/release/mhgp7_mono_inline_gate",
        "-DARGS=--inject=caps-throw-bad-alloc-fold",
        "-DEXPECT_LINE=",
        "-DEXPECT_PREFIX=mono_inline_injected=passed cases=2 failures=0",
        "-P",
        "/workspaces/E-HGP/morsehgp3D_v7/cmake/run_expect.cmake"
      ],
      "name" : "mhgp7_mono_inline_early_alloc",
      "properties" : 
      [
        {
          "name" : "LABELS",
          "value" : 
          [
            "gate"
          ]
        },
        {
          "name" : "TIMEOUT",
          "value" : 120.0
        },
        {
          "name" : "WORKING_DIRECTORY",
          "value" : "/workspaces/E-HGP/build/v7_meb_integrated_tests/release"
        }
      ]
    },
    {
      "backtrace" : 75,
      "command" : 
      [
        "/usr/bin/cmake",
        "-DEXPECTED=0",
        "-DCMD=/workspaces/E-HGP/build/v7_meb_integrated_tests/release/mhgp7_meb_lazy_gate",
        "-DARGS=",
        "-DEXPECT_LINE=",
        "-DEXPECT_PREFIX=meb_lazy_gate=passed mutant=none divergence=none",
        "-P",
        "/workspaces/E-HGP/morsehgp3D_v7/cmake/run_expect.cmake"
      ],
      "name" : "mhgp7_meb_lazy",
      "properties" : 
      [
        {
          "name" : "LABELS",
          "value" : 
          [
            "gate"
          ]
        },
        {
          "name" : "TIMEOUT",
          "value" : 30.0
        },
        {
          "name" : "WORKING_DIRECTORY",
          "value" : "/workspaces/E-HGP/build/v7_meb_integrated_tests/release"
        }
      ]
    },
    {
      "backtrace" : 78,
      "command" : 
      [
        "/usr/bin/cmake",
        "-DEXPECTED=4",
        "-DCMD=/workspaces/E-HGP/build/v7_meb_integrated_tests/release/mhgp7_meb_lazy_gate",
        "-DARGS=--mutant=silent-meb-q3-reject-shell",
        "-DEXPECT_LINE=",
        "-DEXPECT_PREFIX=meb_lazy_gate=mutant_killed mutant=silent-meb-q3-reject-shell divergence=differential.status_reason",
        "-P",
        "/workspaces/E-HGP/morsehgp3D_v7/cmake/run_expect.cmake"
      ],
      "name" : "mhgp7_meb_lazy_q3_reject_shell",
      "properties" : 
      [
        {
          "name" : "LABELS",
          "value" : 
          [
            "gate"
          ]
        },
        {
          "name" : "TIMEOUT",
          "value" : 30.0
        },
        {
          "name" : "WORKING_DIRECTORY",
          "value" : "/workspaces/E-HGP/build/v7_meb_integrated_tests/release"
        }
      ]
    },
    {
      "backtrace" : 81,
      "command" : 
      [
        "/usr/bin/cmake",
        "-DEXPECTED=4",
        "-DCMD=/workspaces/E-HGP/build/v7_meb_integrated_tests/release/mhgp7_meb_lazy_gate",
        "-DARGS=--mutant=silent-meb-q4-reject-shell",
        "-DEXPECT_LINE=",
        "-DEXPECT_PREFIX=meb_lazy_gate=mutant_killed mutant=silent-meb-q4-reject-shell divergence=differential.status_reason",
        "-P",
        "/workspaces/E-HGP/morsehgp3D_v7/cmake/run_expect.cmake"
      ],
      "name" : "mhgp7_meb_lazy_q4_reject_shell",
      "properties" : 
      [
        {
          "name" : "LABELS",
          "value" : 
          [
            "gate"
          ]
        },
        {
          "name" : "TIMEOUT",
          "value" : 30.0
        },
        {
          "name" : "WORKING_DIRECTORY",
          "value" : "/workspaces/E-HGP/build/v7_meb_integrated_tests/release"
        }
      ]
    },
    {
      "backtrace" : 84,
      "command" : 
      [
        "/usr/bin/cmake",
        "-DEXPECTED=4",
        "-DCMD=/workspaces/E-HGP/build/v7_meb_integrated_tests/release/mhgp7_meb_lazy_gate",
        "-DARGS=--mutant=silent-meb-eager-materialization",
        "-DEXPECT_LINE=",
        "-DEXPECT_PREFIX=meb_lazy_gate=mutant_killed mutant=silent-meb-eager-materialization divergence=logical_rejected_materialization",
        "-P",
        "/workspaces/E-HGP/morsehgp3D_v7/cmake/run_expect.cmake"
      ],
      "name" : "mhgp7_meb_lazy_eager_materialization",
      "properties" : 
      [
        {
          "name" : "LABELS",
          "value" : 
          [
            "gate"
          ]
        },
        {
          "name" : "TIMEOUT",
          "value" : 30.0
        },
        {
          "name" : "WORKING_DIRECTORY",
          "value" : "/workspaces/E-HGP/build/v7_meb_integrated_tests/release"
        }
      ]
    },
    {
      "backtrace" : 87,
      "command" : 
      [
        "/usr/bin/cmake",
        "-DEXPECTED=2",
        "-DCMD=/workspaces/E-HGP/build/v7_meb_integrated_tests/release/mhgp7_meb_lazy_gate",
        "-DARGS=--mutant=unknown",
        "-DEXPECT_LINE=",
        "-DEXPECT_PREFIX=",
        "-P",
        "/workspaces/E-HGP/morsehgp3D_v7/cmake/run_expect.cmake"
      ],
      "name" : "mhgp7_meb_lazy_unknown_mutant",
      "properties" : 
      [
        {
          "name" : "LABELS",
          "value" : 
          [
            "gate"
          ]
        },
        {
          "name" : "TIMEOUT",
          "value" : 30.0
        },
        {
          "name" : "WORKING_DIRECTORY",
          "value" : "/workspaces/E-HGP/build/v7_meb_integrated_tests/release"
        }
      ]
    },
    {
      "backtrace" : 90,
      "command" : 
      [
        "/usr/bin/cmake",
        "-DEXPECTED=2",
        "-DCMD=/workspaces/E-HGP/build/v7_meb_integrated_tests/release/mhgp7_meb_lazy_gate",
        "-DARGS=--mutant=",
        "-DEXPECT_LINE=",
        "-DEXPECT_PREFIX=",
        "-P",
        "/workspaces/E-HGP/morsehgp3D_v7/cmake/run_expect.cmake"
      ],
      "name" : "mhgp7_meb_lazy_empty_mutant",
      "properties" : 
      [
        {
          "name" : "LABELS",
          "value" : 
          [
            "gate"
          ]
        },
        {
          "name" : "TIMEOUT",
          "value" : 30.0
        },
        {
          "name" : "WORKING_DIRECTORY",
          "value" : "/workspaces/E-HGP/build/v7_meb_integrated_tests/release"
        }
      ]
    },
    {
      "backtrace" : 93,
      "command" : 
      [
        "/usr/bin/cmake",
        "-DEXPECTED=2",
        "-DCMD=/workspaces/E-HGP/build/v7_meb_integrated_tests/release/mhgp7_meb_lazy_gate",
        "-DARGS=--mutant=silent-meb-q3-reject-shell --mutant=silent-meb-q3-reject-shell",
        "-DEXPECT_LINE=",
        "-DEXPECT_PREFIX=",
        "-P",
        "/workspaces/E-HGP/morsehgp3D_v7/cmake/run_expect.cmake"
      ],
      "name" : "mhgp7_meb_lazy_duplicate_mutant",
      "properties" : 
      [
        {
          "name" : "LABELS",
          "value" : 
          [
            "gate"
          ]
        },
        {
          "name" : "TIMEOUT",
          "value" : 30.0
        },
        {
          "name" : "WORKING_DIRECTORY",
          "value" : "/workspaces/E-HGP/build/v7_meb_integrated_tests/release"
        }
      ]
    }
  ],
  "version" : 
  {
    "major" : 1,
    "minor" : 0
  }
}
