stage_start=index
stage_complete=index seconds=0.000182270
stage_start=generate
stage_complete=generate seconds=1.468663841
stage_start=sort_rle
stage_complete=sort_rle seconds=0.035485524
stage_start=prefilter
stage_complete=prefilter seconds=0.338324100
stage_start=census
stage_complete=census seconds=0.234874770
stage_start=full_ball_tower
stage_complete=full_ball_tower seconds=3.894019964
stage_start=payload_digest
stage_complete=payload_digest seconds=0.079885972
	Command being timed: "/workspaces/E-HGP/build/v7_ball_probe_20260910/baseline_r1/full_ball_probe --n=400 --s=8 --kmax=10 --threads=1"
	User time (seconds): 5.93
	System time (seconds): 0.09
	Percent of CPU this job got: 99%
	Elapsed (wall clock) time (h:mm:ss or m:ss): 0:06.06
	Average shared text size (kbytes): 0
	Average unshared data size (kbytes): 0
	Average stack size (kbytes): 0
	Average total size (kbytes): 0
	Maximum resident set size (kbytes): 78492
	Average resident set size (kbytes): 0
	Major (requiring I/O) page faults: 0
	Minor (reclaiming a frame) page faults: 31273
	Voluntary context switches: 1
	Involuntary context switches: 203
	Swaps: 0
	File system inputs: 0
	File system outputs: 16
	Socket messages sent: 0
	Socket messages received: 0
	Signals delivered: 0
	Page size (bytes): 4096
	Exit status: 0
