1/60 spherical_n2000_g16_hard_noise0 2026092800 tower=0.849 cov=0.93 1.8s
2/60 spherical_n2000_g16_hard_noise0 2026092801 tower=0.840 cov=0.92 1.8s
3/60 spherical_n2000_g16_hard_noise0 2026092802 tower=0.828 cov=0.91 1.8s
4/60 spherical_n2000_g16_hard_noise0 2026092803 tower=0.884 cov=0.94 1.7s
5/60 spherical_n2000_g16_hard_noise0 2026092804 tower=0.764 cov=0.89 1.7s
6/60 spherical_n2000_g16_medium_noise0 2026092800 tower=0.944 cov=0.97 1.6s
7/60 spherical_n2000_g16_medium_noise0 2026092801 tower=0.942 cov=0.97 1.6s
8/60 spherical_n2000_g16_medium_noise0 2026092802 tower=0.948 cov=0.97 1.7s
9/60 spherical_n2000_g16_medium_noise0 2026092803 tower=0.953 cov=0.98 1.6s
10/60 spherical_n2000_g16_medium_noise0 2026092804 tower=0.940 cov=0.97 1.6s
11/60 spherical_n2000_g2_medium_noise0 2026092800 tower=0.738 cov=0.87 2.5s
12/60 spherical_n2000_g2_medium_noise0 2026092801 tower=0.771 cov=0.89 2.7s
13/60 spherical_n2000_g2_medium_noise0 2026092802 tower=0.508 cov=0.64 2.5s
14/60 spherical_n2000_g2_medium_noise0 2026092803 tower=0.500 cov=0.63 2.7s
15/60 spherical_n2000_g2_medium_noise0 2026092804 tower=0.810 cov=0.91 2.5s
16/60 spherical_n2000_g32_medium_noise0 2026092800 tower=0.897 cov=0.98 1.8s
17/60 spherical_n2000_g32_medium_noise0 2026092801 tower=0.883 cov=0.97 1.6s
18/60 spherical_n2000_g32_medium_noise0 2026092802 tower=0.901 cov=0.97 1.6s
19/60 spherical_n2000_g32_medium_noise0 2026092803 tower=0.856 cov=0.97 1.8s
20/60 spherical_n2000_g32_medium_noise0 2026092804 tower=0.917 cov=0.97 1.6s
21/60 spherical_n2000_g4_hard_noise0 2026092800 tower=0.813 cov=0.90 2.2s
22/60 spherical_n2000_g4_hard_noise0 2026092801 tower=0.748 cov=0.85 2.5s
23/60 spherical_n2000_g4_hard_noise0 2026092802 tower=0.603 cov=0.76 2.2s
24/60 spherical_n2000_g4_hard_noise0 2026092803 tower=0.731 cov=0.84 2.5s
25/60 spherical_n2000_g4_hard_noise0 2026092804 tower=0.767 cov=0.87 2.3s
26/60 spherical_n2000_g4_medium_noise0 2026092800 tower=0.906 cov=0.95 2.0s
27/60 spherical_n2000_g4_medium_noise0 2026092801 tower=0.875 cov=0.92 2.0s
28/60 spherical_n2000_g4_medium_noise0 2026092802 tower=0.791 cov=0.84 2.1s
29/60 spherical_n2000_g4_medium_noise0 2026092803 tower=0.867 cov=0.92 2.1s
30/60 spherical_n2000_g4_medium_noise0 2026092804 tower=0.898 cov=0.94 2.1s
31/60 spherical_n2000_g8_easy_noise0 2026092800 tower=0.996 cov=1.00 1.6s
32/60 spherical_n2000_g8_easy_noise0 2026092801 tower=0.995 cov=1.00 1.7s
33/60 spherical_n2000_g8_easy_noise0 2026092802 tower=0.997 cov=1.00 1.6s
34/60 spherical_n2000_g8_easy_noise0 2026092803 tower=0.995 cov=1.00 1.6s
35/60 spherical_n2000_g8_easy_noise0 2026092804 tower=0.997 cov=1.00 1.7s
36/60 spherical_n2000_g8_extreme_noise0 2026092800 tower=0.636 cov=0.81 2.2s
37/60 spherical_n2000_g8_extreme_noise0 2026092801 tower=0.640 cov=0.81 2.3s
38/60 spherical_n2000_g8_extreme_noise0 2026092802 tower=0.629 cov=0.80 2.2s
39/60 spherical_n2000_g8_extreme_noise0 2026092803 tower=0.494 cov=0.71 2.4s
40/60 spherical_n2000_g8_extreme_noise0 2026092804 tower=0.649 cov=0.82 2.2s
41/60 spherical_n2000_g8_hard_noise0 2026092800 tower=0.831 cov=0.90 2.2s
42/60 spherical_n2000_g8_hard_noise0 2026092801 tower=0.802 cov=0.89 2.0s
43/60 spherical_n2000_g8_hard_noise0 2026092802 tower=0.810 cov=0.89 2.1s
44/60 spherical_n2000_g8_hard_noise0 2026092803 tower=0.782 cov=0.88 2.1s
45/60 spherical_n2000_g8_hard_noise0 2026092804 tower=0.776 cov=0.87 1.9s
46/60 spherical_n2000_g8_medium_noise0 2026092800 tower=0.937 cov=0.96 1.8s
47/60 spherical_n2000_g8_medium_noise0 2026092801 tower=0.906 cov=0.94 1.7s
48/60 spherical_n2000_g8_medium_noise0 2026092802 tower=0.922 cov=0.95 2.0s
49/60 spherical_n2000_g8_medium_noise0 2026092803 tower=0.915 cov=0.95 2.4s
50/60 spherical_n2000_g8_medium_noise0 2026092804 tower=0.919 cov=0.95 1.8s
51/60 spherical_n2000_g8_medium_noise0p1 2026092800 tower=0.844 cov=0.89 2.6s
52/60 spherical_n2000_g8_medium_noise0p1 2026092801 tower=0.799 cov=0.86 2.2s
53/60 spherical_n2000_g8_medium_noise0p1 2026092802 tower=0.843 cov=0.89 2.2s
54/60 spherical_n2000_g8_medium_noise0p1 2026092803 tower=0.812 cov=0.86 2.1s
55/60 spherical_n2000_g8_medium_noise0p1 2026092804 tower=0.844 cov=0.90 2.0s
56/60 spherical_n2000_g8_medium_noise0p3 2026092800 tower=0.654 cov=0.79 2.3s
57/60 spherical_n2000_g8_medium_noise0p3 2026092801 tower=0.609 cov=0.75 2.2s
58/60 spherical_n2000_g8_medium_noise0p3 2026092802 tower=0.662 cov=0.76 2.4s
59/60 spherical_n2000_g8_medium_noise0p3 2026092803 tower=0.683 cov=0.73 2.4s
60/60 spherical_n2000_g8_medium_noise0p3 2026092804 tower=0.601 cov=0.80 2.3s
