Command exited with non-zero status 1
	Command being timed: "/tmp/ehgp-gpu-v9-f94f746067a12722.23I2LKZzLU/output/build/mhgp9_gpu_filter_probe /tmp/ehgp-gpu-v9-f94f746067a12722.23I2LKZzLU/output/preflight.u32le 5 2 --s=8 --repeats=1 --inject=pair_mask"
	User time (seconds): 0.67
	System time (seconds): 0.17
	Percent of CPU this job got: 152%
	Elapsed (wall clock) time (h:mm:ss or m:ss): 0:00.56
	Average shared text size (kbytes): 0
	Average unshared data size (kbytes): 0
	Average stack size (kbytes): 0
	Average total size (kbytes): 0
	Maximum resident set size (kbytes): 115580
	Average resident set size (kbytes): 0
	Major (requiring I/O) page faults: 0
	Minor (reclaiming a frame) page faults: 11634
	Voluntary context switches: 49
	Involuntary context switches: 6
	Swaps: 0
	File system inputs: 0
	File system outputs: 8
	Socket messages sent: 0
	Socket messages received: 0
	Signals delivered: 0
	Page size (bytes): 4096
	Exit status: 1
