	Command being timed: "/tmp/ehgp-gpu-v9-f94f746067a12722.23I2LKZzLU/output/build/mhgp9_gpu_filter_probe /tmp/ehgp-gpu-v9-f94f746067a12722.23I2LKZzLU/source/data/scene_00.u32le 5 48 --s=10 --repeats=3 --tile-cache"
	User time (seconds): 80.20
	System time (seconds): 0.26
	Percent of CPU this job got: 1588%
	Elapsed (wall clock) time (h:mm:ss or m:ss): 0:05.06
	Average shared text size (kbytes): 0
	Average unshared data size (kbytes): 0
	Average stack size (kbytes): 0
	Average total size (kbytes): 0
	Maximum resident set size (kbytes): 255440
	Average resident set size (kbytes): 0
	Major (requiring I/O) page faults: 0
	Minor (reclaiming a frame) page faults: 49926
	Voluntary context switches: 105
	Involuntary context switches: 265
	Swaps: 0
	File system inputs: 0
	File system outputs: 8
	Socket messages sent: 0
	Socket messages received: 0
	Signals delivered: 0
	Page size (bytes): 4096
	Exit status: 0
