	Command being timed: "/tmp/ehgp-tower-v9-c667273cbe59860a.TMi4CWczmB/output/build/mhgp9_tower_probe /tmp/ehgp-tower-v9-c667273cbe59860a.TMi4CWczmB/source/data/scene_01.u32le 5 48 --s=8 --static=48 --grid=1mm --lever=atlas_saturate_deep=1 --lever=q3_leaf_census=1 --lever=q34_dead_lanes=1 --lever=q34_witness_cache=0"
	User time (seconds): 108.88
	System time (seconds): 7.46
	Percent of CPU this job got: 2075%
	Elapsed (wall clock) time (h:mm:ss or m:ss): 0:05.60
	Average shared text size (kbytes): 0
	Average unshared data size (kbytes): 0
	Average stack size (kbytes): 0
	Average total size (kbytes): 0
	Maximum resident set size (kbytes): 984424
	Average resident set size (kbytes): 0
	Major (requiring I/O) page faults: 0
	Minor (reclaiming a frame) page faults: 391510
	Voluntary context switches: 420194
	Involuntary context switches: 640
	Swaps: 0
	File system inputs: 0
	File system outputs: 8
	Socket messages sent: 0
	Socket messages received: 0
	Signals delivered: 0
	Page size (bytes): 4096
	Exit status: 0
