 M morsehgp3D_v7/CMakeLists.txt
 M morsehgp3D_v7/PASSATION.md
 M morsehgp3D_v7/README.md
 M morsehgp3D_v7/audits/DIALOGUE_COURANT.md
 M morsehgp3D_v7/docs/CONTRAT_PRODUCTEUR_FULL_GABRIEL.md
 M morsehgp3D_v7/docs/RESIDENCE_MASSIVE.md
 M morsehgp3D_v7/src/forest/full_gabriel.hpp
?? morsehgp3D_v7/audits/full_lazy_audit.py
?? morsehgp3D_v7/audits/full_lazy_bridge.cpp
?? morsehgp3D_v7/audits/full_lazy_run.py
?? morsehgp3D_v7/audits/receipts_full_lazy_20260905/O2_build.json
?? morsehgp3D_v7/audits/receipts_full_lazy_20260905/O2_build_stderr.txt
?? morsehgp3D_v7/audits/receipts_full_lazy_20260905/O2_build_stdout.txt
?? morsehgp3D_v7/audits/receipts_full_lazy_20260905/O2_dependencies.d.txt
?? morsehgp3D_v7/audits/receipts_full_lazy_20260905/O2_output.json
?? morsehgp3D_v7/audits/receipts_full_lazy_20260905/O2_run.json
?? morsehgp3D_v7/audits/receipts_full_lazy_20260905/O2_stderr.txt
?? morsehgp3D_v7/audits/receipts_full_lazy_20260905/collapse_minima.patch.txt
?? morsehgp3D_v7/audits/receipts_full_lazy_20260905/constructor_review.json
?? morsehgp3D_v7/audits/receipts_full_lazy_20260905/constructor_review.md
?? morsehgp3D_v7/audits/receipts_full_lazy_20260905/constructor_review/capture_manifest.json
?? morsehgp3D_v7/audits/receipts_full_lazy_20260905/constructor_review/closed_runs/SHA256SUMS
?? morsehgp3D_v7/audits/receipts_full_lazy_20260905/constructor_review/closed_runs/boost_dependency_binding.json
?? morsehgp3D_v7/audits/receipts_full_lazy_20260905/constructor_review/closed_runs/boost_precheck_dependencies.stdout
?? morsehgp3D_v7/audits/receipts_full_lazy_20260905/constructor_review/closed_runs/controller_binding.json
?? morsehgp3D_v7/audits/receipts_full_lazy_20260905/constructor_review/closed_runs/host_after.json
?? morsehgp3D_v7/audits/receipts_full_lazy_20260905/constructor_review/closed_runs/host_before.json
?? morsehgp3D_v7/audits/receipts_full_lazy_20260905/constructor_review/closed_runs/manifest.json
?? morsehgp3D_v7/audits/receipts_full_lazy_20260905/constructor_review/closed_runs/receipt.json.gz
?? morsehgp3D_v7/audits/receipts_full_lazy_20260905/constructor_review/closed_runs/repository_observation.json
?? morsehgp3D_v7/audits/receipts_full_lazy_20260905/constructor_review/closed_runs/sources_after.json
?? morsehgp3D_v7/audits/receipts_full_lazy_20260905/constructor_review/closed_runs/sources_before.json
?? morsehgp3D_v7/audits/receipts_full_lazy_20260905/constructor_review/closed_runs/toolchain_after.json
?? morsehgp3D_v7/audits/receipts_full_lazy_20260905/constructor_review/closed_runs/toolchain_before.json
?? morsehgp3D_v7/audits/receipts_full_lazy_20260905/constructor_review/controller_at_capture.py.txt
?? morsehgp3D_v7/audits/receipts_full_lazy_20260905/constructor_review/development/README.md
?? morsehgp3D_v7/audits/receipts_full_lazy_20260905/constructor_review/development/commands.json
?? morsehgp3D_v7/audits/receipts_full_lazy_20260905/constructor_review/development/full_gabriel_lazy_gate.failed.cpp
?? morsehgp3D_v7/audits/receipts_full_lazy_20260905/constructor_review/release/JUnit.stdout
?? morsehgp3D_v7/audits/receipts_full_lazy_20260905/constructor_review/release/LastTest.preexisting.stdout
?? morsehgp3D_v7/audits/receipts_full_lazy_20260905/constructor_review/release/LastTest.prestate.json
?? morsehgp3D_v7/audits/receipts_full_lazy_20260905/constructor_review/release/LastTest.stdout
?? morsehgp3D_v7/audits/receipts_full_lazy_20260905/constructor_review/release/binaries_after.json
?? morsehgp3D_v7/audits/receipts_full_lazy_20260905/constructor_review/release/binaries_before_ctest.json
?? morsehgp3D_v7/audits/receipts_full_lazy_20260905/constructor_review/release/build.command.json
?? morsehgp3D_v7/audits/receipts_full_lazy_20260905/constructor_review/release/build.intent.json
?? morsehgp3D_v7/audits/receipts_full_lazy_20260905/constructor_review/release/build.stderr
?? morsehgp3D_v7/audits/receipts_full_lazy_20260905/constructor_review/release/build.stdout
?? morsehgp3D_v7/audits/receipts_full_lazy_20260905/constructor_review/release/build_artifact_copies.json
?? morsehgp3D_v7/audits/receipts_full_lazy_20260905/constructor_review/release/build_artifacts/CMakeFiles__mhgp7_full_certificate_gate.dir__build.make
?? morsehgp3D_v7/audits/receipts_full_lazy_20260905/constructor_review/release/build_artifacts/CMakeFiles__mhgp7_full_certificate_gate.dir__flags.make
?? morsehgp3D_v7/audits/receipts_full_lazy_20260905/constructor_review/release/build_artifacts/CMakeFiles__mhgp7_full_certificate_gate.dir__link.txt
?? morsehgp3D_v7/audits/receipts_full_lazy_20260905/constructor_review/release/build_artifacts/CMakeFiles__mhgp7_full_certificate_gate.dir__tests__full_certificate_gate.cpp.o.d
?? morsehgp3D_v7/audits/receipts_full_lazy_20260905/constructor_review/release/build_artifacts/CMakeFiles__mhgp7_full_gabriel_allocation_gate.dir__build.make
?? morsehgp3D_v7/audits/receipts_full_lazy_20260905/constructor_review/release/build_artifacts/CMakeFiles__mhgp7_full_gabriel_allocation_gate.dir__flags.make
?? morsehgp3D_v7/audits/receipts_full_lazy_20260905/constructor_review/release/build_artifacts/CMakeFiles__mhgp7_full_gabriel_allocation_gate.dir__link.txt
?? morsehgp3D_v7/audits/receipts_full_lazy_20260905/constructor_review/release/build_artifacts/CMakeFiles__mhgp7_full_gabriel_allocation_gate.dir__tests__full_gabriel_allocation_gate.cpp.o.d
?? morsehgp3D_v7/audits/receipts_full_lazy_20260905/constructor_review/release/build_artifacts/CMakeFiles__mhgp7_full_gabriel_digest_gate.dir__build.make
?? morsehgp3D_v7/audits/receipts_full_lazy_20260905/constructor_review/release/build_artifacts/CMakeFiles__mhgp7_full_gabriel_digest_gate.dir__flags.make
?? morsehgp3D_v7/audits/receipts_full_lazy_20260905/constructor_review/release/build_artifacts/CMakeFiles__mhgp7_full_gabriel_digest_gate.dir__link.txt
?? morsehgp3D_v7/audits/receipts_full_lazy_20260905/constructor_review/release/build_artifacts/CMakeFiles__mhgp7_full_gabriel_digest_gate.dir__tests__full_gabriel_digest_gate.cpp.o.d
?? morsehgp3D_v7/audits/receipts_full_lazy_20260905/constructor_review/release/build_artifacts/CMakeFiles__mhgp7_full_gabriel_gate.dir__build.make
?? morsehgp3D_v7/audits/receipts_full_lazy_20260905/constructor_review/release/build_artifacts/CMakeFiles__mhgp7_full_gabriel_gate.dir__flags.make
?? morsehgp3D_v7/audits/receipts_full_lazy_20260905/constructor_review/release/build_artifacts/CMakeFiles__mhgp7_full_gabriel_gate.dir__link.txt
?? morsehgp3D_v7/audits/receipts_full_lazy_20260905/constructor_review/release/build_artifacts/CMakeFiles__mhgp7_full_gabriel_gate.dir__tests__full_gabriel_gate.cpp.o.d
?? morsehgp3D_v7/audits/receipts_full_lazy_20260905/constructor_review/release/build_artifacts/CMakeFiles__mhgp7_full_gabriel_lazy_allocation_gate.dir__build.make
?? morsehgp3D_v7/audits/receipts_full_lazy_20260905/constructor_review/release/build_artifacts/CMakeFiles__mhgp7_full_gabriel_lazy_allocation_gate.dir__flags.make
?? morsehgp3D_v7/audits/receipts_full_lazy_20260905/constructor_review/release/build_artifacts/CMakeFiles__mhgp7_full_gabriel_lazy_allocation_gate.dir__link.txt
?? morsehgp3D_v7/audits/receipts_full_lazy_20260905/constructor_review/release/build_artifacts/CMakeFiles__mhgp7_full_gabriel_lazy_allocation_gate.dir__tests__full_gabriel_lazy_allocation_gate.cpp.o.d
?? morsehgp3D_v7/audits/receipts_full_lazy_20260905/constructor_review/release/build_artifacts/CMakeFiles__mhgp7_full_gabriel_lazy_gate.dir__build.make
?? morsehgp3D_v7/audits/receipts_full_lazy_20260905/constructor_review/release/build_artifacts/CMakeFiles__mhgp7_full_gabriel_lazy_gate.dir__flags.make
?? morsehgp3D_v7/audits/receipts_full_lazy_20260905/constructor_review/release/build_artifacts/CMakeFiles__mhgp7_full_gabriel_lazy_gate.dir__link.txt
?? morsehgp3D_v7/audits/receipts_full_lazy_20260905/constructor_review/release/build_artifacts/CMakeFiles__mhgp7_full_gabriel_lazy_gate.dir__tests__full_gabriel_lazy_gate.cpp.o.d
?? morsehgp3D_v7/audits/receipts_full_lazy_20260905/constructor_review/release/build_artifacts/CTestTestfile.cmake.gz
?? morsehgp3D_v7/audits/receipts_full_lazy_20260905/constructor_review/release/compile_binding.json.gz
?? morsehgp3D_v7/audits/receipts_full_lazy_20260905/constructor_review/release/configure.command.json
?? morsehgp3D_v7/audits/receipts_full_lazy_20260905/constructor_review/release/configure.intent.json
?? morsehgp3D_v7/audits/receipts_full_lazy_20260905/constructor_review/release/configure.stderr
?? morsehgp3D_v7/audits/receipts_full_lazy_20260905/constructor_review/release/configure.stdout
?? morsehgp3D_v7/audits/receipts_full_lazy_20260905/constructor_review/release/ctest.command.json
?? morsehgp3D_v7/audits/receipts_full_lazy_20260905/constructor_review/release/ctest.fence
?? morsehgp3D_v7/audits/receipts_full_lazy_20260905/constructor_review/release/ctest.fence.json
?? morsehgp3D_v7/audits/receipts_full_lazy_20260905/constructor_review/release/ctest.intent.json
?? morsehgp3D_v7/audits/receipts_full_lazy_20260905/constructor_review/release/ctest.stderr
?? morsehgp3D_v7/audits/receipts_full_lazy_20260905/constructor_review/release/ctest.stdout
?? morsehgp3D_v7/audits/receipts_full_lazy_20260905/constructor_review/release/environment.json
?? morsehgp3D_v7/audits/receipts_full_lazy_20260905/constructor_review/release/host_after.json
?? morsehgp3D_v7/audits/receipts_full_lazy_20260905/constructor_review/release/host_before.json
?? morsehgp3D_v7/audits/receipts_full_lazy_20260905/constructor_review/release/inventory.command.json
?? morsehgp3D_v7/audits/receipts_full_lazy_20260905/constructor_review/release/inventory.intent.json
?? morsehgp3D_v7/audits/receipts_full_lazy_20260905/constructor_review/release/inventory.stderr
?? morsehgp3D_v7/audits/receipts_full_lazy_20260905/constructor_review/release/inventory.stdout
?? morsehgp3D_v7/audits/receipts_full_lazy_20260905/constructor_review/release/test_output_copies.json
?? morsehgp3D_v7/audits/receipts_full_lazy_20260905/constructor_review/san/JUnit.stdout
?? morsehgp3D_v7/audits/receipts_full_lazy_20260905/constructor_review/san/LastTest.preexisting.stdout
?? morsehgp3D_v7/audits/receipts_full_lazy_20260905/constructor_review/san/LastTest.prestate.json
?? morsehgp3D_v7/audits/receipts_full_lazy_20260905/constructor_review/san/LastTest.stdout
?? morsehgp3D_v7/audits/receipts_full_lazy_20260905/constructor_review/san/binaries_after.json
?? morsehgp3D_v7/audits/receipts_full_lazy_20260905/constructor_review/san/binaries_before_ctest.json
?? morsehgp3D_v7/audits/receipts_full_lazy_20260905/constructor_review/san/build.command.json
?? morsehgp3D_v7/audits/receipts_full_lazy_20260905/constructor_review/san/build.intent.json
?? morsehgp3D_v7/audits/receipts_full_lazy_20260905/constructor_review/san/build.stderr
?? morsehgp3D_v7/audits/receipts_full_lazy_20260905/constructor_review/san/build.stdout
?? morsehgp3D_v7/audits/receipts_full_lazy_20260905/constructor_review/san/build_artifact_copies.json
?? morsehgp3D_v7/audits/receipts_full_lazy_20260905/constructor_review/san/build_artifacts/CMakeFiles__mhgp7_full_certificate_gate.dir__build.make
?? morsehgp3D_v7/audits/receipts_full_lazy_20260905/constructor_review/san/build_artifacts/CMakeFiles__mhgp7_full_certificate_gate.dir__flags.make
?? morsehgp3D_v7/audits/receipts_full_lazy_20260905/constructor_review/san/build_artifacts/CMakeFiles__mhgp7_full_certificate_gate.dir__link.txt
?? morsehgp3D_v7/audits/receipts_full_lazy_20260905/constructor_review/san/build_artifacts/CMakeFiles__mhgp7_full_certificate_gate.dir__tests__full_certificate_gate.cpp.o.d
?? morsehgp3D_v7/audits/receipts_full_lazy_20260905/constructor_review/san/build_artifacts/CMakeFiles__mhgp7_full_gabriel_allocation_gate.dir__build.make
?? morsehgp3D_v7/audits/receipts_full_lazy_20260905/constructor_review/san/build_artifacts/CMakeFiles__mhgp7_full_gabriel_allocation_gate.dir__flags.make
?? morsehgp3D_v7/audits/receipts_full_lazy_20260905/constructor_review/san/build_artifacts/CMakeFiles__mhgp7_full_gabriel_allocation_gate.dir__link.txt
?? morsehgp3D_v7/audits/receipts_full_lazy_20260905/constructor_review/san/build_artifacts/CMakeFiles__mhgp7_full_gabriel_allocation_gate.dir__tests__full_gabriel_allocation_gate.cpp.o.d
?? morsehgp3D_v7/audits/receipts_full_lazy_20260905/constructor_review/san/build_artifacts/CMakeFiles__mhgp7_full_gabriel_digest_gate.dir__build.make
?? morsehgp3D_v7/audits/receipts_full_lazy_20260905/constructor_review/san/build_artifacts/CMakeFiles__mhgp7_full_gabriel_digest_gate.dir__flags.make
?? morsehgp3D_v7/audits/receipts_full_lazy_20260905/constructor_review/san/build_artifacts/CMakeFiles__mhgp7_full_gabriel_digest_gate.dir__link.txt
?? morsehgp3D_v7/audits/receipts_full_lazy_20260905/constructor_review/san/build_artifacts/CMakeFiles__mhgp7_full_gabriel_digest_gate.dir__tests__full_gabriel_digest_gate.cpp.o.d
?? morsehgp3D_v7/audits/receipts_full_lazy_20260905/constructor_review/san/build_artifacts/CMakeFiles__mhgp7_full_gabriel_gate.dir__build.make
?? morsehgp3D_v7/audits/receipts_full_lazy_20260905/constructor_review/san/build_artifacts/CMakeFiles__mhgp7_full_gabriel_gate.dir__flags.make
?? morsehgp3D_v7/audits/receipts_full_lazy_20260905/constructor_review/san/build_artifacts/CMakeFiles__mhgp7_full_gabriel_gate.dir__link.txt
?? morsehgp3D_v7/audits/receipts_full_lazy_20260905/constructor_review/san/build_artifacts/CMakeFiles__mhgp7_full_gabriel_gate.dir__tests__full_gabriel_gate.cpp.o.d
?? morsehgp3D_v7/audits/receipts_full_lazy_20260905/constructor_review/san/build_artifacts/CMakeFiles__mhgp7_full_gabriel_lazy_allocation_gate.dir__build.make
?? morsehgp3D_v7/audits/receipts_full_lazy_20260905/constructor_review/san/build_artifacts/CMakeFiles__mhgp7_full_gabriel_lazy_allocation_gate.dir__flags.make
?? morsehgp3D_v7/audits/receipts_full_lazy_20260905/constructor_review/san/build_artifacts/CMakeFiles__mhgp7_full_gabriel_lazy_allocation_gate.dir__link.txt
?? morsehgp3D_v7/audits/receipts_full_lazy_20260905/constructor_review/san/build_artifacts/CMakeFiles__mhgp7_full_gabriel_lazy_allocation_gate.dir__tests__full_gabriel_lazy_allocation_gate.cpp.o.d
?? morsehgp3D_v7/audits/receipts_full_lazy_20260905/constructor_review/san/build_artifacts/CMakeFiles__mhgp7_full_gabriel_lazy_gate.dir__build.make
?? morsehgp3D_v7/audits/receipts_full_lazy_20260905/constructor_review/san/build_artifacts/CMakeFiles__mhgp7_full_gabriel_lazy_gate.dir__flags.make
?? morsehgp3D_v7/audits/receipts_full_lazy_20260905/constructor_review/san/build_artifacts/CMakeFiles__mhgp7_full_gabriel_lazy_gate.dir__link.txt
?? morsehgp3D_v7/audits/receipts_full_lazy_20260905/constructor_review/san/build_artifacts/CMakeFiles__mhgp7_full_gabriel_lazy_gate.dir__tests__full_gabriel_lazy_gate.cpp.o.d
?? morsehgp3D_v7/audits/receipts_full_lazy_20260905/constructor_review/san/build_artifacts/CTestTestfile.cmake.gz
?? morsehgp3D_v7/audits/receipts_full_lazy_20260905/constructor_review/san/compile_binding.json.gz
?? morsehgp3D_v7/audits/receipts_full_lazy_20260905/constructor_review/san/configure.command.json
?? morsehgp3D_v7/audits/receipts_full_lazy_20260905/constructor_review/san/configure.intent.json
?? morsehgp3D_v7/audits/receipts_full_lazy_20260905/constructor_review/san/configure.stderr
?? morsehgp3D_v7/audits/receipts_full_lazy_20260905/constructor_review/san/configure.stdout
?? morsehgp3D_v7/audits/receipts_full_lazy_20260905/constructor_review/san/ctest.command.json
?? morsehgp3D_v7/audits/receipts_full_lazy_20260905/constructor_review/san/ctest.fence
?? morsehgp3D_v7/audits/receipts_full_lazy_20260905/constructor_review/san/ctest.fence.json
?? morsehgp3D_v7/audits/receipts_full_lazy_20260905/constructor_review/san/ctest.intent.json
?? morsehgp3D_v7/audits/receipts_full_lazy_20260905/constructor_review/san/ctest.stderr
?? morsehgp3D_v7/audits/receipts_full_lazy_20260905/constructor_review/san/ctest.stdout
?? morsehgp3D_v7/audits/receipts_full_lazy_20260905/constructor_review/san/environment.json
?? morsehgp3D_v7/audits/receipts_full_lazy_20260905/constructor_review/san/host_after.json
?? morsehgp3D_v7/audits/receipts_full_lazy_20260905/constructor_review/san/host_before.json
?? morsehgp3D_v7/audits/receipts_full_lazy_20260905/constructor_review/san/inventory.command.json
?? morsehgp3D_v7/audits/receipts_full_lazy_20260905/constructor_review/san/inventory.intent.json
?? morsehgp3D_v7/audits/receipts_full_lazy_20260905/constructor_review/san/inventory.stderr
?? morsehgp3D_v7/audits/receipts_full_lazy_20260905/constructor_review/san/inventory.stdout
?? morsehgp3D_v7/audits/receipts_full_lazy_20260905/constructor_review/san/test_output_copies.json
?? morsehgp3D_v7/audits/receipts_full_lazy_20260905/constructor_review/source/morsehgp3D_v7/CMakeLists.txt
?? morsehgp3D_v7/audits/receipts_full_lazy_20260905/constructor_review/source/morsehgp3D_v7/bench/full_gabriel_semantic_digest.hpp
?? morsehgp3D_v7/audits/receipts_full_lazy_20260905/constructor_review/source/morsehgp3D_v7/cmake/run_expect.cmake
?? morsehgp3D_v7/audits/receipts_full_lazy_20260905/constructor_review/source/morsehgp3D_v7/src/forest/full_gabriel.hpp
?? morsehgp3D_v7/audits/receipts_full_lazy_20260905/constructor_review/source/morsehgp3D_v7/tests/full_gabriel_digest_gate.cpp
?? morsehgp3D_v7/audits/receipts_full_lazy_20260905/constructor_review/source/morsehgp3D_v7/tests/full_gabriel_lazy_allocation_gate.cpp
?? morsehgp3D_v7/audits/receipts_full_lazy_20260905/constructor_review/source/morsehgp3D_v7/tests/full_gabriel_lazy_gate.cpp
?? morsehgp3D_v7/audits/receipts_full_lazy_20260905/digest_probe_review.json
?? morsehgp3D_v7/audits/receipts_full_lazy_20260905/digest_probe_review.md
?? morsehgp3D_v7/audits/receipts_full_lazy_20260905/digest_review/full_certificate.hpp
?? morsehgp3D_v7/audits/receipts_full_lazy_20260905/digest_review/full_gabriel.hpp
?? morsehgp3D_v7/audits/receipts_full_lazy_20260905/digest_review/full_gabriel_digest_gate.cpp
?? morsehgp3D_v7/audits/receipts_full_lazy_20260905/digest_review/full_gabriel_lazy_probe.cpp
?? morsehgp3D_v7/audits/receipts_full_lazy_20260905/digest_review/full_gabriel_lazy_probe_audit.py
?? morsehgp3D_v7/audits/receipts_full_lazy_20260905/digest_review/full_gabriel_semantic_digest.hpp
?? morsehgp3D_v7/audits/receipts_full_lazy_20260905/digest_review/normal.json
?? morsehgp3D_v7/audits/receipts_full_lazy_20260905/digest_review/optimized.json
?? morsehgp3D_v7/audits/receipts_full_lazy_20260905/digest_review/replay_helpers.py
?? morsehgp3D_v7/audits/receipts_full_lazy_20260905/digest_review/sha256.hpp
?? morsehgp3D_v7/audits/receipts_full_lazy_20260905/digest_review/sources_as_read.json
?? morsehgp3D_v7/audits/receipts_full_lazy_20260905/discovery_stderr.txt
?? morsehgp3D_v7/audits/receipts_full_lazy_20260905/discovery_stdout.txt
?? morsehgp3D_v7/audits/receipts_full_lazy_20260905/fixtures.json
?? morsehgp3D_v7/audits/receipts_full_lazy_20260905/fixtures.txt
?? morsehgp3D_v7/audits/receipts_full_lazy_20260905/ignore_capacity.patch.txt
?? morsehgp3D_v7/audits/receipts_full_lazy_20260905/reject_j1.patch.txt
?? morsehgp3D_v7/audits/receipts_full_lazy_20260905/semantic_review.json
?? morsehgp3D_v7/audits/receipts_full_lazy_20260905/semantic_review.md
?? morsehgp3D_v7/audits/receipts_full_lazy_20260905/source/morsehgp3D_v7/src/core/device.hpp
?? morsehgp3D_v7/audits/receipts_full_lazy_20260905/source/morsehgp3D_v7/src/core/intmath.hpp
?? morsehgp3D_v7/audits/receipts_full_lazy_20260905/source/morsehgp3D_v7/src/core/morton.hpp
?? morsehgp3D_v7/audits/receipts_full_lazy_20260905/source/morsehgp3D_v7/src/core/mutants.hpp
?? morsehgp3D_v7/audits/receipts_full_lazy_20260905/source/morsehgp3D_v7/src/core/types.hpp
?? morsehgp3D_v7/audits/receipts_full_lazy_20260905/source/morsehgp3D_v7/src/core/wide.hpp
?? morsehgp3D_v7/audits/receipts_full_lazy_20260905/source/morsehgp3D_v7/src/forest/fold.hpp
?? morsehgp3D_v7/audits/receipts_full_lazy_20260905/source/morsehgp3D_v7/src/forest/full_certificate.hpp
?? morsehgp3D_v7/audits/receipts_full_lazy_20260905/source/morsehgp3D_v7/src/forest/full_gabriel.hpp
?? morsehgp3D_v7/audits/receipts_full_lazy_20260905/source/morsehgp3D_v7/src/forest/silent_incidence.hpp
?? morsehgp3D_v7/audits/receipts_full_lazy_20260905/source/morsehgp3D_v7/src/lanes/keys.hpp
?? morsehgp3D_v7/audits/receipts_full_lazy_20260905/source/morsehgp3D_v7/src/lanes/level.hpp
?? morsehgp3D_v7/audits/receipts_full_lazy_20260905/source/morsehgp3D_v7/src/lanes/q2.hpp
?? morsehgp3D_v7/audits/receipts_full_lazy_20260905/source/morsehgp3D_v7/src/lanes/q3.hpp
?? morsehgp3D_v7/audits/receipts_full_lazy_20260905/source/morsehgp3D_v7/src/lanes/q4.hpp
?? morsehgp3D_v7/audits/receipts_full_lazy_20260905/source/morsehgp3D_v7/src/parallel/pool.hpp
?? morsehgp3D_v7/audits/receipts_full_lazy_20260905/source/morsehgp3D_v7/src/parallel/sort.hpp
?? morsehgp3D_v7/audits/receipts_full_lazy_20260905/source/morsehgp3D_v7/src/pipeline/census.hpp
?? morsehgp3D_v7/audits/receipts_full_lazy_20260905/source/morsehgp3D_v7/src/tree/cloud_index.hpp
?? morsehgp3D_v7/audits/receipts_full_lazy_20260905/source_pins.json
?? morsehgp3D_v7/bench/full_gabriel_lazy_probe.cpp
?? morsehgp3D_v7/bench/full_gabriel_lazy_probe_audit.py
?? morsehgp3D_v7/bench/full_gabriel_semantic_digest.hpp
?? morsehgp3D_v7/docs/CONTRAT_CACHE_FULL_PARESSEUX.md
?? morsehgp3D_v7/docs/CONTRAT_DIGEST_FULL.md
?? morsehgp3D_v7/receipts/full_gabriel_lazy_20260905/README.md
?? morsehgp3D_v7/receipts/full_gabriel_lazy_20260905/SHA256SUMS
?? morsehgp3D_v7/receipts/full_gabriel_lazy_20260905/capture/SHA256SUMS
?? morsehgp3D_v7/receipts/full_gabriel_lazy_20260905/capture/boost_dependency_binding.json
?? morsehgp3D_v7/receipts/full_gabriel_lazy_20260905/capture/boost_precheck_dependencies.stdout
?? morsehgp3D_v7/receipts/full_gabriel_lazy_20260905/capture/cmake_version.command.json
?? morsehgp3D_v7/receipts/full_gabriel_lazy_20260905/capture/cmake_version.intent.json
?? morsehgp3D_v7/receipts/full_gabriel_lazy_20260905/capture/cmake_version.stderr
?? morsehgp3D_v7/receipts/full_gabriel_lazy_20260905/capture/cmake_version.stdout
?? morsehgp3D_v7/receipts/full_gabriel_lazy_20260905/capture/compiler_cc1plus.command.json
?? morsehgp3D_v7/receipts/full_gabriel_lazy_20260905/capture/compiler_cc1plus.intent.json
?? morsehgp3D_v7/receipts/full_gabriel_lazy_20260905/capture/compiler_cc1plus.stderr
?? morsehgp3D_v7/receipts/full_gabriel_lazy_20260905/capture/compiler_cc1plus.stdout
?? morsehgp3D_v7/receipts/full_gabriel_lazy_20260905/capture/compiler_target.command.json
?? morsehgp3D_v7/receipts/full_gabriel_lazy_20260905/capture/compiler_target.intent.json
?? morsehgp3D_v7/receipts/full_gabriel_lazy_20260905/capture/compiler_target.stderr
?? morsehgp3D_v7/receipts/full_gabriel_lazy_20260905/capture/compiler_target.stdout
?? morsehgp3D_v7/receipts/full_gabriel_lazy_20260905/capture/compiler_version.command.json
?? morsehgp3D_v7/receipts/full_gabriel_lazy_20260905/capture/compiler_version.intent.json
?? morsehgp3D_v7/receipts/full_gabriel_lazy_20260905/capture/compiler_version.stderr
?? morsehgp3D_v7/receipts/full_gabriel_lazy_20260905/capture/compiler_version.stdout
?? morsehgp3D_v7/receipts/full_gabriel_lazy_20260905/capture/controller_binding.json
?? morsehgp3D_v7/receipts/full_gabriel_lazy_20260905/capture/ctest_version.command.json
?? morsehgp3D_v7/receipts/full_gabriel_lazy_20260905/capture/ctest_version.intent.json
?? morsehgp3D_v7/receipts/full_gabriel_lazy_20260905/capture/ctest_version.stderr
?? morsehgp3D_v7/receipts/full_gabriel_lazy_20260905/capture/ctest_version.stdout
?? morsehgp3D_v7/receipts/full_gabriel_lazy_20260905/capture/git_head_after.command.json
?? morsehgp3D_v7/receipts/full_gabriel_lazy_20260905/capture/git_head_after.intent.json
?? morsehgp3D_v7/receipts/full_gabriel_lazy_20260905/capture/git_head_after.stderr
?? morsehgp3D_v7/receipts/full_gabriel_lazy_20260905/capture/git_head_after.stdout
?? morsehgp3D_v7/receipts/full_gabriel_lazy_20260905/capture/git_head_before.command.json
?? morsehgp3D_v7/receipts/full_gabriel_lazy_20260905/capture/git_head_before.intent.json
?? morsehgp3D_v7/receipts/full_gabriel_lazy_20260905/capture/git_head_before.stderr
?? morsehgp3D_v7/receipts/full_gabriel_lazy_20260905/capture/git_head_before.stdout
?? morsehgp3D_v7/receipts/full_gabriel_lazy_20260905/capture/git_status_after.command.json
?? morsehgp3D_v7/receipts/full_gabriel_lazy_20260905/capture/git_status_after.intent.json
?? morsehgp3D_v7/receipts/full_gabriel_lazy_20260905/capture/git_status_after.stderr
?? morsehgp3D_v7/receipts/full_gabriel_lazy_20260905/capture/git_status_after.stdout
?? morsehgp3D_v7/receipts/full_gabriel_lazy_20260905/capture/git_status_before.command.json
?? morsehgp3D_v7/receipts/full_gabriel_lazy_20260905/capture/git_status_before.intent.json
?? morsehgp3D_v7/receipts/full_gabriel_lazy_20260905/capture/git_status_before.stderr
?? morsehgp3D_v7/receipts/full_gabriel_lazy_20260905/capture/git_status_before.stdout
?? morsehgp3D_v7/receipts/full_gabriel_lazy_20260905/capture/host_after.json
?? morsehgp3D_v7/receipts/full_gabriel_lazy_20260905/capture/host_before.json
?? morsehgp3D_v7/receipts/full_gabriel_lazy_20260905/capture/make_version.command.json
?? morsehgp3D_v7/receipts/full_gabriel_lazy_20260905/capture/make_version.intent.json
?? morsehgp3D_v7/receipts/full_gabriel_lazy_20260905/capture/make_version.stderr
?? morsehgp3D_v7/receipts/full_gabriel_lazy_20260905/capture/make_version.stdout
?? morsehgp3D_v7/receipts/full_gabriel_lazy_20260905/capture/manifest.json
?? morsehgp3D_v7/receipts/full_gabriel_lazy_20260905/capture/receipt.json
?? morsehgp3D_v7/receipts/full_gabriel_lazy_20260905/capture/release/JUnit.stdout
?? morsehgp3D_v7/receipts/full_gabriel_lazy_20260905/capture/release/LastTest.preexisting.stdout
?? morsehgp3D_v7/receipts/full_gabriel_lazy_20260905/capture/release/LastTest.prestate.json
?? morsehgp3D_v7/receipts/full_gabriel_lazy_20260905/capture/release/LastTest.stdout
?? morsehgp3D_v7/receipts/full_gabriel_lazy_20260905/capture/release/binaries_after.json
?? morsehgp3D_v7/receipts/full_gabriel_lazy_20260905/capture/release/binaries_after_build.json
?? morsehgp3D_v7/receipts/full_gabriel_lazy_20260905/capture/release/binaries_before_ctest.json
?? morsehgp3D_v7/receipts/full_gabriel_lazy_20260905/capture/release/build.command.json
?? morsehgp3D_v7/receipts/full_gabriel_lazy_20260905/capture/release/build.intent.json
?? morsehgp3D_v7/receipts/full_gabriel_lazy_20260905/capture/release/build.stderr
?? morsehgp3D_v7/receipts/full_gabriel_lazy_20260905/capture/release/build.stdout
?? morsehgp3D_v7/receipts/full_gabriel_lazy_20260905/capture/release/build_artifact_copies.json
?? morsehgp3D_v7/receipts/full_gabriel_lazy_20260905/capture/release/build_artifacts.json
?? morsehgp3D_v7/receipts/full_gabriel_lazy_20260905/capture/release/build_artifacts/CMakeFiles__mhgp7_full_certificate_gate.dir__build.make
?? morsehgp3D_v7/receipts/full_gabriel_lazy_20260905/capture/release/build_artifacts/CMakeFiles__mhgp7_full_certificate_gate.dir__flags.make
?? morsehgp3D_v7/receipts/full_gabriel_lazy_20260905/capture/release/build_artifacts/CMakeFiles__mhgp7_full_certificate_gate.dir__link.txt
?? morsehgp3D_v7/receipts/full_gabriel_lazy_20260905/capture/release/build_artifacts/CMakeFiles__mhgp7_full_certificate_gate.dir__tests__full_certificate_gate.cpp.o.d
?? morsehgp3D_v7/receipts/full_gabriel_lazy_20260905/capture/release/build_artifacts/CMakeFiles__mhgp7_full_gabriel_allocation_gate.dir__build.make
?? morsehgp3D_v7/receipts/full_gabriel_lazy_20260905/capture/release/build_artifacts/CMakeFiles__mhgp7_full_gabriel_allocation_gate.dir__flags.make
?? morsehgp3D_v7/receipts/full_gabriel_lazy_20260905/capture/release/build_artifacts/CMakeFiles__mhgp7_full_gabriel_allocation_gate.dir__link.txt
?? morsehgp3D_v7/receipts/full_gabriel_lazy_20260905/capture/release/build_artifacts/CMakeFiles__mhgp7_full_gabriel_allocation_gate.dir__tests__full_gabriel_allocation_gate.cpp.o.d
?? morsehgp3D_v7/receipts/full_gabriel_lazy_20260905/capture/release/build_artifacts/CMakeFiles__mhgp7_full_gabriel_digest_gate.dir__build.make
?? morsehgp3D_v7/receipts/full_gabriel_lazy_20260905/capture/release/build_artifacts/CMakeFiles__mhgp7_full_gabriel_digest_gate.dir__flags.make
?? morsehgp3D_v7/receipts/full_gabriel_lazy_20260905/capture/release/build_artifacts/CMakeFiles__mhgp7_full_gabriel_digest_gate.dir__link.txt
?? morsehgp3D_v7/receipts/full_gabriel_lazy_20260905/capture/release/build_artifacts/CMakeFiles__mhgp7_full_gabriel_digest_gate.dir__tests__full_gabriel_digest_gate.cpp.o.d
?? morsehgp3D_v7/receipts/full_gabriel_lazy_20260905/capture/release/build_artifacts/CMakeFiles__mhgp7_full_gabriel_gate.dir__build.make
?? morsehgp3D_v7/receipts/full_gabriel_lazy_20260905/capture/release/build_artifacts/CMakeFiles__mhgp7_full_gabriel_gate.dir__flags.make
?? morsehgp3D_v7/receipts/full_gabriel_lazy_20260905/capture/release/build_artifacts/CMakeFiles__mhgp7_full_gabriel_gate.dir__link.txt
?? morsehgp3D_v7/receipts/full_gabriel_lazy_20260905/capture/release/build_artifacts/CMakeFiles__mhgp7_full_gabriel_gate.dir__tests__full_gabriel_gate.cpp.o.d
?? morsehgp3D_v7/receipts/full_gabriel_lazy_20260905/capture/release/build_artifacts/CMakeFiles__mhgp7_full_gabriel_lazy_allocation_gate.dir__build.make
?? morsehgp3D_v7/receipts/full_gabriel_lazy_20260905/capture/release/build_artifacts/CMakeFiles__mhgp7_full_gabriel_lazy_allocation_gate.dir__flags.make
?? morsehgp3D_v7/receipts/full_gabriel_lazy_20260905/capture/release/build_artifacts/CMakeFiles__mhgp7_full_gabriel_lazy_allocation_gate.dir__link.txt
?? morsehgp3D_v7/receipts/full_gabriel_lazy_20260905/capture/release/build_artifacts/CMakeFiles__mhgp7_full_gabriel_lazy_allocation_gate.dir__tests__full_gabriel_lazy_allocation_gate.cpp.o.d
?? morsehgp3D_v7/receipts/full_gabriel_lazy_20260905/capture/release/build_artifacts/CMakeFiles__mhgp7_full_gabriel_lazy_gate.dir__build.make
?? morsehgp3D_v7/receipts/full_gabriel_lazy_20260905/capture/release/build_artifacts/CMakeFiles__mhgp7_full_gabriel_lazy_gate.dir__flags.make
?? morsehgp3D_v7/receipts/full_gabriel_lazy_20260905/capture/release/build_artifacts/CMakeFiles__mhgp7_full_gabriel_lazy_gate.dir__link.txt
?? morsehgp3D_v7/receipts/full_gabriel_lazy_20260905/capture/release/build_artifacts/CMakeFiles__mhgp7_full_gabriel_lazy_gate.dir__tests__full_gabriel_lazy_gate.cpp.o.d
?? morsehgp3D_v7/receipts/full_gabriel_lazy_20260905/capture/release/compile_binding.json
?? morsehgp3D_v7/receipts/full_gabriel_lazy_20260905/capture/release/compile_binding_after.json
?? morsehgp3D_v7/receipts/full_gabriel_lazy_20260905/capture/release/compile_binding_before_ctest.json
?? morsehgp3D_v7/receipts/full_gabriel_lazy_20260905/capture/release/configure.command.json
?? morsehgp3D_v7/receipts/full_gabriel_lazy_20260905/capture/release/configure.intent.json
?? morsehgp3D_v7/receipts/full_gabriel_lazy_20260905/capture/release/configure.stderr
?? morsehgp3D_v7/receipts/full_gabriel_lazy_20260905/capture/release/configure.stdout
?? morsehgp3D_v7/receipts/full_gabriel_lazy_20260905/capture/release/ctest.command.json
?? morsehgp3D_v7/receipts/full_gabriel_lazy_20260905/capture/release/ctest.fence
?? morsehgp3D_v7/receipts/full_gabriel_lazy_20260905/capture/release/ctest.fence.json
?? morsehgp3D_v7/receipts/full_gabriel_lazy_20260905/capture/release/ctest.intent.json
?? morsehgp3D_v7/receipts/full_gabriel_lazy_20260905/capture/release/ctest.junit.xml
?? morsehgp3D_v7/receipts/full_gabriel_lazy_20260905/capture/release/ctest.stderr
?? morsehgp3D_v7/receipts/full_gabriel_lazy_20260905/capture/release/ctest.stdout
?? morsehgp3D_v7/receipts/full_gabriel_lazy_20260905/capture/release/environment.json
?? morsehgp3D_v7/receipts/full_gabriel_lazy_20260905/capture/release/host_after.json
?? morsehgp3D_v7/receipts/full_gabriel_lazy_20260905/capture/release/host_before.json
?? morsehgp3D_v7/receipts/full_gabriel_lazy_20260905/capture/release/inventory.command.json
?? morsehgp3D_v7/receipts/full_gabriel_lazy_20260905/capture/release/inventory.intent.json
?? morsehgp3D_v7/receipts/full_gabriel_lazy_20260905/capture/release/inventory.stderr
?? morsehgp3D_v7/receipts/full_gabriel_lazy_20260905/capture/release/inventory.stdout
?? morsehgp3D_v7/receipts/full_gabriel_lazy_20260905/capture/release/sources_after.json
?? morsehgp3D_v7/receipts/full_gabriel_lazy_20260905/capture/release/sources_before.json
?? morsehgp3D_v7/receipts/full_gabriel_lazy_20260905/capture/release/sources_before_ctest.json
?? morsehgp3D_v7/receipts/full_gabriel_lazy_20260905/capture/release/summary.json
?? morsehgp3D_v7/receipts/full_gabriel_lazy_20260905/capture/release/test_output_copies.json
?? morsehgp3D_v7/receipts/full_gabriel_lazy_20260905/capture/release/test_outputs.json
?? morsehgp3D_v7/receipts/full_gabriel_lazy_20260905/capture/release/toolchain_after.json
?? morsehgp3D_v7/receipts/full_gabriel_lazy_20260905/capture/repository_observation.json
?? morsehgp3D_v7/receipts/full_gabriel_lazy_20260905/capture/san/JUnit.stdout
?? morsehgp3D_v7/receipts/full_gabriel_lazy_20260905/capture/san/LastTest.preexisting.stdout
?? morsehgp3D_v7/receipts/full_gabriel_lazy_20260905/capture/san/LastTest.prestate.json
?? morsehgp3D_v7/receipts/full_gabriel_lazy_20260905/capture/san/LastTest.stdout
?? morsehgp3D_v7/receipts/full_gabriel_lazy_20260905/capture/san/binaries_after.json
?? morsehgp3D_v7/receipts/full_gabriel_lazy_20260905/capture/san/binaries_after_build.json
?? morsehgp3D_v7/receipts/full_gabriel_lazy_20260905/capture/san/binaries_before_ctest.json
?? morsehgp3D_v7/receipts/full_gabriel_lazy_20260905/capture/san/build.command.json
?? morsehgp3D_v7/receipts/full_gabriel_lazy_20260905/capture/san/build.intent.json
?? morsehgp3D_v7/receipts/full_gabriel_lazy_20260905/capture/san/build.stderr
?? morsehgp3D_v7/receipts/full_gabriel_lazy_20260905/capture/san/build.stdout
?? morsehgp3D_v7/receipts/full_gabriel_lazy_20260905/capture/san/build_artifact_copies.json
?? morsehgp3D_v7/receipts/full_gabriel_lazy_20260905/capture/san/build_artifacts.json
?? morsehgp3D_v7/receipts/full_gabriel_lazy_20260905/capture/san/build_artifacts/CMakeFiles__mhgp7_full_certificate_gate.dir__build.make
?? morsehgp3D_v7/receipts/full_gabriel_lazy_20260905/capture/san/build_artifacts/CMakeFiles__mhgp7_full_certificate_gate.dir__flags.make
?? morsehgp3D_v7/receipts/full_gabriel_lazy_20260905/capture/san/build_artifacts/CMakeFiles__mhgp7_full_certificate_gate.dir__link.txt
?? morsehgp3D_v7/receipts/full_gabriel_lazy_20260905/capture/san/build_artifacts/CMakeFiles__mhgp7_full_certificate_gate.dir__tests__full_certificate_gate.cpp.o.d
?? morsehgp3D_v7/receipts/full_gabriel_lazy_20260905/capture/san/build_artifacts/CMakeFiles__mhgp7_full_gabriel_allocation_gate.dir__build.make
?? morsehgp3D_v7/receipts/full_gabriel_lazy_20260905/capture/san/build_artifacts/CMakeFiles__mhgp7_full_gabriel_allocation_gate.dir__flags.make
?? morsehgp3D_v7/receipts/full_gabriel_lazy_20260905/capture/san/build_artifacts/CMakeFiles__mhgp7_full_gabriel_allocation_gate.dir__link.txt
?? morsehgp3D_v7/receipts/full_gabriel_lazy_20260905/capture/san/build_artifacts/CMakeFiles__mhgp7_full_gabriel_allocation_gate.dir__tests__full_gabriel_allocation_gate.cpp.o.d
?? morsehgp3D_v7/receipts/full_gabriel_lazy_20260905/capture/san/build_artifacts/CMakeFiles__mhgp7_full_gabriel_digest_gate.dir__build.make
?? morsehgp3D_v7/receipts/full_gabriel_lazy_20260905/capture/san/build_artifacts/CMakeFiles__mhgp7_full_gabriel_digest_gate.dir__flags.make
?? morsehgp3D_v7/receipts/full_gabriel_lazy_20260905/capture/san/build_artifacts/CMakeFiles__mhgp7_full_gabriel_digest_gate.dir__link.txt
?? morsehgp3D_v7/receipts/full_gabriel_lazy_20260905/capture/san/build_artifacts/CMakeFiles__mhgp7_full_gabriel_digest_gate.dir__tests__full_gabriel_digest_gate.cpp.o.d
?? morsehgp3D_v7/receipts/full_gabriel_lazy_20260905/capture/san/build_artifacts/CMakeFiles__mhgp7_full_gabriel_gate.dir__build.make
?? morsehgp3D_v7/receipts/full_gabriel_lazy_20260905/capture/san/build_artifacts/CMakeFiles__mhgp7_full_gabriel_gate.dir__flags.make
?? morsehgp3D_v7/receipts/full_gabriel_lazy_20260905/capture/san/build_artifacts/CMakeFiles__mhgp7_full_gabriel_gate.dir__link.txt
?? morsehgp3D_v7/receipts/full_gabriel_lazy_20260905/capture/san/build_artifacts/CMakeFiles__mhgp7_full_gabriel_gate.dir__tests__full_gabriel_gate.cpp.o.d
?? morsehgp3D_v7/receipts/full_gabriel_lazy_20260905/capture/san/build_artifacts/CMakeFiles__mhgp7_full_gabriel_lazy_allocation_gate.dir__build.make
?? morsehgp3D_v7/receipts/full_gabriel_lazy_20260905/capture/san/build_artifacts/CMakeFiles__mhgp7_full_gabriel_lazy_allocation_gate.dir__flags.make
?? morsehgp3D_v7/receipts/full_gabriel_lazy_20260905/capture/san/build_artifacts/CMakeFiles__mhgp7_full_gabriel_lazy_allocation_gate.dir__link.txt
?? morsehgp3D_v7/receipts/full_gabriel_lazy_20260905/capture/san/build_artifacts/CMakeFiles__mhgp7_full_gabriel_lazy_allocation_gate.dir__tests__full_gabriel_lazy_allocation_gate.cpp.o.d
?? morsehgp3D_v7/receipts/full_gabriel_lazy_20260905/capture/san/build_artifacts/CMakeFiles__mhgp7_full_gabriel_lazy_gate.dir__build.make
?? morsehgp3D_v7/receipts/full_gabriel_lazy_20260905/capture/san/build_artifacts/CMakeFiles__mhgp7_full_gabriel_lazy_gate.dir__flags.make
?? morsehgp3D_v7/receipts/full_gabriel_lazy_20260905/capture/san/build_artifacts/CMakeFiles__mhgp7_full_gabriel_lazy_gate.dir__link.txt
?? morsehgp3D_v7/receipts/full_gabriel_lazy_20260905/capture/san/build_artifacts/CMakeFiles__mhgp7_full_gabriel_lazy_gate.dir__tests__full_gabriel_lazy_gate.cpp.o.d
?? morsehgp3D_v7/receipts/full_gabriel_lazy_20260905/capture/san/compile_binding.json
?? morsehgp3D_v7/receipts/full_gabriel_lazy_20260905/capture/san/compile_binding_after.json
?? morsehgp3D_v7/receipts/full_gabriel_lazy_20260905/capture/san/compile_binding_before_ctest.json
?? morsehgp3D_v7/receipts/full_gabriel_lazy_20260905/capture/san/configure.command.json
?? morsehgp3D_v7/receipts/full_gabriel_lazy_20260905/capture/san/configure.intent.json
?? morsehgp3D_v7/receipts/full_gabriel_lazy_20260905/capture/san/configure.stderr
?? morsehgp3D_v7/receipts/full_gabriel_lazy_20260905/capture/san/configure.stdout
?? morsehgp3D_v7/receipts/full_gabriel_lazy_20260905/capture/san/ctest.command.json
?? morsehgp3D_v7/receipts/full_gabriel_lazy_20260905/capture/san/ctest.fence
?? morsehgp3D_v7/receipts/full_gabriel_lazy_20260905/capture/san/ctest.fence.json
?? morsehgp3D_v7/receipts/full_gabriel_lazy_20260905/capture/san/ctest.intent.json
?? morsehgp3D_v7/receipts/full_gabriel_lazy_20260905/capture/san/ctest.junit.xml
?? morsehgp3D_v7/receipts/full_gabriel_lazy_20260905/capture/san/ctest.stderr
?? morsehgp3D_v7/receipts/full_gabriel_lazy_20260905/capture/san/ctest.stdout
?? morsehgp3D_v7/receipts/full_gabriel_lazy_20260905/capture/san/environment.json
?? morsehgp3D_v7/receipts/full_gabriel_lazy_20260905/capture/san/host_after.json
?? morsehgp3D_v7/receipts/full_gabriel_lazy_20260905/capture/san/host_before.json
?? morsehgp3D_v7/receipts/full_gabriel_lazy_20260905/capture/san/inventory.command.json
?? morsehgp3D_v7/receipts/full_gabriel_lazy_20260905/capture/san/inventory.intent.json
?? morsehgp3D_v7/receipts/full_gabriel_lazy_20260905/capture/san/inventory.stderr
?? morsehgp3D_v7/receipts/full_gabriel_lazy_20260905/capture/san/inventory.stdout
?? morsehgp3D_v7/receipts/full_gabriel_lazy_20260905/capture/san/sources_after.json
?? morsehgp3D_v7/receipts/full_gabriel_lazy_20260905/capture/san/sources_before.json
?? morsehgp3D_v7/receipts/full_gabriel_lazy_20260905/capture/san/sources_before_ctest.json
?? morsehgp3D_v7/receipts/full_gabriel_lazy_20260905/capture/san/summary.json
?? morsehgp3D_v7/receipts/full_gabriel_lazy_20260905/capture/san/test_output_copies.json
?? morsehgp3D_v7/receipts/full_gabriel_lazy_20260905/capture/san/test_outputs.json
?? morsehgp3D_v7/receipts/full_gabriel_lazy_20260905/capture/san/toolchain_after.json
?? morsehgp3D_v7/receipts/full_gabriel_lazy_20260905/capture/sources_after.json
?? morsehgp3D_v7/receipts/full_gabriel_lazy_20260905/capture/sources_before.json
?? morsehgp3D_v7/receipts/full_gabriel_lazy_20260905/capture/toolchain_after.json
?? morsehgp3D_v7/receipts/full_gabriel_lazy_20260905/capture/toolchain_before.json
?? morsehgp3D_v7/receipts/full_gabriel_lazy_20260905/capture/toolchain_commands.json
?? morsehgp3D_v7/receipts/full_gabriel_lazy_20260905/manifest.json
?? morsehgp3D_v7/receipts/full_gabriel_lazy_20260905/protocol/capture.py
?? morsehgp3D_v7/receipts/full_gabriel_lazy_20260905/protocol/check_v7_receipt_publication.py
?? morsehgp3D_v7/receipts/full_gabriel_lazy_20260905/protocol/publish.py
?? morsehgp3D_v7/receipts/full_gabriel_lazy_20260905/provenance.json
?? morsehgp3D_v7/receipts/full_gabriel_lazy_20260905/qualification.json
?? morsehgp3D_v7/receipts/full_lazy_development_20260905/README.md
?? morsehgp3D_v7/receipts/full_lazy_development_20260905/SHA256SUMS
?? morsehgp3D_v7/receipts/full_lazy_development_20260905/commands.json
?? morsehgp3D_v7/receipts/full_lazy_development_20260905/full_gabriel_lazy_gate.failed.cpp
?? morsehgp3D_v7/tests/full_gabriel_digest_gate.cpp
?? morsehgp3D_v7/tests/full_gabriel_lazy_allocation_gate.cpp
?? morsehgp3D_v7/tests/full_gabriel_lazy_gate.cpp
