{
  "admitted_inert_sphere": {
    "K": 1,
    "admitted": true,
    "already_connected_at": "1/2",
    "closed_cell_components": 1,
    "m": 4,
    "open_cell_components": 1,
    "p": 0,
    "q": 2,
    "sphere_level": "1"
  },
  "dated_memo": {
    "components_at_closed_1": 2,
    "components_at_closed_4": [
      [
        [
          0,
          1
        ],
        [
          0,
          2
        ],
        [
          1,
          2
        ]
      ]
    ],
    "components_at_open_4": [
      [
        [
          0,
          1
        ]
      ],
      [
        [
          1,
          2
        ]
      ]
    ],
    "start_level": "4",
    "terminal_levels": [
      "1",
      "1"
    ]
  },
  "fixtures": 3,
  "max_sites": 4,
  "product_invocations": 0,
  "surjection": {
    "closed_cell_level": "4",
    "external_triangle_level": "13/4",
    "global_components": [
      [
        [
          0,
          1
        ],
        [
          0,
          3
        ],
        [
          1,
          2
        ],
        [
          1,
          3
        ],
        [
          2,
          3
        ]
      ]
    ],
    "local_components": [
      [
        [
          0,
          1
        ]
      ],
      [
        [
          1,
          2
        ]
      ]
    ]
  }
}
