specs 34 smoke 34
spherical_n2000_g16_hard_noise0 2026092800 0.8488 roots 11
spherical_n2000_g16_hard_noise0 2026092801 0.8403 roots 12
spherical_n2000_g16_medium_noise0 2026092800 0.9435 roots 12
spherical_n2000_g16_medium_noise0 2026092801 0.9424 roots 12
spherical_n2000_g2_medium_noise0 2026092800 0.738 roots 8
spherical_n2000_g2_medium_noise0 2026092801 0.771 roots 6
spherical_n2000_g32_medium_noise0 2026092800 0.8971 roots 12
spherical_n2000_g32_medium_noise0 2026092801 0.8828 roots 14
spherical_n2000_g4_hard_noise0 2026092800 0.8131 roots 5
spherical_n2000_g4_hard_noise0 2026092801 0.7478 roots 6
spherical_n2000_g4_medium_noise0 2026092800 0.9062 roots 5
spherical_n2000_g4_medium_noise0 2026092801 0.8751 roots 6
spherical_n2000_g8_easy_noise0 2026092800 0.996 roots 11
spherical_n2000_g8_easy_noise0 2026092801 0.9949 roots 13
spherical_n2000_g8_extreme_noise0 2026092800 0.6359 roots 4
spherical_n2000_g8_extreme_noise0 2026092801 0.64 roots 10
spherical_n2000_g8_hard_noise0 2026092800 0.8311 roots 6
spherical_n2000_g8_hard_noise0 2026092801 0.8016 roots 11
spherical_n2000_g8_medium_noise0 2026092800 0.9366 roots 6
spherical_n2000_g8_medium_noise0 2026092801 0.906 roots 11
spherical_n2000_g8_medium_noise0p1 2026092800 0.8436 roots 5
spherical_n2000_g8_medium_noise0p1 2026092801 0.7993 roots 8
spherical_n2000_g8_medium_noise0p3 2026092800 0.6541 roots 5
spherical_n2000_g8_medium_noise0p3 2026092801 0.609 roots 3
spherical_n500_g16_hard_noise0 2026092800 0.7429 roots 2
spherical_n500_g16_hard_noise0 2026092801 0.9286 roots 3
spherical_n500_g16_medium_noise0 2026092800 0.964 roots 4
spherical_n500_g16_medium_noise0 2026092801 0.9629 roots 4
spherical_n500_g4_hard_noise0 2026092800 0.8089 roots 7
spherical_n500_g4_hard_noise0 2026092801 0.6057 roots 4
spherical_n500_g4_medium_noise0 2026092800 0.9441 roots 5
spherical_n500_g4_medium_noise0 2026092801 0.7978 roots 7
spherical_n500_g8_medium_noise0 2026092800 0.933 roots 3
spherical_n500_g8_medium_noise0 2026092801 0.861 roots 4
pre_done 0
