Command exited with non-zero status 2
	Command being timed: "/tmp/ehgp-full-v7-dc37794a28c82f69.zzRPWgKPKk/output/full_probe --n=50000 --s=8 --kmax=10 --alias-policy=lazy --cache-entries=1000000 --meb-proposal-supports=unlimited --threads=48"
	User time (seconds): 682.20
	System time (seconds): 3.08
	Percent of CPU this job got: 3210%
	Elapsed (wall clock) time (h:mm:ss or m:ss): 0:21.34
	Average shared text size (kbytes): 0
	Average unshared data size (kbytes): 0
	Average stack size (kbytes): 0
	Average total size (kbytes): 0
	Maximum resident set size (kbytes): 9856568
	Average resident set size (kbytes): 0
	Major (requiring I/O) page faults: 0
	Minor (reclaiming a frame) page faults: 3891246
	Voluntary context switches: 2582
	Involuntary context switches: 18213
	Swaps: 0
	File system inputs: 0
	File system outputs: 24
	Socket messages sent: 0
	Socket messages received: 0
	Signals delivered: 0
	Page size (bytes): 4096
	Exit status: 2
