stage_start=index
stage_complete=index seconds=0.000169566
stage_start=generate
stage_complete=generate seconds=1.370374885
stage_start=sort_rle
stage_complete=sort_rle seconds=0.025252824
stage_start=prefilter
stage_complete=prefilter seconds=0.291333755
stage_start=census
stage_complete=census seconds=0.218243712
stage_start=full_ball_tower
stage_complete=full_ball_tower seconds=2.145397105
stage_start=payload_digest
stage_complete=payload_digest seconds=0.083284452
	Command being timed: "/workspaces/E-HGP/build/v7_ball_resolver_opt_20260910_r2/run_final_plain_o2/probe --n=400 --s=8 --kmax=10 --threads=1"
	User time (seconds): 4.06
	System time (seconds): 0.08
	Percent of CPU this job got: 99%
	Elapsed (wall clock) time (h:mm:ss or m:ss): 0:04.14
	Average shared text size (kbytes): 0
	Average unshared data size (kbytes): 0
	Average stack size (kbytes): 0
	Average total size (kbytes): 0
	Maximum resident set size (kbytes): 81404
	Average resident set size (kbytes): 0
	Major (requiring I/O) page faults: 0
	Minor (reclaiming a frame) page faults: 31927
	Voluntary context switches: 1
	Involuntary context switches: 17
	Swaps: 0
	File system inputs: 0
	File system outputs: 16
	Socket messages sent: 0
	Socket messages received: 0
	Signals delivered: 0
	Page size (bytes): 4096
	Exit status: 0
