[ 50%] Building CXX object CMakeFiles/mhgp7_full_certificate_gate.dir/tests/full_certificate_gate.cpp.o
[100%] Linking CXX executable mhgp7_full_certificate_gate
[100%] Built target mhgp7_full_certificate_gate
[ 50%] Building CXX object CMakeFiles/mhgp7_full_gabriel_gate.dir/tests/full_gabriel_gate.cpp.o
[100%] Linking CXX executable mhgp7_full_gabriel_gate
[100%] Built target mhgp7_full_gabriel_gate
[ 50%] Building CXX object CMakeFiles/mhgp7_full_gabriel_allocation_gate.dir/tests/full_gabriel_allocation_gate.cpp.o
[100%] Linking CXX executable mhgp7_full_gabriel_allocation_gate
[100%] Built target mhgp7_full_gabriel_allocation_gate
[ 50%] Building CXX object CMakeFiles/mhgp7_full_gabriel_lazy_gate.dir/tests/full_gabriel_lazy_gate.cpp.o
[100%] Linking CXX executable mhgp7_full_gabriel_lazy_gate
[100%] Built target mhgp7_full_gabriel_lazy_gate
[ 50%] Building CXX object CMakeFiles/mhgp7_full_gabriel_lazy_allocation_gate.dir/tests/full_gabriel_lazy_allocation_gate.cpp.o
[100%] Linking CXX executable mhgp7_full_gabriel_lazy_allocation_gate
[100%] Built target mhgp7_full_gabriel_lazy_allocation_gate
[ 50%] Building CXX object CMakeFiles/mhgp7_full_gabriel_digest_gate.dir/tests/full_gabriel_digest_gate.cpp.o
[100%] Linking CXX executable mhgp7_full_gabriel_digest_gate
[100%] Built target mhgp7_full_gabriel_digest_gate
[ 50%] Building CXX object CMakeFiles/mhgp7_full_gabriel_singleton_gate.dir/tests/full_gabriel_singleton_gate.cpp.o
[100%] Linking CXX executable mhgp7_full_gabriel_singleton_gate
[100%] Built target mhgp7_full_gabriel_singleton_gate
