{
  "backtraceGraph" : 
  {
    "commands" : 
    [
      "add_test",
      "mhgp7_gate"
    ],
    "files" : 
    [
      "/workspaces/E-HGP/morsehgp3D_v7/CMakeLists.txt"
    ],
    "nodes" : 
    [
      {
        "file" : 0
      },
      {
        "command" : 1,
        "file" : 0,
        "line" : 56,
        "parent" : 0
      },
      {
        "command" : 0,
        "file" : 0,
        "line" : 34,
        "parent" : 1
      },
      {
        "file" : 0
      },
      {
        "command" : 1,
        "file" : 0,
        "line" : 58,
        "parent" : 3
      },
      {
        "command" : 0,
        "file" : 0,
        "line" : 34,
        "parent" : 4
      },
      {
        "file" : 0
      },
      {
        "command" : 1,
        "file" : 0,
        "line" : 64,
        "parent" : 6
      },
      {
        "command" : 0,
        "file" : 0,
        "line" : 34,
        "parent" : 7
      },
      {
        "file" : 0
      },
      {
        "command" : 1,
        "file" : 0,
        "line" : 66,
        "parent" : 9
      },
      {
        "command" : 0,
        "file" : 0,
        "line" : 34,
        "parent" : 10
      },
      {
        "file" : 0
      },
      {
        "command" : 1,
        "file" : 0,
        "line" : 68,
        "parent" : 12
      },
      {
        "command" : 0,
        "file" : 0,
        "line" : 34,
        "parent" : 13
      },
      {
        "file" : 0
      },
      {
        "command" : 1,
        "file" : 0,
        "line" : 71,
        "parent" : 15
      },
      {
        "command" : 0,
        "file" : 0,
        "line" : 34,
        "parent" : 16
      },
      {
        "file" : 0
      },
      {
        "command" : 1,
        "file" : 0,
        "line" : 73,
        "parent" : 18
      },
      {
        "command" : 0,
        "file" : 0,
        "line" : 34,
        "parent" : 19
      },
      {
        "file" : 0
      },
      {
        "command" : 1,
        "file" : 0,
        "line" : 79,
        "parent" : 21
      },
      {
        "command" : 0,
        "file" : 0,
        "line" : 34,
        "parent" : 22
      },
      {
        "file" : 0
      },
      {
        "command" : 1,
        "file" : 0,
        "line" : 81,
        "parent" : 24
      },
      {
        "command" : 0,
        "file" : 0,
        "line" : 34,
        "parent" : 25
      },
      {
        "file" : 0
      },
      {
        "command" : 1,
        "file" : 0,
        "line" : 83,
        "parent" : 27
      },
      {
        "command" : 0,
        "file" : 0,
        "line" : 34,
        "parent" : 28
      },
      {
        "file" : 0
      },
      {
        "command" : 1,
        "file" : 0,
        "line" : 86,
        "parent" : 30
      },
      {
        "command" : 0,
        "file" : 0,
        "line" : 34,
        "parent" : 31
      },
      {
        "file" : 0
      },
      {
        "command" : 1,
        "file" : 0,
        "line" : 88,
        "parent" : 33
      },
      {
        "command" : 0,
        "file" : 0,
        "line" : 34,
        "parent" : 34
      },
      {
        "file" : 0
      },
      {
        "command" : 1,
        "file" : 0,
        "line" : 94,
        "parent" : 36
      },
      {
        "command" : 0,
        "file" : 0,
        "line" : 34,
        "parent" : 37
      },
      {
        "file" : 0
      },
      {
        "command" : 1,
        "file" : 0,
        "line" : 96,
        "parent" : 39
      },
      {
        "command" : 0,
        "file" : 0,
        "line" : 34,
        "parent" : 40
      },
      {
        "file" : 0
      },
      {
        "command" : 1,
        "file" : 0,
        "line" : 98,
        "parent" : 42
      },
      {
        "command" : 0,
        "file" : 0,
        "line" : 34,
        "parent" : 43
      },
      {
        "file" : 0
      },
      {
        "command" : 1,
        "file" : 0,
        "line" : 108,
        "parent" : 45
      },
      {
        "command" : 0,
        "file" : 0,
        "line" : 34,
        "parent" : 46
      },
      {
        "file" : 0
      },
      {
        "command" : 1,
        "file" : 0,
        "line" : 110,
        "parent" : 48
      },
      {
        "command" : 0,
        "file" : 0,
        "line" : 34,
        "parent" : 49
      }
    ]
  },
  "kind" : "ctestInfo",
  "tests" : 
  [
    {
      "backtrace" : 2,
      "command" : 
      [
        "/usr/bin/cmake",
        "-DEXPECTED=0",
        "-DCMD=/workspaces/E-HGP/build/v7_singleton_20260905_release/mhgp7_full_certificate_gate",
        "-DARGS=--selftest",
        "-DEXPECT_LINE=",
        "-DEXPECT_PREFIX=",
        "-P",
        "/workspaces/E-HGP/morsehgp3D_v7/cmake/run_expect.cmake"
      ],
      "name" : "mhgp7_full_certificate",
      "properties" : 
      [
        {
          "name" : "LABELS",
          "value" : 
          [
            "full_certificate",
            "gate"
          ]
        },
        {
          "name" : "TIMEOUT",
          "value" : 60.0
        },
        {
          "name" : "WORKING_DIRECTORY",
          "value" : "/workspaces/E-HGP/build/v7_singleton_20260905_release"
        }
      ]
    },
    {
      "backtrace" : 5,
      "command" : 
      [
        "/usr/bin/cmake",
        "-DEXPECTED=0",
        "-DCMD=/workspaces/E-HGP/build/v7_singleton_20260905_release/mhgp7_full_certificate_gate",
        "-DARGS=--rejects",
        "-DEXPECT_LINE=",
        "-DEXPECT_PREFIX=",
        "-P",
        "/workspaces/E-HGP/morsehgp3D_v7/cmake/run_expect.cmake"
      ],
      "name" : "mhgp7_full_certificate_rejects",
      "properties" : 
      [
        {
          "name" : "LABELS",
          "value" : 
          [
            "full_certificate",
            "gate"
          ]
        },
        {
          "name" : "TIMEOUT",
          "value" : 60.0
        },
        {
          "name" : "WORKING_DIRECTORY",
          "value" : "/workspaces/E-HGP/build/v7_singleton_20260905_release"
        }
      ]
    },
    {
      "backtrace" : 8,
      "command" : 
      [
        "/usr/bin/cmake",
        "-DEXPECTED=0",
        "-DCMD=/workspaces/E-HGP/build/v7_singleton_20260905_release/mhgp7_full_gabriel_gate",
        "-DARGS=--selftest",
        "-DEXPECT_LINE=",
        "-DEXPECT_PREFIX=",
        "-P",
        "/workspaces/E-HGP/morsehgp3D_v7/cmake/run_expect.cmake"
      ],
      "name" : "mhgp7_full_gabriel",
      "properties" : 
      [
        {
          "name" : "LABELS",
          "value" : 
          [
            "full_gabriel",
            "gate",
            "oracle"
          ]
        },
        {
          "name" : "TIMEOUT",
          "value" : 60.0
        },
        {
          "name" : "WORKING_DIRECTORY",
          "value" : "/workspaces/E-HGP/build/v7_singleton_20260905_release"
        }
      ]
    },
    {
      "backtrace" : 11,
      "command" : 
      [
        "/usr/bin/cmake",
        "-DEXPECTED=0",
        "-DCMD=/workspaces/E-HGP/build/v7_singleton_20260905_release/mhgp7_full_gabriel_gate",
        "-DARGS=--rejects",
        "-DEXPECT_LINE=",
        "-DEXPECT_PREFIX=",
        "-P",
        "/workspaces/E-HGP/morsehgp3D_v7/cmake/run_expect.cmake"
      ],
      "name" : "mhgp7_full_gabriel_rejects",
      "properties" : 
      [
        {
          "name" : "LABELS",
          "value" : 
          [
            "full_gabriel",
            "gate",
            "oracle"
          ]
        },
        {
          "name" : "TIMEOUT",
          "value" : 60.0
        },
        {
          "name" : "WORKING_DIRECTORY",
          "value" : "/workspaces/E-HGP/build/v7_singleton_20260905_release"
        }
      ]
    },
    {
      "backtrace" : 14,
      "command" : 
      [
        "/usr/bin/cmake",
        "-DEXPECTED=2",
        "-DCMD=/workspaces/E-HGP/build/v7_singleton_20260905_release/mhgp7_full_gabriel_gate",
        "-DARGS=--unknown",
        "-DEXPECT_LINE=",
        "-DEXPECT_PREFIX=",
        "-P",
        "/workspaces/E-HGP/morsehgp3D_v7/cmake/run_expect.cmake"
      ],
      "name" : "mhgp7_full_gabriel_bad_argument",
      "properties" : 
      [
        {
          "name" : "LABELS",
          "value" : 
          [
            "full_gabriel",
            "gate"
          ]
        },
        {
          "name" : "TIMEOUT",
          "value" : 60.0
        },
        {
          "name" : "WORKING_DIRECTORY",
          "value" : "/workspaces/E-HGP/build/v7_singleton_20260905_release"
        }
      ]
    },
    {
      "backtrace" : 17,
      "command" : 
      [
        "/usr/bin/cmake",
        "-DEXPECTED=0",
        "-DCMD=/workspaces/E-HGP/build/v7_singleton_20260905_release/mhgp7_full_gabriel_allocation_gate",
        "-DARGS=--selftest",
        "-DEXPECT_LINE=",
        "-DEXPECT_PREFIX=",
        "-P",
        "/workspaces/E-HGP/morsehgp3D_v7/cmake/run_expect.cmake"
      ],
      "name" : "mhgp7_full_gabriel_allocation",
      "properties" : 
      [
        {
          "name" : "LABELS",
          "value" : 
          [
            "full_gabriel",
            "gate"
          ]
        },
        {
          "name" : "TIMEOUT",
          "value" : 60.0
        },
        {
          "name" : "WORKING_DIRECTORY",
          "value" : "/workspaces/E-HGP/build/v7_singleton_20260905_release"
        }
      ]
    },
    {
      "backtrace" : 20,
      "command" : 
      [
        "/usr/bin/cmake",
        "-DEXPECTED=2",
        "-DCMD=/workspaces/E-HGP/build/v7_singleton_20260905_release/mhgp7_full_gabriel_allocation_gate",
        "-DARGS=--unknown",
        "-DEXPECT_LINE=",
        "-DEXPECT_PREFIX=",
        "-P",
        "/workspaces/E-HGP/morsehgp3D_v7/cmake/run_expect.cmake"
      ],
      "name" : "mhgp7_full_gabriel_allocation_bad_argument",
      "properties" : 
      [
        {
          "name" : "LABELS",
          "value" : 
          [
            "full_gabriel",
            "gate"
          ]
        },
        {
          "name" : "TIMEOUT",
          "value" : 60.0
        },
        {
          "name" : "WORKING_DIRECTORY",
          "value" : "/workspaces/E-HGP/build/v7_singleton_20260905_release"
        }
      ]
    },
    {
      "backtrace" : 23,
      "command" : 
      [
        "/usr/bin/cmake",
        "-DEXPECTED=0",
        "-DCMD=/workspaces/E-HGP/build/v7_singleton_20260905_release/mhgp7_full_gabriel_lazy_gate",
        "-DARGS=--selftest",
        "-DEXPECT_LINE=",
        "-DEXPECT_PREFIX=",
        "-P",
        "/workspaces/E-HGP/morsehgp3D_v7/cmake/run_expect.cmake"
      ],
      "name" : "mhgp7_full_gabriel_lazy",
      "properties" : 
      [
        {
          "name" : "LABELS",
          "value" : 
          [
            "full_gabriel_lazy",
            "gate",
            "oracle"
          ]
        },
        {
          "name" : "TIMEOUT",
          "value" : 60.0
        },
        {
          "name" : "WORKING_DIRECTORY",
          "value" : "/workspaces/E-HGP/build/v7_singleton_20260905_release"
        }
      ]
    },
    {
      "backtrace" : 26,
      "command" : 
      [
        "/usr/bin/cmake",
        "-DEXPECTED=0",
        "-DCMD=/workspaces/E-HGP/build/v7_singleton_20260905_release/mhgp7_full_gabriel_lazy_gate",
        "-DARGS=--rejects",
        "-DEXPECT_LINE=",
        "-DEXPECT_PREFIX=",
        "-P",
        "/workspaces/E-HGP/morsehgp3D_v7/cmake/run_expect.cmake"
      ],
      "name" : "mhgp7_full_gabriel_lazy_rejects",
      "properties" : 
      [
        {
          "name" : "LABELS",
          "value" : 
          [
            "full_gabriel_lazy",
            "gate",
            "oracle"
          ]
        },
        {
          "name" : "TIMEOUT",
          "value" : 60.0
        },
        {
          "name" : "WORKING_DIRECTORY",
          "value" : "/workspaces/E-HGP/build/v7_singleton_20260905_release"
        }
      ]
    },
    {
      "backtrace" : 29,
      "command" : 
      [
        "/usr/bin/cmake",
        "-DEXPECTED=2",
        "-DCMD=/workspaces/E-HGP/build/v7_singleton_20260905_release/mhgp7_full_gabriel_lazy_gate",
        "-DARGS=--unknown",
        "-DEXPECT_LINE=",
        "-DEXPECT_PREFIX=",
        "-P",
        "/workspaces/E-HGP/morsehgp3D_v7/cmake/run_expect.cmake"
      ],
      "name" : "mhgp7_full_gabriel_lazy_bad_argument",
      "properties" : 
      [
        {
          "name" : "LABELS",
          "value" : 
          [
            "full_gabriel_lazy",
            "gate"
          ]
        },
        {
          "name" : "TIMEOUT",
          "value" : 60.0
        },
        {
          "name" : "WORKING_DIRECTORY",
          "value" : "/workspaces/E-HGP/build/v7_singleton_20260905_release"
        }
      ]
    },
    {
      "backtrace" : 32,
      "command" : 
      [
        "/usr/bin/cmake",
        "-DEXPECTED=0",
        "-DCMD=/workspaces/E-HGP/build/v7_singleton_20260905_release/mhgp7_full_gabriel_lazy_allocation_gate",
        "-DARGS=--selftest",
        "-DEXPECT_LINE=",
        "-DEXPECT_PREFIX=",
        "-P",
        "/workspaces/E-HGP/morsehgp3D_v7/cmake/run_expect.cmake"
      ],
      "name" : "mhgp7_full_gabriel_lazy_allocation",
      "properties" : 
      [
        {
          "name" : "LABELS",
          "value" : 
          [
            "full_gabriel_lazy",
            "gate"
          ]
        },
        {
          "name" : "TIMEOUT",
          "value" : 60.0
        },
        {
          "name" : "WORKING_DIRECTORY",
          "value" : "/workspaces/E-HGP/build/v7_singleton_20260905_release"
        }
      ]
    },
    {
      "backtrace" : 35,
      "command" : 
      [
        "/usr/bin/cmake",
        "-DEXPECTED=2",
        "-DCMD=/workspaces/E-HGP/build/v7_singleton_20260905_release/mhgp7_full_gabriel_lazy_allocation_gate",
        "-DARGS=--unknown",
        "-DEXPECT_LINE=",
        "-DEXPECT_PREFIX=",
        "-P",
        "/workspaces/E-HGP/morsehgp3D_v7/cmake/run_expect.cmake"
      ],
      "name" : "mhgp7_full_gabriel_lazy_allocation_bad_argument",
      "properties" : 
      [
        {
          "name" : "LABELS",
          "value" : 
          [
            "full_gabriel_lazy",
            "gate"
          ]
        },
        {
          "name" : "TIMEOUT",
          "value" : 60.0
        },
        {
          "name" : "WORKING_DIRECTORY",
          "value" : "/workspaces/E-HGP/build/v7_singleton_20260905_release"
        }
      ]
    },
    {
      "backtrace" : 38,
      "command" : 
      [
        "/usr/bin/cmake",
        "-DEXPECTED=0",
        "-DCMD=/workspaces/E-HGP/build/v7_singleton_20260905_release/mhgp7_full_gabriel_singleton_gate",
        "-DARGS=--selftest",
        "-DEXPECT_LINE=",
        "-DEXPECT_PREFIX=",
        "-P",
        "/workspaces/E-HGP/morsehgp3D_v7/cmake/run_expect.cmake"
      ],
      "name" : "mhgp7_full_gabriel_singleton",
      "properties" : 
      [
        {
          "name" : "LABELS",
          "value" : 
          [
            "full_gabriel_singleton",
            "gate",
            "oracle"
          ]
        },
        {
          "name" : "TIMEOUT",
          "value" : 60.0
        },
        {
          "name" : "WORKING_DIRECTORY",
          "value" : "/workspaces/E-HGP/build/v7_singleton_20260905_release"
        }
      ]
    },
    {
      "backtrace" : 41,
      "command" : 
      [
        "/usr/bin/cmake",
        "-DEXPECTED=0",
        "-DCMD=/workspaces/E-HGP/build/v7_singleton_20260905_release/mhgp7_full_gabriel_singleton_gate",
        "-DARGS=--rejects",
        "-DEXPECT_LINE=",
        "-DEXPECT_PREFIX=",
        "-P",
        "/workspaces/E-HGP/morsehgp3D_v7/cmake/run_expect.cmake"
      ],
      "name" : "mhgp7_full_gabriel_singleton_rejects",
      "properties" : 
      [
        {
          "name" : "LABELS",
          "value" : 
          [
            "full_gabriel_singleton",
            "gate",
            "oracle"
          ]
        },
        {
          "name" : "TIMEOUT",
          "value" : 60.0
        },
        {
          "name" : "WORKING_DIRECTORY",
          "value" : "/workspaces/E-HGP/build/v7_singleton_20260905_release"
        }
      ]
    },
    {
      "backtrace" : 44,
      "command" : 
      [
        "/usr/bin/cmake",
        "-DEXPECTED=2",
        "-DCMD=/workspaces/E-HGP/build/v7_singleton_20260905_release/mhgp7_full_gabriel_singleton_gate",
        "-DARGS=--unknown",
        "-DEXPECT_LINE=",
        "-DEXPECT_PREFIX=",
        "-P",
        "/workspaces/E-HGP/morsehgp3D_v7/cmake/run_expect.cmake"
      ],
      "name" : "mhgp7_full_gabriel_singleton_bad_argument",
      "properties" : 
      [
        {
          "name" : "LABELS",
          "value" : 
          [
            "full_gabriel_singleton",
            "gate"
          ]
        },
        {
          "name" : "TIMEOUT",
          "value" : 60.0
        },
        {
          "name" : "WORKING_DIRECTORY",
          "value" : "/workspaces/E-HGP/build/v7_singleton_20260905_release"
        }
      ]
    },
    {
      "backtrace" : 47,
      "command" : 
      [
        "/usr/bin/cmake",
        "-DEXPECTED=0",
        "-DCMD=/workspaces/E-HGP/build/v7_singleton_20260905_release/mhgp7_full_gabriel_digest_gate",
        "-DARGS=--selftest",
        "-DEXPECT_LINE=",
        "-DEXPECT_PREFIX=",
        "-P",
        "/workspaces/E-HGP/morsehgp3D_v7/cmake/run_expect.cmake"
      ],
      "name" : "mhgp7_full_gabriel_digest",
      "properties" : 
      [
        {
          "name" : "LABELS",
          "value" : 
          [
            "full_gabriel_digest",
            "gate"
          ]
        },
        {
          "name" : "TIMEOUT",
          "value" : 60.0
        },
        {
          "name" : "WORKING_DIRECTORY",
          "value" : "/workspaces/E-HGP/build/v7_singleton_20260905_release"
        }
      ]
    },
    {
      "backtrace" : 50,
      "command" : 
      [
        "/usr/bin/cmake",
        "-DEXPECTED=2",
        "-DCMD=/workspaces/E-HGP/build/v7_singleton_20260905_release/mhgp7_full_gabriel_digest_gate",
        "-DARGS=--unknown",
        "-DEXPECT_LINE=",
        "-DEXPECT_PREFIX=",
        "-P",
        "/workspaces/E-HGP/morsehgp3D_v7/cmake/run_expect.cmake"
      ],
      "name" : "mhgp7_full_gabriel_digest_bad_argument",
      "properties" : 
      [
        {
          "name" : "LABELS",
          "value" : 
          [
            "full_gabriel_digest",
            "gate"
          ]
        },
        {
          "name" : "TIMEOUT",
          "value" : 60.0
        },
        {
          "name" : "WORKING_DIRECTORY",
          "value" : "/workspaces/E-HGP/build/v7_singleton_20260905_release"
        }
      ]
    }
  ],
  "version" : 
  {
    "major" : 1,
    "minor" : 0
  }
}