anomaly 2040 217 4 4 121
proof 2040 217 0 464722 431760 98280 485422 451626 110330 23793 23791 23792 23807
proof 2040 217 1 464722 431760 110330 485422 451626 122380 23793 23791 23792 23807
proof 2040 217 2 464722 451626 98280 485422 471492 110330 23830 23832 23825 23824
proof 2040 217 3 464722 451626 110330 485422 471492 122380 16484 18239 18240 18238
proof 2040 217 4 485422 431760 98280 506122 451626 110330 23793 23791 23792 23807
proof 2040 217 5 485422 431760 110330 506122 451626 122380 21906 21909 21907 21908
proof 2040 217 6 485422 451626 98280 506122 471492 110330 16481 16480 21911 21910
proof 2040 217 7 485422 451626 110330 506122 471492 122380 16481 16480 21911 21910
anomaly 168 2089 4 4 117
proof 168 2089 0 464722 431760 98280 485422 451626 110330 23793 23791 23792 23807
proof 168 2089 1 464722 431760 110330 485422 451626 122380 23793 23791 23792 23807
proof 168 2089 2 464722 451626 98280 485422 471492 110330 23830 23832 23825 23824
proof 168 2089 3 464722 451626 110330 485422 471492 122380 16484 18239 18240 18238
proof 168 2089 4 485422 431760 98280 506122 451626 110330 23793 23791 23792 23807
proof 168 2089 5 485422 431760 110330 506122 451626 122380 21906 21909 21907 21908
proof 168 2089 6 485422 451626 98280 506122 471492 110330 16481 16480 21911 21910
proof 168 2089 7 485422 451626 110330 506122 471492 122380 16481 16480 21911 21910
anomaly 168 217 6 6 116
proof 168 217 0 464722 431760 98280 485422 451626 110330 23793 23791 23792 23807
proof 168 217 1 464722 431760 110330 485422 451626 122380 23793 23791 23792 23807
proof 168 217 2 464722 451626 98280 485422 471492 110330 23830 23832 23825 23824
proof 168 217 3 464722 451626 110330 485422 471492 122380 16484 18239 18240 18238
proof 168 217 4 485422 431760 98280 506122 451626 110330 23793 23791 23792 23807
proof 168 217 5 485422 431760 110330 506122 451626 122380 21906 21909 21907 21908
proof 168 217 6 485422 451626 98280 506122 471492 110330 16481 16480 21911 21910
proof 168 217 7 485422 451626 110330 506122 471492 122380 16481 16480 21911 21910
anomaly 168 213 4 4 133
proof 168 213 0 464722 431760 98280 485422 451626 110330 23793 23791 23792 23807
proof 168 213 1 464722 431760 110330 485422 451626 122380 23793 23791 23792 23807
proof 168 213 2 464722 451626 98280 485422 471492 110330 23830 23832 23825 23824
proof 168 213 3 464722 451626 110330 485422 471492 122380 16484 18239 18240 18238
proof 168 213 4 485422 431760 98280 506122 451626 110330 23793 23791 23792 23807
proof 168 213 5 485422 431760 110330 506122 451626 122380 21906 21909 21907 21908
proof 168 213 6 485422 451626 98280 506122 471492 110330 16481 16480 21911 21910
proof 168 213 7 485422 451626 110330 506122 471492 122380 16481 16480 21911 21910
anomaly 167 2089 4 4 120
proof 167 2089 0 464722 431760 98280 485422 451626 110330 23793 23791 23792 23807
proof 167 2089 1 464722 431760 110330 485422 451626 122380 23793 23791 23792 23807
proof 167 2089 2 464722 451626 98280 485422 471492 110330 23830 23832 23825 23824
proof 167 2089 3 464722 451626 110330 485422 471492 122380 16484 18239 18240 18238
proof 167 2089 4 485422 431760 98280 506122 451626 110330 23793 23791 23792 23807
proof 167 2089 5 485422 431760 110330 506122 451626 122380 21906 21909 21907 21908
proof 167 2089 6 485422 451626 98280 506122 471492 110330 16481 16480 21911 21910
proof 167 2089 7 485422 451626 110330 506122 471492 122380 16481 16480 21911 21910
anomaly 167 217 6 6 120
proof 167 217 0 464722 431760 98280 485422 451626 110330 23793 23791 23792 23807
proof 167 217 1 464722 431760 110330 485422 451626 122380 23793 23791 23792 23807
proof 167 217 2 464722 451626 98280 485422 471492 110330 23830 23832 23825 23824
proof 167 217 3 464722 451626 110330 485422 471492 122380 16484 18239 18240 18238
proof 167 217 4 485422 431760 98280 506122 451626 110330 23793 23791 23792 23807
proof 167 217 5 485422 431760 110330 506122 451626 122380 21906 21909 21907 21908
proof 167 217 6 485422 451626 98280 506122 471492 110330 16481 16480 21911 21910
proof 167 217 7 485422 451626 110330 506122 471492 122380 16481 16480 21911 21910
anomaly 167 213 4 4 135
proof 167 213 0 464722 431760 98280 485422 451626 110330 23793 23791 23792 23807
proof 167 213 1 464722 431760 110330 485422 451626 122380 23793 23791 23792 23807
proof 167 213 2 464722 451626 98280 485422 471492 110330 23830 23832 23825 23824
proof 167 213 3 464722 451626 110330 485422 471492 122380 16484 18239 18240 18238
proof 167 213 4 485422 431760 98280 506122 451626 110330 23793 23791 23792 23807
proof 167 213 5 485422 431760 110330 506122 451626 122380 21906 21909 21907 21908
proof 167 213 6 485422 451626 98280 506122 471492 110330 16481 16480 21911 21910
proof 167 213 7 485422 451626 110330 506122 471492 122380 16481 16480 21911 21910
anomaly 164 217 4 4 121
proof 164 217 0 464722 431760 98280 485422 451626 110330 23793 23791 23792 23807
proof 164 217 1 464722 431760 110330 485422 451626 122380 23793 23791 23792 23807
proof 164 217 2 464722 451626 98280 485422 471492 110330 23830 23832 23825 23824
proof 164 217 3 464722 451626 110330 485422 471492 122380 16484 18239 18240 18238
proof 164 217 4 485422 431760 98280 506122 451626 110330 23793 23791 23792 23807
proof 164 217 5 485422 431760 110330 506122 451626 122380 21906 21909 21907 21908
proof 164 217 6 485422 451626 98280 506122 471492 110330 16481 16480 21911 21910
proof 164 217 7 485422 451626 110330 506122 471492 122380 16481 16480 21911 21910
anomaly 164 213 4 4 137
proof 164 213 0 464722 431760 98280 485422 451626 110330 23793 23791 23792 23807
proof 164 213 1 464722 431760 110330 485422 451626 122380 23793 23791 23792 23807
proof 164 213 2 464722 451626 98280 485422 471492 110330 23830 23832 23825 23824
proof 164 213 3 464722 451626 110330 485422 471492 122380 16484 18239 18240 18238
proof 164 213 4 485422 431760 98280 506122 451626 110330 23793 23791 23792 23807
proof 164 213 5 485422 431760 110330 506122 451626 122380 21906 21909 21907 21908
proof 164 213 6 485422 451626 98280 506122 471492 110330 16481 16480 21911 21910
proof 164 213 7 485422 451626 110330 506122 471492 122380 16481 16480 21911 21910
config 64 1 1
head 123389 6175011 238364135 2548453 22034426 503488729 3986433 559661741 3502180 3665711 351867 2196586 271207 382641
shadow 11174 396481 478635662 36 974 458001 28759 60633 0 10704987 4594952 3391961 9694765 1182903 20088 67796 416555 0 0 0 965 9 0 232041888 42624136774
cells 0 1705 5126140
cells 1 1805 6585020
cells 2 2200 16116899
cells 3 1902 18355859
cells 4 1756 44125987
cells 5 1166 140835109
cells 6 522 246129411
cells 7 82 903236
cells 8 36 458001
