1/250 anisotropic_n2000_g8_easy_noise0 2026092800 1.4s
2/250 anisotropic_n2000_g8_easy_noise0 2026092801 1.3s
3/250 anisotropic_n2000_g8_easy_noise0 2026092802 1.4s
4/250 anisotropic_n2000_g8_easy_noise0 2026092803 1.4s
5/250 anisotropic_n2000_g8_easy_noise0 2026092804 1.3s
6/250 anisotropic_n2000_g8_extreme_noise0 2026092800 1.3s
7/250 anisotropic_n2000_g8_extreme_noise0 2026092801 1.5s
8/250 anisotropic_n2000_g8_extreme_noise0 2026092802 1.5s
9/250 anisotropic_n2000_g8_extreme_noise0 2026092803 1.5s
10/250 anisotropic_n2000_g8_extreme_noise0 2026092804 1.4s
11/250 anisotropic_n2000_g8_hard_noise0 2026092800 1.5s
12/250 anisotropic_n2000_g8_hard_noise0 2026092801 1.7s
13/250 anisotropic_n2000_g8_hard_noise0 2026092802 1.4s
14/250 anisotropic_n2000_g8_hard_noise0 2026092803 1.5s
15/250 anisotropic_n2000_g8_hard_noise0 2026092804 1.5s
16/250 anisotropic_n2000_g8_medium_noise0 2026092800 1.5s
17/250 anisotropic_n2000_g8_medium_noise0 2026092801 1.4s
18/250 anisotropic_n2000_g8_medium_noise0 2026092802 1.5s
19/250 anisotropic_n2000_g8_medium_noise0 2026092803 1.4s
20/250 anisotropic_n2000_g8_medium_noise0 2026092804 1.5s
21/250 bridge_n2000_g8_easy_noise0 2026092800 1.4s
22/250 bridge_n2000_g8_easy_noise0 2026092801 1.4s
23/250 bridge_n2000_g8_easy_noise0 2026092802 1.3s
24/250 bridge_n2000_g8_easy_noise0 2026092803 1.4s
25/250 bridge_n2000_g8_easy_noise0 2026092804 1.4s
26/250 bridge_n2000_g8_extreme_noise0 2026092800 1.4s
27/250 bridge_n2000_g8_extreme_noise0 2026092801 1.4s
28/250 bridge_n2000_g8_extreme_noise0 2026092802 1.4s
29/250 bridge_n2000_g8_extreme_noise0 2026092803 1.4s
30/250 bridge_n2000_g8_extreme_noise0 2026092804 1.4s
31/250 bridge_n2000_g8_hard_noise0 2026092800 1.3s
32/250 bridge_n2000_g8_hard_noise0 2026092801 1.3s
33/250 bridge_n2000_g8_hard_noise0 2026092802 1.6s
34/250 bridge_n2000_g8_hard_noise0 2026092803 1.3s
35/250 bridge_n2000_g8_hard_noise0 2026092804 1.4s
36/250 bridge_n2000_g8_medium_noise0 2026092800 1.4s
37/250 bridge_n2000_g8_medium_noise0 2026092801 1.4s
38/250 bridge_n2000_g8_medium_noise0 2026092802 1.4s
39/250 bridge_n2000_g8_medium_noise0 2026092803 1.4s
40/250 bridge_n2000_g8_medium_noise0 2026092804 1.4s
41/250 filaments_n2000_g8_easy_noise0 2026092800 1.2s
42/250 filaments_n2000_g8_easy_noise0 2026092801 1.2s
43/250 filaments_n2000_g8_easy_noise0 2026092802 1.3s
44/250 filaments_n2000_g8_easy_noise0 2026092803 1.3s
45/250 filaments_n2000_g8_easy_noise0 2026092804 1.2s
46/250 filaments_n2000_g8_extreme_noise0 2026092800 1.3s
47/250 filaments_n2000_g8_extreme_noise0 2026092801 1.3s
48/250 filaments_n2000_g8_extreme_noise0 2026092802 1.4s
49/250 filaments_n2000_g8_extreme_noise0 2026092803 1.4s
50/250 filaments_n2000_g8_extreme_noise0 2026092804 1.4s
51/250 filaments_n2000_g8_hard_noise0 2026092800 1.6s
52/250 filaments_n2000_g8_hard_noise0 2026092801 1.3s
53/250 filaments_n2000_g8_hard_noise0 2026092802 1.3s
54/250 filaments_n2000_g8_hard_noise0 2026092803 1.3s
55/250 filaments_n2000_g8_hard_noise0 2026092804 1.4s
56/250 filaments_n2000_g8_medium_noise0 2026092800 1.3s
57/250 filaments_n2000_g8_medium_noise0 2026092801 1.3s
58/250 filaments_n2000_g8_medium_noise0 2026092802 1.3s
59/250 filaments_n2000_g8_medium_noise0 2026092803 1.4s
60/250 filaments_n2000_g8_medium_noise0 2026092804 1.4s
61/250 heteroscedastic_n2000_g8_easy_noise0 2026092800 1.4s
62/250 heteroscedastic_n2000_g8_easy_noise0 2026092801 1.3s
63/250 heteroscedastic_n2000_g8_easy_noise0 2026092802 1.4s
64/250 heteroscedastic_n2000_g8_easy_noise0 2026092803 1.3s
65/250 heteroscedastic_n2000_g8_easy_noise0 2026092804 1.3s
66/250 heteroscedastic_n2000_g8_extreme_noise0 2026092800 1.4s
67/250 heteroscedastic_n2000_g8_extreme_noise0 2026092801 1.4s
68/250 heteroscedastic_n2000_g8_extreme_noise0 2026092802 1.4s
69/250 heteroscedastic_n2000_g8_extreme_noise0 2026092803 1.4s
70/250 heteroscedastic_n2000_g8_extreme_noise0 2026092804 1.5s
71/250 heteroscedastic_n2000_g8_hard_noise0 2026092800 1.4s
72/250 heteroscedastic_n2000_g8_hard_noise0 2026092801 1.4s
73/250 heteroscedastic_n2000_g8_hard_noise0 2026092802 1.4s
74/250 heteroscedastic_n2000_g8_hard_noise0 2026092803 1.4s
75/250 heteroscedastic_n2000_g8_hard_noise0 2026092804 1.4s
76/250 heteroscedastic_n2000_g8_medium_noise0 2026092800 1.5s
77/250 heteroscedastic_n2000_g8_medium_noise0 2026092801 1.4s
78/250 heteroscedastic_n2000_g8_medium_noise0 2026092802 1.4s
79/250 heteroscedastic_n2000_g8_medium_noise0 2026092803 1.4s
80/250 heteroscedastic_n2000_g8_medium_noise0 2026092804 1.5s
81/250 hierarchical_n2000_g8_easy_noise0 2026092800 1.2s
82/250 hierarchical_n2000_g8_easy_noise0 2026092801 1.2s
83/250 hierarchical_n2000_g8_easy_noise0 2026092802 1.3s
84/250 hierarchical_n2000_g8_easy_noise0 2026092803 1.4s
85/250 hierarchical_n2000_g8_easy_noise0 2026092804 1.2s
86/250 hierarchical_n2000_g8_extreme_noise0 2026092800 1.3s
87/250 hierarchical_n2000_g8_extreme_noise0 2026092801 1.2s
88/250 hierarchical_n2000_g8_extreme_noise0 2026092802 1.2s
89/250 hierarchical_n2000_g8_extreme_noise0 2026092803 1.2s
90/250 hierarchical_n2000_g8_extreme_noise0 2026092804 1.2s
91/250 hierarchical_n2000_g8_hard_noise0 2026092800 1.3s
92/250 hierarchical_n2000_g8_hard_noise0 2026092801 1.2s
93/250 hierarchical_n2000_g8_hard_noise0 2026092802 1.3s
94/250 hierarchical_n2000_g8_hard_noise0 2026092803 1.3s
95/250 hierarchical_n2000_g8_hard_noise0 2026092804 1.3s
96/250 hierarchical_n2000_g8_medium_noise0 2026092800 1.3s
97/250 hierarchical_n2000_g8_medium_noise0 2026092801 1.3s
98/250 hierarchical_n2000_g8_medium_noise0 2026092802 1.4s
99/250 hierarchical_n2000_g8_medium_noise0 2026092803 1.3s
100/250 hierarchical_n2000_g8_medium_noise0 2026092804 1.3s
101/250 shells_n2000_g8_easy_noise0 2026092800 1.3s
102/250 shells_n2000_g8_easy_noise0 2026092801 1.2s
103/250 shells_n2000_g8_easy_noise0 2026092802 1.2s
104/250 shells_n2000_g8_easy_noise0 2026092803 1.2s
105/250 shells_n2000_g8_easy_noise0 2026092804 1.2s
106/250 shells_n2000_g8_extreme_noise0 2026092800 1.4s
107/250 shells_n2000_g8_extreme_noise0 2026092801 1.2s
108/250 shells_n2000_g8_extreme_noise0 2026092802 1.2s
109/250 shells_n2000_g8_extreme_noise0 2026092803 1.3s
110/250 shells_n2000_g8_extreme_noise0 2026092804 1.3s
111/250 shells_n2000_g8_hard_noise0 2026092800 1.2s
112/250 shells_n2000_g8_hard_noise0 2026092801 1.2s
113/250 shells_n2000_g8_hard_noise0 2026092802 1.2s
114/250 shells_n2000_g8_hard_noise0 2026092803 1.2s
115/250 shells_n2000_g8_hard_noise0 2026092804 1.2s
116/250 shells_n2000_g8_medium_noise0 2026092800 1.2s
117/250 shells_n2000_g8_medium_noise0 2026092801 1.2s
118/250 shells_n2000_g8_medium_noise0 2026092802 1.2s
119/250 shells_n2000_g8_medium_noise0 2026092803 1.2s
120/250 shells_n2000_g8_medium_noise0 2026092804 1.2s
121/250 spherical_n2000_g16_hard_noise0 2026092800 1.4s
122/250 spherical_n2000_g16_hard_noise0 2026092801 1.3s
123/250 spherical_n2000_g16_hard_noise0 2026092802 1.3s
124/250 spherical_n2000_g16_hard_noise0 2026092803 1.3s
125/250 spherical_n2000_g16_hard_noise0 2026092804 1.4s
126/250 spherical_n2000_g16_medium_noise0 2026092800 1.3s
127/250 spherical_n2000_g16_medium_noise0 2026092801 1.3s
128/250 spherical_n2000_g16_medium_noise0 2026092802 1.4s
129/250 spherical_n2000_g16_medium_noise0 2026092803 1.3s
130/250 spherical_n2000_g16_medium_noise0 2026092804 1.5s
131/250 spherical_n2000_g2_medium_noise0 2026092800 1.3s
132/250 spherical_n2000_g2_medium_noise0 2026092801 1.3s
133/250 spherical_n2000_g2_medium_noise0 2026092802 1.4s
134/250 spherical_n2000_g2_medium_noise0 2026092803 1.3s
135/250 spherical_n2000_g2_medium_noise0 2026092804 1.4s
136/250 spherical_n2000_g32_medium_noise0 2026092800 1.4s
137/250 spherical_n2000_g32_medium_noise0 2026092801 1.4s
138/250 spherical_n2000_g32_medium_noise0 2026092802 1.3s
139/250 spherical_n2000_g32_medium_noise0 2026092803 1.3s
140/250 spherical_n2000_g32_medium_noise0 2026092804 1.3s
141/250 spherical_n2000_g4_hard_noise0 2026092800 1.3s
142/250 spherical_n2000_g4_hard_noise0 2026092801 1.3s
143/250 spherical_n2000_g4_hard_noise0 2026092802 1.4s
144/250 spherical_n2000_g4_hard_noise0 2026092803 1.4s
145/250 spherical_n2000_g4_hard_noise0 2026092804 1.4s
146/250 spherical_n2000_g4_medium_noise0 2026092800 1.7s
147/250 spherical_n2000_g4_medium_noise0 2026092801 1.8s
148/250 spherical_n2000_g4_medium_noise0 2026092802 1.8s
149/250 spherical_n2000_g4_medium_noise0 2026092803 1.3s
150/250 spherical_n2000_g4_medium_noise0 2026092804 1.3s
151/250 spherical_n2000_g8_easy_noise0 2026092800 1.3s
152/250 spherical_n2000_g8_easy_noise0 2026092801 1.4s
153/250 spherical_n2000_g8_easy_noise0 2026092802 1.3s
154/250 spherical_n2000_g8_easy_noise0 2026092803 1.3s
155/250 spherical_n2000_g8_easy_noise0 2026092804 1.4s
156/250 spherical_n2000_g8_extreme_noise0 2026092800 1.4s
157/250 spherical_n2000_g8_extreme_noise0 2026092801 1.3s
158/250 spherical_n2000_g8_extreme_noise0 2026092802 1.3s
159/250 spherical_n2000_g8_extreme_noise0 2026092803 1.3s
160/250 spherical_n2000_g8_extreme_noise0 2026092804 1.3s
161/250 spherical_n2000_g8_hard_noise0 2026092800 1.3s
162/250 spherical_n2000_g8_hard_noise0 2026092801 1.5s
163/250 spherical_n2000_g8_hard_noise0 2026092802 1.3s
164/250 spherical_n2000_g8_hard_noise0 2026092803 1.3s
165/250 spherical_n2000_g8_hard_noise0 2026092804 1.3s
166/250 spherical_n2000_g8_medium_noise0 2026092800 1.3s
167/250 spherical_n2000_g8_medium_noise0 2026092801 1.4s
168/250 spherical_n2000_g8_medium_noise0 2026092802 1.3s
169/250 spherical_n2000_g8_medium_noise0 2026092803 1.3s
170/250 spherical_n2000_g8_medium_noise0 2026092804 1.3s
171/250 spherical_n2000_g8_medium_noise0p1 2026092800 1.4s
172/250 spherical_n2000_g8_medium_noise0p1 2026092801 1.3s
173/250 spherical_n2000_g8_medium_noise0p1 2026092802 1.3s
174/250 spherical_n2000_g8_medium_noise0p1 2026092803 1.4s
175/250 spherical_n2000_g8_medium_noise0p1 2026092804 1.3s
176/250 spherical_n2000_g8_medium_noise0p3 2026092800 1.4s
177/250 spherical_n2000_g8_medium_noise0p3 2026092801 1.3s
178/250 spherical_n2000_g8_medium_noise0p3 2026092802 1.4s
179/250 spherical_n2000_g8_medium_noise0p3 2026092803 1.4s
180/250 spherical_n2000_g8_medium_noise0p3 2026092804 1.4s
181/250 spherical_n500_g16_hard_noise0 2026092800 0.5s
182/250 spherical_n500_g16_hard_noise0 2026092801 0.5s
183/250 spherical_n500_g16_hard_noise0 2026092802 0.5s
184/250 spherical_n500_g16_hard_noise0 2026092803 0.5s
185/250 spherical_n500_g16_hard_noise0 2026092804 0.6s
186/250 spherical_n500_g16_medium_noise0 2026092800 0.6s
187/250 spherical_n500_g16_medium_noise0 2026092801 0.5s
188/250 spherical_n500_g16_medium_noise0 2026092802 0.6s
189/250 spherical_n500_g16_medium_noise0 2026092803 0.6s
190/250 spherical_n500_g16_medium_noise0 2026092804 0.5s
191/250 spherical_n500_g4_hard_noise0 2026092800 0.5s
192/250 spherical_n500_g4_hard_noise0 2026092801 0.6s
193/250 spherical_n500_g4_hard_noise0 2026092802 0.5s
194/250 spherical_n500_g4_hard_noise0 2026092803 0.5s
195/250 spherical_n500_g4_hard_noise0 2026092804 0.5s
196/250 spherical_n500_g4_medium_noise0 2026092800 0.5s
197/250 spherical_n500_g4_medium_noise0 2026092801 0.7s
198/250 spherical_n500_g4_medium_noise0 2026092802 0.5s
199/250 spherical_n500_g4_medium_noise0 2026092803 0.6s
200/250 spherical_n500_g4_medium_noise0 2026092804 0.5s
201/250 spherical_n500_g8_medium_noise0 2026092800 0.6s
202/250 spherical_n500_g8_medium_noise0 2026092801 0.5s
203/250 spherical_n500_g8_medium_noise0 2026092802 0.5s
204/250 spherical_n500_g8_medium_noise0 2026092803 0.6s
205/250 spherical_n500_g8_medium_noise0 2026092804 0.6s
206/250 spherical_n8000_g16_hard_noise0 2026092800 6.4s
207/250 spherical_n8000_g16_hard_noise0 2026092801 6.6s
208/250 spherical_n8000_g16_hard_noise0 2026092802 6.8s
209/250 spherical_n8000_g16_hard_noise0 2026092803 6.5s
210/250 spherical_n8000_g16_hard_noise0 2026092804 7.5s
211/250 spherical_n8000_g16_medium_noise0 2026092800 6.6s
212/250 spherical_n8000_g16_medium_noise0 2026092801 6.6s
213/250 spherical_n8000_g16_medium_noise0 2026092802 7.0s
214/250 spherical_n8000_g16_medium_noise0 2026092803 6.5s
215/250 spherical_n8000_g16_medium_noise0 2026092804 6.9s
216/250 spherical_n8000_g4_hard_noise0 2026092800 7.3s
217/250 spherical_n8000_g4_hard_noise0 2026092801 6.8s
218/250 spherical_n8000_g4_hard_noise0 2026092802 6.7s
219/250 spherical_n8000_g4_hard_noise0 2026092803 6.9s
220/250 spherical_n8000_g4_hard_noise0 2026092804 7.5s
221/250 spherical_n8000_g4_medium_noise0 2026092800 6.7s
222/250 spherical_n8000_g4_medium_noise0 2026092801 8.5s
223/250 spherical_n8000_g4_medium_noise0 2026092802 10.0s
224/250 spherical_n8000_g4_medium_noise0 2026092803 6.9s
225/250 spherical_n8000_g4_medium_noise0 2026092804 6.8s
226/250 spherical_n8000_g8_medium_noise0 2026092800 6.5s
227/250 spherical_n8000_g8_medium_noise0 2026092801 6.6s
228/250 spherical_n8000_g8_medium_noise0 2026092802 6.5s
229/250 spherical_n8000_g8_medium_noise0 2026092803 6.7s
230/250 spherical_n8000_g8_medium_noise0 2026092804 6.5s
231/250 unbalanced_n2000_g8_easy_noise0 2026092800 1.3s
232/250 unbalanced_n2000_g8_easy_noise0 2026092801 1.4s
233/250 unbalanced_n2000_g8_easy_noise0 2026092802 1.5s
234/250 unbalanced_n2000_g8_easy_noise0 2026092803 1.4s
235/250 unbalanced_n2000_g8_easy_noise0 2026092804 1.5s
236/250 unbalanced_n2000_g8_extreme_noise0 2026092800 1.4s
237/250 unbalanced_n2000_g8_extreme_noise0 2026092801 1.4s
238/250 unbalanced_n2000_g8_extreme_noise0 2026092802 1.4s
239/250 unbalanced_n2000_g8_extreme_noise0 2026092803 1.4s
240/250 unbalanced_n2000_g8_extreme_noise0 2026092804 1.6s
241/250 unbalanced_n2000_g8_hard_noise0 2026092800 1.4s
242/250 unbalanced_n2000_g8_hard_noise0 2026092801 1.5s
243/250 unbalanced_n2000_g8_hard_noise0 2026092802 1.4s
244/250 unbalanced_n2000_g8_hard_noise0 2026092803 1.4s
245/250 unbalanced_n2000_g8_hard_noise0 2026092804 1.4s
246/250 unbalanced_n2000_g8_medium_noise0 2026092800 1.4s
247/250 unbalanced_n2000_g8_medium_noise0 2026092801 1.4s
248/250 unbalanced_n2000_g8_medium_noise0 2026092802 1.3s
249/250 unbalanced_n2000_g8_medium_noise0 2026092803 1.9s
250/250 unbalanced_n2000_g8_medium_noise0 2026092804 1.4s
