1/250 anisotropic_n2000_g8_easy_noise0 2026092800 z=2.86/3.00 0.4s
2/250 anisotropic_n2000_g8_easy_noise0 2026092801 z=2.87/3.00 0.4s
3/250 anisotropic_n2000_g8_easy_noise0 2026092802 z=2.86/2.94 0.4s
4/250 anisotropic_n2000_g8_easy_noise0 2026092803 z=2.82/2.91 0.4s
5/250 anisotropic_n2000_g8_easy_noise0 2026092804 z=2.81/2.92 0.4s
6/250 anisotropic_n2000_g8_extreme_noise0 2026092800 z=2.89/3.02 0.4s
7/250 anisotropic_n2000_g8_extreme_noise0 2026092801 z=2.90/3.02 0.4s
8/250 anisotropic_n2000_g8_extreme_noise0 2026092802 z=2.90/2.97 0.4s
9/250 anisotropic_n2000_g8_extreme_noise0 2026092803 z=2.87/2.95 0.4s
10/250 anisotropic_n2000_g8_extreme_noise0 2026092804 z=2.85/2.97 0.4s
11/250 anisotropic_n2000_g8_hard_noise0 2026092800 z=2.88/3.03 0.4s
12/250 anisotropic_n2000_g8_hard_noise0 2026092801 z=2.89/3.01 0.4s
13/250 anisotropic_n2000_g8_hard_noise0 2026092802 z=2.88/2.96 0.4s
14/250 anisotropic_n2000_g8_hard_noise0 2026092803 z=2.84/2.94 0.4s
15/250 anisotropic_n2000_g8_hard_noise0 2026092804 z=2.84/2.94 0.4s
16/250 anisotropic_n2000_g8_medium_noise0 2026092800 z=2.87/3.01 0.4s
17/250 anisotropic_n2000_g8_medium_noise0 2026092801 z=2.88/3.00 0.4s
18/250 anisotropic_n2000_g8_medium_noise0 2026092802 z=2.87/2.94 0.4s
19/250 anisotropic_n2000_g8_medium_noise0 2026092803 z=2.84/2.93 0.4s
20/250 anisotropic_n2000_g8_medium_noise0 2026092804 z=2.82/2.92 0.4s
21/250 bridge_n2000_g8_easy_noise0 2026092800 z=3.01/3.11 0.4s
22/250 bridge_n2000_g8_easy_noise0 2026092801 z=3.00/3.16 0.4s
23/250 bridge_n2000_g8_easy_noise0 2026092802 z=3.03/3.12 0.4s
24/250 bridge_n2000_g8_easy_noise0 2026092803 z=3.03/3.14 0.4s
25/250 bridge_n2000_g8_easy_noise0 2026092804 z=3.01/3.14 0.4s
26/250 bridge_n2000_g8_extreme_noise0 2026092800 z=3.01/3.10 0.4s
27/250 bridge_n2000_g8_extreme_noise0 2026092801 z=3.00/3.14 0.4s
28/250 bridge_n2000_g8_extreme_noise0 2026092802 z=3.04/3.12 0.4s
29/250 bridge_n2000_g8_extreme_noise0 2026092803 z=3.01/3.13 0.4s
30/250 bridge_n2000_g8_extreme_noise0 2026092804 z=3.01/3.16 0.4s
31/250 bridge_n2000_g8_hard_noise0 2026092800 z=3.01/3.11 0.4s
32/250 bridge_n2000_g8_hard_noise0 2026092801 z=3.01/3.17 0.4s
33/250 bridge_n2000_g8_hard_noise0 2026092802 z=3.04/3.12 0.4s
34/250 bridge_n2000_g8_hard_noise0 2026092803 z=3.03/3.15 0.4s
35/250 bridge_n2000_g8_hard_noise0 2026092804 z=3.01/3.13 0.4s
36/250 bridge_n2000_g8_medium_noise0 2026092800 z=3.01/3.11 0.5s
37/250 bridge_n2000_g8_medium_noise0 2026092801 z=3.01/3.16 0.4s
38/250 bridge_n2000_g8_medium_noise0 2026092802 z=3.04/3.12 0.4s
39/250 bridge_n2000_g8_medium_noise0 2026092803 z=3.03/3.15 0.4s
40/250 bridge_n2000_g8_medium_noise0 2026092804 z=3.01/3.14 0.4s
41/250 filaments_n2000_g8_easy_noise0 2026092800 z=2.95/3.06 0.4s
42/250 filaments_n2000_g8_easy_noise0 2026092801 z=2.94/3.01 0.4s
43/250 filaments_n2000_g8_easy_noise0 2026092802 z=3.01/3.12 0.4s
44/250 filaments_n2000_g8_easy_noise0 2026092803 z=2.99/3.06 0.4s
45/250 filaments_n2000_g8_easy_noise0 2026092804 z=2.96/3.07 0.4s
46/250 filaments_n2000_g8_extreme_noise0 2026092800 z=2.95/3.05 0.4s
47/250 filaments_n2000_g8_extreme_noise0 2026092801 z=2.96/3.06 0.4s
48/250 filaments_n2000_g8_extreme_noise0 2026092802 z=3.01/3.12 0.4s
49/250 filaments_n2000_g8_extreme_noise0 2026092803 z=3.01/3.09 0.4s
50/250 filaments_n2000_g8_extreme_noise0 2026092804 z=3.00/3.11 0.4s
51/250 filaments_n2000_g8_hard_noise0 2026092800 z=2.96/3.07 0.4s
52/250 filaments_n2000_g8_hard_noise0 2026092801 z=2.95/3.04 0.5s
53/250 filaments_n2000_g8_hard_noise0 2026092802 z=3.01/3.13 0.4s
54/250 filaments_n2000_g8_hard_noise0 2026092803 z=3.00/3.07 0.4s
55/250 filaments_n2000_g8_hard_noise0 2026092804 z=2.97/3.07 0.4s
56/250 filaments_n2000_g8_medium_noise0 2026092800 z=2.95/3.07 0.4s
57/250 filaments_n2000_g8_medium_noise0 2026092801 z=2.94/3.01 0.4s
58/250 filaments_n2000_g8_medium_noise0 2026092802 z=3.01/3.12 0.4s
59/250 filaments_n2000_g8_medium_noise0 2026092803 z=2.99/3.06 0.5s
60/250 filaments_n2000_g8_medium_noise0 2026092804 z=2.96/3.07 0.4s
61/250 heteroscedastic_n2000_g8_easy_noise0 2026092800 z=3.05/3.17 0.4s
62/250 heteroscedastic_n2000_g8_easy_noise0 2026092801 z=3.04/3.19 0.4s
63/250 heteroscedastic_n2000_g8_easy_noise0 2026092802 z=3.03/3.15 0.4s
64/250 heteroscedastic_n2000_g8_easy_noise0 2026092803 z=3.03/3.15 0.4s
65/250 heteroscedastic_n2000_g8_easy_noise0 2026092804 z=3.03/3.17 0.4s
66/250 heteroscedastic_n2000_g8_extreme_noise0 2026092800 z=3.09/3.19 0.4s
67/250 heteroscedastic_n2000_g8_extreme_noise0 2026092801 z=3.14/3.27 0.4s
68/250 heteroscedastic_n2000_g8_extreme_noise0 2026092802 z=3.03/3.15 0.5s
69/250 heteroscedastic_n2000_g8_extreme_noise0 2026092803 z=3.09/3.20 0.4s
70/250 heteroscedastic_n2000_g8_extreme_noise0 2026092804 z=3.07/3.22 0.4s
71/250 heteroscedastic_n2000_g8_hard_noise0 2026092800 z=3.09/3.19 0.4s
72/250 heteroscedastic_n2000_g8_hard_noise0 2026092801 z=3.08/3.19 0.4s
73/250 heteroscedastic_n2000_g8_hard_noise0 2026092802 z=3.08/3.21 0.4s
74/250 heteroscedastic_n2000_g8_hard_noise0 2026092803 z=3.08/3.20 0.4s
75/250 heteroscedastic_n2000_g8_hard_noise0 2026092804 z=3.10/3.25 0.4s
76/250 heteroscedastic_n2000_g8_medium_noise0 2026092800 z=3.05/3.17 0.4s
77/250 heteroscedastic_n2000_g8_medium_noise0 2026092801 z=3.08/3.20 0.4s
78/250 heteroscedastic_n2000_g8_medium_noise0 2026092802 z=3.04/3.15 0.5s
79/250 heteroscedastic_n2000_g8_medium_noise0 2026092803 z=3.06/3.20 0.4s
80/250 heteroscedastic_n2000_g8_medium_noise0 2026092804 z=3.07/3.20 0.5s
81/250 hierarchical_n2000_g8_easy_noise0 2026092800 z=2.95/3.10 0.4s
82/250 hierarchical_n2000_g8_easy_noise0 2026092801 z=3.00/3.14 0.5s
83/250 hierarchical_n2000_g8_easy_noise0 2026092802 z=3.02/3.14 0.4s
84/250 hierarchical_n2000_g8_easy_noise0 2026092803 z=2.96/3.08 0.4s
85/250 hierarchical_n2000_g8_easy_noise0 2026092804 z=2.97/3.07 0.4s
86/250 hierarchical_n2000_g8_extreme_noise0 2026092800 z=2.95/3.08 0.4s
87/250 hierarchical_n2000_g8_extreme_noise0 2026092801 z=2.99/3.10 0.4s
88/250 hierarchical_n2000_g8_extreme_noise0 2026092802 z=3.03/3.14 0.4s
89/250 hierarchical_n2000_g8_extreme_noise0 2026092803 z=2.95/3.06 0.4s
90/250 hierarchical_n2000_g8_extreme_noise0 2026092804 z=2.98/3.07 0.4s
91/250 hierarchical_n2000_g8_hard_noise0 2026092800 z=2.95/3.08 0.4s
92/250 hierarchical_n2000_g8_hard_noise0 2026092801 z=2.99/3.10 0.6s
93/250 hierarchical_n2000_g8_hard_noise0 2026092802 z=3.03/3.14 0.5s
94/250 hierarchical_n2000_g8_hard_noise0 2026092803 z=2.95/3.07 0.4s
95/250 hierarchical_n2000_g8_hard_noise0 2026092804 z=2.98/3.07 0.4s
96/250 hierarchical_n2000_g8_medium_noise0 2026092800 z=2.95/3.08 0.4s
97/250 hierarchical_n2000_g8_medium_noise0 2026092801 z=2.99/3.10 0.4s
98/250 hierarchical_n2000_g8_medium_noise0 2026092802 z=3.03/3.14 0.4s
99/250 hierarchical_n2000_g8_medium_noise0 2026092803 z=2.95/3.07 0.4s
100/250 hierarchical_n2000_g8_medium_noise0 2026092804 z=2.98/3.07 0.4s
101/250 shells_n2000_g8_easy_noise0 2026092800 z=2.13/2.19 0.4s
102/250 shells_n2000_g8_easy_noise0 2026092801 z=2.13/2.17 0.4s
103/250 shells_n2000_g8_easy_noise0 2026092802 z=2.11/2.16 0.4s
104/250 shells_n2000_g8_easy_noise0 2026092803 z=2.11/2.17 0.4s
105/250 shells_n2000_g8_easy_noise0 2026092804 z=2.09/2.17 0.4s
106/250 shells_n2000_g8_extreme_noise0 2026092800 z=2.13/2.19 0.4s
107/250 shells_n2000_g8_extreme_noise0 2026092801 z=2.13/2.17 0.4s
108/250 shells_n2000_g8_extreme_noise0 2026092802 z=2.11/2.16 0.4s
109/250 shells_n2000_g8_extreme_noise0 2026092803 z=2.11/2.17 0.4s
110/250 shells_n2000_g8_extreme_noise0 2026092804 z=2.09/2.17 0.4s
111/250 shells_n2000_g8_hard_noise0 2026092800 z=2.13/2.19 0.4s
112/250 shells_n2000_g8_hard_noise0 2026092801 z=2.13/2.17 0.4s
113/250 shells_n2000_g8_hard_noise0 2026092802 z=2.11/2.16 0.4s
114/250 shells_n2000_g8_hard_noise0 2026092803 z=2.11/2.17 0.4s
115/250 shells_n2000_g8_hard_noise0 2026092804 z=2.09/2.17 0.4s
116/250 shells_n2000_g8_medium_noise0 2026092800 z=2.13/2.19 0.4s
117/250 shells_n2000_g8_medium_noise0 2026092801 z=2.13/2.17 0.4s
118/250 shells_n2000_g8_medium_noise0 2026092802 z=2.11/2.16 0.4s
119/250 shells_n2000_g8_medium_noise0 2026092803 z=2.11/2.17 0.4s
120/250 shells_n2000_g8_medium_noise0 2026092804 z=2.09/2.17 0.4s
121/250 spherical_n2000_g16_hard_noise0 2026092800 z=3.01/3.12 0.4s
122/250 spherical_n2000_g16_hard_noise0 2026092801 z=2.97/3.09 0.4s
123/250 spherical_n2000_g16_hard_noise0 2026092802 z=3.04/3.17 0.4s
124/250 spherical_n2000_g16_hard_noise0 2026092803 z=2.98/3.13 0.4s
125/250 spherical_n2000_g16_hard_noise0 2026092804 z=3.00/3.11 0.4s
126/250 spherical_n2000_g16_medium_noise0 2026092800 z=3.01/3.12 0.5s
127/250 spherical_n2000_g16_medium_noise0 2026092801 z=2.96/3.09 0.5s
128/250 spherical_n2000_g16_medium_noise0 2026092802 z=3.04/3.17 0.4s
129/250 spherical_n2000_g16_medium_noise0 2026092803 z=2.99/3.12 0.4s
130/250 spherical_n2000_g16_medium_noise0 2026092804 z=2.99/3.10 0.4s
131/250 spherical_n2000_g2_medium_noise0 2026092800 z=3.06/3.18 0.4s
132/250 spherical_n2000_g2_medium_noise0 2026092801 z=3.03/3.13 0.6s
133/250 spherical_n2000_g2_medium_noise0 2026092802 z=3.02/3.15 0.4s
134/250 spherical_n2000_g2_medium_noise0 2026092803 z=3.07/3.17 0.4s
135/250 spherical_n2000_g2_medium_noise0 2026092804 z=3.03/3.18 0.4s
136/250 spherical_n2000_g32_medium_noise0 2026092800 z=2.94/3.10 0.4s
137/250 spherical_n2000_g32_medium_noise0 2026092801 z=2.94/3.06 0.5s
138/250 spherical_n2000_g32_medium_noise0 2026092802 z=2.95/3.05 0.4s
139/250 spherical_n2000_g32_medium_noise0 2026092803 z=2.91/3.04 0.4s
140/250 spherical_n2000_g32_medium_noise0 2026092804 z=2.95/3.04 0.4s
141/250 spherical_n2000_g4_hard_noise0 2026092800 z=3.03/3.17 0.4s
142/250 spherical_n2000_g4_hard_noise0 2026092801 z=3.06/3.19 0.4s
143/250 spherical_n2000_g4_hard_noise0 2026092802 z=3.03/3.10 0.4s
144/250 spherical_n2000_g4_hard_noise0 2026092803 z=3.04/3.16 0.4s
145/250 spherical_n2000_g4_hard_noise0 2026092804 z=3.04/3.17 0.4s
146/250 spherical_n2000_g4_medium_noise0 2026092800 z=3.04/3.18 0.4s
147/250 spherical_n2000_g4_medium_noise0 2026092801 z=3.05/3.18 0.4s
148/250 spherical_n2000_g4_medium_noise0 2026092802 z=3.04/3.11 0.4s
149/250 spherical_n2000_g4_medium_noise0 2026092803 z=3.04/3.18 0.4s
150/250 spherical_n2000_g4_medium_noise0 2026092804 z=3.05/3.17 0.4s
151/250 spherical_n2000_g8_easy_noise0 2026092800 z=3.05/3.17 0.4s
152/250 spherical_n2000_g8_easy_noise0 2026092801 z=3.04/3.19 0.4s
153/250 spherical_n2000_g8_easy_noise0 2026092802 z=3.03/3.15 0.5s
154/250 spherical_n2000_g8_easy_noise0 2026092803 z=3.03/3.15 0.4s
155/250 spherical_n2000_g8_easy_noise0 2026092804 z=3.03/3.17 0.4s
156/250 spherical_n2000_g8_extreme_noise0 2026092800 z=3.03/3.14 0.4s
157/250 spherical_n2000_g8_extreme_noise0 2026092801 z=3.03/3.16 0.4s
158/250 spherical_n2000_g8_extreme_noise0 2026092802 z=3.03/3.12 0.4s
159/250 spherical_n2000_g8_extreme_noise0 2026092803 z=3.01/3.15 0.6s
160/250 spherical_n2000_g8_extreme_noise0 2026092804 z=3.03/3.17 0.6s
161/250 spherical_n2000_g8_hard_noise0 2026092800 z=3.04/3.16 0.6s
162/250 spherical_n2000_g8_hard_noise0 2026092801 z=3.05/3.18 0.5s
163/250 spherical_n2000_g8_hard_noise0 2026092802 z=3.03/3.14 0.5s
164/250 spherical_n2000_g8_hard_noise0 2026092803 z=3.03/3.17 0.5s
165/250 spherical_n2000_g8_hard_noise0 2026092804 z=3.04/3.17 0.4s
166/250 spherical_n2000_g8_medium_noise0 2026092800 z=3.04/3.16 0.4s
167/250 spherical_n2000_g8_medium_noise0 2026092801 z=3.04/3.19 0.4s
168/250 spherical_n2000_g8_medium_noise0 2026092802 z=3.03/3.15 0.4s
169/250 spherical_n2000_g8_medium_noise0 2026092803 z=3.03/3.17 0.4s
170/250 spherical_n2000_g8_medium_noise0 2026092804 z=3.03/3.17 0.4s
171/250 spherical_n2000_g8_medium_noise0p1 2026092800 z=3.09/3.22 0.4s
172/250 spherical_n2000_g8_medium_noise0p1 2026092801 z=3.06/3.17 0.5s
173/250 spherical_n2000_g8_medium_noise0p1 2026092802 z=3.05/3.16 0.4s
174/250 spherical_n2000_g8_medium_noise0p1 2026092803 z=3.08/3.18 0.4s
175/250 spherical_n2000_g8_medium_noise0p1 2026092804 z=3.09/3.24 0.4s
176/250 spherical_n2000_g8_medium_noise0p3 2026092800 z=2.96/3.09 0.6s
177/250 spherical_n2000_g8_medium_noise0p3 2026092801 z=3.04/3.16 0.4s
178/250 spherical_n2000_g8_medium_noise0p3 2026092802 z=3.07/3.20 0.5s
179/250 spherical_n2000_g8_medium_noise0p3 2026092803 z=3.03/3.17 0.4s
180/250 spherical_n2000_g8_medium_noise0p3 2026092804 z=3.07/3.21 0.5s
181/250 spherical_n500_g16_hard_noise0 2026092800 z=2.77/2.89 0.1s
182/250 spherical_n500_g16_hard_noise0 2026092801 z=2.88/3.00 0.1s
183/250 spherical_n500_g16_hard_noise0 2026092802 z=2.82/2.96 0.1s
184/250 spherical_n500_g16_hard_noise0 2026092803 z=2.90/3.02 0.1s
185/250 spherical_n500_g16_hard_noise0 2026092804 z=2.73/2.79 0.1s
186/250 spherical_n500_g16_medium_noise0 2026092800 z=2.76/2.90 0.2s
187/250 spherical_n500_g16_medium_noise0 2026092801 z=2.87/2.97 0.1s
188/250 spherical_n500_g16_medium_noise0 2026092802 z=2.80/2.90 0.1s
189/250 spherical_n500_g16_medium_noise0 2026092803 z=2.86/2.96 0.1s
190/250 spherical_n500_g16_medium_noise0 2026092804 z=2.73/2.79 0.2s
191/250 spherical_n500_g4_hard_noise0 2026092800 z=3.01/3.08 0.1s
192/250 spherical_n500_g4_hard_noise0 2026092801 z=3.01/3.15 0.2s
193/250 spherical_n500_g4_hard_noise0 2026092802 z=3.06/3.11 0.2s
194/250 spherical_n500_g4_hard_noise0 2026092803 z=3.10/3.19 0.1s
195/250 spherical_n500_g4_hard_noise0 2026092804 z=2.95/3.06 0.1s
196/250 spherical_n500_g4_medium_noise0 2026092800 z=3.01/3.10 0.1s
197/250 spherical_n500_g4_medium_noise0 2026092801 z=3.02/3.18 0.1s
198/250 spherical_n500_g4_medium_noise0 2026092802 z=3.05/3.11 0.1s
199/250 spherical_n500_g4_medium_noise0 2026092803 z=3.08/3.19 0.1s
200/250 spherical_n500_g4_medium_noise0 2026092804 z=2.93/3.03 0.1s
201/250 spherical_n500_g8_medium_noise0 2026092800 z=2.95/3.09 0.1s
202/250 spherical_n500_g8_medium_noise0 2026092801 z=2.99/3.09 0.2s
203/250 spherical_n500_g8_medium_noise0 2026092802 z=2.97/3.03 0.1s
204/250 spherical_n500_g8_medium_noise0 2026092803 z=3.00/3.15 0.2s
205/250 spherical_n500_g8_medium_noise0 2026092804 z=2.93/3.06 0.2s
206/250 spherical_n8000_g16_hard_noise0 2026092800 z=3.02/3.14 3.0s
207/250 spherical_n8000_g16_hard_noise0 2026092801 z=3.04/3.17 2.9s
208/250 spherical_n8000_g16_hard_noise0 2026092802 z=3.03/3.12 2.7s
209/250 spherical_n8000_g16_hard_noise0 2026092803 z=3.03/3.16 2.8s
210/250 spherical_n8000_g16_hard_noise0 2026092804 z=3.06/3.17 2.8s
211/250 spherical_n8000_g16_medium_noise0 2026092800 z=3.03/3.14 2.9s
212/250 spherical_n8000_g16_medium_noise0 2026092801 z=3.04/3.17 2.8s
213/250 spherical_n8000_g16_medium_noise0 2026092802 z=3.03/3.12 2.8s
214/250 spherical_n8000_g16_medium_noise0 2026092803 z=3.04/3.16 3.0s
215/250 spherical_n8000_g16_medium_noise0 2026092804 z=3.06/3.18 2.9s
216/250 spherical_n8000_g4_hard_noise0 2026092800 z=3.05/3.16 2.7s
217/250 spherical_n8000_g4_hard_noise0 2026092801 z=3.01/3.14 2.8s
218/250 spherical_n8000_g4_hard_noise0 2026092802 z=3.01/3.12 2.8s
219/250 spherical_n8000_g4_hard_noise0 2026092803 z=3.06/3.16 3.0s
220/250 spherical_n8000_g4_hard_noise0 2026092804 z=3.04/3.16 3.7s
221/250 spherical_n8000_g4_medium_noise0 2026092800 z=3.05/3.15 4.3s
222/250 spherical_n8000_g4_medium_noise0 2026092801 z=3.02/3.14 4.5s
223/250 spherical_n8000_g4_medium_noise0 2026092802 z=3.01/3.12 3.8s
224/250 spherical_n8000_g4_medium_noise0 2026092803 z=3.06/3.17 2.9s
225/250 spherical_n8000_g4_medium_noise0 2026092804 z=3.04/3.17 2.7s
226/250 spherical_n8000_g8_medium_noise0 2026092800 z=3.05/3.16 2.6s
227/250 spherical_n8000_g8_medium_noise0 2026092801 z=3.04/3.16 2.7s
228/250 spherical_n8000_g8_medium_noise0 2026092802 z=3.02/3.14 2.7s
229/250 spherical_n8000_g8_medium_noise0 2026092803 z=3.07/3.18 2.8s
230/250 spherical_n8000_g8_medium_noise0 2026092804 z=3.04/3.18 2.7s
231/250 unbalanced_n2000_g8_easy_noise0 2026092800 z=3.03/3.16 0.4s
232/250 unbalanced_n2000_g8_easy_noise0 2026092801 z=3.03/3.14 0.4s
233/250 unbalanced_n2000_g8_easy_noise0 2026092802 z=3.03/3.12 0.4s
234/250 unbalanced_n2000_g8_easy_noise0 2026092803 z=3.04/3.14 0.4s
235/250 unbalanced_n2000_g8_easy_noise0 2026092804 z=3.03/3.14 0.4s
236/250 unbalanced_n2000_g8_extreme_noise0 2026092800 z=3.04/3.17 0.4s
237/250 unbalanced_n2000_g8_extreme_noise0 2026092801 z=3.02/3.14 0.4s
238/250 unbalanced_n2000_g8_extreme_noise0 2026092802 z=3.02/3.11 0.4s
239/250 unbalanced_n2000_g8_extreme_noise0 2026092803 z=3.03/3.14 0.4s
240/250 unbalanced_n2000_g8_extreme_noise0 2026092804 z=3.03/3.15 0.4s
241/250 unbalanced_n2000_g8_hard_noise0 2026092800 z=3.02/3.18 0.4s
242/250 unbalanced_n2000_g8_hard_noise0 2026092801 z=3.02/3.14 0.4s
243/250 unbalanced_n2000_g8_hard_noise0 2026092802 z=3.03/3.13 0.4s
244/250 unbalanced_n2000_g8_hard_noise0 2026092803 z=3.03/3.14 0.4s
245/250 unbalanced_n2000_g8_hard_noise0 2026092804 z=3.04/3.15 0.4s
246/250 unbalanced_n2000_g8_medium_noise0 2026092800 z=3.03/3.17 0.4s
247/250 unbalanced_n2000_g8_medium_noise0 2026092801 z=3.03/3.14 0.4s
248/250 unbalanced_n2000_g8_medium_noise0 2026092802 z=3.02/3.12 0.4s
249/250 unbalanced_n2000_g8_medium_noise0 2026092803 z=3.05/3.16 0.4s
250/250 unbalanced_n2000_g8_medium_noise0 2026092804 z=3.03/3.16 0.4s
