{
  "labels": {
    "ehgp-create": "4fa0e0789a7d5bb06b787d35",
    "project": "e-hgp",
    "role": "gpu-benchmark"
  },
  "lastStartTimestamp": "2026-09-06T06:19:11.593-07:00",
  "lastStopTimestamp": "2026-09-10T06:30:49.929-07:00",
  "machineType": "https://www.googleapis.com/compute/v1/projects/devpod-gpu-exploration/zones/us-central1-b/machineTypes/g4-standard-48",
  "name": "ehgp-v7-4fa0e0789a7d5bb06b787d35",
  "scheduling": {
    "automaticRestart": false,
    "instanceTerminationAction": "STOP",
    "maxRunDuration": {
      "nanos": 0,
      "seconds": "3600"
    },
    "onHostMaintenance": "TERMINATE",
    "preemptible": true,
    "provisioningModel": "SPOT"
  },
  "status": "TERMINATED"
}
