META 123389 246777 6759671 47157911 7403340 19244996 5326197 29
ORACLE 230923 6149 46785 1494 352377
BUDGET 230923 6149 46785 1494 4 4 13 0 0 0 0 43261 1252 230 438 13 13
BUDGET 230923 6149 46785 1494 4 8 25 0 0 1 0 29504 3687 271 496 25 25
BUDGET 230923 6149 46785 1494 4 16 49 0 0 3 1 38963 17743 328 562 49 49
ORACLE 230923 104310 116428 1468 429381
BUDGET 230923 104310 116428 1468 4 4 6 0 0 1 0 91751 4198 235 458 8 8
BUDGET 230923 104310 116428 1468 4 8 10 0 0 1 0 56937 4087 247 474 12 12
BUDGET 230923 104310 116428 1468 4 16 18 0 0 1 0 53700 4669 266 496 20 20
ORACLE 230923 22260 38211 1458 429802
BUDGET 230923 22260 38211 1458 4 4 16 0 0 7 1 85519 55834 223 418 16 16
BUDGET 230923 22260 38211 1458 4 8 32 0 0 13 1 107951 53791 263 466 32 32
BUDGET 230923 22260 38211 1458 4 16 64 0 0 26 1 132397 218778 366 608 64 64
ORACLE 230923 24606 38950 1033 420414
BUDGET 230923 24606 38950 1033 6 4 14 0 4 4 1 125604 11201 223 418 16 16
BUDGET 230923 24606 38950 1033 6 8 26 0 8 8 1 53360 28904 252 452 28 28
BUDGET 230923 24606 38950 1033 6 16 50 0 13 11 1 84808 107751 336 572 52 52
ORACLE 230923 47537 62756 1243 422238
BUDGET 230923 47537 62756 1243 4 4 16 0 0 8 1 127839 10069 295 562 16 16
BUDGET 230923 47537 62756 1243 4 8 32 0 0 16 1 110746 28433 336 612 32 32
BUDGET 230923 47537 62756 1243 4 16 64 0 0 32 1 108062 234277 408 692 64 64
ORACLE 230923 53985 58442 1076 404335
BUDGET 230923 53985 58442 1076 4 4 15 0 0 4 1 109925 7664 320 610 17 17
BUDGET 230923 53985 58442 1076 4 8 27 0 0 7 1 105987 12935 342 630 29 29
BUDGET 230923 53985 58442 1076 4 16 47 0 0 10 1 83625 42540 383 672 49 49
ORACLE 230923 9807 29906 1043 412249
BUDGET 230923 9807 29906 1043 6 4 15 0 0 0 0 79798 5000 216 406 15 15
BUDGET 230923 9807 29906 1043 6 8 27 0 1 0 0 58279 10450 248 446 27 27
BUDGET 230923 9807 29906 1043 6 16 51 0 1 0 0 74459 39874 306 514 51 51
ORACLE 230923 9805 46781 1354 438869
BUDGET 230923 9805 46781 1354 6 4 16 0 4 0 0 62837 10159 229 430 16 16
BUDGET 230923 9805 46781 1354 6 8 30 0 7 1 0 80310 24956 285 514 30 30
BUDGET 230923 9805 46781 1354 6 16 54 0 8 4 1 82674 68848 346 588 54 54
ORACLE 230923 26063 38205 1221 453517
BUDGET 230923 26063 38205 1221 4 4 16 0 0 4 1 42790 4148 222 416 16 16
BUDGET 230923 26063 38205 1221 4 8 32 0 0 8 1 44733 17733 276 492 32 32
BUDGET 230923 26063 38205 1221 4 16 64 0 0 16 1 75501 64190 359 594 64 64
ORACLE 230923 8437 10452 1497 410115
BUDGET 230923 8437 10452 1497 6 4 16 0 2 0 0 78176 6402 199 370 16 16
BUDGET 230923 8437 10452 1497 6 8 32 0 4 0 0 62196 42639 242 424 32 32
BUDGET 230923 8437 10452 1497 6 16 61 0 8 0 0 85820 70091 316 514 61 61
ORACLE 230923 1156 6748 1119 408502
BUDGET 230923 1156 6748 1119 6 4 10 0 0 0 0 49021 1703 205 390 12 12
BUDGET 230923 1156 6748 1119 6 8 18 0 0 0 0 39053 5029 226 416 20 20
BUDGET 230923 1156 6748 1119 6 16 34 0 0 0 0 67857 16531 276 484 36 36
ORACLE 230923 113998 121290 1680 443358
BUDGET 230923 113998 121290 1680 6 4 8 0 0 0 0 104174 1703 241 470 8 8
BUDGET 230923 113998 121290 1680 6 8 16 0 0 0 0 75761 3697 265 502 16 16
BUDGET 230923 113998 121290 1680 6 16 32 0 0 0 0 84117 14918 301 542 32 32
ORACLE 230923 9805 38218 1476 424863
BUDGET 230923 9805 38218 1476 4 4 16 0 0 3 1 69169 2595 245 462 16 16
BUDGET 230923 9805 38218 1476 4 8 28 0 0 4 1 39073 6201 278 504 28 28
BUDGET 230923 9805 38218 1476 4 16 52 0 0 4 1 52809 19086 356 612 52 52
ORACLE 230923 4918 17654 2802 450971
BUDGET 230923 4918 17654 2802 6 4 12 0 0 0 0 120716 2915 309 594 14 14
BUDGET 230923 4918 17654 2802 6 8 24 0 0 0 0 265035 39654 338 628 26 26
BUDGET 230923 4918 17654 2802 6 16 48 0 0 0 0 119723 30577 392 688 50 50
ORACLE 230923 16841 42488 1236 412950
BUDGET 230923 16841 42488 1236 4 4 16 0 0 5 1 49502 8536 209 390 16 16
BUDGET 230923 16841 42488 1236 4 8 32 0 0 9 1 52708 21720 263 466 32 32
BUDGET 230923 16841 42488 1236 4 16 64 0 0 16 1 87262 66554 355 586 64 64
ORACLE 230923 28630 64907 1185 429592
BUDGET 230923 28630 64907 1185 6 4 16 0 8 8 1 111448 17403 285 542 16 16
BUDGET 230923 28630 64907 1185 6 8 32 0 16 16 1 111859 52518 341 622 32 32
BUDGET 230923 28630 64907 1185 6 16 64 0 32 30 1 138208 249926 411 698 64 64
ORACLE 230923 4896 75610 1001 439861
BUDGET 230923 4896 75610 1001 4 4 14 0 0 1 0 42780 1964 202 380 14 14
BUDGET 230923 4896 75610 1001 4 8 26 0 0 2 0 34796 4899 260 472 26 26
BUDGET 230923 4896 75610 1001 4 16 44 0 0 2 0 33302 9468 319 554 44 44
ORACLE 230923 20476 31935 2252 429952
BUDGET 230923 20476 31935 2252 4 4 16 0 0 0 0 36978 2004 204 380 16 16
BUDGET 230923 20476 31935 2252 4 8 29 0 0 2 0 28443 9839 268 482 29 29
BUDGET 230923 20476 31935 2252 4 16 53 0 0 5 1 34355 18113 343 584 53 53
ORACLE 230923 10419 10600 2607 459777
BUDGET 230923 10419 10600 2607 6 4 12 0 0 0 0 47889 1663 315 606 14 14
BUDGET 230923 10419 10600 2607 6 8 24 0 0 0 0 37760 5751 349 650 26 26
BUDGET 230923 10419 10600 2607 6 16 48 0 0 0 0 38702 22723 400 704 50 50
ORACLE 230923 12335 71250 1187 484093
BUDGET 230923 12335 71250 1187 6 4 16 0 8 8 1 53049 12874 300 572 16 16
BUDGET 230923 12335 71250 1187 6 8 32 0 16 14 1 48310 47108 336 612 32 32
BUDGET 230923 12335 71250 1187 6 16 64 0 30 26 1 56055 201946 410 696 64 64
ORACLE 230923 24998 58299 5460 648350
BUDGET 230923 24998 58299 5460 4 4 16 0 0 7 1 61405 5550 307 586 16 16
BUDGET 230923 24998 58299 5460 4 8 32 0 0 14 1 59522 20448 373 686 32 32
BUDGET 230923 24998 58299 5460 4 16 64 0 0 27 1 73446 86442 473 822 64 64
ORACLE 230923 15905 30634 4555 603626
BUDGET 230923 15905 30634 4555 4 4 16 0 0 0 0 61895 2024 327 626 16 16
BUDGET 230923 15905 30634 4555 4 8 32 0 0 0 0 51286 6843 369 678 32 32
BUDGET 230923 15905 30634 4555 4 16 64 0 0 0 0 62587 27671 455 786 64 64
ORACLE 230923 10601 51832 5552 482420
BUDGET 230923 10601 51832 5552 6 4 16 0 8 6 1 35907 8336 306 584 16 16
BUDGET 230923 10601 51832 5552 6 8 32 0 16 13 1 35807 29885 373 686 32 32
BUDGET 230923 10601 51832 5552 6 16 64 0 29 21 1 46497 140342 469 814 64 64
ORACLE 230923 10421 37075 3822 406308
BUDGET 230923 10421 37075 3822 6 4 16 0 0 0 0 44202 2755 348 668 16 16
BUDGET 230923 10421 37075 3822 6 8 32 0 0 0 0 39905 10299 399 738 32 32
BUDGET 230923 10421 37075 3822 6 16 62 0 0 0 0 43210 37841 477 830 64 64
ORACLE 230923 15710 49931 5764 506655
BUDGET 230923 15710 49931 5764 6 4 16 0 1 0 0 48300 4168 301 574 16 16
BUDGET 230923 15710 49931 5764 6 8 32 0 2 0 0 51487 16039 364 668 32 32
BUDGET 230923 15710 49931 5764 6 16 64 0 11 0 0 62126 67315 458 792 64 64
ORACLE 230923 15712 19410 3435 501155
BUDGET 230923 15712 19410 3435 6 4 16 0 0 0 0 36298 2825 302 576 16 16
BUDGET 230923 15712 19410 3435 6 8 32 0 0 0 0 35086 10099 348 636 32 32
BUDGET 230923 15712 19410 3435 6 16 64 0 0 0 0 66785 40876 437 750 64 64
ORACLE 230923 6773 54237 5520 571787
BUDGET 230923 6773 54237 5520 6 4 16 0 2 2 0 58830 6111 327 626 16 16
BUDGET 230923 6773 54237 5520 6 8 32 0 5 2 0 54963 20979 375 690 32 32
BUDGET 230923 6773 54237 5520 6 16 64 0 14 3 1 65442 79929 471 818 64 64
ORACLE 230923 17657 20999 4150 602715
BUDGET 230923 17657 20999 4150 6 4 16 0 0 0 0 49452 3396 310 592 16 16
BUDGET 230923 17657 20999 4150 6 8 32 0 0 0 0 40135 10149 364 668 32 32
BUDGET 230923 17657 20999 4150 6 16 64 0 0 0 0 42710 40085 445 766 64 64
ORACLE 230923 15909 45393 5834 473373
BUDGET 230923 15909 45393 5834 4 4 16 0 0 0 0 33763 1252 304 580 16 16
BUDGET 230923 15909 45393 5834 4 8 32 0 0 0 0 35677 4758 359 658 32 32
BUDGET 230923 15909 45393 5834 4 16 64 0 0 2 0 48190 21430 475 826 64 64
ORACLE 230923 1239 25008 3816 405367
BUDGET 230923 1239 25008 3816 6 4 16 0 0 0 0 37861 2665 325 622 16 16
BUDGET 230923 1239 25008 3816 6 8 29 0 0 0 0 33232 8366 365 672 31 31
BUDGET 230923 1239 25008 3816 6 16 53 0 0 0 0 43682 27621 420 734 55 55
ORACLE 230923 28625 45642 5810 468875
BUDGET 230923 28625 45642 5810 6 4 13 0 2 1 0 34905 2785 304 582 15 15
BUDGET 230923 28625 45642 5810 6 8 25 0 3 1 0 36268 8195 349 648 27 27
BUDGET 230923 28625 45642 5810 6 16 49 0 7 1 0 38922 29215 410 722 51 51
ORACLE 230923 28627 54232 5796 473413
BUDGET 230923 28627 54232 5796 4 4 16 0 0 2 0 39634 2094 319 610 16 16
BUDGET 230923 28627 54232 5796 4 8 32 0 0 4 1 37520 7053 390 720 32 32
BUDGET 230923 28627 54232 5796 4 16 58 0 0 5 1 56645 28453 452 788 60 60
ORACLE 230923 19411 24769 3952 727547
BUDGET 230923 19411 24769 3952 6 4 16 0 0 0 0 56676 4028 333 638 16 16
BUDGET 230923 19411 24769 3952 6 8 32 0 1 0 0 56555 14557 386 712 32 32
BUDGET 230923 19411 24769 3952 6 16 58 0 1 0 0 61645 41016 459 802 60 60
ORACLE 230923 4920 67164 5325 621339
BUDGET 230923 4920 67164 5325 6 4 16 0 8 8 1 55032 16210 333 638 16 16
BUDGET 230923 4920 67164 5325 6 8 32 0 16 13 1 53289 33502 395 730 32 32
BUDGET 230923 4920 67164 5325 6 16 64 0 32 25 1 50364 136835 482 840 64 64
ORACLE 230923 15707 25014 5324 492739
BUDGET 230923 15707 25014 5324 4 4 16 0 0 0 0 45775 2034 296 564 16 16
BUDGET 230923 15707 25014 5324 4 8 32 0 0 0 0 70562 6572 329 598 32 32
BUDGET 230923 15707 25014 5324 4 16 62 0 0 0 0 60493 25257 420 716 64 64
ORACLE 230923 36829 41350 5771 625496
BUDGET 230923 36829 41350 5771 4 4 13 0 0 1 0 50986 2133 312 598 15 15
BUDGET 230923 36829 41350 5771 4 8 25 0 0 1 0 52237 5240 357 664 27 27
BUDGET 230923 36829 41350 5771 4 16 49 0 0 1 0 53340 18304 403 708 51 51
ORACLE 230923 1231 10610 4020 593377
BUDGET 230923 1231 10610 4020 4 4 13 0 0 0 0 45715 1493 291 556 15 15
BUDGET 230923 1231 10610 4020 4 8 25 0 0 0 0 41227 4278 315 580 27 27
BUDGET 230923 1231 10610 4020 4 16 49 0 0 0 0 49873 16170 376 654 51 51
ORACLE 230923 25010 36832 5816 567219
BUDGET 230923 25010 36832 5816 6 4 16 0 4 1 0 35847 4879 318 608 16 16
BUDGET 230923 25010 36832 5816 6 8 29 0 8 2 0 33823 14697 359 660 31 31
BUDGET 230923 25010 36832 5816 6 16 53 0 8 2 0 61415 48510 438 770 55 55
ORACLE 230923 20994 21249 5760 662747
BUDGET 230923 20994 21249 5760 6 4 16 0 0 0 0 47599 4037 296 564 16 16
BUDGET 230923 20994 21249 5760 6 8 32 0 0 0 0 49012 14447 338 616 32 32
BUDGET 230923 20994 21249 5760 6 16 64 0 0 0 0 61345 55804 426 728 64 64
ORACLE 230923 4917 23115 4130 572798
BUDGET 230923 4917 23115 4130 4 4 16 0 0 0 0 92312 2184 331 634 16 16
BUDGET 230923 4917 23115 4130 4 8 31 0 0 0 0 55624 6542 376 690 33 33
BUDGET 230923 4917 23115 4130 4 16 55 0 0 0 0 60983 19667 424 738 57 57
ORACLE 230923 20999 41360 6300 666814
BUDGET 230923 20999 41360 6300 6 4 16 0 4 0 0 47178 6592 295 562 16 16
BUDGET 230923 20999 41360 6300 6 8 32 0 8 1 0 47479 23574 342 624 32 32
BUDGET 230923 20999 41360 6300 6 16 64 0 14 1 0 145131 78586 462 800 64 64
ORACLE 230923 24772 41360 6325 480977
BUDGET 230923 24772 41360 6325 6 4 16 0 7 2 0 35416 5831 313 598 16 16
BUDGET 230923 24772 41360 6325 6 8 32 0 13 2 0 32571 20178 349 638 32 32
BUDGET 230923 24772 41360 6325 6 16 62 0 21 3 1 41508 69750 450 776 64 64
ORACLE 230923 36836 37097 7107 541069
BUDGET 230923 36836 37097 7107 4 4 16 0 0 3 1 44102 3997 294 560 16 16
BUDGET 230923 36836 37097 7107 4 8 32 0 0 5 1 50153 11402 343 626 32 32
BUDGET 230923 36836 37097 7107 4 16 64 0 0 9 1 61234 42500 436 748 64 64
ORACLE 230923 30634 62867 6895 695408
BUDGET 230923 30634 62867 6895 4 4 16 0 0 4 1 58379 4408 332 636 16 16
BUDGET 230923 30634 62867 6895 4 8 32 0 0 8 1 56406 14857 375 690 32 32
BUDGET 230923 30634 62867 6895 4 16 64 0 0 20 1 65762 67727 455 786 64 64
ORACLE 230923 26928 41104 6321 652297
BUDGET 230923 26928 41104 6321 6 4 15 0 1 0 0 35536 3286 302 574 17 17
BUDGET 230923 26928 41104 6321 6 8 27 0 1 0 0 33713 8095 330 606 29 29
BUDGET 230923 26928 41104 6321 6 16 51 0 1 0 0 37790 27251 393 684 53 53
ORACLE 230923 22875 54243 6809 470668
BUDGET 230923 22875 54243 6809 4 4 16 0 0 4 1 32922 2845 299 570 16 16
BUDGET 230923 22875 54243 6809 4 8 32 0 0 8 1 30146 34825 334 608 32 32
BUDGET 230923 22875 54243 6809 4 16 64 0 0 13 1 64039 55303 450 776 64 64
ORACLE 230923 10906 15916 6413 661194
BUDGET 230923 10906 15916 6413 4 4 14 0 0 1 0 45996 1723 226 428 14 14
BUDGET 230923 10906 15916 6413 4 8 26 0 0 1 0 30557 4799 245 442 26 26
BUDGET 230923 10906 15916 6413 4 16 50 0 0 1 0 41998 17463 313 530 50 50
ORACLE 230923 3600 21259 6399 682303
BUDGET 230923 3600 21259 6399 4 4 16 0 0 0 0 44763 1854 230 432 16 16
BUDGET 230923 3600 21259 6399 4 8 28 0 0 0 0 34705 5270 263 470 30 30
BUDGET 230923 3600 21259 6399 4 16 44 0 0 0 0 40876 13385 294 500 46 46
ORACLE 230923 28624 32929 6209 667806
BUDGET 230923 28624 32929 6209 6 4 15 0 3 0 0 47779 5039 302 574 17 17
BUDGET 230923 28624 32929 6209 6 8 27 0 3 0 0 51897 14206 337 620 29 29
BUDGET 230923 28624 32929 6209 6 16 51 0 3 0 0 60493 66444 417 732 53 53
ORACLE 230923 20994 25017 6219 650523
BUDGET 230923 20994 25017 6219 6 4 16 0 1 0 0 43832 4468 285 542 16 16
BUDGET 230923 20994 25017 6219 6 8 32 0 1 0 0 45294 15309 336 612 32 32
BUDGET 230923 20994 25017 6219 6 16 64 0 1 0 0 59621 59601 440 756 64 64
ORACLE 230923 26683 28881 6151 660893
BUDGET 230923 26683 28881 6151 6 4 16 0 4 0 0 46567 6101 305 582 16 16
BUDGET 230923 26683 28881 6151 6 8 32 0 7 0 0 48871 22082 355 650 32 32
BUDGET 230923 26683 28881 6151 6 16 62 0 10 0 0 60112 76834 453 782 64 64
ORACLE 230923 28622 58559 7043 836881
BUDGET 230923 28622 58559 7043 4 4 16 0 0 5 1 57527 5080 329 630 16 16
BUDGET 230923 28622 58559 7043 4 8 32 0 0 9 1 54812 16691 374 688 32 32
BUDGET 230923 28622 58559 7043 4 16 59 0 0 14 1 62227 55203 443 768 61 61
ORACLE 230923 10414 62866 6287 670090
BUDGET 230923 10414 62866 6287 6 4 16 0 4 3 1 46677 7715 298 568 16 16
BUDGET 230923 10414 62866 6287 6 8 32 0 8 5 1 46837 27462 349 638 32 32
BUDGET 230923 10414 62866 6287 6 16 64 0 16 9 1 57918 113512 432 740 64 64
ORACLE 230923 1755 37092 6720 701238
BUDGET 230923 1755 37092 6720 4 4 16 0 0 5 1 49733 4448 239 450 16 16
BUDGET 230923 1755 37092 6720 4 8 32 0 0 10 1 37950 16822 276 492 32 32
BUDGET 230923 1755 37092 6720 4 16 64 0 0 18 1 47308 60814 353 582 64 64
ORACLE 230923 20996 37091 6539 686200
BUDGET 230923 20996 37091 6539 4 4 16 0 0 0 0 43842 1873 287 546 16 16
BUDGET 230923 20996 37091 6539 4 8 32 0 0 0 0 43410 7304 331 602 32 32
BUDGET 230923 20996 37091 6539 4 16 64 0 0 0 0 62216 28293 449 774 64 64
ORACLE 230923 10906 25010 6827 700437
BUDGET 230923 10906 25010 6827 4 4 16 0 0 4 1 41076 3757 218 408 16 16
BUDGET 230923 10906 25010 6827 4 8 28 0 0 8 1 35045 13245 258 464 28 28
BUDGET 230923 10906 25010 6827 4 16 52 0 0 16 1 42980 50885 318 534 53 53
ORACLE 230923 25024 32675 7024 694766
BUDGET 230923 25024 32675 7024 6 4 16 0 4 1 0 47559 6261 299 570 16 16
BUDGET 230923 25024 32675 7024 6 8 32 0 8 3 1 44493 25567 339 618 32 32
BUDGET 230923 25024 32675 7024 6 16 64 0 16 6 1 63238 104565 453 782 64 64
ORACLE 230923 17439 32931 6202 664430
BUDGET 230923 17439 32931 6202 6 4 16 0 1 0 0 45255 4378 294 560 16 16
BUDGET 230923 17439 32931 6202 6 8 32 0 1 0 0 45455 15779 339 618 32 32
BUDGET 230923 17439 32931 6202 6 16 64 0 2 0 0 53770 60884 424 724 64 64
ORACLE 230923 10906 17658 6978 699876
BUDGET 230923 10906 17658 6978 4 4 14 0 0 5 1 41788 3657 219 414 14 14
BUDGET 230923 10906 17658 6978 4 8 26 0 0 9 1 30657 11962 242 436 26 26
BUDGET 230923 10906 17658 6978 4 16 50 0 0 17 1 35847 46316 291 486 50 50
ORACLE 230923 41105 43501 6220 662766
BUDGET 230923 41105 43501 6220 4 4 12 0 0 0 0 48921 1102 301 578 14 14
BUDGET 230923 41105 43501 6220 4 8 24 0 0 0 0 47419 4298 331 614 26 26
BUDGET 230923 41105 43501 6220 4 16 48 0 0 0 0 50795 15659 384 672 50 50
ORACLE 230924 6610 66901 1350 487850
BUDGET 230924 6610 66901 1350 4 4 16 0 0 8 1 49472 6131 231 434 16 16
BUDGET 230924 6610 66901 1350 4 8 32 0 0 16 1 38902 22522 273 486 32 32
BUDGET 230924 6610 66901 1350 4 16 64 0 0 31 1 49222 102702 347 570 64 64
ORACLE 230924 49833 80141 1014 494953
BUDGET 230924 49833 80141 1014 4 4 15 0 0 7 1 61865 5140 333 640 15 15
BUDGET 230924 49833 80141 1014 4 8 27 0 0 11 1 47578 15960 366 682 27 27
BUDGET 230924 49833 80141 1014 4 16 44 0 0 12 1 53129 38492 415 742 46 46
ORACLE 230924 2930 19191 1463 509090
BUDGET 230924 2930 19191 1463 4 4 16 0 0 4 1 41237 3977 190 352 16 16
BUDGET 230924 2930 19191 1463 4 8 32 0 0 5 1 33202 12123 240 420 32 32
BUDGET 230924 2930 19191 1463 4 16 64 0 0 7 1 49933 41718 337 550 64 64
ORACLE 230924 37074 67075 1177 480637
BUDGET 230924 37074 67075 1177 6 4 16 0 8 8 1 56145 11752 320 612 16 16
BUDGET 230924 37074 67075 1177 6 8 32 0 16 16 1 72205 47068 370 680 32 32
BUDGET 230924 37074 67075 1177 6 16 64 0 32 32 1 69359 209742 468 812 64 64
ORACLE 230924 113994 123241 1068 474475
BUDGET 230924 113994 123241 1068 4 4 11 0 0 3 1 43791 2786 212 406 11 11
BUDGET 230924 113994 123241 1068 4 8 19 0 0 3 1 53610 6081 247 460 19 19
BUDGET 230924 113994 123241 1068 4 16 35 0 0 3 1 42840 14697 281 496 35 35
ORACLE 230924 9669 26148 2967 608896
BUDGET 230924 9669 26148 2967 4 4 15 0 0 6 1 52648 4709 207 388 15 15
BUDGET 230924 9669 26148 2967 4 8 27 0 0 8 1 33913 11852 237 424 27 27
BUDGET 230924 9669 26148 2967 4 16 51 0 0 10 1 41147 34033 295 492 51 51
ORACLE 230924 9802 46783 1429 490415
BUDGET 230924 9802 46783 1429 4 4 16 0 0 0 0 56847 1923 258 488 16 16
BUDGET 230924 9802 46783 1429 4 8 28 0 0 0 0 40877 5510 300 548 28 28
BUDGET 230924 9802 46783 1429 4 16 52 0 0 3 1 46006 40335 353 606 52 52
ORACLE 230924 10549 96766 1203 477812
BUDGET 230924 10549 96766 1203 4 4 10 0 0 0 0 40876 882 251 482 12 12
BUDGET 230924 10549 96766 1203 4 8 18 0 0 0 0 39864 2365 290 544 20 20
BUDGET 230924 10549 96766 1203 4 16 34 0 0 0 0 45144 7975 344 620 36 36
ORACLE 230924 113995 121272 1695 516854
BUDGET 230924 113995 121272 1695 4 4 8 0 0 0 0 58008 491 239 466 8 8
BUDGET 230924 113995 121272 1695 4 8 16 0 0 0 0 40155 1753 269 510 16 16
BUDGET 230924 113995 121272 1695 4 16 32 0 0 0 0 40526 6852 304 548 32 32
ORACLE 230924 36834 62754 1149 481618
BUDGET 230924 36834 62754 1149 4 4 16 0 0 6 1 58419 5510 291 554 16 16
BUDGET 230924 36834 62754 1149 4 8 32 0 0 13 1 46517 21871 338 616 32 32
BUDGET 230924 36834 62754 1149 4 16 64 0 0 24 1 53540 106649 407 690 64 64
ORACLE 230924 122196 122907 1452 487550
BUDGET 230924 122196 122907 1452 4 4 12 0 0 4 1 55734 2164 264 508 12 12
BUDGET 230924 122196 122907 1452 4 8 24 0 0 8 1 38632 7644 299 554 24 24
BUDGET 230924 122196 122907 1452 4 16 38 0 0 13 1 40165 23103 354 632 40 40
ORACLE 230924 14977 16901 1990 535780
BUDGET 230924 14977 16901 1990 2 4 14 0 5 0 1 38973 4038 198 372 14 14
BUDGET 230924 14977 16901 1990 2 8 26 0 9 0 1 31378 13245 228 408 26 26
BUDGET 230924 14977 16901 1990 2 16 50 0 17 0 1 40015 51716 291 486 50 50
ORACLE 230924 41345 71407 1027 479104
BUDGET 230924 41345 71407 1027 4 4 16 0 0 8 1 89257 5891 371 714 16 16
BUDGET 230924 41345 71407 1027 4 8 32 0 0 16 1 56936 23935 413 766 32 32
BUDGET 230924 41345 71407 1027 4 16 58 0 0 26 1 69941 85709 519 922 60 60
ORACLE 230924 34721 47371 1256 487971
BUDGET 230924 34721 47371 1256 4 4 14 0 0 4 1 45705 3998 228 428 16 16
BUDGET 230924 34721 47371 1256 4 8 25 0 0 7 1 32631 11942 257 464 27 27
BUDGET 230924 34721 47371 1256 4 16 41 0 0 7 1 34594 25487 287 492 43 43
ORACLE 230924 26664 53814 1302 509510
BUDGET 230924 26664 53814 1302 4 4 13 0 0 4 1 39854 3336 225 424 15 15
BUDGET 230924 26664 53814 1302 4 8 25 0 0 8 1 30497 12423 258 466 27 27
BUDGET 230924 26664 53814 1302 4 16 43 0 0 10 1 35376 33813 305 524 45 45
ORACLE 230924 16903 44649 2572 559995
BUDGET 230924 16903 44649 2572 4 4 13 0 0 4 1 49743 3066 240 458 13 13
BUDGET 230924 16903 44649 2572 4 8 25 0 0 7 1 35095 10991 267 488 25 25
BUDGET 230924 16903 44649 2572 4 16 49 0 0 14 1 45645 48290 333 572 49 49
ORACLE 230924 393 2407 1894 517456
BUDGET 230924 393 2407 1894 4 4 13 0 0 4 1 43612 3256 215 404 15 15
BUDGET 230924 393 2407 1894 4 8 24 0 0 5 1 31659 7945 249 450 26 26
BUDGET 230924 393 2407 1894 4 16 40 0 0 5 1 63309 19025 299 518 42 42
ORACLE 230924 8778 10420 2641 539316
BUDGET 230924 8778 10420 2641 6 4 13 0 0 0 0 51286 2655 270 514 15 15
BUDGET 230924 8778 10420 2641 6 8 25 0 0 0 0 37630 8907 300 550 27 27
BUDGET 230924 8778 10420 2641 6 16 49 0 0 0 0 53139 34965 382 666 51 51
ORACLE 230924 20842 45376 1159 516564
BUDGET 230924 20842 45376 1159 6 4 16 0 5 5 1 41087 8826 212 396 16 16
BUDGET 230924 20842 45376 1159 6 8 31 0 9 9 1 33783 32691 259 456 33 33
BUDGET 230924 20842 45376 1159 6 16 55 0 16 14 1 45846 104935 339 568 57 57
ORACLE 230924 15112 46776 1238 515532
BUDGET 230924 15112 46776 1238 4 4 16 0 0 4 1 39373 3787 211 394 16 16
BUDGET 230924 15112 46776 1238 4 8 32 0 0 8 1 36498 14447 266 472 32 32
BUDGET 230924 15112 46776 1238 4 16 64 0 0 12 1 45004 49001 343 562 64 64
ORACLE 230924 6770 21242 3526 567909
BUDGET 230924 6770 21242 3526 6 4 16 0 0 0 0 64610 3968 328 628 16 16
BUDGET 230924 6770 21242 3526 6 8 30 0 0 0 0 68869 13755 365 670 32 32
BUDGET 230924 6770 21242 3526 6 16 54 0 0 0 0 67517 42649 426 744 56 56
ORACLE 230924 19416 47537 5678 660783
BUDGET 230924 19416 47537 5678 4 4 16 0 0 4 1 49493 2965 291 554 16 16
BUDGET 230924 19416 47537 5678 4 8 32 0 0 7 1 52458 11671 359 658 32 32
BUDGET 230924 19416 47537 5678 4 16 64 0 0 13 1 62246 48911 448 772 64 64
ORACLE 230924 25006 26681 4899 598737
BUDGET 230924 25006 26681 4899 6 4 16 0 2 0 0 66043 3447 323 618 16 16
BUDGET 230924 25006 26681 4899 6 8 32 0 2 0 0 38572 10800 375 690 32 32
BUDGET 230924 25006 26681 4899 6 16 58 0 3 0 0 46096 34525 459 802 60 60
ORACLE 230924 12225 52073 4871 515571
BUDGET 230924 12225 52073 4871 6 4 16 0 8 4 1 81752 10780 330 632 16 16
BUDGET 230924 12225 52073 4871 6 8 32 0 15 10 1 89266 41347 385 710 32 32
BUDGET 230924 12225 52073 4871 6 16 64 0 30 17 1 129462 170428 481 838 64 64
ORACLE 230924 17674 26679 5996 573790
BUDGET 230924 17674 26679 5996 4 4 16 0 0 0 0 49843 1993 280 532 16 16
BUDGET 230924 17674 26679 5996 4 8 32 0 0 0 0 54150 7264 337 614 32 32
BUDGET 230924 17674 26679 5996 4 16 60 0 0 0 0 88775 23384 416 712 62 62
ORACLE 230924 17667 32674 5784 603646
BUDGET 230924 17667 32674 5784 6 4 16 0 1 0 0 47208 4358 313 598 16 16
BUDGET 230924 17667 32674 5784 6 8 32 0 3 0 0 48230 16882 360 660 32 32
BUDGET 230924 17667 32674 5784 6 16 64 0 8 0 0 60603 69039 446 768 64 64
ORACLE 230924 8786 26681 4832 614747
BUDGET 230924 8786 26681 4832 4 4 16 0 0 0 0 43612 1883 307 586 16 16
BUDGET 230924 8786 26681 4832 4 8 32 0 0 0 0 49081 7314 359 658 32 32
BUDGET 230924 8786 26681 4832 4 16 64 0 0 0 0 61424 28383 438 752 64 64
ORACLE 230924 17437 45638 5007 632741
BUDGET 230924 17437 45638 5007 6 4 16 0 5 1 0 48961 6803 311 594 16 16
BUDGET 230924 17437 45638 5007 6 8 32 0 10 2 0 50364 23213 367 674 32 32
BUDGET 230924 17437 45638 5007 6 16 64 0 18 3 1 69430 85479 473 822 64 64
ORACLE 230924 15711 54229 4964 625457
BUDGET 230924 15711 54229 4964 2 4 16 0 8 0 1 51576 5089 344 660 16 16
BUDGET 230924 15711 54229 4964 2 8 32 0 14 0 1 52729 19516 392 724 32 32
BUDGET 230924 15711 54229 4964 2 16 64 0 26 0 1 66715 76533 484 844 64 64
ORACLE 230924 20997 30873 4978 627180
BUDGET 230924 20997 30873 4978 6 4 16 0 0 0 0 41748 3677 300 572 16 16
BUDGET 230924 20997 30873 4978 6 8 32 0 0 0 0 46917 13936 356 652 32 32
BUDGET 230924 20997 30873 4978 6 16 64 0 1 0 0 63077 54993 461 798 64 64
ORACLE 230924 10421 21246 4093 605400
BUDGET 230924 10421 21246 4093 6 4 16 0 0 0 0 46526 3888 317 606 16 16
BUDGET 230924 10421 21246 4093 6 8 31 0 0 0 0 46587 13014 360 658 33 33
BUDGET 230924 10421 21246 4093 6 16 55 0 0 0 0 52418 40495 417 724 57 57
ORACLE 230924 4921 21242 3535 563682
BUDGET 230924 4921 21242 3535 4 4 16 0 0 0 0 53330 1993 317 606 16 16
BUDGET 230924 4921 21242 3535 4 8 31 0 0 0 0 52338 7043 363 664 33 33
BUDGET 230924 4921 21242 3535 4 16 55 0 0 0 0 56595 20689 414 718 57 57
ORACLE 230924 32675 41351 5560 648199
BUDGET 230924 32675 41351 5560 6 4 16 0 8 1 0 46687 7554 308 588 16 16
BUDGET 230924 32675 41351 5560 6 8 32 0 15 1 0 48921 27321 367 674 32 32
BUDGET 230924 32675 41351 5560 6 16 64 0 28 5 1 63779 112880 477 830 64 64
ORACLE 230924 1233 32918 3959 595281
BUDGET 230924 1233 32918 3959 6 4 16 0 0 0 0 47378 3807 328 628 16 16
BUDGET 230924 1233 32918 3959 6 8 32 0 0 0 0 48089 14277 372 684 32 32
BUDGET 230924 1233 32918 3959 6 16 57 0 0 0 0 58419 43291 443 772 59 59
ORACLE 230924 41350 45393 5849 651766
BUDGET 230924 41350 45393 5849 4 4 16 0 0 4 1 46266 3947 304 580 16 16
BUDGET 230924 41350 45393 5849 4 8 32 0 0 8 1 47228 13746 362 664 32 32
BUDGET 230924 41350 45393 5849 4 16 56 0 0 10 1 59280 37110 455 798 58 58
ORACLE 230924 14004 14183 3459 579982
BUDGET 230924 14004 14183 3459 6 4 16 0 0 0 0 45465 3816 311 594 16 16
BUDGET 230924 14004 14183 3459 6 8 32 0 1 0 0 47679 14307 356 652 32 32
BUDGET 230924 14004 14183 3459 6 16 64 0 1 0 0 56465 55354 434 744 64 64
ORACLE 230924 15712 34977 4201 599218
BUDGET 230924 15712 34977 4201 2 4 16 0 4 0 1 51306 3907 351 674 16 16
BUDGET 230924 15712 34977 4201 2 8 32 0 8 0 1 55934 12994 412 764 32 32
BUDGET 230924 15712 34977 4201 2 16 64 0 14 0 1 73236 50114 491 858 64 64
ORACLE 230924 10414 32932 5525 659280
BUDGET 230924 10414 32932 5525 6 4 16 0 0 0 0 44773 3747 279 530 16 16
BUDGET 230924 10414 32932 5525 6 8 30 0 0 0 0 44983 12303 332 604 32 32
BUDGET 230924 10414 32932 5525 6 16 54 0 1 0 0 50695 42299 385 662 56 56
ORACLE 230924 3099 49926 4921 626900
BUDGET 230924 3099 49926 4921 4 4 16 0 0 3 1 48851 2615 333 638 16 16
BUDGET 230924 3099 49926 4921 4 8 32 0 0 3 1 54341 7344 400 740 32 32
BUDGET 230924 3099 49926 4921 4 16 64 0 0 3 1 62125 27852 474 824 64 64
ORACLE 230924 6771 45636 4215 587977
BUDGET 230924 6771 45636 4215 4 4 16 0 0 0 0 65432 1864 336 644 16 16
BUDGET 230924 6771 45636 4215 4 8 32 0 0 0 0 54010 6743 398 736 32 32
BUDGET 230924 6771 45636 4215 4 16 64 0 0 0 0 63388 26329 484 844 64 64
ORACLE 230924 25011 51833 6960 668237
BUDGET 230924 25011 51833 6960 4 4 16 0 0 4 1 45385 3977 300 572 16 16
BUDGET 230924 25011 51833 6960 4 8 32 0 0 9 1 50885 15820 372 684 32 32
BUDGET 230924 25011 51833 6960 4 16 64 0 0 21 1 159698 71633 452 780 64 64
ORACLE 230924 17437 26937 6284 650314
BUDGET 230924 17437 26937 6284 6 4 16 0 0 0 0 52017 3847 285 542 16 16
BUDGET 230924 17437 26937 6284 6 8 32 0 0 0 0 42229 14176 323 586 32 32
BUDGET 230924 17437 26937 6284 6 16 64 0 0 0 0 76132 57047 403 682 64 64
ORACLE 230924 32668 60710 6723 661775
BUDGET 230924 32668 60710 6723 4 4 16 0 0 4 1 50224 3947 326 624 16 16
BUDGET 230924 32668 60710 6723 4 8 32 0 0 8 1 52377 14668 375 690 32 32
BUDGET 230924 32668 60710 6723 4 16 64 0 0 17 1 62958 92102 464 804 64 64
ORACLE 230924 28627 39234 6800 663337
BUDGET 230924 28627 39234 6800 4 4 16 0 0 3 1 41818 3626 289 550 16 16
BUDGET 230924 28627 39234 6800 4 8 32 0 0 5 1 45665 11802 344 628 32 32
BUDGET 230924 28627 39234 6800 4 16 64 0 0 9 1 58459 43672 442 760 64 64
ORACLE 230924 22873 41364 6659 683145
BUDGET 230924 22873 41364 6659 4 4 16 0 0 2 0 41678 2675 291 554 16 16
BUDGET 230924 22873 41364 6659 4 8 32 0 0 3 1 45495 8977 342 624 32 32
BUDGET 230924 22873 41364 6659 4 16 64 0 0 6 1 60212 35346 449 774 64 64
ORACLE 230924 32917 49676 6171 666914
BUDGET 230924 32917 49676 6171 4 4 16 0 0 4 1 41638 3707 290 552 16 16
BUDGET 230924 32917 49676 6171 4 8 32 0 0 8 1 46577 14056 350 640 32 32
BUDGET 230924 32917 49676 6171 4 16 64 0 0 20 1 58169 64830 437 750 64 64
ORACLE 230924 5429 28866 7454 741353
BUDGET 230924 5429 28866 7454 4 4 16 0 0 8 1 41768 5941 227 426 16 16
BUDGET 230924 5429 28866 7454 4 8 28 0 0 12 1 36538 17553 267 482 28 28
BUDGET 230924 5429 28866 7454 4 16 52 0 0 20 1 43271 62256 326 552 52 52
ORACLE 230924 17661 60455 6636 682704
BUDGET 230924 17661 60455 6636 4 4 16 0 0 4 1 43441 3837 297 566 16 16
BUDGET 230924 17661 60455 6636 4 8 32 0 0 8 1 48630 14397 365 670 32 32
BUDGET 230924 17661 60455 6636 4 16 64 0 0 20 1 62717 68308 464 804 64 64
ORACLE 230924 17440 58549 6645 683214
BUDGET 230924 17440 58549 6645 6 4 16 0 8 0 0 42279 7594 289 550 16 16
BUDGET 230924 17440 58549 6645 6 8 32 0 14 2 0 48962 29365 355 650 32 32
BUDGET 230924 17440 58549 6645 6 16 64 0 24 8 1 62406 117600 457 790 64 64
ORACLE 230924 17429 32936 6519 683435
BUDGET 230924 17429 32936 6519 4 4 16 0 0 0 0 40727 1883 283 538 16 16
BUDGET 230924 17429 32936 6519 4 8 32 0 0 0 0 42039 6872 326 592 32 32
BUDGET 230924 17429 32936 6519 4 16 64 0 0 2 0 52978 27893 408 692 64 64
ORACLE 230924 1754 39216 7272 715615
BUDGET 230924 1754 39216 7272 4 4 12 0 0 4 1 41558 3246 230 440 12 12
BUDGET 230924 1754 39216 7272 4 8 24 0 0 8 1 37019 11060 272 500 24 24
BUDGET 230924 1754 39216 7272 4 16 48 0 0 16 1 39494 48701 313 534 48 48
ORACLE 230924 10418 69352 7067 698604
BUDGET 230924 10418 69352 7067 4 4 16 0 0 8 1 46767 5882 311 594 16 16
BUDGET 230924 10418 69352 7067 4 8 32 0 0 15 1 46487 22311 352 644 32 32
BUDGET 230924 10418 69352 7067 4 16 64 0 0 29 1 56796 93845 428 732 64 64
ORACLE 230924 32920 45391 6183 645795
BUDGET 230924 32920 45391 6183 4 4 16 0 0 0 0 71113 2044 291 554 16 16
BUDGET 230924 32920 45391 6183 4 8 32 0 0 2 0 53770 9227 372 684 32 32
BUDGET 230924 32920 45391 6183 4 16 56 0 0 2 0 71604 25708 429 746 58 58
ORACLE 230924 37095 45389 7160 703844
BUDGET 230924 37095 45389 7160 4 4 16 0 0 4 1 46206 3987 305 582 16 16
BUDGET 230924 37095 45389 7160 4 8 32 0 0 8 1 45916 14266 347 634 32 32
BUDGET 230924 37095 45389 7160 4 16 62 0 0 14 1 58318 53150 441 758 64 64
ORACLE 230924 20997 32931 6398 673086
BUDGET 230924 20997 32931 6398 6 4 16 0 4 0 0 39944 5801 279 530 16 16
BUDGET 230924 20997 32931 6398 6 8 32 0 8 0 0 45454 21621 342 624 32 32
BUDGET 230924 20997 32931 6398 6 16 64 0 12 0 0 61254 77374 446 768 64 64
ORACLE 230924 19188 58560 7416 702991
BUDGET 230924 19188 58560 7416 4 4 16 0 0 4 1 39884 3867 281 534 16 16
BUDGET 230924 19188 58560 7416 4 8 32 0 0 8 1 44763 14057 342 624 32 32
BUDGET 230924 19188 58560 7416 4 16 64 0 0 14 1 63389 57858 436 748 64 64
ORACLE 230924 28631 37089 6505 672515
BUDGET 230924 28631 37089 6505 4 4 16 0 0 0 0 44924 1843 309 590 16 16
BUDGET 230924 28631 37089 6505 4 8 32 0 0 2 0 46317 8526 351 642 32 32
BUDGET 230924 28631 37089 6505 4 16 64 0 0 6 1 57818 37490 442 760 64 64
ORACLE 230924 15915 45393 6335 664018
BUDGET 230924 15915 45393 6335 4 4 16 0 0 0 0 42860 1873 300 572 16 16
BUDGET 230924 15915 45393 6335 4 8 32 0 0 1 0 44804 7353 345 630 32 32
BUDGET 230924 15915 45393 6335 4 16 64 0 0 4 1 60733 29836 452 780 64 64
ORACLE 230924 25019 32672 6484 654241
BUDGET 230924 25019 32672 6484 6 4 16 0 3 1 0 41518 5881 297 566 16 16
BUDGET 230924 25019 32672 6484 6 8 32 0 6 3 1 65081 22692 346 632 32 32
BUDGET 230924 25019 32672 6484 6 16 62 0 8 5 1 58530 77535 448 772 64 64
ORACLE 230924 28627 49930 6030 642398
BUDGET 230924 28627 49930 6030 6 4 16 0 5 0 0 51156 6361 330 632 16 16
BUDGET 230924 28627 49930 6030 6 8 30 0 8 0 0 47219 20197 369 678 32 32
BUDGET 230924 28627 49930 6030 6 16 54 0 11 1 0 78016 62687 450 792 56 56
