META 123389 246777 25661015 153889395 7403340 19244996 5326197 29
ORACLE 230923 6149 46785 1494 5562497
SHARED 230923 6149 46785 1494 70802 316 385 69 49 49 316 75 52
ROW 230923 6149 46785 1494 4 4 13 0 0 0 34574 1723 230 438 135 13 13 303 73 31
ROW 230923 6149 46785 1494 4 8 25 0 1 0 37189 5330 271 496 139 25 25 357 86 33
ROW 230923 6149 46785 1494 4 16 49 0 3 1 44823 25869 328 562 142 49 49 420 92 37
ORACLE 230923 104310 116428 1468 546339
SHARED 230923 104310 116428 1468 42109 178 269 91 20 20 178 24 32
ROW 230923 104310 116428 1468 4 4 6 0 1 0 30186 762 235 458 202 8 8 256 21 22
ROW 230923 104310 116428 1468 4 8 10 0 1 0 30166 1333 247 474 202 12 12 272 25 27
ROW 230923 104310 116428 1468 4 16 18 0 1 0 31900 3076 266 496 202 20 20 294 28 31
ORACLE 230923 22260 38211 1458 509240
SHARED 230923 22260 38211 1458 58059 316 411 54 64 64 357 88 46
ROW 230923 22260 38211 1458 4 4 16 0 7 1 32070 18685 223 418 111 16 16 307 84 28
ROW 230923 22260 38211 1458 4 8 32 0 13 1 33893 31910 263 466 118 32 32 348 85 28
ROW 230923 22260 38211 1458 4 16 64 0 26 1 81993 135593 366 608 134 64 64 474 108 37
ORACLE 230923 24606 38950 1033 488210
SHARED 230923 24606 38950 1033 54061 266 331 65 52 52 266 49 38
ROW 230923 24606 38950 1033 6 4 14 4 4 1 30357 7494 223 418 139 16 16 279 56 29
ROW 230923 24606 38950 1033 6 8 26 8 8 1 31359 25578 252 452 144 28 28 308 56 29
ROW 230923 24606 38950 1033 6 16 50 13 11 1 40405 83936 336 572 170 52 52 402 66 29
ORACLE 230923 47537 62756 1243 3588775
SHARED 230923 47537 62756 1243 71664 328 405 58 64 64 347 81 46
ROW 230923 47537 62756 1243 4 4 16 0 8 1 45024 6943 295 562 152 16 16 410 115 41
ROW 230923 47537 62756 1243 4 8 32 0 16 1 47889 25147 336 612 155 32 32 457 121 41
ROW 230923 47537 62756 1243 4 16 64 0 32 1 54472 161752 408 692 175 64 64 517 109 41
ORACLE 230923 53985 58442 1076 515182
SHARED 230923 53985 58442 1076 44573 271 369 98 49 49 271 38 47
ROW 230923 53985 58442 1076 4 4 15 0 4 1 43461 3727 320 610 223 17 17 387 67 31
ROW 230923 53985 58442 1076 4 8 27 0 7 1 43431 11402 342 630 230 29 29 400 58 31
ROW 230923 53985 58442 1076 4 16 47 0 10 1 45685 34415 383 672 236 49 49 436 53 32
ORACLE 230923 9807 29906 1043 512456
SHARED 230923 9807 29906 1043 43180 287 339 52 51 51 287 67 53
ROW 230923 9807 29906 1043 6 4 15 0 0 0 29765 3507 216 406 121 15 15 285 69 33
ROW 230923 9807 29906 1043 6 8 27 1 0 0 32040 10730 248 446 121 27 27 325 77 33
ROW 230923 9807 29906 1043 6 16 51 1 0 0 36989 37701 306 514 124 51 51 390 84 33
ORACLE 230923 9805 46781 1354 3543992
SHARED 230923 9805 46781 1354 54031 330 407 77 54 54 330 73 52
ROW 230923 9805 46781 1354 6 4 16 4 0 0 33533 7304 229 430 125 16 16 305 76 31
ROW 230923 9805 46781 1354 6 8 30 7 1 0 39303 23854 285 514 146 30 30 368 83 33
ROW 230923 9805 46781 1354 6 16 54 8 4 1 44784 67426 346 588 150 54 54 438 92 34
ORACLE 230923 26063 38205 1221 559985
SHARED 230923 26063 38205 1221 49452 314 391 68 64 64 323 64 47
ROW 230923 26063 38205 1221 4 4 16 0 4 1 31449 4418 222 416 119 16 16 297 75 28
ROW 230923 26063 38205 1221 4 8 32 0 8 1 35336 36007 276 492 129 32 32 363 87 29
ROW 230923 26063 38205 1221 4 16 64 0 16 1 44783 61094 359 594 151 64 64 443 84 34
ORACLE 230923 8437 10452 1497 515071
SHARED 230923 8437 10452 1497 56095 265 333 68 61 61 265 38 41
ROW 230923 8437 10452 1497 6 4 16 2 0 0 27842 5170 199 370 110 16 16 260 61 29
ROW 230923 8437 10452 1497 6 8 32 4 0 0 31650 18755 242 424 125 32 32 299 57 29
ROW 230923 8437 10452 1497 6 16 61 8 0 0 38181 68428 316 514 146 61 61 368 52 31
ORACLE 230923 1156 6748 1119 516474
SHARED 230923 1156 6748 1119 38652 238 291 53 36 36 238 57 52
ROW 230923 1156 6748 1119 6 4 10 0 0 0 28773 1613 205 390 132 12 12 258 53 33
ROW 230923 1156 6748 1119 6 8 18 0 0 0 28714 4749 226 416 133 20 20 283 57 33
ROW 230923 1156 6748 1119 6 16 34 0 0 0 34355 16540 276 484 136 36 36 348 72 40
ORACLE 230923 113998 121290 1680 3548921
SHARED 230923 113998 121290 1680 61555 299 371 72 32 32 299 82 65
ROW 230923 113998 121290 1680 6 4 8 0 0 0 34294 1373 241 470 141 8 8 329 88 59
ROW 230923 113998 121290 1680 6 8 16 0 0 0 35066 4338 265 502 147 16 16 355 90 61
ROW 230923 113998 121290 1680 6 16 32 0 0 0 40215 16440 301 542 149 32 32 393 92 65
ORACLE 230923 9805 38218 1476 600050
SHARED 230923 9805 38218 1476 54762 349 425 76 52 52 349 85 61
ROW 230923 9805 38218 1476 4 4 16 0 3 1 34765 3086 245 462 124 16 16 338 93 33
ROW 230923 9805 38218 1476 4 8 28 0 4 1 35646 7144 278 504 144 28 28 360 82 34
ROW 230923 9805 38218 1476 4 16 52 0 4 1 44843 21230 356 612 151 52 52 461 105 41
ORACLE 230923 4918 17654 2802 557320
SHARED 230923 4918 17654 2802 74319 368 439 71 50 50 368 99 69
ROW 230923 4918 17654 2802 6 4 12 0 0 0 42960 2404 309 594 179 14 14 415 106 54
ROW 230923 4918 17654 2802 6 8 24 0 0 0 45896 7815 338 628 180 26 26 448 110 59
ROW 230923 4918 17654 2802 6 16 48 0 0 0 72686 33622 392 688 181 50 50 507 115 65
ORACLE 230923 16841 42488 1236 515090
SHARED 230923 16841 42488 1236 47669 301 389 60 64 64 329 71 50
ROW 230923 16841 42488 1236 4 4 16 0 5 1 28764 5129 209 390 115 16 16 275 66 28
ROW 230923 16841 42488 1236 4 8 32 0 9 1 32240 17563 263 466 123 32 32 343 80 28
ROW 230923 16841 42488 1236 4 16 64 0 16 1 45004 62076 355 586 141 64 64 445 90 32
ORACLE 230923 28630 64907 1185 3574088
SHARED 230923 28630 64907 1185 53009 312 395 33 64 64 362 101 64
ROW 230923 28630 64907 1185 6 4 16 8 8 1 43100 13986 285 542 142 16 16 400 115 37
ROW 230923 28630 64907 1185 6 8 32 16 16 1 50174 52528 341 622 147 32 32 475 134 38
ROW 230923 28630 64907 1185 6 16 64 32 30 1 59972 218828 411 698 159 64 64 539 128 39
ORACLE 230923 4896 75610 1001 478162
SHARED 230923 4896 75610 1001 50785 270 351 81 44 44 270 51 43
ROW 230923 4896 75610 1001 4 4 14 0 1 0 28303 2024 202 380 128 14 14 252 50 28
ROW 230923 4896 75610 1001 4 8 26 0 2 0 34344 5310 260 472 154 26 26 318 58 31
ROW 230923 4896 75610 1001 4 16 44 0 2 0 41989 14006 319 554 169 44 44 385 66 40
ORACLE 230923 20476 31935 2252 580042
SHARED 230923 20476 31935 2252 55754 294 383 89 53 53 294 50 45
ROW 230923 20476 31935 2252 4 4 16 0 0 0 27701 1994 204 380 126 16 16 254 50 23
ROW 230923 20476 31935 2252 4 8 29 0 2 0 34334 8416 268 482 158 29 29 324 56 25
ROW 230923 20476 31935 2252 4 16 53 0 5 1 44553 25577 343 584 178 53 53 406 63 34
ORACLE 230923 10419 10600 2607 548844
SHARED 230923 10419 10600 2607 66063 388 463 75 50 50 388 107 81
ROW 230923 10419 10600 2607 6 4 12 0 0 0 3070829 2996 315 606 177 14 14 429 114 67
ROW 230923 10419 10600 2607 6 8 24 0 0 0 52799 9537 349 650 179 26 26 471 122 75
ROW 230923 10419 10600 2607 6 16 48 0 0 0 56906 37410 400 704 180 50 50 524 124 75
ORACLE 230923 12335 71250 1187 556427
SHARED 230923 12335 71250 1187 50765 297 367 54 64 64 313 66 46
ROW 230923 12335 71250 1187 6 4 16 8 8 1 45405 13605 300 572 169 16 16 403 103 37
ROW 230923 12335 71250 1187 6 8 32 16 14 1 61445 71143 336 612 175 32 32 437 101 37
ROW 230923 12335 71250 1187 6 16 64 30 26 1 57107 209961 410 696 193 64 64 503 93 37
ORACLE 230923 24998 58299 5460 720574
SHARED 230923 24998 58299 5460 83767 466 559 60 64 64 499 156 81
ROW 230923 24998 58299 5460 4 4 16 0 7 1 45695 5630 307 586 155 16 16 431 124 53
ROW 230923 24998 58299 5460 4 8 32 0 14 1 53270 22161 373 686 165 32 32 521 148 61
ROW 230923 24998 58299 5460 4 16 64 0 27 1 68288 91671 473 822 173 64 64 649 176 68
ORACLE 230923 15905 30634 4555 3700664
SHARED 230923 15905 30634 4555 70641 431 515 75 64 64 440 119 91
ROW 230923 15905 30634 4555 4 4 16 0 0 0 46627 2034 327 626 171 16 16 455 128 62
ROW 230923 15905 30634 4555 4 8 32 0 0 0 51847 7193 369 678 180 32 32 498 129 64
ROW 230923 15905 30634 4555 4 16 64 0 0 0 61996 27441 455 786 191 64 64 595 140 70
ORACLE 230923 10601 51832 5552 669760
SHARED 230923 10601 51832 5552 70040 456 557 59 64 64 498 156 83
ROW 230923 10601 51832 5552 6 4 16 8 6 1 50264 11021 306 584 148 16 16 436 130 60
ROW 230923 10601 51832 5552 6 8 32 16 13 1 51166 40655 373 686 152 32 32 534 161 68
ROW 230923 10601 51832 5552 6 16 64 29 21 1 64440 160199 469 814 167 64 64 647 178 68
ORACLE 230923 10421 37075 3822 619155
SHARED 230923 10421 37075 3822 76482 458 541 83 64 64 458 124 113
ROW 230923 10421 37075 3822 6 4 16 0 0 0 52809 4448 348 668 192 16 16 476 128 66
ROW 230923 10421 37075 3822 6 8 32 0 0 0 60833 17222 399 738 196 32 32 542 143 78
ROW 230923 10421 37075 3822 6 16 62 0 0 0 67276 62176 477 830 210 64 64 620 143 87
ORACLE 230923 15710 49931 5764 3729418
SHARED 230923 15710 49931 5764 90349 439 539 82 64 64 457 124 75
ROW 230923 15710 49931 5764 6 4 16 1 0 0 44683 4618 301 574 154 16 16 420 119 53
ROW 230923 15710 49931 5764 6 8 32 2 0 0 51646 16841 364 668 166 32 32 502 138 59
ROW 230923 15710 49931 5764 6 16 64 11 0 0 60443 75651 458 792 186 64 64 606 148 59
ORACLE 230923 15712 19410 3435 620608
SHARED 230923 15712 19410 3435 64450 412 491 74 64 64 417 108 68
ROW 230923 15712 19410 3435 6 4 16 0 0 0 44442 4379 302 576 164 16 16 412 110 50
ROW 230923 15712 19410 3435 6 8 32 0 0 0 49743 16430 348 636 172 32 32 464 116 50
ROW 230923 15712 19410 3435 6 16 64 0 0 0 58920 72405 437 750 189 64 64 561 124 62
ORACLE 230923 6773 54237 5520 751232
SHARED 230923 6773 54237 5520 68899 451 551 79 64 64 472 133 80
ROW 230923 6773 54237 5520 6 4 16 2 2 0 46307 5860 327 626 169 16 16 457 130 57
ROW 230923 6773 54237 5520 6 8 32 5 2 0 52487 24055 375 690 173 32 32 517 142 61
ROW 230923 6773 54237 5520 6 16 64 14 3 1 63399 95257 471 818 190 64 64 628 157 65
ORACLE 230923 17657 20999 4150 3652243
SHARED 230923 17657 20999 4150 67036 422 495 61 64 64 434 123 112
ROW 230923 17657 20999 4150 6 4 16 0 0 0 46296 4188 310 592 153 16 16 439 129 67
ROW 230923 17657 20999 4150 6 8 32 0 0 0 52048 14957 364 668 157 32 32 511 147 81
ROW 230923 17657 20999 4150 6 16 64 0 0 0 58770 58649 445 766 174 64 64 592 147 81
ORACLE 230923 15909 45393 5834 690979
SHARED 230923 15909 45393 5834 71333 461 573 100 64 64 473 123 70
ROW 230923 15909 45393 5834 4 4 16 0 0 0 43872 1974 304 580 160 16 16 420 116 51
ROW 230923 15909 45393 5834 4 8 32 0 0 0 49483 7113 359 658 172 32 32 486 127 55
ROW 230923 15909 45393 5834 4 16 64 0 2 0 61746 32059 475 826 207 64 64 619 144 56
ORACLE 230923 1239 25008 3816 608816
SHARED 230923 1239 25008 3816 60784 398 493 95 55 55 398 97 71
ROW 230923 1239 25008 3816 6 4 16 0 0 0 45876 4018 325 622 191 16 16 431 106 58
ROW 230923 1239 25008 3816 6 8 29 0 0 0 47428 12323 365 672 198 31 31 474 109 64
ROW 230923 1239 25008 3816 6 16 53 0 0 0 53259 40225 420 734 201 55 55 533 113 64
ORACLE 230923 28625 45642 5810 3703350
SHARED 230923 28625 45642 5810 60633 397 477 80 51 51 397 108 80
ROW 230923 28625 45642 5810 6 4 13 2 1 0 43130 4238 304 582 176 15 15 406 102 46
ROW 230923 28625 45642 5810 6 8 25 3 1 0 48731 12122 349 648 180 27 27 468 119 53
ROW 230923 28625 45642 5810 6 16 49 7 1 0 55233 44743 410 722 184 51 51 538 128 55
ORACLE 230923 28627 54232 5796 695809
SHARED 230923 28627 54232 5796 68808 430 535 105 60 60 430 103 72
ROW 230923 28627 54232 5796 4 4 16 0 2 0 45695 2755 319 610 184 16 16 426 107 49
ROW 230923 28627 54232 5796 4 8 32 0 4 1 52377 9799 390 720 198 32 32 522 132 57
ROW 230923 28627 54232 5796 4 16 58 0 5 1 56255 30457 452 788 212 60 60 576 124 58
ORACLE 230923 19411 24769 3952 612503
SHARED 230923 19411 24769 3952 66273 440 519 79 60 60 440 121 111
ROW 230923 19411 24769 3952 6 4 16 0 0 0 47208 4078 333 638 175 16 16 463 130 70
ROW 230923 19411 24769 3952 6 8 32 1 0 0 69780 15138 386 712 185 32 32 527 141 79
ROW 230923 19411 24769 3952 6 16 58 1 0 0 60022 48490 459 802 202 60 60 600 141 85
ORACLE 230923 4920 67164 5325 3662864
SHARED 230923 4920 67164 5325 74358 467 553 54 64 64 499 159 84
ROW 230923 4920 67164 5325 6 4 16 8 8 1 51726 13505 333 638 166 16 16 472 139 58
ROW 230923 4920 67164 5325 6 8 32 16 13 1 60493 49362 395 730 172 32 32 558 163 68
ROW 230923 4920 67164 5325 6 16 64 32 25 1 73908 200895 482 840 176 64 64 664 182 72
ORACLE 230923 15707 25014 5324 707500
SHARED 230923 15707 25014 5324 59862 380 455 75 64 64 380 89 78
ROW 230923 15707 25014 5324 4 4 16 0 0 0 42138 1954 296 564 149 16 16 415 119 55
ROW 230923 15707 25014 5324 4 8 32 0 0 0 45053 7204 329 598 150 32 32 448 119 58
ROW 230923 15707 25014 5324 4 16 62 0 0 0 53050 26499 420 716 184 64 64 532 112 60
ORACLE 230923 36829 41350 5771 740441
SHARED 230923 36829 41350 5771 59811 384 473 89 51 51 384 97 69
ROW 230923 36829 41350 5771 4 4 13 0 1 0 49542 2364 312 598 185 15 15 413 101 47
ROW 230923 36829 41350 5771 4 8 25 0 1 0 53780 6142 357 664 189 27 27 475 118 51
ROW 230923 36829 41350 5771 4 16 49 0 1 0 56675 20148 403 708 189 51 51 519 116 57
ORACLE 230923 1231 10610 4020 667385
SHARED 230923 1231 10610 4020 60784 319 389 70 51 51 319 74 71
ROW 230923 1231 10610 4020 4 4 13 0 0 0 61314 1403 291 556 172 15 15 384 93 45
ROW 230923 1231 10610 4020 4 8 25 0 0 0 42550 4358 315 580 174 27 27 406 91 45
ROW 230923 1231 10610 4020 4 16 49 0 0 0 47829 16551 376 654 183 51 51 471 95 45
ORACLE 230923 25010 36832 5816 656996
SHARED 230923 25010 36832 5816 62908 419 513 94 55 55 419 108 83
ROW 230923 25010 36832 5816 6 4 16 4 1 0 44583 6562 318 608 182 16 16 426 108 49
ROW 230923 25010 36832 5816 6 8 29 8 2 0 48490 41838 359 660 189 31 31 471 112 56
ROW 230923 25010 36832 5816 6 16 53 8 2 0 59300 53551 438 770 203 55 55 567 129 60
ORACLE 230923 20994 21249 5760 687773
SHARED 230923 20994 21249 5760 59050 391 467 70 64 64 397 100 79
ROW 230923 20994 21249 5760 6 4 16 0 0 0 42169 4017 296 564 148 16 16 416 120 57
ROW 230923 20994 21249 5760 6 8 32 0 0 0 45204 36178 338 616 156 32 32 460 122 57
ROW 230923 20994 21249 5760 6 16 64 0 0 0 57087 58378 426 728 180 64 64 548 122 59
ORACLE 230923 4917 23115 4130 616511
SHARED 230923 4917 23115 4130 59641 392 467 75 57 57 392 102 112
ROW 230923 4917 23115 4130 4 4 16 0 0 0 46857 1924 331 634 172 16 16 462 131 63
ROW 230923 4917 23115 4130 4 8 31 0 0 0 49463 6872 376 690 184 33 33 506 130 71
ROW 230923 4917 23115 4130 4 16 55 0 0 0 54381 3039010 424 738 187 57 57 551 127 73
ORACLE 230923 20999 41360 6300 668277
SHARED 230923 20999 41360 6300 69830 449 549 95 64 64 454 116 76
ROW 230923 20999 41360 6300 6 4 16 4 0 0 43841 6462 295 562 146 16 16 416 121 54
ROW 230923 20999 41360 6300 6 8 32 8 1 0 47689 24575 342 624 160 32 32 464 122 54
ROW 230923 20999 41360 6300 6 16 64 14 1 0 61235 113010 462 800 198 64 64 602 140 59
ORACLE 230923 24772 41360 6325 681431
SHARED 230923 24772 41360 6325 63869 422 521 99 64 64 422 98 84
ROW 230923 24772 41360 6325 6 4 16 7 2 0 44543 8045 313 598 165 16 16 433 120 52
ROW 230923 24772 41360 6325 6 8 32 13 2 0 47839 28623 349 638 168 32 32 470 121 53
ROW 230923 24772 41360 6325 6 16 62 21 3 1 82805 97702 450 776 204 64 64 572 122 60
ORACLE 230923 36836 37097 7107 710235
SHARED 230923 36836 37097 7107 70561 405 503 90 64 64 413 98 59
ROW 230923 36836 37097 7107 4 4 16 0 3 1 41317 3747 294 560 160 16 16 400 106 36
ROW 230923 36836 37097 7107 4 8 32 0 5 1 3076110 13695 343 626 167 32 32 459 116 36
ROW 230923 36836 37097 7107 4 16 64 0 9 1 65642 49502 436 748 192 64 64 556 120 40
ORACLE 230923 30634 62867 6895 742175
SHARED 230923 30634 62867 6895 94627 447 551 85 64 64 466 127 75
ROW 230923 30634 62867 6895 4 4 16 0 4 1 51927 4418 332 636 162 16 16 474 142 49
ROW 230923 30634 62867 6895 4 8 32 0 8 1 52959 16350 375 690 167 32 32 523 148 50
ROW 230923 30634 62867 6895 4 16 64 0 20 1 63629 73126 455 786 181 64 64 605 150 53
ORACLE 230923 26928 41104 6321 749748
SHARED 230923 26928 41104 6321 54983 373 453 80 53 53 373 94 61
ROW 230923 26928 41104 6321 6 4 15 1 0 0 42639 4399 302 574 174 17 17 400 98 48
ROW 230923 26928 41104 6321 6 8 27 1 0 0 43611 11772 330 606 177 29 29 429 99 48
ROW 230923 26928 41104 6321 6 16 51 1 0 0 49492 39394 393 684 178 53 53 506 113 57
ORACLE 230923 22875 54243 6809 684276
SHARED 230923 22875 54243 6809 3088622 433 533 81 64 64 452 122 77
ROW 230923 22875 54243 6809 4 4 16 0 4 1 47197 4739 299 570 148 16 16 422 123 49
ROW 230923 22875 54243 6809 4 8 32 0 8 1 50745 17082 334 608 148 32 32 460 126 49
ROW 230923 22875 54243 6809 4 16 64 0 13 1 66835 59310 450 776 181 64 64 595 145 55
ORACLE 230923 10906 15916 6413 784824
SHARED 230923 10906 15916 6413 59982 292 353 61 50 50 292 66 55
ROW 230923 10906 15916 6413 4 4 14 0 1 0 32510 1934 226 428 124 14 14 304 78 42
ROW 230923 10906 15916 6413 4 8 26 0 1 0 31589 5380 245 442 126 26 26 316 71 42
ROW 230923 10906 15916 6413 4 16 50 0 1 0 38522 19066 313 530 135 50 50 395 82 49
ORACLE 230923 3600 21259 6399 738247
SHARED 230923 3600 21259 6399 50384 260 317 57 46 46 260 56 56
ROW 230923 3600 21259 6399 4 4 16 0 0 0 33142 2094 230 432 120 16 16 312 82 48
ROW 230923 3600 21259 6399 4 8 28 0 0 0 51506 5661 263 470 131 30 30 339 76 51
ROW 230923 3600 21259 6399 4 16 44 0 0 0 40646 13365 294 500 135 46 46 365 71 51
ORACLE 230923 28624 32929 6209 3688852
SHARED 230923 28624 32929 6209 63198 396 487 91 53 53 396 100 61
ROW 230923 28624 32929 6209 6 4 15 3 0 0 44574 6161 302 574 181 17 17 393 91 42
ROW 230923 28624 32929 6209 6 8 27 3 0 0 48210 15028 337 620 183 29 29 437 100 51
ROW 230923 28624 32929 6209 6 16 51 3 0 0 57447 48360 417 732 192 53 53 540 123 58
ORACLE 230923 20994 25017 6219 767201
SHARED 230923 20994 25017 6219 63679 408 489 71 64 64 418 110 69
ROW 230923 20994 25017 6219 6 4 16 1 0 0 42018 5180 285 542 150 16 16 392 107 45
ROW 230923 20994 25017 6219 6 8 32 1 0 0 45785 17763 336 612 161 32 32 451 115 53
ROW 230923 20994 25017 6219 6 16 64 1 0 0 59812 67486 440 756 184 64 64 572 132 62
ORACLE 230923 26683 28881 6151 736514
SHARED 230923 26683 28881 6151 66264 426 535 109 64 64 426 95 74
ROW 230923 26683 28881 6151 6 4 16 4 0 0 44553 6282 305 582 156 16 16 426 121 53
ROW 230923 26683 28881 6151 6 8 32 7 0 0 48270 22392 355 650 170 32 32 480 125 55
ROW 230923 26683 28881 6151 6 16 62 10 0 0 57917 77095 453 782 211 64 64 571 118 60
ORACLE 230923 28622 58559 7043 3749275
SHARED 230923 28622 58559 7043 70672 427 525 98 61 61 427 104 62
ROW 230923 28622 58559 7043 4 4 16 0 5 1 51797 5791 329 630 182 16 16 448 119 40
ROW 230923 28622 58559 7043 4 8 32 0 9 1 53510 17562 374 688 197 32 32 491 117 44
ROW 230923 28622 58559 7043 4 16 59 0 14 1 60583 59331 443 768 200 61 61 568 125 62
ORACLE 230923 10414 62866 6287 773904
SHARED 230923 10414 62866 6287 63859 411 499 64 64 64 435 122 64
ROW 230923 10414 62866 6287 6 4 16 4 3 1 45575 8286 298 568 146 16 16 422 124 47
ROW 230923 10414 62866 6287 6 8 32 8 5 1 50494 30296 349 638 156 32 32 482 133 52
ROW 230923 10414 62866 6287 6 16 64 16 9 1 61695 123150 432 740 165 64 64 575 143 60
ORACLE 230923 1755 37092 6720 771600
SHARED 230923 1755 37092 6720 56755 349 413 57 64 64 356 86 52
ROW 230923 1755 37092 6720 4 4 16 0 5 1 34424 5000 239 450 112 16 16 338 99 45
ROW 230923 1755 37092 6720 4 8 32 0 10 1 35887 18314 276 492 112 32 32 380 104 46
ROW 230923 1755 37092 6720 4 16 64 0 18 1 46507 65713 353 582 127 64 64 455 102 47
ORACLE 230923 20996 37091 6539 6744824
SHARED 230923 20996 37091 6539 67666 420 517 83 64 64 434 112 66
ROW 230923 20996 37091 6539 4 4 16 0 0 0 42208 2134 287 546 149 16 16 397 110 44
ROW 230923 20996 37091 6539 4 8 32 0 0 0 45815 6923 331 602 154 32 32 448 117 50
ROW 230923 20996 37091 6539 4 16 64 0 0 0 61905 28033 449 774 190 64 64 584 135 62
ORACLE 230923 10906 25010 6827 745732
SHARED 230923 10906 25010 6827 52398 329 383 54 53 53 329 85 54
ROW 230923 10906 25010 6827 4 4 16 0 4 1 31048 4478 218 408 113 16 16 295 77 39
ROW 230923 10906 25010 6827 4 8 28 0 8 1 35456 13666 258 464 115 28 28 349 91 46
ROW 230923 10906 25010 6827 4 16 52 0 16 1 40856 51466 318 534 117 53 53 417 99 48
ORACLE 230923 25024 32675 7024 740732
SHARED 230923 25024 32675 7024 64431 415 515 64 64 64 451 130 61
ROW 230923 25024 32675 7024 6 4 16 4 1 0 43260 7615 299 570 150 16 16 420 121 39
ROW 230923 25024 32675 7024 6 8 32 8 3 1 48842 26639 339 618 151 32 32 467 128 39
ROW 230923 25024 32675 7024 6 16 64 16 6 1 64611 128780 453 782 177 64 64 605 152 42
ORACLE 230923 17439 32931 6202 3703229
SHARED 230923 17439 32931 6202 61685 397 475 60 64 64 415 114 68
ROW 230923 17439 32931 6202 6 4 16 1 0 0 61174 4930 294 560 143 16 16 417 123 55
ROW 230923 17439 32931 6202 6 8 32 1 0 0 48060 22341 339 618 149 32 32 469 130 59
ROW 230923 17439 32931 6202 6 16 64 2 0 0 61103 61205 424 724 162 64 64 562 138 64
ORACLE 230923 10906 17658 6978 727517
SHARED 230923 10906 17658 6978 42960 262 319 57 50 50 262 53 59
ROW 230923 10906 17658 6978 4 4 14 0 5 1 31268 3918 219 414 114 14 14 300 81 42
ROW 230923 10906 17658 6978 4 8 26 0 9 1 31439 12664 242 436 115 26 26 321 79 43
ROW 230923 10906 17658 6978 4 16 50 0 17 1 34925 46767 291 486 123 50 50 363 72 43
ORACLE 230923 41105 43501 6220 734520
SHARED 230923 41105 43501 6220 59271 364 437 73 50 50 364 96 76
ROW 230923 41105 43501 6220 4 4 12 0 0 0 42740 1412 301 578 168 14 14 410 109 49
ROW 230923 41105 43501 6220 4 8 24 0 0 0 3076290 4829 331 614 168 26 26 446 115 49
ROW 230923 41105 43501 6220 4 16 48 0 0 0 74840 15989 384 672 172 50 50 500 116 52
ORACLE 230924 6610 66901 1350 502717
SHARED 230924 6610 66901 1350 56255 258 337 35 64 64 302 70 47
ROW 230924 6610 66901 1350 4 4 16 0 8 1 33453 6432 231 434 107 16 16 327 96 38
ROW 230924 6610 66901 1350 4 8 32 0 16 1 35056 24165 273 486 115 32 32 371 98 38
ROW 230924 6610 66901 1350 4 16 64 0 31 1 43191 105316 347 570 130 64 64 440 93 44
ORACLE 230924 49833 80141 1014 538024
SHARED 230924 49833 80141 1014 59662 277 375 98 46 46 277 44 48
ROW 230924 49833 80141 1014 4 4 15 0 7 1 45695 5811 333 640 242 15 15 398 65 30
ROW 230924 49833 80141 1014 4 8 27 0 11 1 46487 17212 366 682 256 27 27 426 60 33
ROW 230924 49833 80141 1014 4 16 44 0 12 1 51166 41017 415 742 266 46 46 476 61 36
ORACLE 230924 2930 19191 1463 600541
SHARED 230924 2930 19191 1463 65903 291 367 63 64 64 304 57 48
ROW 230924 2930 19191 1463 4 4 16 0 4 1 28013 4438 190 352 95 16 16 257 67 31
ROW 230924 2930 19191 1463 4 8 32 0 5 1 32510 13105 240 420 114 32 32 306 66 31
ROW 230924 2930 19191 1463 4 16 64 0 7 1 43481 46086 337 550 141 64 64 409 72 33
ORACLE 230924 37074 67075 1177 3555002
SHARED 230924 37074 67075 1177 62156 348 447 45 64 64 402 115 68
ROW 230924 37074 67075 1177 6 4 16 8 8 1 45605 12794 320 612 176 16 16 436 116 40
ROW 230924 37074 67075 1177 6 8 32 16 16 1 51927 49112 370 680 183 32 32 497 127 41
ROW 230924 37074 67075 1177 6 16 64 32 32 1 64170 212095 468 812 199 64 64 613 145 50
ORACLE 230924 113994 123241 1068 515281
SHARED 230924 113994 123241 1068 69280 230 305 75 35 35 230 43 33
ROW 230924 113994 123241 1068 4 4 11 0 3 1 27992 2986 212 406 154 11 11 252 40 26
ROW 230924 113994 123241 1068 4 8 19 0 3 1 30968 5540 247 460 163 19 19 297 50 33
ROW 230924 113994 123241 1068 4 16 35 0 3 1 33863 14447 281 496 168 35 35 328 47 33
ORACLE 230924 9669 26148 2967 561157
SHARED 230924 9669 26148 2967 88425 290 337 47 51 51 290 71 48
ROW 230924 9669 26148 2967 4 4 15 0 6 1 30517 4849 207 388 99 15 15 289 82 37
ROW 230924 9669 26148 2967 4 8 27 0 8 1 30798 12192 237 424 99 27 27 325 88 37
ROW 230924 9669 26148 2967 4 16 51 0 10 1 36999 34234 295 492 106 51 51 386 91 37
ORACLE 230924 9802 46783 1429 504551
SHARED 230924 9802 46783 1429 66444 333 421 88 52 52 333 71 52
ROW 230924 9802 46783 1429 4 4 16 0 0 0 36077 1974 258 488 158 16 16 330 72 32
ROW 230924 9802 46783 1429 4 8 28 0 0 0 37871 5470 300 548 162 28 28 386 86 32
ROW 230924 9802 46783 1429 4 16 52 0 3 1 42479 21540 353 606 164 52 52 442 89 34
ORACLE 230924 10549 96766 1203 3566393
SHARED 230924 10549 96766 1203 47199 281 379 98 36 36 281 56 47
ROW 230924 10549 96766 1203 4 4 10 0 0 0 34665 1052 251 482 188 12 12 294 43 28
ROW 230924 10549 96766 1203 4 8 18 0 0 0 37110 2604 290 544 199 20 20 345 55 33
ROW 230924 10549 96766 1203 4 16 34 0 0 0 45264 9358 344 620 206 36 36 414 70 39
ORACLE 230924 113995 121272 1695 571536
SHARED 230924 113995 121272 1695 68287 314 395 81 32 32 314 85 62
ROW 230924 113995 121272 1695 4 4 8 0 0 0 33382 682 239 466 145 8 8 321 82 49
ROW 230924 113995 121272 1695 4 8 16 0 0 0 34394 1844 269 510 146 16 16 364 95 60
ROW 230924 113995 121272 1695 4 16 32 0 0 0 36358 7094 304 548 149 32 32 399 95 62
ORACLE 230924 36834 62754 1149 492269
SHARED 230924 36834 62754 1149 61044 300 385 41 64 64 344 88 56
ROW 230924 36834 62754 1149 4 4 16 0 6 1 63429 6281 291 554 152 16 16 402 111 33
ROW 230924 36834 62754 1149 4 8 32 0 13 1 44763 22873 338 616 160 32 32 456 118 33
ROW 230924 36834 62754 1149 4 16 64 0 24 1 52448 89557 407 690 169 64 64 521 114 34
ORACLE 230924 122196 122907 1452 502467
SHARED 230924 122196 122907 1452 52297 261 351 90 40 40 261 46 59
ROW 230924 122196 122907 1452 4 4 12 0 4 1 35396 2154 264 508 176 12 12 332 68 54
ROW 230924 122196 122907 1452 4 8 24 0 8 1 36839 7915 299 554 191 24 24 363 64 57
ROW 230924 122196 122907 1452 4 16 38 0 13 1 51727 24956 354 632 228 40 40 404 50 57
ORACLE 230924 14977 16901 1990 570524
SHARED 230924 14977 16901 1990 45465 262 311 49 50 50 262 57 48
ROW 230924 14977 16901 1990 2 4 14 5 0 1 27762 4318 198 372 114 14 14 258 60 30
ROW 230924 14977 16901 1990 2 8 26 9 0 1 29195 14687 228 408 114 26 26 294 66 30
ROW 230924 14977 16901 1990 2 16 50 17 0 1 58770 44443 291 486 121 50 50 365 74 36
ORACLE 230924 41345 71407 1027 498570
SHARED 230924 41345 71407 1027 69520 380 513 133 60 60 380 64 49
ROW 230924 41345 71407 1027 4 4 16 0 8 1 52358 6122 371 714 238 16 16 476 105 34
ROW 230924 41345 71407 1027 4 8 32 0 16 1 52247 23915 413 766 254 32 32 512 99 35
ROW 230924 41345 71407 1027 4 16 58 0 26 1 65132 84828 519 922 314 60 60 608 89 38
ORACLE 230924 34721 47371 1256 523907
SHARED 230924 34721 47371 1256 47328 198 261 63 43 43 198 25 38
ROW 230924 34721 47371 1256 4 4 14 0 4 1 31339 3907 228 428 146 16 16 282 54 27
ROW 230924 34721 47371 1256 4 8 25 0 7 1 32421 12002 257 464 163 27 27 301 44 27
ROW 230924 34721 47371 1256 4 16 41 0 7 1 33813 25347 287 492 165 43 43 327 40 27
ORACLE 230924 26664 53814 1302 3535817
SHARED 230924 26664 53814 1302 38943 220 291 71 45 45 220 30 38
ROW 230924 26664 53814 1302 4 4 13 0 4 1 32300 4508 225 424 142 15 15 282 57 28
ROW 230924 26664 53814 1302 4 8 25 0 8 1 36137 13765 258 466 161 27 27 305 47 28
ROW 230924 26664 53814 1302 4 16 43 0 10 1 38863 35656 305 524 177 45 45 347 42 28
ORACLE 230924 16903 44649 2572 615578
SHARED 230924 16903 44649 2572 58078 311 377 66 49 49 311 74 51
ROW 230924 16903 44649 2572 4 4 13 0 4 1 33713 3396 240 458 144 13 13 314 74 31
ROW 230924 16903 44649 2572 4 8 25 0 7 1 34454 11241 267 488 145 25 25 343 76 31
ROW 230924 16903 44649 2572 4 16 49 0 14 1 40956 48050 333 572 148 49 49 424 91 50
ORACLE 230924 393 2407 1894 519469
SHARED 230924 393 2407 1894 49833 229 293 64 42 42 229 41 48
ROW 230924 393 2407 1894 4 4 13 0 4 1 29846 3406 215 404 138 15 15 266 51 25
ROW 230924 393 2407 1894 4 8 24 0 5 1 33162 8155 249 450 158 26 26 292 43 27
ROW 230924 393 2407 1894 4 16 40 0 5 1 36558 18324 299 518 168 42 42 350 51 36
ORACLE 230924 8778 10420 2641 615118
SHARED 230924 8778 10420 2641 55755 333 413 80 51 51 333 76 46
ROW 230924 8778 10420 2641 6 4 13 0 0 0 34985 2415 270 514 179 15 15 335 65 30
ROW 230924 8778 10420 2641 6 8 25 0 0 0 35837 7614 300 550 186 27 27 364 64 30
ROW 230924 8778 10420 2641 6 16 49 0 0 0 49222 39424 382 666 196 51 51 470 88 39
ORACLE 230924 20842 45376 1159 3535376
SHARED 230924 20842 45376 1159 50114 298 357 59 57 57 298 63 40
ROW 230924 20842 45376 1159 6 4 16 5 5 1 29435 10169 212 396 119 16 16 277 65 30
ROW 230924 20842 45376 1159 6 8 31 9 9 1 32791 33903 259 456 139 33 33 317 58 30
ROW 230924 20842 45376 1159 6 16 55 16 14 1 45395 104465 339 568 144 57 57 424 85 39
ORACLE 230924 15112 46776 1238 520652
SHARED 230924 15112 46776 1238 51316 307 367 48 64 64 319 72 50
ROW 230924 15112 46776 1238 4 4 16 0 4 1 29875 4078 211 394 113 16 16 281 70 28
ROW 230924 15112 46776 1238 4 8 32 0 8 1 33402 14327 266 472 118 32 32 354 88 29
ROW 230924 15112 46776 1238 4 16 64 0 12 1 41838 48261 343 562 131 64 64 431 88 33
ORACLE 230924 6770 21242 3526 599017
SHARED 230924 6770 21242 3526 71423 419 483 64 56 56 419 122 98
ROW 230924 6770 21242 3526 6 4 16 0 0 0 46918 4068 328 628 172 16 16 456 128 72
ROW 230924 6770 21242 3526 6 8 30 0 0 0 48751 13004 365 670 176 32 32 494 129 74
ROW 230924 6770 21242 3526 6 16 54 0 0 0 56205 41688 426 744 176 56 56 568 142 81
ORACLE 230924 19416 47537 5678 3866384
SHARED 230924 19416 47537 5678 76072 439 531 60 64 64 471 142 81
ROW 230924 19416 47537 5678 4 4 16 0 4 1 43140 3567 291 554 141 16 16 413 122 54
ROW 230924 19416 47537 5678 4 8 32 0 7 1 52248 12753 359 658 149 32 32 509 150 59
ROW 230924 19416 47537 5678 4 16 64 0 13 1 62687 52598 448 772 162 64 64 610 162 64
ORACLE 230924 25006 26681 4899 685960
SHARED 230924 25006 26681 4899 68838 430 525 95 60 60 430 108 82
ROW 230924 25006 26681 4899 6 4 16 2 0 0 45896 4789 323 618 177 16 16 441 118 58
ROW 230924 25006 26681 4899 6 8 32 2 0 0 57988 15940 375 690 191 32 32 499 124 63
ROW 230924 25006 26681 4899 6 16 58 3 0 0 60724 50324 459 802 215 60 60 587 128 69
ORACLE 230924 12225 52073 4871 653559
SHARED 230924 12225 52073 4871 79028 461 539 44 64 64 495 162 113
ROW 230924 12225 52073 4871 6 4 16 8 4 1 48501 9578 330 632 162 16 16 470 140 67
ROW 230924 12225 52073 4871 6 8 32 15 10 1 53670 39183 385 710 168 32 32 542 157 69
ROW 230924 12225 52073 4871 6 16 64 30 17 1 65282 157093 481 838 177 64 64 661 180 76
ORACLE 230924 17674 26679 5996 888618
SHARED 230924 17674 26679 5996 61775 371 455 84 62 62 371 82 69
ROW 230924 17674 26679 5996 4 4 16 0 0 0 40195 2104 280 532 160 16 16 372 92 38
ROW 230924 17674 26679 5996 4 8 32 0 0 0 47729 7183 337 614 166 32 32 448 111 41
ROW 230924 17674 26679 5996 4 16 60 0 0 0 54672 22332 416 712 190 62 62 522 106 50
ORACLE 230924 17667 32674 5784 3672141
SHARED 230924 17667 32674 5784 66124 422 509 70 64 64 439 121 88
ROW 230924 17667 32674 5784 6 4 16 1 0 0 46297 4829 313 598 153 16 16 445 132 54
ROW 230924 17667 32674 5784 6 8 32 3 0 0 51416 18224 360 660 161 32 32 499 139 59
ROW 230924 17667 32674 5784 6 16 64 8 0 0 61404 73527 446 768 175 64 64 593 147 62
ORACLE 230924 8786 26681 4832 673917
SHARED 230924 8786 26681 4832 62987 402 487 83 64 64 404 97 89
ROW 230924 8786 26681 4832 4 4 16 0 0 0 44152 1984 307 586 161 16 16 425 118 53
ROW 230924 8786 26681 4832 4 8 32 0 0 0 49352 7173 359 658 172 32 32 486 127 64
ROW 230924 8786 26681 4832 4 16 64 0 0 0 57227 28112 438 752 198 64 64 554 116 64
ORACLE 230924 17437 45638 5007 6653243
SHARED 230924 17437 45638 5007 74619 454 557 98 64 64 459 117 93
ROW 230924 17437 45638 5007 6 4 16 5 1 0 45044 7424 311 594 160 16 16 434 123 60
ROW 230924 17437 45638 5007 6 8 32 10 2 0 55634 26198 367 674 177 32 32 497 130 65
ROW 230924 17437 45638 5007 6 16 64 18 3 1 64691 91271 473 822 209 64 64 613 140 75
ORACLE 230924 15711 54229 4964 615708
SHARED 230924 15711 54229 4964 74730 472 569 73 64 64 496 148 84
ROW 230924 15711 54229 4964 2 4 16 8 0 1 49793 6051 344 660 175 16 16 485 141 58
ROW 230924 15711 54229 4964 2 8 32 14 0 1 53550 19696 392 724 181 32 32 543 151 66
ROW 230924 15711 54229 4964 2 16 64 26 0 1 65703 81632 484 844 193 64 64 651 167 74
ORACLE 230924 20997 30873 4978 647058
SHARED 230924 20997 30873 4978 67176 444 529 74 64 64 455 127 93
ROW 230924 20997 30873 4978 6 4 16 0 0 0 43200 3918 300 572 155 16 16 417 117 58
ROW 230924 20997 30873 4978 6 8 32 0 0 0 67707 14847 356 652 164 32 32 488 132 64
ROW 230924 20997 30873 4978 6 16 64 1 0 0 62146 58079 461 798 189 64 64 609 148 77
ORACLE 230924 10421 21246 4093 6642022
SHARED 230924 10421 21246 4093 61645 386 451 65 57 57 386 104 102
ROW 230924 10421 21246 4093 6 4 16 0 0 0 45556 4227 317 606 174 16 16 432 115 57
ROW 230924 10421 21246 4093 6 8 31 0 0 0 51105 14016 360 658 182 33 33 476 116 63
ROW 230924 10421 21246 4093 6 16 55 0 0 0 58940 43431 417 724 183 57 57 541 124 71
ORACLE 230924 4921 21242 3535 603165
SHARED 230924 4921 21242 3535 62717 390 477 87 57 57 390 95 72
ROW 230924 4921 21242 3535 4 4 16 0 0 0 44693 1974 317 606 175 16 16 431 114 61
ROW 230924 4921 21242 3535 4 8 31 0 0 0 49202 6562 363 664 188 33 33 476 113 67
ROW 230924 4921 21242 3535 4 16 55 0 0 0 51806 20549 414 718 190 57 57 528 114 67
ORACLE 230924 32675 41351 5560 671101
SHARED 230924 32675 41351 5560 73768 473 585 94 64 64 491 135 81
ROW 230924 32675 41351 5560 6 4 16 8 1 0 43581 8005 308 588 149 16 16 439 131 53
ROW 230924 32675 41351 5560 6 8 32 15 1 0 48140 29475 367 674 172 32 32 502 135 61
ROW 230924 32675 41351 5560 6 16 64 28 5 1 64480 119714 477 830 198 64 64 632 155 65
ORACLE 230924 1233 32918 3959 6644727
SHARED 230924 1233 32918 3959 66013 426 489 63 59 59 426 123 104
ROW 230924 1233 32918 3959 6 4 16 0 0 0 48691 4178 328 628 169 16 16 459 131 75
ROW 230924 1233 32918 3959 6 8 32 0 0 0 52868 14748 372 684 177 32 32 507 135 79
ROW 230924 1233 32918 3959 6 16 57 0 0 0 59491 46777 443 772 184 59 59 588 145 85
ORACLE 230924 41350 45393 5849 676653
SHARED 230924 41350 45393 5849 69850 449 557 108 58 58 449 113 72
ROW 230924 41350 45393 5849 4 4 16 0 4 1 49392 4719 304 580 167 16 16 413 109 50
ROW 230924 41350 45393 5849 4 8 32 0 8 1 79829 15679 362 664 184 32 32 480 118 56
ROW 230924 41350 45393 5849 4 16 56 0 10 1 63750 40425 455 798 211 58 58 587 132 56
ORACLE 230924 14004 14183 3459 576745
SHARED 230924 14004 14183 3459 63158 404 487 63 64 64 424 117 67
ROW 230924 14004 14183 3459 6 4 16 0 0 0 72024 4098 311 594 162 16 16 432 121 59
ROW 230924 14004 14183 3459 6 8 32 1 0 0 46797 14988 356 652 167 32 32 485 129 60
ROW 230924 14004 14183 3459 6 16 64 1 0 0 55513 58840 434 744 177 64 64 567 133 62
ORACLE 230924 15712 34977 4201 598918
SHARED 230924 15712 34977 4201 74459 471 561 69 64 64 492 148 115
ROW 230924 15712 34977 4201 2 4 16 4 0 1 50064 4158 351 674 179 16 16 495 144 73
ROW 230924 15712 34977 4201 2 8 32 8 0 1 4094659 14837 412 764 185 32 32 579 167 85
ROW 230924 15712 34977 4201 2 16 64 14 0 1 72826 52588 491 858 196 64 64 662 171 89
ORACLE 230924 10414 32932 5525 645644
SHARED 230924 10414 32932 5525 52759 337 409 72 56 56 337 77 64
ROW 230924 10414 32932 5525 6 4 16 0 0 0 40315 4108 279 530 154 16 16 376 97 40
ROW 230924 10414 32932 5525 6 8 30 0 0 0 64951 13316 332 604 175 32 32 429 97 40
ROW 230924 10414 32932 5525 6 16 54 1 0 0 51436 42599 385 662 176 56 56 486 101 40
ORACLE 230924 3099 49926 4921 624816
SHARED 230924 3099 49926 4921 70352 439 545 87 64 64 458 122 105
ROW 230924 3099 49926 4921 4 4 16 0 3 1 47508 2765 333 638 175 16 16 463 130 63
ROW 230924 3099 49926 4921 4 8 32 0 3 1 53009 7764 400 740 191 32 32 549 149 74
ROW 230924 3099 49926 4921 4 16 64 0 3 1 83305 29776 474 824 204 64 64 620 146 76
ORACLE 230924 6771 45636 4215 598397
SHARED 230924 6771 45636 4215 70742 445 551 101 64 64 450 111 100
ROW 230924 6771 45636 4215 4 4 16 0 0 0 46547 1934 336 644 185 16 16 459 123 59
ROW 230924 6771 45636 4215 4 8 32 0 0 0 51185 7194 398 736 200 32 32 536 138 69
ROW 230924 6771 45636 4215 4 16 64 0 0 0 62356 28083 484 844 226 64 64 618 134 74
ORACLE 230924 25011 51833 6960 3715872
SHARED 230924 25011 51833 6960 69570 419 523 53 64 64 470 145 69
ROW 230924 25011 51833 6960 4 4 16 0 4 1 44052 4388 300 572 148 16 16 424 124 48
ROW 230924 25011 51833 6960 4 8 32 0 9 1 53099 17282 372 684 152 32 32 532 160 54
ROW 230924 25011 51833 6960 4 16 64 0 21 1 62767 96610 452 780 158 64 64 622 170 57
ORACLE 230924 17437 26937 6284 670922
SHARED 230924 17437 26937 6284 54702 351 415 52 64 64 363 92 66
ROW 230924 17437 26937 6284 6 4 16 0 0 0 40997 4057 285 542 150 16 16 392 107 40
ROW 230924 17437 26937 6284 6 8 32 0 0 0 42940 14687 323 586 153 32 32 433 110 40
ROW 230924 17437 26937 6284 6 16 64 0 0 0 51706 58690 403 682 164 64 64 518 115 45
ORACLE 230924 32668 60710 6723 699885
SHARED 230924 32668 60710 6723 74539 455 565 102 64 64 463 117 74
ROW 230924 32668 60710 6723 4 4 16 0 4 1 47038 4278 326 624 164 16 16 460 134 42
ROW 230924 32668 60710 6723 4 8 32 0 8 1 53128 15389 375 690 167 32 32 523 148 50
ROW 230924 32668 60710 6723 4 16 64 0 17 1 62487 3089814 464 804 200 64 64 604 140 50
ORACLE 230924 28627 39234 6800 688595
SHARED 230924 28627 39234 6800 65823 406 511 102 64 64 409 90 58
ROW 230924 28627 39234 6800 4 4 16 0 3 1 42469 4088 289 550 159 16 16 391 102 38
ROW 230924 28627 39234 6800 4 8 32 0 5 1 47839 12784 344 628 172 32 32 456 112 38
ROW 230924 28627 39234 6800 4 16 64 0 9 1 58629 68478 442 760 206 64 64 554 112 45
ORACLE 230924 22873 41364 6659 678796
SHARED 230924 22873 41364 6659 66524 426 525 81 64 64 444 118 58
ROW 230924 22873 41364 6659 4 4 16 0 2 0 41377 2786 291 554 148 16 16 406 115 48
ROW 230924 22873 41364 6659 4 8 32 0 3 1 45265 9167 342 624 160 32 32 464 122 53
ROW 230924 22873 41364 6659 4 16 64 0 6 1 60222 36358 449 774 185 64 64 589 140 56
ORACLE 230924 32917 49676 6171 682313
SHARED 230924 32917 49676 6171 64290 413 501 67 64 64 434 120 68
ROW 230924 32917 49676 6171 4 4 16 0 4 1 41667 4118 290 552 149 16 16 403 113 44
ROW 230924 32917 49676 6171 4 8 32 0 8 1 48000 14948 350 640 159 32 32 481 131 51
ROW 230924 32917 49676 6171 4 16 64 0 20 1 56947 67055 437 750 172 64 64 578 141 55
ORACLE 230924 5429 28866 7454 723520
SHARED 230924 5429 28866 7454 90419 325 397 72 52 52 325 75 48
ROW 230924 5429 28866 7454 4 4 16 0 8 1 33533 6772 227 426 121 16 16 305 78 37
ROW 230924 5429 28866 7454 4 8 28 0 12 1 37851 18164 267 482 126 28 28 356 89 40
ROW 230924 5429 28866 7454 4 16 52 0 20 1 3869419 68328 326 552 134 52 52 418 92 42
ORACLE 230924 17661 60455 6636 742786
SHARED 230924 17661 60455 6636 68918 433 535 49 64 64 486 155 73
ROW 230924 17661 60455 6636 4 4 16 0 4 1 43150 4228 297 566 152 16 16 414 117 50
ROW 230924 17661 60455 6636 4 8 32 0 8 1 69740 14317 365 670 157 32 32 513 148 55
ROW 230924 17661 60455 6636 4 16 64 0 20 1 60052 67145 464 804 160 64 64 644 180 57
ORACLE 230924 17440 58549 6645 675921
SHARED 230924 17440 58549 6645 69800 445 535 63 64 64 472 141 74
ROW 230924 17440 58549 6645 6 4 16 8 0 0 41577 8246 289 550 140 16 16 410 121 51
ROW 230924 17440 58549 6645 6 8 32 14 2 0 77845 31138 355 650 153 32 32 497 142 55
ROW 230924 17440 58549 6645 6 16 64 24 8 1 61334 123190 457 790 170 64 64 620 163 56
ORACLE 230924 17429 32936 6519 676382
SHARED 230924 17429 32936 6519 78406 353 427 64 64 64 363 86 65
ROW 230924 17429 32936 6519 4 4 16 0 0 0 41417 1964 283 538 153 16 16 385 102 44
ROW 230924 17429 32936 6519 4 8 32 0 0 0 43522 7213 326 592 157 32 32 435 109 44
ROW 230924 17429 32936 6519 4 16 64 0 2 0 51255 29155 408 692 174 64 64 518 110 44
ORACLE 230924 1754 39216 7272 713040
SHARED 230924 1754 39216 7272 87233 334 389 55 48 48 334 92 50
ROW 230924 1754 39216 7272 4 4 12 0 4 1 35095 3417 230 440 115 12 12 325 95 45
ROW 230924 1754 39216 7272 4 8 24 0 8 1 37600 11732 272 500 115 24 24 385 113 46
ROW 230924 1754 39216 7272 4 16 48 0 16 1 38952 50745 313 534 115 48 48 419 106 46
ORACLE 230924 10418 69352 7067 689116
SHARED 230924 10418 69352 7067 63789 415 489 58 64 64 431 123 61
ROW 230924 10418 69352 7067 4 4 16 0 8 1 3076400 6792 311 594 150 16 16 444 133 58
ROW 230924 10418 69352 7067 4 8 32 0 15 1 51856 23785 352 644 154 32 32 490 138 58
ROW 230924 10418 69352 7067 4 16 64 0 29 1 58419 94757 428 732 160 64 64 572 144 60
ORACLE 230924 32920 45391 6183 661685
SHARED 230924 32920 45391 6183 87914 409 499 90 58 58 409 102 73
ROW 230924 32920 45391 6183 4 4 16 0 0 0 42810 2014 291 554 153 16 16 401 110 44
ROW 230924 32920 45391 6183 4 8 32 0 2 0 51075 9468 372 684 188 32 32 496 124 51
ROW 230924 32920 45391 6183 4 16 56 0 2 0 78706 24717 429 746 195 58 58 551 122 51
ORACLE 230924 37095 45389 7160 702961
SHARED 230924 37095 45389 7160 84417 410 513 103 64 64 410 90 59
ROW 230924 37095 45389 7160 4 4 16 0 4 1 45545 3987 305 582 154 16 16 428 123 40
ROW 230924 37095 45389 7160 4 8 32 0 8 1 46617 15208 347 634 169 32 32 465 118 40
ROW 230924 37095 45389 7160 4 16 62 0 14 1 56075 55212 441 758 206 64 64 552 111 48
ORACLE 230924 20997 32931 6398 689707
SHARED 230924 20997 32931 6398 4488874 420 517 89 64 64 428 106 62
ROW 230924 20997 32931 6398 6 4 16 4 0 0 42940 6352 279 530 148 16 16 382 103 41
ROW 230924 20997 32931 6398 6 8 32 8 0 0 47919 23233 342 624 160 32 32 464 122 52
ROW 230924 20997 32931 6398 6 16 64 12 0 0 60924 82153 446 768 193 64 64 575 129 58
ORACLE 230924 19188 58560 7416 737406
SHARED 230924 19188 58560 7416 63909 411 511 65 64 64 446 127 59
ROW 230924 19188 58560 7416 4 4 16 0 4 1 40846 4228 281 534 143 16 16 391 110 39
ROW 230924 19188 58560 7416 4 8 32 0 8 1 46987 15158 342 624 153 32 32 471 129 49
ROW 230924 19188 58560 7416 4 16 64 0 14 1 57778 58519 436 748 164 64 64 584 148 51
ORACLE 230924 28631 37089 6505 694946
SHARED 230924 28631 37089 6505 64070 418 503 66 64 64 437 122 89
ROW 230924 28631 37089 6505 4 4 16 0 0 0 44833 2014 309 590 159 16 16 431 122 52
ROW 230924 28631 37089 6505 4 8 32 0 2 0 47349 9307 351 642 162 32 32 480 129 53
ROW 230924 28631 37089 6505 4 16 64 0 6 1 57618 40094 442 760 172 64 64 588 146 64
ORACLE 230924 15915 45393 6335 681963
SHARED 230924 15915 45393 6335 66464 436 539 87 64 64 452 119 74
ROW 230924 15915 45393 6335 4 4 16 0 0 0 42459 1954 300 572 154 16 16 418 118 49
ROW 230924 15915 45393 6335 4 8 32 0 1 0 46126 7945 345 630 160 32 32 470 125 50
ROW 230924 15915 45393 6335 4 16 64 0 4 1 71343 216694 452 780 187 64 64 593 141 59
ORACLE 230924 25019 32672 6484 700276
SHARED 230924 25019 32672 6484 64199 413 521 108 64 64 413 89 63
ROW 230924 25019 32672 6484 6 4 16 3 1 0 42689 6553 297 566 165 16 16 401 104 39
ROW 230924 25019 32672 6484 6 8 32 6 3 1 47128 24235 346 632 175 32 32 457 111 45
ROW 230924 25019 32672 6484 6 16 62 8 5 1 61434 102903 448 772 212 64 64 560 112 50
ORACLE 230924 28627 49930 6030 612733
SHARED 230924 28627 49930 6030 71714 447 551 104 56 56 447 116 67
ROW 230924 28627 49930 6030 6 4 16 5 0 0 47208 7264 330 632 193 16 16 439 109 49
ROW 230924 28627 49930 6030 6 8 30 8 0 0 49873 21490 369 678 202 32 32 476 107 53
ROW 230924 28627 49930 6030 6 16 54 11 1 0 61835 95388 450 792 206 56 56 586 136 53
