[  1%] Building CXX object CMakeFiles/mhgp7.dir/cli/mhgp7.cpp.o
[  3%] Building CXX object CMakeFiles/mhgp7_selftest.dir/tests/selftest.cpp.o
[  4%] Linking CXX executable mhgp7
[  4%] Built target mhgp7
[  6%] Building CXX object CMakeFiles/mhgp7_bad_alloc_gate.dir/tests/bad_alloc_gate.cpp.o
[  8%] Linking CXX executable mhgp7_selftest
[  8%] Built target mhgp7_selftest
[  9%] Building CXX object CMakeFiles/mhgp7_executor_pool_gate.dir/tests/executor_pool_gate.cpp.o
[ 11%] Linking CXX executable mhgp7_executor_pool_gate
[ 11%] Built target mhgp7_executor_pool_gate
[ 12%] Building CXX object CMakeFiles/mhgp7_wire_gate.dir/tests/wire_gate.cpp.o
[ 14%] Linking CXX executable mhgp7_wire_gate
[ 14%] Built target mhgp7_wire_gate
[ 16%] Building CXX object CMakeFiles/mhgp7_census_device_stub_gate.dir/tests/census_device_stub_gate.cpp.o
[ 17%] Linking CXX executable mhgp7_bad_alloc_gate
[ 17%] Built target mhgp7_bad_alloc_gate
[ 19%] Building CXX object CMakeFiles/mhgp7_pilot_stub_gate.dir/tests/pilot_stub_gate.cpp.o
[ 20%] Linking CXX executable mhgp7_census_device_stub_gate
[ 20%] Built target mhgp7_census_device_stub_gate
[ 22%] Building CXX object CMakeFiles/mhgp7_pilote_stub_check.dir/tests/pilot_cuda_stub_check.cpp.o
[ 24%] Linking CXX executable mhgp7_pilot_stub_gate
[ 24%] Built target mhgp7_pilot_stub_gate
[ 25%] Building CXX object CMakeFiles/mhgp7_pilote_stub_check_test.dir/tests/pilot_cuda_stub_check.cpp.o
[ 27%] Linking CXX executable mhgp7_pilote_stub_check
[ 27%] Built target mhgp7_pilote_stub_check
[ 29%] Building CXX object CMakeFiles/mhgp7_device_witness_stub.dir/tests/device_witness_stub.cpp.o
[ 30%] Linking CXX executable mhgp7_device_witness_stub
[ 30%] Built target mhgp7_device_witness_stub
[ 32%] Building CXX object CMakeFiles/mhgp7_conformity.dir/tests/conformity_v5.cpp.o
[ 33%] Linking CXX executable mhgp7_pilote_stub_check_test
[ 33%] Built target mhgp7_pilote_stub_check_test
[ 35%] Building CXX object CMakeFiles/mhgp7_residence_gate.dir/tests/residence_gate.cpp.o
[ 37%] Linking CXX executable mhgp7_conformity
[ 37%] Built target mhgp7_conformity
[ 38%] Building CXX object CMakeFiles/mhgp7_linked_arcs.dir/tests/linked_arcs_gate.cpp.o
[ 40%] Linking CXX executable mhgp7_linked_arcs
[ 40%] Built target mhgp7_linked_arcs
[ 41%] Building CXX object CMakeFiles/mhgp7_cell_grid_oracle.dir/tests/cell_grid_oracle.cpp.o
[ 43%] Linking CXX executable mhgp7_residence_gate
[ 43%] Built target mhgp7_residence_gate
[ 45%] Building CXX object CMakeFiles/mhgp7_sweep_fixtures.dir/tests/sweep_fixtures.cpp.o
[ 46%] Linking CXX executable mhgp7_cell_grid_oracle
[ 46%] Built target mhgp7_cell_grid_oracle
[ 48%] Building CXX object CMakeFiles/mhgp7_cover_fixture.dir/tests/cover_fixture.cpp.o
[ 50%] Linking CXX executable mhgp7_sweep_fixtures
[ 50%] Built target mhgp7_sweep_fixtures
[ 51%] Building CXX object CMakeFiles/mhgp7_profile.dir/cli/mhgp7.cpp.o
[ 53%] Linking CXX executable mhgp7_cover_fixture
[ 53%] Built target mhgp7_cover_fixture
[ 54%] Building CXX object CMakeFiles/mhgp7_profile_liveness.dir/cli/mhgp7.cpp.o
[ 56%] Linking CXX executable mhgp7_profile
[ 56%] Built target mhgp7_profile
[ 58%] Building CXX object CMakeFiles/mhgp7_wire_pack_gate.dir/tests/wire_pack_gate.cpp.o
[ 59%] Linking CXX executable mhgp7_profile_liveness
[ 59%] Built target mhgp7_profile_liveness
[ 61%] Building CXX object CMakeFiles/mhgp7_lot_ring_gate.dir/tests/lot_ring_gate.cpp.o
[ 62%] Linking CXX executable mhgp7_lot_ring_gate
[ 62%] Built target mhgp7_lot_ring_gate
[ 64%] Building CXX object CMakeFiles/mhgp7_fold_caps_gate.dir/tests/fold_caps_gate.cpp.o
[ 66%] Linking CXX executable mhgp7_wire_pack_gate
[ 66%] Built target mhgp7_wire_pack_gate
[ 67%] Building CXX object CMakeFiles/mhgp7_profile_sonde.dir/cli/mhgp7.cpp.o
[ 69%] Linking CXX executable mhgp7_fold_caps_gate
[ 69%] Built target mhgp7_fold_caps_gate
[ 70%] Building CXX object CMakeFiles/mhgp7_profil_contrat.dir/tests/profil_contrat_echec.cpp.o
[ 72%] Linking CXX executable mhgp7_profile_sonde
[ 72%] Built target mhgp7_profile_sonde
[ 74%] Building CXX object CMakeFiles/mhgp7_fold_csr_gate.dir/tests/fold_csr_gate.cpp.o
[ 75%] Linking CXX executable mhgp7_profil_contrat
[ 75%] Built target mhgp7_profil_contrat
[ 77%] Building CXX object CMakeFiles/mhgp7_perm_sort_gate.dir/tests/perm_sort_gate.cpp.o
[ 79%] Linking CXX executable mhgp7_fold_csr_gate
[ 79%] Built target mhgp7_fold_csr_gate
[ 80%] Building CXX object CMakeFiles/mhgp7_perm_residence_gate.dir/tests/perm_residence_gate.cpp.o
[ 82%] Linking CXX executable mhgp7_perm_residence_gate
[ 82%] Built target mhgp7_perm_residence_gate
[ 83%] Building CXX object CMakeFiles/mhgp7_route_c6_gate.dir/tests/route_c6_gate.cpp.o
[ 85%] Linking CXX executable mhgp7_perm_sort_gate
[ 85%] Built target mhgp7_perm_sort_gate
[ 87%] Building CXX object CMakeFiles/mhgp7_thread_failure_gate.dir/tests/thread_failure_gate.cpp.o
[ 88%] Linking CXX executable mhgp7_thread_failure_gate
[ 88%] Built target mhgp7_thread_failure_gate
[ 90%] Building CXX object CMakeFiles/mhgp7_census_direct_gate.dir/tests/census_direct_gate.cpp.o
[ 91%] Linking CXX executable mhgp7_route_c6_gate
[ 91%] Built target mhgp7_route_c6_gate
[ 93%] Building CXX object CMakeFiles/mhgp7_silent_incidence_gate.dir/tests/silent_incidence_gate.cpp.o
[ 95%] Linking CXX executable mhgp7_census_direct_gate
[ 95%] Built target mhgp7_census_direct_gate
[ 96%] Building CXX object CMakeFiles/mhgp7_archive_api_gate.dir/tests/archive_api_gate.cpp.o
[ 98%] Linking CXX executable mhgp7_archive_api_gate
[ 98%] Built target mhgp7_archive_api_gate
[100%] Linking CXX executable mhgp7_silent_incidence_gate
[100%] Built target mhgp7_silent_incidence_gate
