1/250 anisotropic_n2000_g8_easy_noise0 2026092800 1.6s
2/250 anisotropic_n2000_g8_easy_noise0 2026092801 1.2s
3/250 anisotropic_n2000_g8_easy_noise0 2026092802 1.2s
4/250 anisotropic_n2000_g8_easy_noise0 2026092803 1.2s
5/250 anisotropic_n2000_g8_easy_noise0 2026092804 1.2s
6/250 anisotropic_n2000_g8_extreme_noise0 2026092800 1.1s
7/250 anisotropic_n2000_g8_extreme_noise0 2026092801 1.0s
8/250 anisotropic_n2000_g8_extreme_noise0 2026092802 1.1s
9/250 anisotropic_n2000_g8_extreme_noise0 2026092803 1.0s
10/250 anisotropic_n2000_g8_extreme_noise0 2026092804 1.1s
11/250 anisotropic_n2000_g8_hard_noise0 2026092800 1.3s
12/250 anisotropic_n2000_g8_hard_noise0 2026092801 1.3s
13/250 anisotropic_n2000_g8_hard_noise0 2026092802 1.1s
14/250 anisotropic_n2000_g8_hard_noise0 2026092803 1.1s
15/250 anisotropic_n2000_g8_hard_noise0 2026092804 0.9s
16/250 anisotropic_n2000_g8_medium_noise0 2026092800 0.9s
17/250 anisotropic_n2000_g8_medium_noise0 2026092801 1.0s
18/250 anisotropic_n2000_g8_medium_noise0 2026092802 0.9s
19/250 anisotropic_n2000_g8_medium_noise0 2026092803 0.8s
20/250 anisotropic_n2000_g8_medium_noise0 2026092804 0.9s
21/250 bridge_n2000_g8_easy_noise0 2026092800 1.0s
22/250 bridge_n2000_g8_easy_noise0 2026092801 0.8s
23/250 bridge_n2000_g8_easy_noise0 2026092802 0.9s
24/250 bridge_n2000_g8_easy_noise0 2026092803 0.8s
25/250 bridge_n2000_g8_easy_noise0 2026092804 0.8s
26/250 bridge_n2000_g8_extreme_noise0 2026092800 0.9s
27/250 bridge_n2000_g8_extreme_noise0 2026092801 0.8s
28/250 bridge_n2000_g8_extreme_noise0 2026092802 0.8s
29/250 bridge_n2000_g8_extreme_noise0 2026092803 0.9s
30/250 bridge_n2000_g8_extreme_noise0 2026092804 0.8s
31/250 bridge_n2000_g8_hard_noise0 2026092800 0.9s
32/250 bridge_n2000_g8_hard_noise0 2026092801 0.9s
33/250 bridge_n2000_g8_hard_noise0 2026092802 0.8s
34/250 bridge_n2000_g8_hard_noise0 2026092803 0.8s
35/250 bridge_n2000_g8_hard_noise0 2026092804 0.8s
36/250 bridge_n2000_g8_medium_noise0 2026092800 0.8s
37/250 bridge_n2000_g8_medium_noise0 2026092801 0.9s
38/250 bridge_n2000_g8_medium_noise0 2026092802 0.9s
39/250 bridge_n2000_g8_medium_noise0 2026092803 0.8s
40/250 bridge_n2000_g8_medium_noise0 2026092804 0.9s
41/250 filaments_n2000_g8_easy_noise0 2026092800 0.9s
42/250 filaments_n2000_g8_easy_noise0 2026092801 0.9s
43/250 filaments_n2000_g8_easy_noise0 2026092802 0.9s
44/250 filaments_n2000_g8_easy_noise0 2026092803 0.9s
45/250 filaments_n2000_g8_easy_noise0 2026092804 0.8s
46/250 filaments_n2000_g8_extreme_noise0 2026092800 0.8s
47/250 filaments_n2000_g8_extreme_noise0 2026092801 0.8s
48/250 filaments_n2000_g8_extreme_noise0 2026092802 0.8s
49/250 filaments_n2000_g8_extreme_noise0 2026092803 0.8s
50/250 filaments_n2000_g8_extreme_noise0 2026092804 0.8s
51/250 filaments_n2000_g8_hard_noise0 2026092800 0.8s
52/250 filaments_n2000_g8_hard_noise0 2026092801 0.9s
53/250 filaments_n2000_g8_hard_noise0 2026092802 0.9s
54/250 filaments_n2000_g8_hard_noise0 2026092803 0.8s
55/250 filaments_n2000_g8_hard_noise0 2026092804 0.9s
56/250 filaments_n2000_g8_medium_noise0 2026092800 0.9s
57/250 filaments_n2000_g8_medium_noise0 2026092801 0.9s
58/250 filaments_n2000_g8_medium_noise0 2026092802 0.8s
59/250 filaments_n2000_g8_medium_noise0 2026092803 0.9s
60/250 filaments_n2000_g8_medium_noise0 2026092804 0.9s
61/250 heteroscedastic_n2000_g8_easy_noise0 2026092800 0.8s
62/250 heteroscedastic_n2000_g8_easy_noise0 2026092801 0.9s
63/250 heteroscedastic_n2000_g8_easy_noise0 2026092802 0.8s
64/250 heteroscedastic_n2000_g8_easy_noise0 2026092803 0.9s
65/250 heteroscedastic_n2000_g8_easy_noise0 2026092804 0.8s
66/250 heteroscedastic_n2000_g8_extreme_noise0 2026092800 0.9s
67/250 heteroscedastic_n2000_g8_extreme_noise0 2026092801 0.8s
68/250 heteroscedastic_n2000_g8_extreme_noise0 2026092802 0.9s
69/250 heteroscedastic_n2000_g8_extreme_noise0 2026092803 0.8s
70/250 heteroscedastic_n2000_g8_extreme_noise0 2026092804 0.8s
71/250 heteroscedastic_n2000_g8_hard_noise0 2026092800 0.8s
72/250 heteroscedastic_n2000_g8_hard_noise0 2026092801 0.8s
73/250 heteroscedastic_n2000_g8_hard_noise0 2026092802 1.0s
74/250 heteroscedastic_n2000_g8_hard_noise0 2026092803 0.8s
75/250 heteroscedastic_n2000_g8_hard_noise0 2026092804 0.8s
76/250 heteroscedastic_n2000_g8_medium_noise0 2026092800 0.9s
77/250 heteroscedastic_n2000_g8_medium_noise0 2026092801 0.9s
78/250 heteroscedastic_n2000_g8_medium_noise0 2026092802 0.8s
79/250 heteroscedastic_n2000_g8_medium_noise0 2026092803 0.9s
80/250 heteroscedastic_n2000_g8_medium_noise0 2026092804 0.8s
81/250 hierarchical_n2000_g8_easy_noise0 2026092800 0.9s
82/250 hierarchical_n2000_g8_easy_noise0 2026092801 0.9s
83/250 hierarchical_n2000_g8_easy_noise0 2026092802 1.0s
84/250 hierarchical_n2000_g8_easy_noise0 2026092803 0.9s
85/250 hierarchical_n2000_g8_easy_noise0 2026092804 1.0s
86/250 hierarchical_n2000_g8_extreme_noise0 2026092800 0.8s
87/250 hierarchical_n2000_g8_extreme_noise0 2026092801 0.9s
88/250 hierarchical_n2000_g8_extreme_noise0 2026092802 0.9s
89/250 hierarchical_n2000_g8_extreme_noise0 2026092803 0.9s
90/250 hierarchical_n2000_g8_extreme_noise0 2026092804 0.8s
91/250 hierarchical_n2000_g8_hard_noise0 2026092800 0.9s
92/250 hierarchical_n2000_g8_hard_noise0 2026092801 0.9s
93/250 hierarchical_n2000_g8_hard_noise0 2026092802 0.8s
94/250 hierarchical_n2000_g8_hard_noise0 2026092803 0.8s
95/250 hierarchical_n2000_g8_hard_noise0 2026092804 0.9s
96/250 hierarchical_n2000_g8_medium_noise0 2026092800 0.8s
97/250 hierarchical_n2000_g8_medium_noise0 2026092801 0.9s
98/250 hierarchical_n2000_g8_medium_noise0 2026092802 0.9s
99/250 hierarchical_n2000_g8_medium_noise0 2026092803 0.9s
100/250 hierarchical_n2000_g8_medium_noise0 2026092804 0.9s
101/250 shells_n2000_g8_easy_noise0 2026092800 1.1s
102/250 shells_n2000_g8_easy_noise0 2026092801 1.0s
103/250 shells_n2000_g8_easy_noise0 2026092802 2.1s
104/250 shells_n2000_g8_easy_noise0 2026092803 1.0s
105/250 shells_n2000_g8_easy_noise0 2026092804 0.9s
106/250 shells_n2000_g8_extreme_noise0 2026092800 1.0s
107/250 shells_n2000_g8_extreme_noise0 2026092801 1.0s
108/250 shells_n2000_g8_extreme_noise0 2026092802 1.0s
109/250 shells_n2000_g8_extreme_noise0 2026092803 1.0s
110/250 shells_n2000_g8_extreme_noise0 2026092804 0.9s
111/250 shells_n2000_g8_hard_noise0 2026092800 1.0s
112/250 shells_n2000_g8_hard_noise0 2026092801 0.9s
113/250 shells_n2000_g8_hard_noise0 2026092802 0.9s
114/250 shells_n2000_g8_hard_noise0 2026092803 1.0s
115/250 shells_n2000_g8_hard_noise0 2026092804 1.0s
116/250 shells_n2000_g8_medium_noise0 2026092800 1.0s
117/250 shells_n2000_g8_medium_noise0 2026092801 0.9s
118/250 shells_n2000_g8_medium_noise0 2026092802 1.0s
119/250 shells_n2000_g8_medium_noise0 2026092803 0.9s
120/250 shells_n2000_g8_medium_noise0 2026092804 1.0s
121/250 spherical_n2000_g16_hard_noise0 2026092800 0.8s
122/250 spherical_n2000_g16_hard_noise0 2026092801 0.9s
123/250 spherical_n2000_g16_hard_noise0 2026092802 0.8s
124/250 spherical_n2000_g16_hard_noise0 2026092803 0.9s
125/250 spherical_n2000_g16_hard_noise0 2026092804 0.8s
126/250 spherical_n2000_g16_medium_noise0 2026092800 0.9s
127/250 spherical_n2000_g16_medium_noise0 2026092801 0.8s
128/250 spherical_n2000_g16_medium_noise0 2026092802 0.8s
129/250 spherical_n2000_g16_medium_noise0 2026092803 0.8s
130/250 spherical_n2000_g16_medium_noise0 2026092804 0.8s
131/250 spherical_n2000_g2_medium_noise0 2026092800 0.8s
132/250 spherical_n2000_g2_medium_noise0 2026092801 0.9s
133/250 spherical_n2000_g2_medium_noise0 2026092802 0.8s
134/250 spherical_n2000_g2_medium_noise0 2026092803 0.8s
135/250 spherical_n2000_g2_medium_noise0 2026092804 0.8s
136/250 spherical_n2000_g32_medium_noise0 2026092800 0.9s
137/250 spherical_n2000_g32_medium_noise0 2026092801 0.9s
138/250 spherical_n2000_g32_medium_noise0 2026092802 0.9s
139/250 spherical_n2000_g32_medium_noise0 2026092803 1.0s
140/250 spherical_n2000_g32_medium_noise0 2026092804 0.9s
141/250 spherical_n2000_g4_hard_noise0 2026092800 0.8s
142/250 spherical_n2000_g4_hard_noise0 2026092801 0.9s
143/250 spherical_n2000_g4_hard_noise0 2026092802 0.9s
144/250 spherical_n2000_g4_hard_noise0 2026092803 0.8s
145/250 spherical_n2000_g4_hard_noise0 2026092804 0.8s
146/250 spherical_n2000_g4_medium_noise0 2026092800 0.8s
147/250 spherical_n2000_g4_medium_noise0 2026092801 0.9s
148/250 spherical_n2000_g4_medium_noise0 2026092802 0.9s
149/250 spherical_n2000_g4_medium_noise0 2026092803 0.9s
150/250 spherical_n2000_g4_medium_noise0 2026092804 0.8s
151/250 spherical_n2000_g8_easy_noise0 2026092800 0.8s
152/250 spherical_n2000_g8_easy_noise0 2026092801 0.8s
153/250 spherical_n2000_g8_easy_noise0 2026092802 0.8s
154/250 spherical_n2000_g8_easy_noise0 2026092803 0.8s
155/250 spherical_n2000_g8_easy_noise0 2026092804 0.8s
156/250 spherical_n2000_g8_extreme_noise0 2026092800 0.9s
157/250 spherical_n2000_g8_extreme_noise0 2026092801 0.8s
158/250 spherical_n2000_g8_extreme_noise0 2026092802 0.9s
159/250 spherical_n2000_g8_extreme_noise0 2026092803 0.8s
160/250 spherical_n2000_g8_extreme_noise0 2026092804 0.9s
161/250 spherical_n2000_g8_hard_noise0 2026092800 0.9s
162/250 spherical_n2000_g8_hard_noise0 2026092801 0.8s
163/250 spherical_n2000_g8_hard_noise0 2026092802 0.8s
164/250 spherical_n2000_g8_hard_noise0 2026092803 1.0s
165/250 spherical_n2000_g8_hard_noise0 2026092804 0.9s
166/250 spherical_n2000_g8_medium_noise0 2026092800 0.9s
167/250 spherical_n2000_g8_medium_noise0 2026092801 0.8s
168/250 spherical_n2000_g8_medium_noise0 2026092802 0.8s
169/250 spherical_n2000_g8_medium_noise0 2026092803 0.8s
170/250 spherical_n2000_g8_medium_noise0 2026092804 0.9s
171/250 spherical_n2000_g8_medium_noise0p1 2026092800 0.8s
172/250 spherical_n2000_g8_medium_noise0p1 2026092801 0.8s
173/250 spherical_n2000_g8_medium_noise0p1 2026092802 0.8s
174/250 spherical_n2000_g8_medium_noise0p1 2026092803 0.8s
175/250 spherical_n2000_g8_medium_noise0p1 2026092804 0.8s
176/250 spherical_n2000_g8_medium_noise0p3 2026092800 0.8s
177/250 spherical_n2000_g8_medium_noise0p3 2026092801 0.8s
178/250 spherical_n2000_g8_medium_noise0p3 2026092802 0.8s
179/250 spherical_n2000_g8_medium_noise0p3 2026092803 0.8s
180/250 spherical_n2000_g8_medium_noise0p3 2026092804 0.8s
181/250 spherical_n500_g16_hard_noise0 2026092800 0.2s
182/250 spherical_n500_g16_hard_noise0 2026092801 0.2s
183/250 spherical_n500_g16_hard_noise0 2026092802 0.2s
184/250 spherical_n500_g16_hard_noise0 2026092803 0.2s
185/250 spherical_n500_g16_hard_noise0 2026092804 0.2s
186/250 spherical_n500_g16_medium_noise0 2026092800 0.2s
187/250 spherical_n500_g16_medium_noise0 2026092801 0.2s
188/250 spherical_n500_g16_medium_noise0 2026092802 0.3s
189/250 spherical_n500_g16_medium_noise0 2026092803 0.2s
190/250 spherical_n500_g16_medium_noise0 2026092804 0.2s
191/250 spherical_n500_g4_hard_noise0 2026092800 0.2s
192/250 spherical_n500_g4_hard_noise0 2026092801 0.2s
193/250 spherical_n500_g4_hard_noise0 2026092802 0.2s
194/250 spherical_n500_g4_hard_noise0 2026092803 0.2s
195/250 spherical_n500_g4_hard_noise0 2026092804 0.2s
196/250 spherical_n500_g4_medium_noise0 2026092800 0.2s
197/250 spherical_n500_g4_medium_noise0 2026092801 0.2s
198/250 spherical_n500_g4_medium_noise0 2026092802 0.2s
199/250 spherical_n500_g4_medium_noise0 2026092803 0.2s
200/250 spherical_n500_g4_medium_noise0 2026092804 0.2s
201/250 spherical_n500_g8_medium_noise0 2026092800 0.2s
202/250 spherical_n500_g8_medium_noise0 2026092801 0.2s
203/250 spherical_n500_g8_medium_noise0 2026092802 0.2s
204/250 spherical_n500_g8_medium_noise0 2026092803 0.2s
205/250 spherical_n500_g8_medium_noise0 2026092804 0.2s
206/250 spherical_n8000_g16_hard_noise0 2026092800 6.2s
207/250 spherical_n8000_g16_hard_noise0 2026092801 6.1s
208/250 spherical_n8000_g16_hard_noise0 2026092802 6.2s
209/250 spherical_n8000_g16_hard_noise0 2026092803 6.2s
210/250 spherical_n8000_g16_hard_noise0 2026092804 6.1s
211/250 spherical_n8000_g16_medium_noise0 2026092800 6.4s
212/250 spherical_n8000_g16_medium_noise0 2026092801 6.2s
213/250 spherical_n8000_g16_medium_noise0 2026092802 6.1s
214/250 spherical_n8000_g16_medium_noise0 2026092803 6.2s
215/250 spherical_n8000_g16_medium_noise0 2026092804 6.1s
216/250 spherical_n8000_g4_hard_noise0 2026092800 6.3s
217/250 spherical_n8000_g4_hard_noise0 2026092801 6.2s
218/250 spherical_n8000_g4_hard_noise0 2026092802 6.2s
219/250 spherical_n8000_g4_hard_noise0 2026092803 6.2s
220/250 spherical_n8000_g4_hard_noise0 2026092804 6.2s
221/250 spherical_n8000_g4_medium_noise0 2026092800 6.9s
222/250 spherical_n8000_g4_medium_noise0 2026092801 6.9s
223/250 spherical_n8000_g4_medium_noise0 2026092802 6.3s
224/250 spherical_n8000_g4_medium_noise0 2026092803 6.4s
225/250 spherical_n8000_g4_medium_noise0 2026092804 6.4s
226/250 spherical_n8000_g8_medium_noise0 2026092800 6.2s
227/250 spherical_n8000_g8_medium_noise0 2026092801 6.2s
228/250 spherical_n8000_g8_medium_noise0 2026092802 6.1s
229/250 spherical_n8000_g8_medium_noise0 2026092803 6.2s
230/250 spherical_n8000_g8_medium_noise0 2026092804 6.2s
231/250 unbalanced_n2000_g8_easy_noise0 2026092800 0.8s
232/250 unbalanced_n2000_g8_easy_noise0 2026092801 0.8s
233/250 unbalanced_n2000_g8_easy_noise0 2026092802 0.9s
234/250 unbalanced_n2000_g8_easy_noise0 2026092803 0.8s
235/250 unbalanced_n2000_g8_easy_noise0 2026092804 0.8s
236/250 unbalanced_n2000_g8_extreme_noise0 2026092800 0.8s
237/250 unbalanced_n2000_g8_extreme_noise0 2026092801 0.8s
238/250 unbalanced_n2000_g8_extreme_noise0 2026092802 0.8s
239/250 unbalanced_n2000_g8_extreme_noise0 2026092803 0.8s
240/250 unbalanced_n2000_g8_extreme_noise0 2026092804 0.9s
241/250 unbalanced_n2000_g8_hard_noise0 2026092800 0.8s
242/250 unbalanced_n2000_g8_hard_noise0 2026092801 0.9s
243/250 unbalanced_n2000_g8_hard_noise0 2026092802 0.9s
244/250 unbalanced_n2000_g8_hard_noise0 2026092803 0.8s
245/250 unbalanced_n2000_g8_hard_noise0 2026092804 0.8s
246/250 unbalanced_n2000_g8_medium_noise0 2026092800 0.8s
247/250 unbalanced_n2000_g8_medium_noise0 2026092801 0.8s
248/250 unbalanced_n2000_g8_medium_noise0 2026092802 0.8s
249/250 unbalanced_n2000_g8_medium_noise0 2026092803 0.9s
250/250 unbalanced_n2000_g8_medium_noise0 2026092804 0.8s
