[  1%] Building CXX object CMakeFiles/mhgp7_selftest.dir/tests/selftest.cpp.o
[  3%] Built target mhgp7
[  5%] Building CXX object CMakeFiles/mhgp7_bad_alloc_gate.dir/tests/bad_alloc_gate.cpp.o
[  6%] Linking CXX executable mhgp7_bad_alloc_gate
[  6%] Built target mhgp7_bad_alloc_gate
[  7%] Building CXX object CMakeFiles/mhgp7_executor_pool_gate.dir/tests/executor_pool_gate.cpp.o
[  8%] Linking CXX executable mhgp7_selftest
[  8%] Built target mhgp7_selftest
[ 10%] Building CXX object CMakeFiles/mhgp7_wire_gate.dir/tests/wire_gate.cpp.o
[ 11%] Linking CXX executable mhgp7_executor_pool_gate
[ 11%] Built target mhgp7_executor_pool_gate
[ 12%] Building CXX object CMakeFiles/mhgp7_census_device_stub_gate.dir/tests/census_device_stub_gate.cpp.o
[ 14%] Linking CXX executable mhgp7_wire_gate
[ 14%] Built target mhgp7_wire_gate
[ 15%] Building CXX object CMakeFiles/mhgp7_pilot_stub_gate.dir/tests/pilot_stub_gate.cpp.o
[ 16%] Linking CXX executable mhgp7_census_device_stub_gate
[ 16%] Built target mhgp7_census_device_stub_gate
[ 17%] Building CXX object CMakeFiles/mhgp7_pilote_stub_check.dir/tests/pilot_cuda_stub_check.cpp.o
[ 19%] Linking CXX executable mhgp7_pilot_stub_gate
[ 19%] Built target mhgp7_pilot_stub_gate
[ 20%] Building CXX object CMakeFiles/mhgp7_pilote_stub_check_test.dir/tests/pilot_cuda_stub_check.cpp.o
[ 21%] Linking CXX executable mhgp7_pilote_stub_check
[ 21%] Built target mhgp7_pilote_stub_check
[ 23%] Building CXX object CMakeFiles/mhgp7_device_witness_stub.dir/tests/device_witness_stub.cpp.o
[ 24%] Linking CXX executable mhgp7_device_witness_stub
[ 24%] Built target mhgp7_device_witness_stub
[ 25%] Building CXX object CMakeFiles/mhgp7_conformity.dir/tests/conformity_v5.cpp.o
[ 26%] Linking CXX executable mhgp7_pilote_stub_check_test
[ 26%] Built target mhgp7_pilote_stub_check_test
[ 28%] Building CXX object CMakeFiles/mhgp7_residence_gate.dir/tests/residence_gate.cpp.o
[ 29%] Linking CXX executable mhgp7_conformity
[ 29%] Built target mhgp7_conformity
[ 30%] Building CXX object CMakeFiles/mhgp7_linked_arcs.dir/tests/linked_arcs_gate.cpp.o
[ 32%] Linking CXX executable mhgp7_residence_gate
[ 32%] Built target mhgp7_residence_gate
[ 33%] Building CXX object CMakeFiles/mhgp7_cell_grid_oracle.dir/tests/cell_grid_oracle.cpp.o
[ 34%] Linking CXX executable mhgp7_linked_arcs
[ 34%] Built target mhgp7_linked_arcs
[ 35%] Building CXX object CMakeFiles/mhgp7_sweep_fixtures.dir/tests/sweep_fixtures.cpp.o
[ 37%] Linking CXX executable mhgp7_cell_grid_oracle
[ 37%] Built target mhgp7_cell_grid_oracle
[ 38%] Building CXX object CMakeFiles/mhgp7_cover_fixture.dir/tests/cover_fixture.cpp.o
[ 39%] Linking CXX executable mhgp7_sweep_fixtures
[ 39%] Built target mhgp7_sweep_fixtures
[ 41%] Building CXX object CMakeFiles/mhgp7_profile.dir/cli/mhgp7.cpp.o
[ 42%] Linking CXX executable mhgp7_cover_fixture
[ 42%] Built target mhgp7_cover_fixture
[ 43%] Building CXX object CMakeFiles/mhgp7_profile_liveness.dir/cli/mhgp7.cpp.o
[ 44%] Linking CXX executable mhgp7_profile
[ 44%] Built target mhgp7_profile
[ 46%] Building CXX object CMakeFiles/mhgp7_wire_pack_gate.dir/tests/wire_pack_gate.cpp.o
[ 47%] Linking CXX executable mhgp7_profile_liveness
[ 47%] Built target mhgp7_profile_liveness
[ 48%] Building CXX object CMakeFiles/mhgp7_lot_ring_gate.dir/tests/lot_ring_gate.cpp.o
[ 50%] Linking CXX executable mhgp7_lot_ring_gate
[ 50%] Built target mhgp7_lot_ring_gate
[ 51%] Building CXX object CMakeFiles/mhgp7_fold_caps_gate.dir/tests/fold_caps_gate.cpp.o
[ 52%] Linking CXX executable mhgp7_wire_pack_gate
[ 52%] Built target mhgp7_wire_pack_gate
[ 53%] Building CXX object CMakeFiles/mhgp7_profile_sonde.dir/cli/mhgp7.cpp.o
[ 55%] Linking CXX executable mhgp7_fold_caps_gate
[ 55%] Built target mhgp7_fold_caps_gate
[ 56%] Building CXX object CMakeFiles/mhgp7_profil_contrat.dir/tests/profil_contrat_echec.cpp.o
[ 57%] Linking CXX executable mhgp7_profile_sonde
[ 57%] Built target mhgp7_profile_sonde
[ 58%] Building CXX object CMakeFiles/mhgp7_fold_csr_gate.dir/tests/fold_csr_gate.cpp.o
[ 60%] Linking CXX executable mhgp7_profil_contrat
[ 60%] Built target mhgp7_profil_contrat
[ 61%] Building CXX object CMakeFiles/mhgp7_perm_sort_gate.dir/tests/perm_sort_gate.cpp.o
[ 62%] Linking CXX executable mhgp7_fold_csr_gate
[ 62%] Built target mhgp7_fold_csr_gate
[ 64%] Building CXX object CMakeFiles/mhgp7_perm_residence_gate.dir/tests/perm_residence_gate.cpp.o
[ 65%] Linking CXX executable mhgp7_perm_residence_gate
[ 65%] Built target mhgp7_perm_residence_gate
[ 66%] Building CXX object CMakeFiles/mhgp7_route_c6_gate.dir/tests/route_c6_gate.cpp.o
[ 67%] Linking CXX executable mhgp7_perm_sort_gate
[ 67%] Built target mhgp7_perm_sort_gate
[ 69%] Building CXX object CMakeFiles/mhgp7_thread_failure_gate.dir/tests/thread_failure_gate.cpp.o
[ 70%] Linking CXX executable mhgp7_thread_failure_gate
[ 70%] Built target mhgp7_thread_failure_gate
[ 71%] Building CXX object CMakeFiles/mhgp7_census_direct_gate.dir/tests/census_direct_gate.cpp.o
[ 73%] Linking CXX executable mhgp7_route_c6_gate
[ 73%] Built target mhgp7_route_c6_gate
[ 74%] Building CXX object CMakeFiles/mhgp7_silent_incidence_gate.dir/tests/silent_incidence_gate.cpp.o
[ 75%] Linking CXX executable mhgp7_census_direct_gate
[ 75%] Built target mhgp7_census_direct_gate
[ 76%] Building CXX object CMakeFiles/mhgp7_archive_api_gate.dir/tests/archive_api_gate.cpp.o
[ 78%] Linking CXX executable mhgp7_archive_api_gate
[ 78%] Built target mhgp7_archive_api_gate
[ 79%] Building CXX object CMakeFiles/mhgp7_archive_cleanup_gate.dir/tests/archive_cleanup_gate.cpp.o
[ 80%] Linking CXX executable mhgp7_silent_incidence_gate
[ 80%] Built target mhgp7_silent_incidence_gate
[ 82%] Building CXX object CMakeFiles/mhgp7_mono_inline_gate.dir/tests/mono_inline_gate.cpp.o
[ 83%] Linking CXX executable mhgp7_archive_cleanup_gate
[ 83%] Built target mhgp7_archive_cleanup_gate
[ 84%] Building CXX object CMakeFiles/mhgp7_axis_bounds_gate.dir/tests/axis_bounds_gate.cpp.o
[ 85%] Linking CXX executable mhgp7_axis_bounds_gate
[ 85%] Built target mhgp7_axis_bounds_gate
[ 87%] Building CXX object CMakeFiles/mhgp7_arithmetic_integer_gate.dir/tests/arithmetic_integer_gate.cpp.o
[ 88%] Linking CXX executable mhgp7_arithmetic_integer_gate
[ 88%] Built target mhgp7_arithmetic_integer_gate
[ 89%] Building CXX object CMakeFiles/mhgp7_arithmetic_lanes_gate.dir/tests/arithmetic_lanes_gate.cpp.o
[ 91%] Linking CXX executable mhgp7_arithmetic_lanes_gate
[ 91%] Built target mhgp7_arithmetic_lanes_gate
[ 92%] Building CXX object CMakeFiles/mhgp7_meb_lazy_gate.dir/tests/meb_lazy_gate.cpp.o
[ 93%] Linking CXX executable mhgp7_meb_lazy_gate
[ 93%] Built target mhgp7_meb_lazy_gate
[ 94%] Building CXX object CMakeFiles/mhgp7_witness_stack_gate.dir/tests/witness_stack_gate.cpp.o
[ 96%] Linking CXX executable mhgp7_mono_inline_gate
[ 96%] Built target mhgp7_mono_inline_gate
[ 97%] Building CXX object CMakeFiles/mhgp7_witness_stack_semantic_gate.dir/tests/witness_stack_gate.cpp.o
[ 98%] Linking CXX executable mhgp7_witness_stack_gate
[ 98%] Built target mhgp7_witness_stack_gate
[100%] Linking CXX executable mhgp7_witness_stack_semantic_gate
[100%] Built target mhgp7_witness_stack_semantic_gate
