$ /usr/bin/cmake --build $HOME/ehgp-v12/ehgp-v12.LmS9iFbFLg/build/t1b/mutants/un_fil_par_feuille/b -j 44 --target mhgp12_catalogue_probe --target mhgp12_catalogue_device_unit
[  0%] Building CXX object CMakeFiles/mhgp12.dir/src/core/buffer.cpp.o
[  4%] Building CXX object CMakeFiles/mhgp12.dir/src/core/ledger.cpp.o
[  8%] Building CXX object CMakeFiles/mhgp12.dir/src/num/predicates.cpp.o
[  4%] Building CXX object CMakeFiles/mhgp12.dir/src/num/sphere.cpp.o
[ 12%] Building CXX object CMakeFiles/mhgp12.dir/src/num/center_region.cpp.o
[ 16%] Building CXX object CMakeFiles/mhgp12.dir/src/num/lattice.cpp.o
[ 16%] Building CXX object CMakeFiles/mhgp12.dir/src/num/local.cpp.o
[ 24%] Building CXX object CMakeFiles/mhgp12.dir/src/num/guard.cpp.o
[ 24%] Building CXX object CMakeFiles/mhgp12.dir/src/num/centers.cpp.o
[ 24%] Building CXX object CMakeFiles/mhgp12.dir/src/num/big.cpp.o
[ 28%] Building CXX object CMakeFiles/mhgp12.dir/src/num/rational.cpp.o
[ 28%] Building CXX object CMakeFiles/mhgp12.dir/src/cloud/cloud.cpp.o
[ 36%] Building CXX object CMakeFiles/mhgp12.dir/src/num/radical.cpp.o
[ 36%] Building CXX object CMakeFiles/mhgp12.dir/src/sched/pool.cpp.o
[ 36%] Building CXX object CMakeFiles/mhgp12.dir/src/num/roots.cpp.o
[ 44%] Building CXX object CMakeFiles/mhgp12.dir/src/io/sha256.cpp.o
[ 44%] Building CXX object CMakeFiles/mhgp12.dir/src/io/input.cpp.o
[ 48%] Building CXX object CMakeFiles/mhgp12.dir/src/io/directory.cpp.o
[ 52%] Building CXX object CMakeFiles/mhgp12.dir/src/index/census_workspace.cpp.o
[ 52%] Building CXX object CMakeFiles/mhgp12.dir/src/io/writer.cpp.o
[ 52%] Building CXX object CMakeFiles/mhgp12.dir/src/index/census.cpp.o
[ 56%] Building CXX object CMakeFiles/mhgp12.dir/src/index/build.cpp.o
[ 64%] Building CXX object CMakeFiles/mhgp12.dir/src/catalogue/leaves.cpp.o
[ 64%] Building CXX object CMakeFiles/mhgp12.dir/src/catalogue/traversal.cpp.o
[ 64%] Building CXX object CMakeFiles/mhgp12.dir/src/catalogue/assemble.cpp.o
[ 72%] Building CXX object CMakeFiles/mhgp12.dir/src/catalogue/table.cpp.o
[ 72%] Building CUDA object CMakeFiles/mhgp12.dir/src/catalogue/device_cuda.cu.o
[ 76%] Building CXX object CMakeFiles/mhgp12.dir/src/catalogue/export.cpp.o
[ 76%] Building CUDA object CMakeFiles/mhgp12.dir/src/catalogue/device_leaf.cu.o
[ 76%] Building CXX object CMakeFiles/mhgp12.dir/src/catalogue/catalogue.cpp.o
[ 80%] Building CXX object CMakeFiles/mhgp12.dir/src/tower/supports.cpp.o
[ 80%] Building CXX object CMakeFiles/mhgp12.dir/src/tower/cells_stage.cpp.o
[ 84%] Building CXX object CMakeFiles/mhgp12.dir/src/tower/cells.cpp.o
[ 88%] Building CXX object CMakeFiles/mhgp12.dir/src/tower/populations.cpp.o
[ 88%] Building CXX object CMakeFiles/mhgp12.dir/src/tower/stage.cpp.o
[ 92%] Building CXX object CMakeFiles/mhgp12.dir/src/tower/resolve.cpp.o
[ 96%] Linking CXX static library libmhgp12.a
[ 96%] Built target mhgp12
[ 96%] Building CXX object CMakeFiles/mhgp12_catalogue_probe.dir/bench/catalogue_probe.cpp.o
[100%] Linking CXX executable mhgp12_catalogue_probe
[100%] Built target mhgp12_catalogue_probe
Consolidate compiler generated dependencies of target mhgp12
[ 88%] Built target mhgp12
[ 92%] Building CXX object CMakeFiles/mhgp12_catalogue_device_unit.dir/tests/catalogue/device_unit.cpp.o
[ 96%] Building CXX object CMakeFiles/mhgp12_catalogue_device_unit.dir/tests/catalogue/device_pipeline_test.cpp.o
[ 96%] Building CXX object CMakeFiles/mhgp12_catalogue_device_unit.dir/tests/catalogue/device_finish_test.cpp.o
[100%] Linking CXX executable mhgp12_catalogue_device_unit
[100%] Built target mhgp12_catalogue_device_unit

--- stderr ---
