{
  "FULL_executed": true,
  "GPU_executed": true,
  "capture_status": "completed",
  "case_count": 6,
  "contract_certified": false,
  "cost": {
    "billed_cost_usd": null,
    "generation": "2026-09-26T22:45:14.960-07:00",
    "machine": "g4-standard-48",
    "provisioning": "SPOT",
    "reason": "No billing export or verified hourly rate; elapsed allocation is not an invoice",
    "stopped": "2026-09-26T22:49:23.313-07:00",
    "vm_elapsed_hours": 0.06898694444444445,
    "vm_elapsed_seconds": 248.353
  },
  "detailed_ledgers_scope": "First frame only; do not attribute a warm-frame change to these first-frame ledgers",
  "direct_same_core_engine_comparisons": 4,
  "frame_scope": "Identical input four times per GPU process; only two independent processes per arm",
  "global_subquadratic_claim": false,
  "host_receipt_sha256": "32881ae863407d604a02b50c0a26859dd107c6ff334c66a95127a1992dd12695",
  "manifest_sha256": "71463c8b200d484437e758749899f6f5a2f5f1f560e8a5d48c63a01f4892c03d",
  "paired_comparisons": [
    {
      "first_certificate_kernel_off_minus_on_ms": 57.367000000000004,
      "first_chain_off_minus_on_ms": 43.858999999999924,
      "off": 1,
      "on": 0,
      "repeat": 0,
      "warm_chain_off_minus_on_ms": 48.581999999999994
    },
    {
      "first_certificate_kernel_off_minus_on_ms": 57.35700000000001,
      "first_chain_off_minus_on_ms": 57.702,
      "off": 2,
      "on": 3,
      "repeat": 1,
      "warm_chain_off_minus_on_ms": 56.456999999999994
    }
  ],
  "plan_sha256": "ef459d6abe21c866a423eaa6c6b2859287670c1a654e9e4631c08a6b735afded",
  "protocol_replayed": true,
  "public_status": "not_claimed",
  "rows": [
    {
      "case": {
        "file": "data/scene_00.u32le",
        "frames": 4,
        "k": 5,
        "levers": {
          "atlas_saturate_deep": true,
          "device_session": true,
          "q2_during_device": true,
          "q2_early_census": true,
          "q2_jobs_by_mass": true,
          "q34_batch_certificates": true,
          "q34_batch_filter": true,
          "q34_batch_q3": true,
          "q34_batch_q4": true,
          "q34_dead_core": true,
          "q34_dead_lanes": true,
          "q34_fine_jobs": true,
          "q34_gpu_certificates": true,
          "q34_gpu_filter": true,
          "q34_gpu_q3": true,
          "q34_jobs_by_mass": true,
          "q34_lanes_fused": false,
          "q34_lanes_pinned": true,
          "q34_witness_cache": true,
          "q3_interior_payload": false,
          "q3_leaf_census": true,
          "tower_hash_grouping": true,
          "tower_meb_proposal": true,
          "tower_overlap_static": true,
          "tower_persistent_pool": true,
          "tower_pipelined_tail": true,
          "tower_sealed_catalogue": true
        },
        "n": 39885,
        "repeat": 0,
        "s": 8,
        "scene": "00",
        "static_threads": 48,
        "workers": 48
      },
      "catalogue": {
        "balls": 1306696,
        "by_qmin": [
          456919,
          691283,
          158494
        ],
        "by_shell": [
          0,
          0,
          456695,
          691505,
          158494,
          2,
          0,
          0,
          0,
          0,
          0,
          0,
          0,
          0,
          0,
          0,
          0
        ],
        "bytes": 292699904,
        "census_leaf_tests": 6097121,
        "census_nodes": 100689614,
        "early_census_extra_shell_balls": 224,
        "early_census_keys": 456919,
        "euler": {
          "by_k": [
            1,
            1,
            1,
            151415,
            -560284
          ],
          "checkable_max_k": 3,
          "status": "holds"
        },
        "extra_shell_balls": 227,
        "max_interior": 4,
        "max_shell": 5,
        "payload_fallback_keys": 0,
        "payload_ids": 0,
        "payload_keys": 0,
        "q2_presentations": 456919,
        "q3_presentations": 691284,
        "q4_presentations": 158496,
        "regular_supports": [
          456695,
          691282,
          158492
        ],
        "shell_over_12": 0,
        "unique_keys": 1306696
      },
      "catalogue_digest": "5ad1fe09354411ba",
      "frame_times_ms": {
        "census_ms": [
          102.965,
          103.252,
          103.271,
          103.305
        ],
        "chain_total_ms": [
          946.725,
          908.239,
          923.3,
          924.161
        ],
        "lanes_transfer_ms": [
          4.837,
          2.907,
          2.911,
          2.906
        ],
        "q34_ms": [
          487.264,
          471.327,
          481.764,
          478.751
        ],
        "tower_ms": [
          303.985,
          280.048,
          283.341,
          286.75
        ]
      },
      "generator": {
        "q2_accepted_pairs": 456919,
        "q2_candidate_pairs": 9159254,
        "q2_front_rectangles": 960535,
        "q34_cover_builds": 900377,
        "q34_expanded_pairs": 23686751,
        "q3_emitted": 691284,
        "q4_emitted": 158496
      },
      "index": 0,
      "input": {
        "format": "u32le",
        "grid": "1mm",
        "hash": "5c785760053d17ce",
        "sites": 39885
      },
      "ledger": {
        "atlas_block_bounds": 0,
        "atlas_cells": 0,
        "atlas_deep_cells": 0,
        "atlas_ids_copied": 0,
        "atlas_leaf_cells": 0,
        "atlas_node_visits": 0,
        "atlas_outside_cells": 0,
        "atlas_point_tests": 0,
        "atlas_splits": 0,
        "both_edges": 569448,
        "core_builds": 2043612,
        "core_closed_edges": 1143235,
        "core_cover_bound_tests": 342114317,
        "core_cover_node_visits": 417095956,
        "core_cover_point_tests": 74981639,
        "core_sites": 359707275,
        "cover_builds": 900377,
        "cover_node_visits": 123528237,
        "cover_sites": 251972209,
        "dead_cells": 32739183,
        "dead_core_cells": 60575576,
        "dead_core_deep_cells": 11910689,
        "dead_core_failed_cells": 1634186,
        "dead_core_form_sites": 355620051,
        "dead_core_loads": 2043612,
        "dead_core_outside_cells": 30545940,
        "dead_core_point_tests": 4039001,
        "dead_core_q3_open": 876644,
        "dead_core_q3_proved": 839998,
        "dead_core_q4_open": 763298,
        "dead_core_q4_proved": 1108870,
        "dead_core_uniform_tests": 517856363,
        "dead_deep_cells": 9750481,
        "dead_failed_cells": 1261606,
        "dead_form_sites": 250171455,
        "dead_loads": 900377,
        "dead_outside_cells": 12351719,
        "dead_point_tests": 11416260,
        "dead_q3_open": 701678,
        "dead_q3_proved": 174966,
        "dead_q4_open": 576456,
        "dead_q4_proved": 186842,
        "dead_uniform_tests": 940498239,
        "expanded_pairs": 23686751,
        "lanes4_bucket_events": 3334608,
        "lanes4_buffered_events": 9129566,
        "lanes4_candidates": 285814,
        "lanes4_certified": 6253220,
        "lanes4_certified_chunk1": 5719526,
        "lanes4_compare_steps": 475299,
        "lanes4_constant_shell_sites": 2619293,
        "lanes4_depth_rejected_groups": 184911,
        "lanes4_edges": 576456,
        "lanes4_emitted": 158496,
        "lanes4_emitting_seeds": 130814,
        "lanes4_filter_steps": 842469,
        "lanes4_foreign_candidates": 0,
        "lanes4_group_steps": 1395718,
        "lanes4_groups": 470724,
        "lanes4_groups_without_valid": 127317,
        "lanes4_list_steps": 4958219,
        "lanes4_live_buckets": 3668184,
        "lanes4_max_buffered": 813,
        "lanes4_max_emissions_per_seed": 6,
        "lanes4_max_group": 2,
        "lanes4_multi_emission_seeds": 23912,
        "lanes4_pass_chunks": 11680121,
        "lanes4_pass_site_tests": 353413064,
        "lanes4_positivity_tests": 285814,
        "lanes4_seeds": 7126317,
        "lanes4_shell_ids": 633988,
        "lanes4_survivors": 873097,
        "lanes_acute_sites": 27960941,
        "lanes_census_inside_sites": 35860469,
        "lanes_census_outside_sites": 34545964,
        "lanes_census_point_tests": 89758300,
        "lanes_census_seeds": 9318486,
        "lanes_census_shell_sites": 19351867,
        "lanes_cover_node_visits": 82167638,
        "lanes_cover_sites": 91079913,
        "lanes_depth_rejections": 8627202,
        "lanes_edges": 708686,
        "lanes_emitted": 691284,
        "lanes_owner_rejections": 18151566,
        "lanes_pruned_sites": 40914459,
        "lanes_q3_edges": 701678,
        "lanes_seed_tests": 91079913,
        "lanes_seeds": 9809375,
        "lanes_shell_ids": 2073854,
        "q34_input_rectangles": 3133819,
        "q3_atlas_edges": 0,
        "q3_atlas_locations": 0,
        "q3_atlas_outside_domain": 0,
        "q3_atlas_rejections": 0,
        "q3_ball_builds": 0,
        "q3_census_bounds": 0,
        "q3_census_point_tests": 0,
        "q3_depth_rejections": 0,
        "q3_edge_queries": 0,
        "q3_edges": 701678,
        "q3_leaf_censuses": 0,
        "q3_leaf_point_tests": 0,
        "q3_leaf_rejections": 0,
        "q3_lower_bound_fallbacks": 0,
        "q3_seed_bound_tests": 0,
        "q3_seed_node_visits": 0,
        "q3_seed_point_tests": 0,
        "q3_seeds": 0,
        "q4_cover_decomposition_node_visits": 0,
        "q4_domain_node_visits": 0,
        "q4_edges": 576456,
        "q4_geometry_preparations": 0,
        "q4_live_leaves": 0,
        "q4_seed_cell_queries": 0,
        "q4_seed_node_visits": 0,
        "q4_seeds": 0,
        "q4_sweep_active_sites": 0,
        "q4_sweep_events": 0,
        "q4_whole_atlas_skips": 0,
        "witness_cache_node_tests": 0,
        "witness_cache_queries": 0,
        "witness_cache_rejected_pairs": 0,
        "witness_input_pair_mass": 103861099,
        "witness_pair_node_visits": 1110657775,
        "witness_pair_queries": 23686751,
        "witness_rect_node_visits": 229928699,
        "witness_rect_queries": 3133819,
        "witness_rejected_pairs": 21643139,
        "witness_rejected_rectangles": 2005653
      },
      "orders": [
        {
          "K": 1,
          "births": 39885,
          "contributions": 39885,
          "merges": 39796,
          "nodes": 79681,
          "parents": 79680
        },
        {
          "K": 2,
          "births": 101089,
          "contributions": 101089,
          "merges": 77038,
          "nodes": 178127,
          "parents": 178126
        },
        {
          "K": 3,
          "births": 166228,
          "contributions": 166228,
          "merges": 119682,
          "nodes": 285910,
          "parents": 285909
        },
        {
          "K": 4,
          "births": 249493,
          "contributions": 249493,
          "merges": 172168,
          "nodes": 421661,
          "parents": 421660
        },
        {
          "K": 5,
          "births": 341081,
          "contributions": 341081,
          "merges": 235290,
          "nodes": 576371,
          "parents": 576370
        }
      ],
      "presentation_digest": "a2aa4b20ca392dfe",
      "process_elapsed_seconds": 6.042775235000008,
      "process_median_ms": {
        "census_ms": 103.2615,
        "chain_total_ms": 923.7304999999999,
        "lanes_transfer_ms": 2.909,
        "q34_ms": 480.2575,
        "tower_ms": 285.0455
      },
      "q34_batch": {
        "backend": "NVIDIA RTX PRO 6000 Blackwell Server Edition",
        "certificate_backend": "NVIDIA RTX PRO 6000 Blackwell Server Edition",
        "certificate_device_ms": 92.347,
        "certificate_kernel_ms": 90.438,
        "certificate_ms": 118.615,
        "certificate_transfer_ms": 1.91,
        "certificate_warps": 3008,
        "deferred": 0,
        "device_ms": 72.71,
        "edges_ms": 1.554,
        "filter_kernel_ms": 64.678,
        "filter_ms": 101.017,
        "filter_transfer_ms": 8.031,
        "front_ms": 98.959,
        "gpu_prepare_ms": 13.828,
        "gpu_prepare_wait_ms": 0.0,
        "gpu_stage_b_ms": 0.05,
        "judged_edges": 0,
        "lanes_asked": 708686,
        "lanes_backend": "NVIDIA RTX PRO 6000 Blackwell Server Edition",
        "lanes_compact_ms": 1.02,
        "lanes_convert_ms": 9.023,
        "lanes_decided": 708686,
        "lanes_deferred": 0,
        "lanes_device_ms": 59.814,
        "lanes_download_copy_ms": 1.933,
        "lanes_download_ms": 2.461,
        "lanes_finish_ms": 3.169,
        "lanes_fused_census_chunks": 0,
        "lanes_fused_chunks": 0,
        "lanes_fused_fallbacks": 0,
        "lanes_fused_q3_chunks": 0,
        "lanes_fused_seeds": 0,
        "lanes_host_alloc_ms": 0.001,
        "lanes_judged": 0,
        "lanes_kernel_ms": 54.977,
        "lanes_max_task_steps": 5810,
        "lanes_ms": 81.112,
        "lanes_pinned": true,
        "lanes_pinned_allocations": 0,
        "lanes_pinned_bytes": 256000000,
        "lanes_pinned_reserve_ms": 0.0,
        "lanes_pinned_reserve_records": 2000000,
        "lanes_plan_ms": 15.383,
        "lanes_records": 849780,
        "lanes_setup_ms": 3.197,
        "lanes_task_ms": 38.574,
        "lanes_tasks": 2009427,
        "lanes_transfer_ms": 4.837,
        "lanes_upload_ms": 2.377,
        "lanes_wait_ms": 79.643,
        "lanes_warps": 3008,
        "rebuilt_covers": 0,
        "rectangles": 3133819,
        "survivors": 2043612,
        "tail_ms": 4.331,
        "used": true
      },
      "times_ms": {
        "catalogue_digest": 290.06,
        "census": 102.965,
        "chain_total": 946.725,
        "digest": 191.726,
        "gen_index": 11.715,
        "merge": 28.133,
        "prepare": 0.889,
        "q2": 105.837,
        "q2_census": 70.953,
        "q2_census_index": 11.439,
        "q2_census_wait": 0.0,
        "q2_wait": 0.0,
        "q34": 487.264,
        "read": 1.167,
        "tower": 303.985,
        "tower_index": 0.0
      },
      "tower_digest": "67450c64611075b1",
      "tower_phases_ms": {
        "bank": 0.911,
        "encode": 48.343,
        "encode_by_k": [
          2.113,
          8.415,
          15.076,
          38.86,
          48.264
        ],
        "images": 15.446,
        "images_by_k": [
          0.0,
          0.0,
          0.0,
          0.0,
          15.386
        ],
        "lots": 105.554,
        "lots_by_k": [
          73.57,
          50.429,
          78.035,
          107.667,
          151.418
        ],
        "order_by_k": [
          0.0,
          0.0,
          0.0,
          0.0,
          0.0
        ],
        "populations": 11.55,
        "static": 86.012,
        "static_by_k": [
          0.0,
          7.462,
          14.786,
          23.811,
          39.952
        ],
        "static_collect_by_k": [
          0.0,
          2.629,
          3.702,
          5.042,
          7.874
        ],
        "static_groups_by_k": [
          0.0,
          1.47,
          2.329,
          3.455,
          4.97
        ],
        "static_resolve_by_k": [
          0.0,
          2.966,
          7.15,
          14.359,
          26.281
        ],
        "static_sort_by_k": [
          0.0,
          0.379,
          1.592,
          0.94,
          0.813
        ],
        "validate": 34.774,
        "validate_parts": [
          1.392,
          1.846,
          4.718,
          0.451,
          1.199,
          9.464,
          4.748,
          10.955
        ]
      },
      "warm_median_ms": {
        "census_ms": 103.271,
        "chain_total_ms": 923.3,
        "lanes_transfer_ms": 2.907,
        "q34_ms": 478.751,
        "tower_ms": 283.341
      }
    },
    {
      "case": {
        "file": "data/scene_00.u32le",
        "frames": 4,
        "k": 5,
        "levers": {
          "atlas_saturate_deep": true,
          "device_session": true,
          "q2_during_device": true,
          "q2_early_census": true,
          "q2_jobs_by_mass": true,
          "q34_batch_certificates": true,
          "q34_batch_filter": true,
          "q34_batch_q3": true,
          "q34_batch_q4": true,
          "q34_dead_core": false,
          "q34_dead_lanes": true,
          "q34_fine_jobs": true,
          "q34_gpu_certificates": true,
          "q34_gpu_filter": true,
          "q34_gpu_q3": true,
          "q34_jobs_by_mass": true,
          "q34_lanes_fused": false,
          "q34_lanes_pinned": true,
          "q34_witness_cache": true,
          "q3_interior_payload": false,
          "q3_leaf_census": true,
          "tower_hash_grouping": true,
          "tower_meb_proposal": true,
          "tower_overlap_static": true,
          "tower_persistent_pool": true,
          "tower_pipelined_tail": true,
          "tower_sealed_catalogue": true
        },
        "n": 39885,
        "repeat": 0,
        "s": 8,
        "scene": "00",
        "static_threads": 48,
        "workers": 48
      },
      "catalogue": {
        "balls": 1306696,
        "by_qmin": [
          456919,
          691283,
          158494
        ],
        "by_shell": [
          0,
          0,
          456695,
          691505,
          158494,
          2,
          0,
          0,
          0,
          0,
          0,
          0,
          0,
          0,
          0,
          0,
          0
        ],
        "bytes": 292699904,
        "census_leaf_tests": 6097121,
        "census_nodes": 100689614,
        "early_census_extra_shell_balls": 224,
        "early_census_keys": 456919,
        "euler": {
          "by_k": [
            1,
            1,
            1,
            151415,
            -560284
          ],
          "checkable_max_k": 3,
          "status": "holds"
        },
        "extra_shell_balls": 227,
        "max_interior": 4,
        "max_shell": 5,
        "payload_fallback_keys": 0,
        "payload_ids": 0,
        "payload_keys": 0,
        "q2_presentations": 456919,
        "q3_presentations": 691284,
        "q4_presentations": 158496,
        "regular_supports": [
          456695,
          691282,
          158492
        ],
        "shell_over_12": 0,
        "unique_keys": 1306696
      },
      "catalogue_digest": "5ad1fe09354411ba",
      "frame_times_ms": {
        "census_ms": [
          103.731,
          103.535,
          102.579,
          102.118
        ],
        "chain_total_ms": [
          990.584,
          968.429,
          971.882,
          989.911
        ],
        "lanes_transfer_ms": [
          4.792,
          2.913,
          2.909,
          2.879
        ],
        "q34_ms": [
          544.357,
          529.429,
          535.998,
          537.861
        ],
        "tower_ms": [
          289.409,
          281.939,
          279.071,
          293.542
        ]
      },
      "generator": {
        "q2_accepted_pairs": 456919,
        "q2_candidate_pairs": 9159254,
        "q2_front_rectangles": 960535,
        "q34_cover_builds": 2043612,
        "q34_expanded_pairs": 23686751,
        "q3_emitted": 691284,
        "q4_emitted": 158496
      },
      "index": 1,
      "input": {
        "format": "u32le",
        "grid": "1mm",
        "hash": "5c785760053d17ce",
        "sites": 39885
      },
      "ledger": {
        "atlas_block_bounds": 0,
        "atlas_cells": 0,
        "atlas_deep_cells": 0,
        "atlas_ids_copied": 0,
        "atlas_leaf_cells": 0,
        "atlas_node_visits": 0,
        "atlas_outside_cells": 0,
        "atlas_point_tests": 0,
        "atlas_splits": 0,
        "both_edges": 569448,
        "core_builds": 0,
        "core_closed_edges": 0,
        "core_cover_bound_tests": 0,
        "core_cover_node_visits": 0,
        "core_cover_point_tests": 0,
        "core_sites": 0,
        "cover_builds": 2043612,
        "cover_node_visits": 440194038,
        "cover_sites": 2963451407,
        "dead_cells": 60882226,
        "dead_core_cells": 0,
        "dead_core_deep_cells": 0,
        "dead_core_failed_cells": 0,
        "dead_core_form_sites": 0,
        "dead_core_loads": 0,
        "dead_core_outside_cells": 0,
        "dead_core_point_tests": 0,
        "dead_core_q3_open": 0,
        "dead_core_q3_proved": 0,
        "dead_core_q4_open": 0,
        "dead_core_q4_proved": 0,
        "dead_core_uniform_tests": 0,
        "dead_deep_cells": 16816739,
        "dead_failed_cells": 1261606,
        "dead_form_sites": 2959364183,
        "dead_loads": 2043612,
        "dead_outside_cells": 26719492,
        "dead_point_tests": 15166643,
        "dead_q3_open": 701678,
        "dead_q3_proved": 1014964,
        "dead_q4_open": 576456,
        "dead_q4_proved": 1295712,
        "dead_uniform_tests": 5150025710,
        "expanded_pairs": 23686751,
        "lanes4_bucket_events": 3334608,
        "lanes4_buffered_events": 9129566,
        "lanes4_candidates": 285814,
        "lanes4_certified": 6253220,
        "lanes4_certified_chunk1": 5719526,
        "lanes4_compare_steps": 475299,
        "lanes4_constant_shell_sites": 2619293,
        "lanes4_depth_rejected_groups": 184911,
        "lanes4_edges": 576456,
        "lanes4_emitted": 158496,
        "lanes4_emitting_seeds": 130814,
        "lanes4_filter_steps": 842469,
        "lanes4_foreign_candidates": 0,
        "lanes4_group_steps": 1395718,
        "lanes4_groups": 470724,
        "lanes4_groups_without_valid": 127317,
        "lanes4_list_steps": 4958219,
        "lanes4_live_buckets": 3668184,
        "lanes4_max_buffered": 813,
        "lanes4_max_emissions_per_seed": 6,
        "lanes4_max_group": 2,
        "lanes4_multi_emission_seeds": 23912,
        "lanes4_pass_chunks": 11680121,
        "lanes4_pass_site_tests": 353413064,
        "lanes4_positivity_tests": 285814,
        "lanes4_seeds": 7126317,
        "lanes4_shell_ids": 633988,
        "lanes4_survivors": 873097,
        "lanes_acute_sites": 27960941,
        "lanes_census_inside_sites": 35860469,
        "lanes_census_outside_sites": 34545964,
        "lanes_census_point_tests": 89758300,
        "lanes_census_seeds": 9318486,
        "lanes_census_shell_sites": 19351867,
        "lanes_cover_node_visits": 82167638,
        "lanes_cover_sites": 91079913,
        "lanes_depth_rejections": 8627202,
        "lanes_edges": 708686,
        "lanes_emitted": 691284,
        "lanes_owner_rejections": 18151566,
        "lanes_pruned_sites": 40914459,
        "lanes_q3_edges": 701678,
        "lanes_seed_tests": 91079913,
        "lanes_seeds": 9809375,
        "lanes_shell_ids": 2073854,
        "q34_input_rectangles": 3133819,
        "q3_atlas_edges": 0,
        "q3_atlas_locations": 0,
        "q3_atlas_outside_domain": 0,
        "q3_atlas_rejections": 0,
        "q3_ball_builds": 0,
        "q3_census_bounds": 0,
        "q3_census_point_tests": 0,
        "q3_depth_rejections": 0,
        "q3_edge_queries": 0,
        "q3_edges": 701678,
        "q3_leaf_censuses": 0,
        "q3_leaf_point_tests": 0,
        "q3_leaf_rejections": 0,
        "q3_lower_bound_fallbacks": 0,
        "q3_seed_bound_tests": 0,
        "q3_seed_node_visits": 0,
        "q3_seed_point_tests": 0,
        "q3_seeds": 0,
        "q4_cover_decomposition_node_visits": 0,
        "q4_domain_node_visits": 0,
        "q4_edges": 576456,
        "q4_geometry_preparations": 0,
        "q4_live_leaves": 0,
        "q4_seed_cell_queries": 0,
        "q4_seed_node_visits": 0,
        "q4_seeds": 0,
        "q4_sweep_active_sites": 0,
        "q4_sweep_events": 0,
        "q4_whole_atlas_skips": 0,
        "witness_cache_node_tests": 0,
        "witness_cache_queries": 0,
        "witness_cache_rejected_pairs": 0,
        "witness_input_pair_mass": 103861099,
        "witness_pair_node_visits": 1110657775,
        "witness_pair_queries": 23686751,
        "witness_rect_node_visits": 229928699,
        "witness_rect_queries": 3133819,
        "witness_rejected_pairs": 21643139,
        "witness_rejected_rectangles": 2005653
      },
      "orders": [
        {
          "K": 1,
          "births": 39885,
          "contributions": 39885,
          "merges": 39796,
          "nodes": 79681,
          "parents": 79680
        },
        {
          "K": 2,
          "births": 101089,
          "contributions": 101089,
          "merges": 77038,
          "nodes": 178127,
          "parents": 178126
        },
        {
          "K": 3,
          "births": 166228,
          "contributions": 166228,
          "merges": 119682,
          "nodes": 285910,
          "parents": 285909
        },
        {
          "K": 4,
          "births": 249493,
          "contributions": 249493,
          "merges": 172168,
          "nodes": 421661,
          "parents": 421660
        },
        {
          "K": 5,
          "births": 341081,
          "contributions": 341081,
          "merges": 235290,
          "nodes": 576371,
          "parents": 576370
        }
      ],
      "presentation_digest": "a2aa4b20ca392dfe",
      "process_elapsed_seconds": 6.245107852000004,
      "process_median_ms": {
        "census_ms": 103.05699999999999,
        "chain_total_ms": 980.8965,
        "lanes_transfer_ms": 2.9109999999999996,
        "q34_ms": 536.9295,
        "tower_ms": 285.674
      },
      "q34_batch": {
        "backend": "NVIDIA RTX PRO 6000 Blackwell Server Edition",
        "certificate_backend": "NVIDIA RTX PRO 6000 Blackwell Server Edition",
        "certificate_device_ms": 149.713,
        "certificate_kernel_ms": 147.805,
        "certificate_ms": 175.846,
        "certificate_transfer_ms": 1.908,
        "certificate_warps": 3008,
        "deferred": 0,
        "device_ms": 71.293,
        "edges_ms": 1.562,
        "filter_kernel_ms": 63.8,
        "filter_ms": 99.264,
        "filter_transfer_ms": 7.493,
        "front_ms": 101.077,
        "gpu_prepare_ms": 13.772,
        "gpu_prepare_wait_ms": 0.0,
        "gpu_stage_b_ms": 0.035,
        "judged_edges": 0,
        "lanes_asked": 708686,
        "lanes_backend": "NVIDIA RTX PRO 6000 Blackwell Server Edition",
        "lanes_compact_ms": 1.011,
        "lanes_convert_ms": 9.08,
        "lanes_decided": 708686,
        "lanes_deferred": 0,
        "lanes_device_ms": 59.672,
        "lanes_download_copy_ms": 1.932,
        "lanes_download_ms": 2.444,
        "lanes_finish_ms": 3.163,
        "lanes_fused_census_chunks": 0,
        "lanes_fused_chunks": 0,
        "lanes_fused_fallbacks": 0,
        "lanes_fused_q3_chunks": 0,
        "lanes_fused_seeds": 0,
        "lanes_host_alloc_ms": 0.001,
        "lanes_judged": 0,
        "lanes_kernel_ms": 54.88,
        "lanes_max_task_steps": 5810,
        "lanes_ms": 81.083,
        "lanes_pinned": true,
        "lanes_pinned_allocations": 0,
        "lanes_pinned_bytes": 256000000,
        "lanes_pinned_reserve_ms": 0.0,
        "lanes_pinned_reserve_records": 2000000,
        "lanes_plan_ms": 15.366,
        "lanes_records": 849780,
        "lanes_setup_ms": 3.196,
        "lanes_task_ms": 38.503,
        "lanes_tasks": 2009427,
        "lanes_transfer_ms": 4.792,
        "lanes_upload_ms": 2.348,
        "lanes_wait_ms": 79.593,
        "lanes_warps": 3008,
        "rebuilt_covers": 0,
        "rectangles": 3133819,
        "survivors": 2043612,
        "tail_ms": 4.088,
        "used": true
      },
      "times_ms": {
        "catalogue_digest": 288.4,
        "census": 103.731,
        "chain_total": 990.584,
        "digest": 191.873,
        "gen_index": 11.645,
        "merge": 27.809,
        "prepare": 0.898,
        "q2": 104.012,
        "q2_census": 71.071,
        "q2_census_index": 11.256,
        "q2_census_wait": 0.0,
        "q2_wait": 0.0,
        "q34": 544.357,
        "read": 1.155,
        "tower": 289.409,
        "tower_index": 0.0
      },
      "tower_digest": "67450c64611075b1",
      "tower_phases_ms": {
        "bank": 0.86,
        "encode": 39.368,
        "encode_by_k": [
          2.25,
          7.413,
          14.635,
          23.139,
          39.291
        ],
        "images": 16.473,
        "images_by_k": [
          0.0,
          0.0,
          0.0,
          0.0,
          16.411
        ],
        "lots": 103.489,
        "lots_by_k": [
          79.842,
          49.927,
          78.493,
          105.579,
          147.689
        ],
        "order_by_k": [
          0.0,
          0.0,
          0.0,
          0.0,
          0.0
        ],
        "populations": 11.662,
        "static": 82.776,
        "static_by_k": [
          0.0,
          7.25,
          13.936,
          23.212,
          38.378
        ],
        "static_collect_by_k": [
          0.0,
          2.562,
          3.597,
          4.596,
          7.839
        ],
        "static_groups_by_k": [
          0.0,
          1.734,
          2.782,
          3.63,
          4.72
        ],
        "static_resolve_by_k": [
          0.0,
          2.546,
          7.037,
          14.071,
          24.986
        ],
        "static_sort_by_k": [
          0.0,
          0.39,
          0.496,
          0.899,
          0.819
        ],
        "validate": 33.343,
        "validate_parts": [
          1.431,
          1.611,
          4.224,
          0.38,
          1.161,
          9.19,
          4.818,
          10.522
        ]
      },
      "warm_median_ms": {
        "census_ms": 102.579,
        "chain_total_ms": 971.882,
        "lanes_transfer_ms": 2.909,
        "q34_ms": 535.998,
        "tower_ms": 281.939
      }
    },
    {
      "case": {
        "file": "data/scene_00.u32le",
        "frames": 4,
        "k": 5,
        "levers": {
          "atlas_saturate_deep": true,
          "device_session": true,
          "q2_during_device": true,
          "q2_early_census": true,
          "q2_jobs_by_mass": true,
          "q34_batch_certificates": true,
          "q34_batch_filter": true,
          "q34_batch_q3": true,
          "q34_batch_q4": true,
          "q34_dead_core": false,
          "q34_dead_lanes": true,
          "q34_fine_jobs": true,
          "q34_gpu_certificates": true,
          "q34_gpu_filter": true,
          "q34_gpu_q3": true,
          "q34_jobs_by_mass": true,
          "q34_lanes_fused": false,
          "q34_lanes_pinned": true,
          "q34_witness_cache": true,
          "q3_interior_payload": false,
          "q3_leaf_census": true,
          "tower_hash_grouping": true,
          "tower_meb_proposal": true,
          "tower_overlap_static": true,
          "tower_persistent_pool": true,
          "tower_pipelined_tail": true,
          "tower_sealed_catalogue": true
        },
        "n": 39885,
        "repeat": 1,
        "s": 8,
        "scene": "00",
        "static_threads": 48,
        "workers": 48
      },
      "catalogue": {
        "balls": 1306696,
        "by_qmin": [
          456919,
          691283,
          158494
        ],
        "by_shell": [
          0,
          0,
          456695,
          691505,
          158494,
          2,
          0,
          0,
          0,
          0,
          0,
          0,
          0,
          0,
          0,
          0,
          0
        ],
        "bytes": 292699904,
        "census_leaf_tests": 6097121,
        "census_nodes": 100689614,
        "early_census_extra_shell_balls": 224,
        "early_census_keys": 456919,
        "euler": {
          "by_k": [
            1,
            1,
            1,
            151415,
            -560284
          ],
          "checkable_max_k": 3,
          "status": "holds"
        },
        "extra_shell_balls": 227,
        "max_interior": 4,
        "max_shell": 5,
        "payload_fallback_keys": 0,
        "payload_ids": 0,
        "payload_keys": 0,
        "q2_presentations": 456919,
        "q3_presentations": 691284,
        "q4_presentations": 158496,
        "regular_supports": [
          456695,
          691282,
          158492
        ],
        "shell_over_12": 0,
        "unique_keys": 1306696
      },
      "catalogue_digest": "5ad1fe09354411ba",
      "frame_times_ms": {
        "census_ms": [
          104.376,
          103.813,
          103.838,
          105.028
        ],
        "chain_total_ms": [
          997.023,
          976.396,
          979.99,
          980.922
        ],
        "lanes_transfer_ms": [
          4.796,
          2.888,
          2.922,
          2.872
        ],
        "q34_ms": [
          543.827,
          532.369,
          536.958,
          542.017
        ],
        "tower_ms": [
          294.451,
          283.912,
          282.524,
          277.404
        ]
      },
      "generator": {
        "q2_accepted_pairs": 456919,
        "q2_candidate_pairs": 9159254,
        "q2_front_rectangles": 960535,
        "q34_cover_builds": 2043612,
        "q34_expanded_pairs": 23686751,
        "q3_emitted": 691284,
        "q4_emitted": 158496
      },
      "index": 2,
      "input": {
        "format": "u32le",
        "grid": "1mm",
        "hash": "5c785760053d17ce",
        "sites": 39885
      },
      "ledger": {
        "atlas_block_bounds": 0,
        "atlas_cells": 0,
        "atlas_deep_cells": 0,
        "atlas_ids_copied": 0,
        "atlas_leaf_cells": 0,
        "atlas_node_visits": 0,
        "atlas_outside_cells": 0,
        "atlas_point_tests": 0,
        "atlas_splits": 0,
        "both_edges": 569448,
        "core_builds": 0,
        "core_closed_edges": 0,
        "core_cover_bound_tests": 0,
        "core_cover_node_visits": 0,
        "core_cover_point_tests": 0,
        "core_sites": 0,
        "cover_builds": 2043612,
        "cover_node_visits": 440194038,
        "cover_sites": 2963451407,
        "dead_cells": 60882226,
        "dead_core_cells": 0,
        "dead_core_deep_cells": 0,
        "dead_core_failed_cells": 0,
        "dead_core_form_sites": 0,
        "dead_core_loads": 0,
        "dead_core_outside_cells": 0,
        "dead_core_point_tests": 0,
        "dead_core_q3_open": 0,
        "dead_core_q3_proved": 0,
        "dead_core_q4_open": 0,
        "dead_core_q4_proved": 0,
        "dead_core_uniform_tests": 0,
        "dead_deep_cells": 16816739,
        "dead_failed_cells": 1261606,
        "dead_form_sites": 2959364183,
        "dead_loads": 2043612,
        "dead_outside_cells": 26719492,
        "dead_point_tests": 15166643,
        "dead_q3_open": 701678,
        "dead_q3_proved": 1014964,
        "dead_q4_open": 576456,
        "dead_q4_proved": 1295712,
        "dead_uniform_tests": 5150025710,
        "expanded_pairs": 23686751,
        "lanes4_bucket_events": 3334608,
        "lanes4_buffered_events": 9129566,
        "lanes4_candidates": 285814,
        "lanes4_certified": 6253220,
        "lanes4_certified_chunk1": 5719526,
        "lanes4_compare_steps": 475299,
        "lanes4_constant_shell_sites": 2619293,
        "lanes4_depth_rejected_groups": 184911,
        "lanes4_edges": 576456,
        "lanes4_emitted": 158496,
        "lanes4_emitting_seeds": 130814,
        "lanes4_filter_steps": 842469,
        "lanes4_foreign_candidates": 0,
        "lanes4_group_steps": 1395718,
        "lanes4_groups": 470724,
        "lanes4_groups_without_valid": 127317,
        "lanes4_list_steps": 4958219,
        "lanes4_live_buckets": 3668184,
        "lanes4_max_buffered": 813,
        "lanes4_max_emissions_per_seed": 6,
        "lanes4_max_group": 2,
        "lanes4_multi_emission_seeds": 23912,
        "lanes4_pass_chunks": 11680121,
        "lanes4_pass_site_tests": 353413064,
        "lanes4_positivity_tests": 285814,
        "lanes4_seeds": 7126317,
        "lanes4_shell_ids": 633988,
        "lanes4_survivors": 873097,
        "lanes_acute_sites": 27960941,
        "lanes_census_inside_sites": 35860469,
        "lanes_census_outside_sites": 34545964,
        "lanes_census_point_tests": 89758300,
        "lanes_census_seeds": 9318486,
        "lanes_census_shell_sites": 19351867,
        "lanes_cover_node_visits": 82167638,
        "lanes_cover_sites": 91079913,
        "lanes_depth_rejections": 8627202,
        "lanes_edges": 708686,
        "lanes_emitted": 691284,
        "lanes_owner_rejections": 18151566,
        "lanes_pruned_sites": 40914459,
        "lanes_q3_edges": 701678,
        "lanes_seed_tests": 91079913,
        "lanes_seeds": 9809375,
        "lanes_shell_ids": 2073854,
        "q34_input_rectangles": 3133819,
        "q3_atlas_edges": 0,
        "q3_atlas_locations": 0,
        "q3_atlas_outside_domain": 0,
        "q3_atlas_rejections": 0,
        "q3_ball_builds": 0,
        "q3_census_bounds": 0,
        "q3_census_point_tests": 0,
        "q3_depth_rejections": 0,
        "q3_edge_queries": 0,
        "q3_edges": 701678,
        "q3_leaf_censuses": 0,
        "q3_leaf_point_tests": 0,
        "q3_leaf_rejections": 0,
        "q3_lower_bound_fallbacks": 0,
        "q3_seed_bound_tests": 0,
        "q3_seed_node_visits": 0,
        "q3_seed_point_tests": 0,
        "q3_seeds": 0,
        "q4_cover_decomposition_node_visits": 0,
        "q4_domain_node_visits": 0,
        "q4_edges": 576456,
        "q4_geometry_preparations": 0,
        "q4_live_leaves": 0,
        "q4_seed_cell_queries": 0,
        "q4_seed_node_visits": 0,
        "q4_seeds": 0,
        "q4_sweep_active_sites": 0,
        "q4_sweep_events": 0,
        "q4_whole_atlas_skips": 0,
        "witness_cache_node_tests": 0,
        "witness_cache_queries": 0,
        "witness_cache_rejected_pairs": 0,
        "witness_input_pair_mass": 103861099,
        "witness_pair_node_visits": 1110657775,
        "witness_pair_queries": 23686751,
        "witness_rect_node_visits": 229928699,
        "witness_rect_queries": 3133819,
        "witness_rejected_pairs": 21643139,
        "witness_rejected_rectangles": 2005653
      },
      "orders": [
        {
          "K": 1,
          "births": 39885,
          "contributions": 39885,
          "merges": 39796,
          "nodes": 79681,
          "parents": 79680
        },
        {
          "K": 2,
          "births": 101089,
          "contributions": 101089,
          "merges": 77038,
          "nodes": 178127,
          "parents": 178126
        },
        {
          "K": 3,
          "births": 166228,
          "contributions": 166228,
          "merges": 119682,
          "nodes": 285910,
          "parents": 285909
        },
        {
          "K": 4,
          "births": 249493,
          "contributions": 249493,
          "merges": 172168,
          "nodes": 421661,
          "parents": 421660
        },
        {
          "K": 5,
          "births": 341081,
          "contributions": 341081,
          "merges": 235290,
          "nodes": 576371,
          "parents": 576370
        }
      ],
      "presentation_digest": "a2aa4b20ca392dfe",
      "process_elapsed_seconds": 6.293650400000018,
      "process_median_ms": {
        "census_ms": 104.107,
        "chain_total_ms": 980.456,
        "lanes_transfer_ms": 2.9050000000000002,
        "q34_ms": 539.4875,
        "tower_ms": 283.21799999999996
      },
      "q34_batch": {
        "backend": "NVIDIA RTX PRO 6000 Blackwell Server Edition",
        "certificate_backend": "NVIDIA RTX PRO 6000 Blackwell Server Edition",
        "certificate_device_ms": 149.836,
        "certificate_kernel_ms": 147.83,
        "certificate_ms": 176.01,
        "certificate_transfer_ms": 2.006,
        "certificate_warps": 3008,
        "deferred": 0,
        "device_ms": 71.209,
        "edges_ms": 1.534,
        "filter_kernel_ms": 63.594,
        "filter_ms": 99.47,
        "filter_transfer_ms": 7.615,
        "front_ms": 99.938,
        "gpu_prepare_ms": 14.428,
        "gpu_prepare_wait_ms": 0.0,
        "gpu_stage_b_ms": 0.048,
        "judged_edges": 0,
        "lanes_asked": 708686,
        "lanes_backend": "NVIDIA RTX PRO 6000 Blackwell Server Edition",
        "lanes_compact_ms": 1.011,
        "lanes_convert_ms": 9.103,
        "lanes_decided": 708686,
        "lanes_deferred": 0,
        "lanes_device_ms": 59.646,
        "lanes_download_copy_ms": 1.933,
        "lanes_download_ms": 2.443,
        "lanes_finish_ms": 3.165,
        "lanes_fused_census_chunks": 0,
        "lanes_fused_chunks": 0,
        "lanes_fused_fallbacks": 0,
        "lanes_fused_q3_chunks": 0,
        "lanes_fused_seeds": 0,
        "lanes_host_alloc_ms": 0.0,
        "lanes_judged": 0,
        "lanes_kernel_ms": 54.85,
        "lanes_max_task_steps": 5810,
        "lanes_ms": 81.045,
        "lanes_pinned": true,
        "lanes_pinned_allocations": 0,
        "lanes_pinned_bytes": 256000000,
        "lanes_pinned_reserve_ms": 0.0,
        "lanes_pinned_reserve_records": 2000000,
        "lanes_plan_ms": 15.315,
        "lanes_records": 849780,
        "lanes_setup_ms": 3.212,
        "lanes_task_ms": 38.525,
        "lanes_tasks": 2009427,
        "lanes_transfer_ms": 4.796,
        "lanes_upload_ms": 2.353,
        "lanes_wait_ms": 79.575,
        "lanes_warps": 3008,
        "rebuilt_covers": 0,
        "rectangles": 3133819,
        "survivors": 2043612,
        "tail_ms": 4.158,
        "used": true
      },
      "times_ms": {
        "catalogue_digest": 286.936,
        "census": 104.376,
        "chain_total": 997.023,
        "digest": 191.736,
        "gen_index": 12.2,
        "merge": 28.84,
        "prepare": 0.939,
        "q2": 103.376,
        "q2_census": 71.552,
        "q2_census_index": 11.401,
        "q2_census_wait": 0.0,
        "q2_wait": 0.0,
        "q34": 543.827,
        "read": 1.165,
        "tower": 294.451,
        "tower_index": 0.0
      },
      "tower_digest": "67450c64611075b1",
      "tower_phases_ms": {
        "bank": 0.987,
        "encode": 43.996,
        "encode_by_k": [
          2.139,
          14.473,
          15.044,
          23.863,
          43.912
        ],
        "images": 16.341,
        "images_by_k": [
          0.0,
          0.0,
          0.0,
          0.0,
          16.29
        ],
        "lots": 103.233,
        "lots_by_k": [
          71.532,
          48.84,
          76.486,
          107.017,
          148.083
        ],
        "order_by_k": [
          0.0,
          0.0,
          0.0,
          0.0,
          0.0
        ],
        "populations": 10.781,
        "static": 82.907,
        "static_by_k": [
          0.0,
          7.24,
          13.776,
          24.046,
          37.845
        ],
        "static_collect_by_k": [
          0.0,
          2.619,
          3.665,
          4.639,
          7.776
        ],
        "static_groups_by_k": [
          0.0,
          1.504,
          2.585,
          3.462,
          4.641
        ],
        "static_resolve_by_k": [
          0.0,
          2.746,
          6.859,
          14.834,
          24.579
        ],
        "static_sort_by_k": [
          0.0,
          0.355,
          0.654,
          1.095,
          0.834
        ],
        "validate": 34.802,
        "validate_parts": [
          1.37,
          1.534,
          4.56,
          0.443,
          1.237,
          9.588,
          5.39,
          10.679
        ]
      },
      "warm_median_ms": {
        "census_ms": 103.838,
        "chain_total_ms": 979.99,
        "lanes_transfer_ms": 2.888,
        "q34_ms": 536.958,
        "tower_ms": 282.524
      }
    },
    {
      "case": {
        "file": "data/scene_00.u32le",
        "frames": 4,
        "k": 5,
        "levers": {
          "atlas_saturate_deep": true,
          "device_session": true,
          "q2_during_device": true,
          "q2_early_census": true,
          "q2_jobs_by_mass": true,
          "q34_batch_certificates": true,
          "q34_batch_filter": true,
          "q34_batch_q3": true,
          "q34_batch_q4": true,
          "q34_dead_core": true,
          "q34_dead_lanes": true,
          "q34_fine_jobs": true,
          "q34_gpu_certificates": true,
          "q34_gpu_filter": true,
          "q34_gpu_q3": true,
          "q34_jobs_by_mass": true,
          "q34_lanes_fused": false,
          "q34_lanes_pinned": true,
          "q34_witness_cache": true,
          "q3_interior_payload": false,
          "q3_leaf_census": true,
          "tower_hash_grouping": true,
          "tower_meb_proposal": true,
          "tower_overlap_static": true,
          "tower_persistent_pool": true,
          "tower_pipelined_tail": true,
          "tower_sealed_catalogue": true
        },
        "n": 39885,
        "repeat": 1,
        "s": 8,
        "scene": "00",
        "static_threads": 48,
        "workers": 48
      },
      "catalogue": {
        "balls": 1306696,
        "by_qmin": [
          456919,
          691283,
          158494
        ],
        "by_shell": [
          0,
          0,
          456695,
          691505,
          158494,
          2,
          0,
          0,
          0,
          0,
          0,
          0,
          0,
          0,
          0,
          0,
          0
        ],
        "bytes": 292699904,
        "census_leaf_tests": 6097121,
        "census_nodes": 100689614,
        "early_census_extra_shell_balls": 224,
        "early_census_keys": 456919,
        "euler": {
          "by_k": [
            1,
            1,
            1,
            151415,
            -560284
          ],
          "checkable_max_k": 3,
          "status": "holds"
        },
        "extra_shell_balls": 227,
        "max_interior": 4,
        "max_shell": 5,
        "payload_fallback_keys": 0,
        "payload_ids": 0,
        "payload_keys": 0,
        "q2_presentations": 456919,
        "q3_presentations": 691284,
        "q4_presentations": 158496,
        "regular_supports": [
          456695,
          691282,
          158492
        ],
        "shell_over_12": 0,
        "unique_keys": 1306696
      },
      "catalogue_digest": "5ad1fe09354411ba",
      "frame_times_ms": {
        "census_ms": [
          103.195,
          102.384,
          102.146,
          101.853
        ],
        "chain_total_ms": [
          939.321,
          911.198,
          923.533,
          924.668
        ],
        "lanes_transfer_ms": [
          4.8,
          2.888,
          2.914,
          2.913
        ],
        "q34_ms": [
          490.861,
          473.288,
          481.348,
          481.279
        ],
        "tower_ms": [
          288.771,
          281.904,
          283.784,
          284.879
        ]
      },
      "generator": {
        "q2_accepted_pairs": 456919,
        "q2_candidate_pairs": 9159254,
        "q2_front_rectangles": 960535,
        "q34_cover_builds": 900377,
        "q34_expanded_pairs": 23686751,
        "q3_emitted": 691284,
        "q4_emitted": 158496
      },
      "index": 3,
      "input": {
        "format": "u32le",
        "grid": "1mm",
        "hash": "5c785760053d17ce",
        "sites": 39885
      },
      "ledger": {
        "atlas_block_bounds": 0,
        "atlas_cells": 0,
        "atlas_deep_cells": 0,
        "atlas_ids_copied": 0,
        "atlas_leaf_cells": 0,
        "atlas_node_visits": 0,
        "atlas_outside_cells": 0,
        "atlas_point_tests": 0,
        "atlas_splits": 0,
        "both_edges": 569448,
        "core_builds": 2043612,
        "core_closed_edges": 1143235,
        "core_cover_bound_tests": 342114317,
        "core_cover_node_visits": 417095956,
        "core_cover_point_tests": 74981639,
        "core_sites": 359707275,
        "cover_builds": 900377,
        "cover_node_visits": 123528237,
        "cover_sites": 251972209,
        "dead_cells": 32739183,
        "dead_core_cells": 60575576,
        "dead_core_deep_cells": 11910689,
        "dead_core_failed_cells": 1634186,
        "dead_core_form_sites": 355620051,
        "dead_core_loads": 2043612,
        "dead_core_outside_cells": 30545940,
        "dead_core_point_tests": 4039001,
        "dead_core_q3_open": 876644,
        "dead_core_q3_proved": 839998,
        "dead_core_q4_open": 763298,
        "dead_core_q4_proved": 1108870,
        "dead_core_uniform_tests": 517856363,
        "dead_deep_cells": 9750481,
        "dead_failed_cells": 1261606,
        "dead_form_sites": 250171455,
        "dead_loads": 900377,
        "dead_outside_cells": 12351719,
        "dead_point_tests": 11416260,
        "dead_q3_open": 701678,
        "dead_q3_proved": 174966,
        "dead_q4_open": 576456,
        "dead_q4_proved": 186842,
        "dead_uniform_tests": 940498239,
        "expanded_pairs": 23686751,
        "lanes4_bucket_events": 3334608,
        "lanes4_buffered_events": 9129566,
        "lanes4_candidates": 285814,
        "lanes4_certified": 6253220,
        "lanes4_certified_chunk1": 5719526,
        "lanes4_compare_steps": 475299,
        "lanes4_constant_shell_sites": 2619293,
        "lanes4_depth_rejected_groups": 184911,
        "lanes4_edges": 576456,
        "lanes4_emitted": 158496,
        "lanes4_emitting_seeds": 130814,
        "lanes4_filter_steps": 842469,
        "lanes4_foreign_candidates": 0,
        "lanes4_group_steps": 1395718,
        "lanes4_groups": 470724,
        "lanes4_groups_without_valid": 127317,
        "lanes4_list_steps": 4958219,
        "lanes4_live_buckets": 3668184,
        "lanes4_max_buffered": 813,
        "lanes4_max_emissions_per_seed": 6,
        "lanes4_max_group": 2,
        "lanes4_multi_emission_seeds": 23912,
        "lanes4_pass_chunks": 11680121,
        "lanes4_pass_site_tests": 353413064,
        "lanes4_positivity_tests": 285814,
        "lanes4_seeds": 7126317,
        "lanes4_shell_ids": 633988,
        "lanes4_survivors": 873097,
        "lanes_acute_sites": 27960941,
        "lanes_census_inside_sites": 35860469,
        "lanes_census_outside_sites": 34545964,
        "lanes_census_point_tests": 89758300,
        "lanes_census_seeds": 9318486,
        "lanes_census_shell_sites": 19351867,
        "lanes_cover_node_visits": 82167638,
        "lanes_cover_sites": 91079913,
        "lanes_depth_rejections": 8627202,
        "lanes_edges": 708686,
        "lanes_emitted": 691284,
        "lanes_owner_rejections": 18151566,
        "lanes_pruned_sites": 40914459,
        "lanes_q3_edges": 701678,
        "lanes_seed_tests": 91079913,
        "lanes_seeds": 9809375,
        "lanes_shell_ids": 2073854,
        "q34_input_rectangles": 3133819,
        "q3_atlas_edges": 0,
        "q3_atlas_locations": 0,
        "q3_atlas_outside_domain": 0,
        "q3_atlas_rejections": 0,
        "q3_ball_builds": 0,
        "q3_census_bounds": 0,
        "q3_census_point_tests": 0,
        "q3_depth_rejections": 0,
        "q3_edge_queries": 0,
        "q3_edges": 701678,
        "q3_leaf_censuses": 0,
        "q3_leaf_point_tests": 0,
        "q3_leaf_rejections": 0,
        "q3_lower_bound_fallbacks": 0,
        "q3_seed_bound_tests": 0,
        "q3_seed_node_visits": 0,
        "q3_seed_point_tests": 0,
        "q3_seeds": 0,
        "q4_cover_decomposition_node_visits": 0,
        "q4_domain_node_visits": 0,
        "q4_edges": 576456,
        "q4_geometry_preparations": 0,
        "q4_live_leaves": 0,
        "q4_seed_cell_queries": 0,
        "q4_seed_node_visits": 0,
        "q4_seeds": 0,
        "q4_sweep_active_sites": 0,
        "q4_sweep_events": 0,
        "q4_whole_atlas_skips": 0,
        "witness_cache_node_tests": 0,
        "witness_cache_queries": 0,
        "witness_cache_rejected_pairs": 0,
        "witness_input_pair_mass": 103861099,
        "witness_pair_node_visits": 1110657775,
        "witness_pair_queries": 23686751,
        "witness_rect_node_visits": 229928699,
        "witness_rect_queries": 3133819,
        "witness_rejected_pairs": 21643139,
        "witness_rejected_rectangles": 2005653
      },
      "orders": [
        {
          "K": 1,
          "births": 39885,
          "contributions": 39885,
          "merges": 39796,
          "nodes": 79681,
          "parents": 79680
        },
        {
          "K": 2,
          "births": 101089,
          "contributions": 101089,
          "merges": 77038,
          "nodes": 178127,
          "parents": 178126
        },
        {
          "K": 3,
          "births": 166228,
          "contributions": 166228,
          "merges": 119682,
          "nodes": 285910,
          "parents": 285909
        },
        {
          "K": 4,
          "births": 249493,
          "contributions": 249493,
          "merges": 172168,
          "nodes": 421661,
          "parents": 421660
        },
        {
          "K": 5,
          "births": 341081,
          "contributions": 341081,
          "merges": 235290,
          "nodes": 576371,
          "parents": 576370
        }
      ],
      "presentation_digest": "a2aa4b20ca392dfe",
      "process_elapsed_seconds": 6.042210575000013,
      "process_median_ms": {
        "census_ms": 102.265,
        "chain_total_ms": 924.1005,
        "lanes_transfer_ms": 2.9135,
        "q34_ms": 481.3135,
        "tower_ms": 284.3315
      },
      "q34_batch": {
        "backend": "NVIDIA RTX PRO 6000 Blackwell Server Edition",
        "certificate_backend": "NVIDIA RTX PRO 6000 Blackwell Server Edition",
        "certificate_device_ms": 92.438,
        "certificate_kernel_ms": 90.473,
        "certificate_ms": 118.711,
        "certificate_transfer_ms": 1.964,
        "certificate_warps": 3008,
        "deferred": 0,
        "device_ms": 72.994,
        "edges_ms": 1.552,
        "filter_kernel_ms": 64.997,
        "filter_ms": 100.707,
        "filter_transfer_ms": 7.997,
        "front_ms": 101.482,
        "gpu_prepare_ms": 14.395,
        "gpu_prepare_wait_ms": 0.0,
        "gpu_stage_b_ms": 0.048,
        "judged_edges": 0,
        "lanes_asked": 708686,
        "lanes_backend": "NVIDIA RTX PRO 6000 Blackwell Server Edition",
        "lanes_compact_ms": 1.017,
        "lanes_convert_ms": 9.226,
        "lanes_decided": 708686,
        "lanes_deferred": 0,
        "lanes_device_ms": 59.737,
        "lanes_download_copy_ms": 1.937,
        "lanes_download_ms": 2.465,
        "lanes_finish_ms": 3.176,
        "lanes_fused_census_chunks": 0,
        "lanes_fused_chunks": 0,
        "lanes_fused_fallbacks": 0,
        "lanes_fused_q3_chunks": 0,
        "lanes_fused_seeds": 0,
        "lanes_host_alloc_ms": 0.0,
        "lanes_judged": 0,
        "lanes_kernel_ms": 54.936,
        "lanes_max_task_steps": 5810,
        "lanes_ms": 81.392,
        "lanes_pinned": true,
        "lanes_pinned_allocations": 0,
        "lanes_pinned_bytes": 256000000,
        "lanes_pinned_reserve_ms": 0.0,
        "lanes_pinned_reserve_records": 2000000,
        "lanes_plan_ms": 15.374,
        "lanes_records": 849780,
        "lanes_setup_ms": 3.251,
        "lanes_task_ms": 38.545,
        "lanes_tasks": 2009427,
        "lanes_transfer_ms": 4.8,
        "lanes_upload_ms": 2.335,
        "lanes_wait_ms": 79.912,
        "lanes_warps": 3008,
        "rebuilt_covers": 0,
        "rectangles": 3133819,
        "survivors": 2043612,
        "tail_ms": 4.201,
        "used": true
      },
      "times_ms": {
        "catalogue_digest": 284.236,
        "census": 103.195,
        "chain_total": 939.321,
        "digest": 191.687,
        "gen_index": 12.259,
        "merge": 30.461,
        "prepare": 0.962,
        "q2": 103.445,
        "q2_census": 71.204,
        "q2_census_index": 11.496,
        "q2_census_wait": 0.0,
        "q2_wait": 0.0,
        "q34": 490.861,
        "read": 1.186,
        "tower": 288.771,
        "tower_index": 0.0
      },
      "tower_digest": "67450c64611075b1",
      "tower_phases_ms": {
        "bank": 0.847,
        "encode": 37.237,
        "encode_by_k": [
          2.492,
          8.185,
          15.102,
          22.435,
          37.162
        ],
        "images": 15.58,
        "images_by_k": [
          0.0,
          0.0,
          0.0,
          0.0,
          15.528
        ],
        "lots": 103.964,
        "lots_by_k": [
          74.296,
          50.67,
          73.16,
          107.434,
          150.521
        ],
        "order_by_k": [
          0.0,
          0.0,
          0.0,
          0.0,
          0.0
        ],
        "populations": 11.14,
        "static": 84.618,
        "static_by_k": [
          0.0,
          7.707,
          14.733,
          24.297,
          37.881
        ],
        "static_collect_by_k": [
          0.0,
          2.609,
          3.595,
          4.68,
          7.761
        ],
        "static_groups_by_k": [
          0.0,
          2.163,
          2.576,
          3.853,
          4.662
        ],
        "static_resolve_by_k": [
          0.0,
          2.546,
          7.234,
          14.937,
          24.588
        ],
        "static_sort_by_k": [
          0.0,
          0.377,
          1.314,
          0.805,
          0.857
        ],
        "validate": 34.01,
        "validate_parts": [
          1.391,
          1.711,
          4.471,
          0.417,
          1.301,
          9.445,
          4.528,
          10.741
        ]
      },
      "warm_median_ms": {
        "census_ms": 102.146,
        "chain_total_ms": 923.533,
        "lanes_transfer_ms": 2.913,
        "q34_ms": 481.279,
        "tower_ms": 283.784
      }
    },
    {
      "case": {
        "file": "data/scene_00.u32le",
        "frames": 1,
        "k": 5,
        "levers": {
          "atlas_saturate_deep": true,
          "device_session": false,
          "q2_during_device": false,
          "q2_early_census": false,
          "q2_jobs_by_mass": true,
          "q34_batch_certificates": false,
          "q34_batch_filter": false,
          "q34_batch_q3": false,
          "q34_batch_q4": false,
          "q34_dead_core": true,
          "q34_dead_lanes": true,
          "q34_fine_jobs": true,
          "q34_gpu_certificates": false,
          "q34_gpu_filter": false,
          "q34_gpu_q3": false,
          "q34_jobs_by_mass": true,
          "q34_lanes_fused": false,
          "q34_lanes_pinned": false,
          "q34_witness_cache": true,
          "q3_interior_payload": false,
          "q3_leaf_census": true,
          "tower_hash_grouping": true,
          "tower_meb_proposal": true,
          "tower_overlap_static": true,
          "tower_persistent_pool": true,
          "tower_pipelined_tail": true,
          "tower_sealed_catalogue": true
        },
        "n": 39885,
        "repeat": 0,
        "s": 8,
        "scene": "00",
        "static_threads": 48,
        "workers": 48
      },
      "catalogue": {
        "balls": 1306696,
        "by_qmin": [
          456919,
          691283,
          158494
        ],
        "by_shell": [
          0,
          0,
          456695,
          691505,
          158494,
          2,
          0,
          0,
          0,
          0,
          0,
          0,
          0,
          0,
          0,
          0,
          0
        ],
        "bytes": 292699904,
        "census_leaf_tests": 6097121,
        "census_nodes": 100689614,
        "early_census_extra_shell_balls": 0,
        "early_census_keys": 0,
        "euler": {
          "by_k": [
            1,
            1,
            1,
            151415,
            -560284
          ],
          "checkable_max_k": 3,
          "status": "holds"
        },
        "extra_shell_balls": 227,
        "max_interior": 4,
        "max_shell": 5,
        "payload_fallback_keys": 0,
        "payload_ids": 0,
        "payload_keys": 0,
        "q2_presentations": 456919,
        "q3_presentations": 691284,
        "q4_presentations": 158496,
        "regular_supports": [
          456695,
          691282,
          158492
        ],
        "shell_over_12": 0,
        "unique_keys": 1306696
      },
      "catalogue_digest": "5ad1fe09354411ba",
      "frame_times_ms": {
        "census_ms": [
          107.07
        ],
        "chain_total_ms": [
          2771.91
        ],
        "lanes_transfer_ms": [
          0.0
        ],
        "q34_ms": [
          2209.135
        ],
        "tower_ms": [
          283.224
        ]
      },
      "generator": {
        "q2_accepted_pairs": 456919,
        "q2_candidate_pairs": 9159254,
        "q2_front_rectangles": 960535,
        "q34_cover_builds": 900377,
        "q34_expanded_pairs": 23686751,
        "q3_emitted": 691284,
        "q4_emitted": 158496
      },
      "index": 4,
      "input": {
        "format": "u32le",
        "grid": "1mm",
        "hash": "5c785760053d17ce",
        "sites": 39885
      },
      "ledger": {
        "atlas_block_bounds": 55291780,
        "atlas_cells": 4482060,
        "atlas_deep_cells": 1088715,
        "atlas_ids_copied": 175085550,
        "atlas_leaf_cells": 882165,
        "atlas_node_visits": 328824347,
        "atlas_outside_cells": 1534779,
        "atlas_point_tests": 266124128,
        "atlas_splits": 976401,
        "both_edges": 569448,
        "core_builds": 2043612,
        "core_closed_edges": 1143235,
        "core_cover_bound_tests": 342114317,
        "core_cover_node_visits": 417095956,
        "core_cover_point_tests": 74981639,
        "core_sites": 359707275,
        "cover_builds": 900377,
        "cover_node_visits": 123528237,
        "cover_sites": 251972209,
        "dead_cells": 32739183,
        "dead_core_cells": 60575576,
        "dead_core_deep_cells": 11910689,
        "dead_core_failed_cells": 1634186,
        "dead_core_form_sites": 355620051,
        "dead_core_loads": 2043612,
        "dead_core_outside_cells": 30545940,
        "dead_core_point_tests": 4039001,
        "dead_core_q3_open": 876644,
        "dead_core_q3_proved": 839998,
        "dead_core_q4_open": 763298,
        "dead_core_q4_proved": 1108870,
        "dead_core_uniform_tests": 517856363,
        "dead_deep_cells": 9750481,
        "dead_failed_cells": 1261606,
        "dead_form_sites": 250171455,
        "dead_loads": 900377,
        "dead_outside_cells": 12351719,
        "dead_point_tests": 11416260,
        "dead_q3_open": 701678,
        "dead_q3_proved": 174966,
        "dead_q4_open": 576456,
        "dead_q4_proved": 186842,
        "dead_uniform_tests": 940498239,
        "expanded_pairs": 23686751,
        "lanes4_bucket_events": 0,
        "lanes4_buffered_events": 0,
        "lanes4_candidates": 0,
        "lanes4_certified": 0,
        "lanes4_certified_chunk1": 0,
        "lanes4_compare_steps": 0,
        "lanes4_constant_shell_sites": 0,
        "lanes4_depth_rejected_groups": 0,
        "lanes4_edges": 0,
        "lanes4_emitted": 0,
        "lanes4_emitting_seeds": 0,
        "lanes4_filter_steps": 0,
        "lanes4_foreign_candidates": 0,
        "lanes4_group_steps": 0,
        "lanes4_groups": 0,
        "lanes4_groups_without_valid": 0,
        "lanes4_list_steps": 0,
        "lanes4_live_buckets": 0,
        "lanes4_max_buffered": 0,
        "lanes4_max_emissions_per_seed": 0,
        "lanes4_max_group": 0,
        "lanes4_multi_emission_seeds": 0,
        "lanes4_pass_chunks": 0,
        "lanes4_pass_site_tests": 0,
        "lanes4_positivity_tests": 0,
        "lanes4_seeds": 0,
        "lanes4_shell_ids": 0,
        "lanes4_survivors": 0,
        "lanes_acute_sites": 0,
        "lanes_census_inside_sites": 0,
        "lanes_census_outside_sites": 0,
        "lanes_census_point_tests": 0,
        "lanes_census_seeds": 0,
        "lanes_census_shell_sites": 0,
        "lanes_cover_node_visits": 0,
        "lanes_cover_sites": 0,
        "lanes_depth_rejections": 0,
        "lanes_edges": 0,
        "lanes_emitted": 0,
        "lanes_owner_rejections": 0,
        "lanes_pruned_sites": 0,
        "lanes_q3_edges": 0,
        "lanes_seed_tests": 0,
        "lanes_seeds": 0,
        "lanes_shell_ids": 0,
        "q34_input_rectangles": 3133819,
        "q3_atlas_edges": 569448,
        "q3_atlas_locations": 6635428,
        "q3_atlas_outside_domain": 20845,
        "q3_atlas_rejections": 4525051,
        "q3_ball_builds": 4793435,
        "q3_census_bounds": 112112423,
        "q3_census_point_tests": 7685610,
        "q3_depth_rejections": 8627202,
        "q3_edge_queries": 701678,
        "q3_edges": 701678,
        "q3_leaf_censuses": 2089532,
        "q3_leaf_point_tests": 54344235,
        "q3_leaf_rejections": 1447279,
        "q3_lower_bound_fallbacks": 0,
        "q3_seed_bound_tests": 60075239,
        "q3_seed_node_visits": 77755888,
        "q3_seed_point_tests": 17680649,
        "q3_seeds": 9318486,
        "q4_cover_decomposition_node_visits": 51048830,
        "q4_domain_node_visits": 51038854,
        "q4_edges": 576456,
        "q4_geometry_preparations": 576456,
        "q4_live_leaves": 882165,
        "q4_seed_cell_queries": 576456,
        "q4_seed_node_visits": 51450978,
        "q4_seeds": 5808505,
        "q4_sweep_active_sites": 85058413,
        "q4_sweep_events": 28129505,
        "q4_whole_atlas_skips": 108538,
        "witness_cache_node_tests": 61546407,
        "witness_cache_queries": 21593834,
        "witness_cache_rejected_pairs": 16524142,
        "witness_input_pair_mass": 103861099,
        "witness_pair_node_visits": 436107254,
        "witness_pair_queries": 7162609,
        "witness_rect_node_visits": 229928699,
        "witness_rect_queries": 3133819,
        "witness_rejected_pairs": 21643139,
        "witness_rejected_rectangles": 2005653
      },
      "orders": [
        {
          "K": 1,
          "births": 39885,
          "contributions": 39885,
          "merges": 39796,
          "nodes": 79681,
          "parents": 79680
        },
        {
          "K": 2,
          "births": 101089,
          "contributions": 101089,
          "merges": 77038,
          "nodes": 178127,
          "parents": 178126
        },
        {
          "K": 3,
          "births": 166228,
          "contributions": 166228,
          "merges": 119682,
          "nodes": 285910,
          "parents": 285909
        },
        {
          "K": 4,
          "births": 249493,
          "contributions": 249493,
          "merges": 172168,
          "nodes": 421661,
          "parents": 421660
        },
        {
          "K": 5,
          "births": 341081,
          "contributions": 341081,
          "merges": 235290,
          "nodes": 576371,
          "parents": 576370
        }
      ],
      "presentation_digest": "a2aa4b20ca392dfe",
      "process_elapsed_seconds": 3.3219366750000177,
      "process_median_ms": {
        "census_ms": 107.07,
        "chain_total_ms": 2771.91,
        "lanes_transfer_ms": 0.0,
        "q34_ms": 2209.135,
        "tower_ms": 283.224
      },
      "q34_batch": {
        "backend": "",
        "certificate_backend": "",
        "certificate_device_ms": 0.0,
        "certificate_kernel_ms": 0.0,
        "certificate_ms": 0.0,
        "certificate_transfer_ms": 0.0,
        "certificate_warps": 0,
        "deferred": 0,
        "device_ms": 0.0,
        "edges_ms": 0.0,
        "filter_kernel_ms": 0.0,
        "filter_ms": 0.0,
        "filter_transfer_ms": 0.0,
        "front_ms": 0.0,
        "gpu_prepare_ms": 0.0,
        "gpu_prepare_wait_ms": 0.0,
        "gpu_stage_b_ms": 0.0,
        "judged_edges": 0,
        "lanes_asked": 0,
        "lanes_backend": "",
        "lanes_compact_ms": 0.0,
        "lanes_convert_ms": 0.0,
        "lanes_decided": 0,
        "lanes_deferred": 0,
        "lanes_device_ms": 0.0,
        "lanes_download_copy_ms": 0.0,
        "lanes_download_ms": 0.0,
        "lanes_finish_ms": 0.0,
        "lanes_fused_census_chunks": 0,
        "lanes_fused_chunks": 0,
        "lanes_fused_fallbacks": 0,
        "lanes_fused_q3_chunks": 0,
        "lanes_fused_seeds": 0,
        "lanes_host_alloc_ms": 0.0,
        "lanes_judged": 0,
        "lanes_kernel_ms": 0.0,
        "lanes_max_task_steps": 0,
        "lanes_ms": 0.0,
        "lanes_pinned": false,
        "lanes_pinned_allocations": 0,
        "lanes_pinned_bytes": 0,
        "lanes_pinned_reserve_ms": 0.0,
        "lanes_pinned_reserve_records": 0,
        "lanes_plan_ms": 0.0,
        "lanes_records": 0,
        "lanes_setup_ms": 0.0,
        "lanes_task_ms": 0.0,
        "lanes_tasks": 0,
        "lanes_transfer_ms": 0.0,
        "lanes_upload_ms": 0.0,
        "lanes_wait_ms": 0.0,
        "lanes_warps": 0,
        "rebuilt_covers": 0,
        "rectangles": 0,
        "survivors": 0,
        "tail_ms": 0.0,
        "used": false
      },
      "times_ms": {
        "catalogue_digest": 287.129,
        "census": 107.07,
        "chain_total": 2771.91,
        "digest": 191.838,
        "gen_index": 11.863,
        "merge": 32.897,
        "prepare": 0.946,
        "q2": 101.875,
        "q2_census": 0.0,
        "q2_census_index": 0.0,
        "q2_census_wait": 0.0,
        "q2_wait": 0.0,
        "q34": 2209.135,
        "read": 1.201,
        "tower": 283.224,
        "tower_index": 11.82
      },
      "tower_digest": "67450c64611075b1",
      "tower_phases_ms": {
        "bank": 0.851,
        "encode": 31.669,
        "encode_by_k": [
          2.032,
          12.618,
          19.059,
          29.047,
          31.583
        ],
        "images": 15.762,
        "images_by_k": [
          0.0,
          0.0,
          0.0,
          0.0,
          15.694
        ],
        "lots": 101.063,
        "lots_by_k": [
          62.362,
          49.153,
          73.25,
          108.005,
          147.957
        ],
        "order_by_k": [
          0.0,
          0.0,
          0.0,
          0.0,
          0.0
        ],
        "populations": 10.393,
        "static": 85.519,
        "static_by_k": [
          0.0,
          7.252,
          15.614,
          24.212,
          38.441
        ],
        "static_collect_by_k": [
          0.0,
          2.479,
          3.605,
          4.678,
          8.214
        ],
        "static_groups_by_k": [
          0.0,
          1.616,
          2.363,
          3.846,
          4.675
        ],
        "static_resolve_by_k": [
          0.0,
          2.776,
          7.995,
          14.812,
          24.68
        ],
        "static_sort_by_k": [
          0.0,
          0.369,
          1.632,
          0.861,
          0.858
        ],
        "validate": 36.628,
        "validate_parts": [
          1.435,
          1.597,
          5.647,
          0.446,
          1.125,
          10.234,
          5.188,
          10.955
        ]
      },
      "warm_median_ms": {
        "census_ms": null,
        "chain_total_ms": null,
        "lanes_transfer_ms": null,
        "q34_ms": null,
        "tower_ms": null
      }
    },
    {
      "case": {
        "file": "data/scene_00.u32le",
        "frames": 1,
        "k": 5,
        "levers": {
          "atlas_saturate_deep": true,
          "device_session": false,
          "q2_during_device": false,
          "q2_early_census": false,
          "q2_jobs_by_mass": true,
          "q34_batch_certificates": false,
          "q34_batch_filter": false,
          "q34_batch_q3": false,
          "q34_batch_q4": false,
          "q34_dead_core": false,
          "q34_dead_lanes": true,
          "q34_fine_jobs": true,
          "q34_gpu_certificates": false,
          "q34_gpu_filter": false,
          "q34_gpu_q3": false,
          "q34_jobs_by_mass": true,
          "q34_lanes_fused": false,
          "q34_lanes_pinned": false,
          "q34_witness_cache": true,
          "q3_interior_payload": false,
          "q3_leaf_census": true,
          "tower_hash_grouping": true,
          "tower_meb_proposal": true,
          "tower_overlap_static": true,
          "tower_persistent_pool": true,
          "tower_pipelined_tail": true,
          "tower_sealed_catalogue": true
        },
        "n": 39885,
        "repeat": 0,
        "s": 8,
        "scene": "00",
        "static_threads": 48,
        "workers": 48
      },
      "catalogue": {
        "balls": 1306696,
        "by_qmin": [
          456919,
          691283,
          158494
        ],
        "by_shell": [
          0,
          0,
          456695,
          691505,
          158494,
          2,
          0,
          0,
          0,
          0,
          0,
          0,
          0,
          0,
          0,
          0,
          0
        ],
        "bytes": 292699904,
        "census_leaf_tests": 6097121,
        "census_nodes": 100689614,
        "early_census_extra_shell_balls": 0,
        "early_census_keys": 0,
        "euler": {
          "by_k": [
            1,
            1,
            1,
            151415,
            -560284
          ],
          "checkable_max_k": 3,
          "status": "holds"
        },
        "extra_shell_balls": 227,
        "max_interior": 4,
        "max_shell": 5,
        "payload_fallback_keys": 0,
        "payload_ids": 0,
        "payload_keys": 0,
        "q2_presentations": 456919,
        "q3_presentations": 691284,
        "q4_presentations": 158496,
        "regular_supports": [
          456695,
          691282,
          158492
        ],
        "shell_over_12": 0,
        "unique_keys": 1306696
      },
      "catalogue_digest": "5ad1fe09354411ba",
      "frame_times_ms": {
        "census_ms": [
          106.591
        ],
        "chain_total_ms": [
          3132.155
        ],
        "lanes_transfer_ms": [
          0.0
        ],
        "q34_ms": [
          2545.855
        ],
        "tower_ms": [
          303.756
        ]
      },
      "generator": {
        "q2_accepted_pairs": 456919,
        "q2_candidate_pairs": 9159254,
        "q2_front_rectangles": 960535,
        "q34_cover_builds": 2043612,
        "q34_expanded_pairs": 23686751,
        "q3_emitted": 691284,
        "q4_emitted": 158496
      },
      "index": 5,
      "input": {
        "format": "u32le",
        "grid": "1mm",
        "hash": "5c785760053d17ce",
        "sites": 39885
      },
      "ledger": {
        "atlas_block_bounds": 55291780,
        "atlas_cells": 4482060,
        "atlas_deep_cells": 1088715,
        "atlas_ids_copied": 175085550,
        "atlas_leaf_cells": 882165,
        "atlas_node_visits": 328824347,
        "atlas_outside_cells": 1534779,
        "atlas_point_tests": 266124128,
        "atlas_splits": 976401,
        "both_edges": 569448,
        "core_builds": 0,
        "core_closed_edges": 0,
        "core_cover_bound_tests": 0,
        "core_cover_node_visits": 0,
        "core_cover_point_tests": 0,
        "core_sites": 0,
        "cover_builds": 2043612,
        "cover_node_visits": 440194038,
        "cover_sites": 2963451407,
        "dead_cells": 60882226,
        "dead_core_cells": 0,
        "dead_core_deep_cells": 0,
        "dead_core_failed_cells": 0,
        "dead_core_form_sites": 0,
        "dead_core_loads": 0,
        "dead_core_outside_cells": 0,
        "dead_core_point_tests": 0,
        "dead_core_q3_open": 0,
        "dead_core_q3_proved": 0,
        "dead_core_q4_open": 0,
        "dead_core_q4_proved": 0,
        "dead_core_uniform_tests": 0,
        "dead_deep_cells": 16816739,
        "dead_failed_cells": 1261606,
        "dead_form_sites": 2959364183,
        "dead_loads": 2043612,
        "dead_outside_cells": 26719492,
        "dead_point_tests": 15166643,
        "dead_q3_open": 701678,
        "dead_q3_proved": 1014964,
        "dead_q4_open": 576456,
        "dead_q4_proved": 1295712,
        "dead_uniform_tests": 5150025710,
        "expanded_pairs": 23686751,
        "lanes4_bucket_events": 0,
        "lanes4_buffered_events": 0,
        "lanes4_candidates": 0,
        "lanes4_certified": 0,
        "lanes4_certified_chunk1": 0,
        "lanes4_compare_steps": 0,
        "lanes4_constant_shell_sites": 0,
        "lanes4_depth_rejected_groups": 0,
        "lanes4_edges": 0,
        "lanes4_emitted": 0,
        "lanes4_emitting_seeds": 0,
        "lanes4_filter_steps": 0,
        "lanes4_foreign_candidates": 0,
        "lanes4_group_steps": 0,
        "lanes4_groups": 0,
        "lanes4_groups_without_valid": 0,
        "lanes4_list_steps": 0,
        "lanes4_live_buckets": 0,
        "lanes4_max_buffered": 0,
        "lanes4_max_emissions_per_seed": 0,
        "lanes4_max_group": 0,
        "lanes4_multi_emission_seeds": 0,
        "lanes4_pass_chunks": 0,
        "lanes4_pass_site_tests": 0,
        "lanes4_positivity_tests": 0,
        "lanes4_seeds": 0,
        "lanes4_shell_ids": 0,
        "lanes4_survivors": 0,
        "lanes_acute_sites": 0,
        "lanes_census_inside_sites": 0,
        "lanes_census_outside_sites": 0,
        "lanes_census_point_tests": 0,
        "lanes_census_seeds": 0,
        "lanes_census_shell_sites": 0,
        "lanes_cover_node_visits": 0,
        "lanes_cover_sites": 0,
        "lanes_depth_rejections": 0,
        "lanes_edges": 0,
        "lanes_emitted": 0,
        "lanes_owner_rejections": 0,
        "lanes_pruned_sites": 0,
        "lanes_q3_edges": 0,
        "lanes_seed_tests": 0,
        "lanes_seeds": 0,
        "lanes_shell_ids": 0,
        "q34_input_rectangles": 3133819,
        "q3_atlas_edges": 569448,
        "q3_atlas_locations": 6635428,
        "q3_atlas_outside_domain": 20845,
        "q3_atlas_rejections": 4525051,
        "q3_ball_builds": 4793435,
        "q3_census_bounds": 112112423,
        "q3_census_point_tests": 7685610,
        "q3_depth_rejections": 8627202,
        "q3_edge_queries": 701678,
        "q3_edges": 701678,
        "q3_leaf_censuses": 2089532,
        "q3_leaf_point_tests": 54344235,
        "q3_leaf_rejections": 1447279,
        "q3_lower_bound_fallbacks": 0,
        "q3_seed_bound_tests": 60075239,
        "q3_seed_node_visits": 77755888,
        "q3_seed_point_tests": 17680649,
        "q3_seeds": 9318486,
        "q4_cover_decomposition_node_visits": 51048830,
        "q4_domain_node_visits": 51038854,
        "q4_edges": 576456,
        "q4_geometry_preparations": 576456,
        "q4_live_leaves": 882165,
        "q4_seed_cell_queries": 576456,
        "q4_seed_node_visits": 51450978,
        "q4_seeds": 5808505,
        "q4_sweep_active_sites": 85058413,
        "q4_sweep_events": 28129505,
        "q4_whole_atlas_skips": 108538,
        "witness_cache_node_tests": 61553840,
        "witness_cache_queries": 21600419,
        "witness_cache_rejected_pairs": 16524445,
        "witness_input_pair_mass": 103861099,
        "witness_pair_node_visits": 436101084,
        "witness_pair_queries": 7162306,
        "witness_rect_node_visits": 229928699,
        "witness_rect_queries": 3133819,
        "witness_rejected_pairs": 21643139,
        "witness_rejected_rectangles": 2005653
      },
      "orders": [
        {
          "K": 1,
          "births": 39885,
          "contributions": 39885,
          "merges": 39796,
          "nodes": 79681,
          "parents": 79680
        },
        {
          "K": 2,
          "births": 101089,
          "contributions": 101089,
          "merges": 77038,
          "nodes": 178127,
          "parents": 178126
        },
        {
          "K": 3,
          "births": 166228,
          "contributions": 166228,
          "merges": 119682,
          "nodes": 285910,
          "parents": 285909
        },
        {
          "K": 4,
          "births": 249493,
          "contributions": 249493,
          "merges": 172168,
          "nodes": 421661,
          "parents": 421660
        },
        {
          "K": 5,
          "births": 341081,
          "contributions": 341081,
          "merges": 235290,
          "nodes": 576371,
          "parents": 576370
        }
      ],
      "presentation_digest": "a2aa4b20ca392dfe",
      "process_elapsed_seconds": 3.6731356459999915,
      "process_median_ms": {
        "census_ms": 106.591,
        "chain_total_ms": 3132.155,
        "lanes_transfer_ms": 0.0,
        "q34_ms": 2545.855,
        "tower_ms": 303.756
      },
      "q34_batch": {
        "backend": "",
        "certificate_backend": "",
        "certificate_device_ms": 0.0,
        "certificate_kernel_ms": 0.0,
        "certificate_ms": 0.0,
        "certificate_transfer_ms": 0.0,
        "certificate_warps": 0,
        "deferred": 0,
        "device_ms": 0.0,
        "edges_ms": 0.0,
        "filter_kernel_ms": 0.0,
        "filter_ms": 0.0,
        "filter_transfer_ms": 0.0,
        "front_ms": 0.0,
        "gpu_prepare_ms": 0.0,
        "gpu_prepare_wait_ms": 0.0,
        "gpu_stage_b_ms": 0.0,
        "judged_edges": 0,
        "lanes_asked": 0,
        "lanes_backend": "",
        "lanes_compact_ms": 0.0,
        "lanes_convert_ms": 0.0,
        "lanes_decided": 0,
        "lanes_deferred": 0,
        "lanes_device_ms": 0.0,
        "lanes_download_copy_ms": 0.0,
        "lanes_download_ms": 0.0,
        "lanes_finish_ms": 0.0,
        "lanes_fused_census_chunks": 0,
        "lanes_fused_chunks": 0,
        "lanes_fused_fallbacks": 0,
        "lanes_fused_q3_chunks": 0,
        "lanes_fused_seeds": 0,
        "lanes_host_alloc_ms": 0.0,
        "lanes_judged": 0,
        "lanes_kernel_ms": 0.0,
        "lanes_max_task_steps": 0,
        "lanes_ms": 0.0,
        "lanes_pinned": false,
        "lanes_pinned_allocations": 0,
        "lanes_pinned_bytes": 0,
        "lanes_pinned_reserve_ms": 0.0,
        "lanes_pinned_reserve_records": 0,
        "lanes_plan_ms": 0.0,
        "lanes_records": 0,
        "lanes_setup_ms": 0.0,
        "lanes_task_ms": 0.0,
        "lanes_tasks": 0,
        "lanes_transfer_ms": 0.0,
        "lanes_upload_ms": 0.0,
        "lanes_wait_ms": 0.0,
        "lanes_warps": 0,
        "rebuilt_covers": 0,
        "rectangles": 0,
        "survivors": 0,
        "tail_ms": 0.0,
        "used": false
      },
      "times_ms": {
        "catalogue_digest": 286.806,
        "census": 106.591,
        "chain_total": 3132.155,
        "digest": 191.818,
        "gen_index": 11.831,
        "merge": 36.138,
        "prepare": 0.935,
        "q2": 101.96,
        "q2_census": 0.0,
        "q2_census_index": 0.0,
        "q2_census_wait": 0.0,
        "q2_wait": 0.0,
        "q34": 2545.855,
        "read": 1.193,
        "tower": 303.756,
        "tower_index": 11.747
      },
      "tower_digest": "67450c64611075b1",
      "tower_phases_ms": {
        "bank": 0.906,
        "encode": 37.802,
        "encode_by_k": [
          2.076,
          7.627,
          15.164,
          22.877,
          37.742
        ],
        "images": 17.34,
        "images_by_k": [
          0.0,
          0.0,
          0.0,
          0.0,
          17.264
        ],
        "lots": 114.572,
        "lots_by_k": [
          73.238,
          49.676,
          76.907,
          119.728,
          160.244
        ],
        "order_by_k": [
          0.0,
          0.0,
          0.0,
          0.0,
          0.0
        ],
        "populations": 10.889,
        "static": 84.351,
        "static_by_k": [
          0.0,
          7.383,
          14.598,
          23.894,
          38.475
        ],
        "static_collect_by_k": [
          0.0,
          2.636,
          3.559,
          4.682,
          7.719
        ],
        "static_groups_by_k": [
          0.0,
          1.495,
          2.55,
          3.668,
          4.805
        ],
        "static_resolve_by_k": [
          0.0,
          2.85,
          7.286,
          14.523,
          25.085
        ],
        "static_sort_by_k": [
          0.0,
          0.386,
          1.187,
          1.007,
          0.852
        ],
        "validate": 36.502,
        "validate_parts": [
          1.472,
          1.624,
          5.966,
          0.433,
          1.619,
          10.958,
          3.995,
          10.429
        ]
      },
      "warm_median_ms": {
        "census_ms": null,
        "chain_total_ms": null,
        "lanes_transfer_ms": null,
        "q34_ms": null,
        "tower_ms": null
      }
    }
  ],
  "schema": "mhgp9_core_warm_g4_analysis_v1",
  "snapshot_sha256": "2ccddb90e0e88bb072f7eef4f4b84ae25f3a148850d57bb03914f2c619221e8c",
  "source_commit": "ddf4776d754a8db59a1333e11d56b39d8cb6f51a",
  "targeted_shutdown_certified": true,
  "timing_scope": "Prepared in-memory cloud to explicit FULL; read, segmentation and digests excluded",
  "timings": {
    "core_off": {
      "first_frame_ms": {
        "census_ms": {
          "count": 2,
          "maximum": 104.376,
          "median": 104.0535,
          "minimum": 103.731
        },
        "chain_total_ms": {
          "count": 2,
          "maximum": 997.023,
          "median": 993.8035,
          "minimum": 990.584
        },
        "lanes_transfer_ms": {
          "count": 2,
          "maximum": 4.796,
          "median": 4.7940000000000005,
          "minimum": 4.792
        },
        "q34_ms": {
          "count": 2,
          "maximum": 544.357,
          "median": 544.092,
          "minimum": 543.827
        },
        "tower_ms": {
          "count": 2,
          "maximum": 294.451,
          "median": 291.93,
          "minimum": 289.409
        }
      },
      "processes": 2,
      "warm_process_median_ms": {
        "census_ms": {
          "count": 2,
          "maximum": 103.838,
          "median": 103.20849999999999,
          "minimum": 102.579
        },
        "chain_total_ms": {
          "count": 2,
          "maximum": 979.99,
          "median": 975.9359999999999,
          "minimum": 971.882
        },
        "lanes_transfer_ms": {
          "count": 2,
          "maximum": 2.909,
          "median": 2.8985,
          "minimum": 2.888
        },
        "q34_ms": {
          "count": 2,
          "maximum": 536.958,
          "median": 536.4780000000001,
          "minimum": 535.998
        },
        "tower_ms": {
          "count": 2,
          "maximum": 282.524,
          "median": 282.2315,
          "minimum": 281.939
        }
      }
    },
    "core_on": {
      "first_frame_ms": {
        "census_ms": {
          "count": 2,
          "maximum": 103.195,
          "median": 103.08,
          "minimum": 102.965
        },
        "chain_total_ms": {
          "count": 2,
          "maximum": 946.725,
          "median": 943.023,
          "minimum": 939.321
        },
        "lanes_transfer_ms": {
          "count": 2,
          "maximum": 4.837,
          "median": 4.8185,
          "minimum": 4.8
        },
        "q34_ms": {
          "count": 2,
          "maximum": 490.861,
          "median": 489.0625,
          "minimum": 487.264
        },
        "tower_ms": {
          "count": 2,
          "maximum": 303.985,
          "median": 296.37800000000004,
          "minimum": 288.771
        }
      },
      "processes": 2,
      "warm_process_median_ms": {
        "census_ms": {
          "count": 2,
          "maximum": 103.271,
          "median": 102.7085,
          "minimum": 102.146
        },
        "chain_total_ms": {
          "count": 2,
          "maximum": 923.533,
          "median": 923.4165,
          "minimum": 923.3
        },
        "lanes_transfer_ms": {
          "count": 2,
          "maximum": 2.913,
          "median": 2.91,
          "minimum": 2.907
        },
        "q34_ms": {
          "count": 2,
          "maximum": 481.279,
          "median": 480.015,
          "minimum": 478.751
        },
        "tower_ms": {
          "count": 2,
          "maximum": 283.784,
          "median": 283.5625,
          "minimum": 283.341
        }
      }
    }
  },
  "worker_receipt_sha256": "3c3f32cbfea8874db332c2457d21d7ea89ac65fa08fffb892583eb900b46cb0a"
}
