ordre 1 noeuds 79681 naissances 39885 foret a3c35185af148ab8f7e6fb7164b14d65 verticale - attaches fae97b5b06034cbaabf1d43900a1a496
ordre 2 noeuds 178127 naissances 101089 foret 72749ca6167d80a0abc5a03f16fb5668 verticale f05f1051bf9b43894aafe7b42739c195 attaches 75ac94fd59f79908b0a67a7ff730b59e
ordre 3 noeuds 285910 naissances 166228 foret 28d25f139c91d81f9ec754acb82af4cc verticale 4c49beb4ddc98738a2477878ff5c2e2c attaches 203226bffa9ea7c439e94a27e8465952
ordre 4 noeuds 421661 naissances 249493 foret 0f883395910468df040db5f9b0c4bf85 verticale c171c5956f5d2c64681104e03886dced attaches 15898c7ca52b602a8bbaeee5e29e9b75
ordre 5 noeuds 576371 naissances 341081 foret ff9ee109d64c201ede24ae7573cba92e verticale 5dc078fc0be401745d7f2029864f3ad1 attaches ca6d1e0a98fbb7c8b6051c6bdfa39a26
ordre 1 forest : identique
ordre 1 vertical : identique
ordre 1 attaches : identique
ordre 2 forest : identique
ordre 2 vertical : identique
ordre 2 attaches : identique
ordre 3 forest : identique
ordre 3 vertical : identique
ordre 3 attaches : identique
ordre 4 forest : identique
ordre 4 vertical : identique
ordre 4 attaches : identique
ordre 5 forest : identique
ordre 5 vertical : identique
ordre 5 attaches : identique
