<?xml version="1.0" encoding="UTF-8"?>
<testsuite name="(empty)"
	tests="14"
	failures="0"
	disabled="0"
	skipped="0"
	hostname=""
	time="3"
	timestamp="2026-09-05T17:29:36"
	>
	<testcase name="mhgp7_full_certificate" classname="mhgp7_full_certificate" time="0.0253505" status="run">
		<properties>
			<property name="cmake_labels" value="full_certificate;gate"/>
		</properties>
		<system-out>full_certificate mode=--selftest authority=structural_only positives=11 build_refusals=0 read_refusals=3 allocation_failures=0 checks=68 failures=0 floor=1

</system-out>
	</testcase>
	<testcase name="mhgp7_full_certificate_rejects" classname="mhgp7_full_certificate_rejects" time="0.0265717" status="run">
		<properties>
			<property name="cmake_labels" value="full_certificate;gate"/>
		</properties>
		<system-out>full_certificate mode=--rejects authority=structural_only positives=13 build_refusals=45 read_refusals=19 allocation_failures=15 checks=218 failures=0 floor=1

</system-out>
	</testcase>
	<testcase name="mhgp7_full_gabriel" classname="mhgp7_full_gabriel" time="0.561752" status="run">
		<properties>
			<property name="cmake_labels" value="full_gabriel;gate;oracle"/>
		</properties>
		<system-out>full_gabriel mode=--selftest authority=relative_supplied_catalogues oracle=OBig_FULL clouds=10 catalogues=30 records=136 orders=67 cuts=1492 isolated_cuts=1379 permutations=27 named=24 rejections=0 shell_refusals=0 authority_refutations=0 checks=43701 failures=0 floor=1

</system-out>
	</testcase>
	<testcase name="mhgp7_full_gabriel_rejects" classname="mhgp7_full_gabriel_rejects" time="0.590557" status="run">
		<properties>
			<property name="cmake_labels" value="full_gabriel;gate;oracle"/>
		</properties>
		<system-out>full_gabriel mode=--rejects authority=relative_supplied_catalogues oracle=OBig_FULL clouds=13 catalogues=36 records=157 orders=68 cuts=1524 isolated_cuts=1403 permutations=27 named=24 rejections=80 shell_refusals=1 authority_refutations=1 checks=44982 failures=0 floor=1

</system-out>
	</testcase>
	<testcase name="mhgp7_full_gabriel_bad_argument" classname="mhgp7_full_gabriel_bad_argument" time="0.0242824" status="run">
		<properties>
			<property name="cmake_labels" value="full_gabriel;gate"/>
		</properties>
		<system-out>
</system-out>
	</testcase>
	<testcase name="mhgp7_full_gabriel_allocation" classname="mhgp7_full_gabriel_allocation" time="0.0417002" status="run">
		<properties>
			<property name="cmake_labels" value="full_gabriel;gate"/>
		</properties>
		<system-out>full_gabriel_allocation positives=3 portal_positives=3 allocations=102 fault_runs=102 denied=102 escaped=0 checks=786 failures=0 floor=1

</system-out>
	</testcase>
	<testcase name="mhgp7_full_gabriel_allocation_bad_argument" classname="mhgp7_full_gabriel_allocation_bad_argument" time="0.0241124" status="run">
		<properties>
			<property name="cmake_labels" value="full_gabriel;gate"/>
		</properties>
		<system-out>
</system-out>
	</testcase>
	<testcase name="mhgp7_full_gabriel_lazy" classname="mhgp7_full_gabriel_lazy" time="1.15709" status="run">
		<properties>
			<property name="cmake_labels" value="full_gabriel_lazy;gate;oracle"/>
		</properties>
		<system-out>full_gabriel_lazy mode=--selftest clouds=6 orders=27 lazy_runs=81 cuts=3192 records=114 permutations=9 terminal_orders=18 named_J1=6 named_two_step=3 named_cache_hit=2 cache_hits=4 cache_skips=65 negative_global=1 rejections=0 checks=99137 failures=0 floor=1

</system-out>
	</testcase>
	<testcase name="mhgp7_full_gabriel_lazy_rejects" classname="mhgp7_full_gabriel_lazy_rejects" time="1.18085" status="run">
		<properties>
			<property name="cmake_labels" value="full_gabriel_lazy;gate;oracle"/>
		</properties>
		<system-out>full_gabriel_lazy mode=--rejects clouds=6 orders=27 lazy_runs=81 cuts=3192 records=114 permutations=9 terminal_orders=18 named_J1=6 named_two_step=3 named_cache_hit=2 cache_hits=4 cache_skips=65 negative_global=1 rejections=127 checks=99834 failures=0 floor=1

</system-out>
	</testcase>
	<testcase name="mhgp7_full_gabriel_lazy_bad_argument" classname="mhgp7_full_gabriel_lazy_bad_argument" time="0.0233372" status="run">
		<properties>
			<property name="cmake_labels" value="full_gabriel_lazy;gate"/>
		</properties>
		<system-out>
</system-out>
	</testcase>
	<testcase name="mhgp7_full_gabriel_lazy_allocation" classname="mhgp7_full_gabriel_lazy_allocation" time="0.0777013" status="run">
		<properties>
			<property name="cmake_labels" value="full_gabriel_lazy;gate"/>
		</properties>
		<system-out>lazy_allocation_cell scene=E5 cache=0 allocations=91 fault_runs=91 retained_work=32 admitted_failures=0 late_stats=1 portals=1 singleton=0 inserts=0 skips=1
lazy_allocation_cell scene=E5 cache=1 allocations=93 fault_runs=93 retained_work=34 admitted_failures=30 late_stats=1 portals=1 singleton=0 inserts=1 skips=0
lazy_allocation_cell scene=E5 cache=1000000 allocations=93 fault_runs=93 retained_work=34 admitted_failures=30 late_stats=1 portals=1 singleton=0 inserts=1 skips=0
lazy_allocation_cell scene=J1 cache=0 allocations=51 fault_runs=51 retained_work=23 admitted_failures=0 late_stats=1 portals=1 singleton=1 inserts=0 skips=1
lazy_allocation_cell scene=J1 cache=1 allocations=53 fault_runs=53 retained_work=25 admitted_failures=22 late_stats=1 portals=1 singleton=1 inserts=1 skips=0
lazy_allocation_cell scene=J1 cache=1000000 allocations=53 fault_runs=53 retained_work=25 admitted_failures=22 late_stats=1 portals=1 singleton=1 inserts=1 skips=0
full_gabriel_lazy_allocation cells=6 positives=18 portal_positives...
[This part of the test output was removed since it exceeds the threshold of 1024 bytes.]
</system-out>
	</testcase>
	<testcase name="mhgp7_full_gabriel_lazy_allocation_bad_argument" classname="mhgp7_full_gabriel_lazy_allocation_bad_argument" time="0.0231847" status="run">
		<properties>
			<property name="cmake_labels" value="full_gabriel_lazy;gate"/>
		</properties>
		<system-out>
</system-out>
	</testcase>
	<testcase name="mhgp7_full_gabriel_digest" classname="mhgp7_full_gabriel_digest" time="0.0440337" status="run">
		<properties>
			<property name="cmake_labels" value="full_gabriel_digest;gate"/>
		</properties>
		<system-out>full_gabriel_digest authority=bench_serializer_only oracle=Boost_cpp_int divisions=672 reductions=672 rejections=6 checks=2695 failures=0 floor=1

</system-out>
	</testcase>
	<testcase name="mhgp7_full_gabriel_digest_bad_argument" classname="mhgp7_full_gabriel_digest_bad_argument" time="0.0287669" status="run">
		<properties>
			<property name="cmake_labels" value="full_gabriel_digest;gate"/>
		</properties>
		<system-out>
</system-out>
	</testcase>
</testsuite>
