[  3%] Building CXX object CMakeFiles/mhgp9_gen.dir/src/gen/pipeline/local_credits.cpp.o
[  6%] Building CXX object CMakeFiles/mhgp9_gen.dir/src/gen/pipeline/axis_q2.cpp.o
[ 10%] Building CXX object CMakeFiles/mhgp9_gen.dir/src/gen/pipeline/q2_census_parallel.cpp.o
[ 13%] Building CXX object CMakeFiles/mhgp9_gen.dir/src/gen/pipeline/prepared_cloud.cpp.o
[ 17%] Building CXX object CMakeFiles/mhgp9_gen.dir/src/gen/pipeline/q2_census.cpp.o
[ 20%] Building CXX object CMakeFiles/mhgp9_gen.dir/src/gen/wspd/front.cpp.o
[ 24%] Building CXX object CMakeFiles/mhgp9_gen.dir/src/gen/lanes/q4_family.cpp.o
[ 31%] Building CXX object CMakeFiles/mhgp9_gen.dir/src/gen/lanes/exact_ball.cpp.o
[ 31%] Building CXX object CMakeFiles/mhgp9_gen.dir/src/gen/lanes/q34_seed.cpp.o
[ 37%] Building CXX object CMakeFiles/mhgp9_gen.dir/src/gen/lanes/edge_cover.cpp.o
[ 37%] Building CXX object CMakeFiles/mhgp9_gen.dir/src/gen/lanes/q34_cover.cpp.o
[ 41%] Building CXX object CMakeFiles/mhgp9_gen.dir/src/gen/lanes/family_certificate.cpp.o
[ 44%] Building CXX object CMakeFiles/mhgp9_gen.dir/src/gen/lanes/q34_pruning.cpp.o
[ 48%] Building CXX object CMakeFiles/mhgp9_gen.dir/src/gen/lanes/q34_collective.cpp.o
[ 55%] Building CXX object CMakeFiles/mhgp9_gen.dir/src/gen/lanes/q4_center_map.cpp.o
[ 58%] Building CXX object CMakeFiles/mhgp9_gen.dir/src/gen/lanes/q4_positive_domain.cpp.o
[ 58%] Building CXX object CMakeFiles/mhgp9_gen.dir/src/gen/lanes/q4_local_partition.cpp.o
[ 62%] Building CXX object CMakeFiles/mhgp9_gen.dir/src/gen/lanes/q4_local.cpp.o
[ 65%] Building CXX object CMakeFiles/mhgp9_gen.dir/src/gen/lanes/q4_shallow_set.cpp.o
[ 68%] Building CXX object CMakeFiles/mhgp9_gen.dir/src/gen/lanes/q4_shallow.cpp.o
[ 79%] Building CXX object CMakeFiles/mhgp9_gen.dir/src/gen/lanes/q4_window.cpp.o
[ 79%] Building CXX object CMakeFiles/mhgp9_gen.dir/src/gen/lanes/q34_witness_search.cpp.o
[ 79%] Building CXX object CMakeFiles/mhgp9_gen.dir/src/gen/pipeline/wspd_q34.cpp.o
[ 82%] Building CXX object CMakeFiles/mhgp9_gen.dir/src/gen/lanes/q3_ball_census.cpp.o
[ 86%] Linking CXX static library libmhgp9_gen.a
[ 86%] Built target mhgp9_gen
[ 89%] Building CXX object CMakeFiles/mhgp9_chain.dir/src/chain/tower_chain.cpp.o
[ 93%] Linking CXX static library libmhgp9_chain.a
[ 93%] Built target mhgp9_chain
[ 96%] Building CXX object CMakeFiles/mhgp9_tower_probe.dir/bench/tower_probe.cpp.o
[100%] Linking CXX executable mhgp9_tower_probe
[100%] Built target mhgp9_tower_probe
