	Command being timed: "/tmp/ehgp-tower-v9-cfce04dc4b670366.qf3AWrC2E2/output/build/mhgp9_tower_probe /tmp/ehgp-tower-v9-cfce04dc4b670366.qf3AWrC2E2/source/data/scene_01.u32le 10 48 --s=8 --static=0 --grid=1mm"
	User time (seconds): 1235.96
	System time (seconds): 1.76
	Percent of CPU this job got: 1500%
	Elapsed (wall clock) time (h:mm:ss or m:ss): 1:22.48
	Average shared text size (kbytes): 0
	Average unshared data size (kbytes): 0
	Average stack size (kbytes): 0
	Average total size (kbytes): 0
	Maximum resident set size (kbytes): 3899876
	Average resident set size (kbytes): 0
	Major (requiring I/O) page faults: 0
	Minor (reclaiming a frame) page faults: 1626747
	Voluntary context switches: 51641
	Involuntary context switches: 2608
	Swaps: 0
	File system inputs: 0
	File system outputs: 8
	Socket messages sent: 0
	Socket messages received: 0
	Signals delivered: 0
	Page size (bytes): 4096
	Exit status: 0
