	Command being timed: "/tmp/ehgp-tower-v9-cfce04dc4b670366.qf3AWrC2E2/output/build/mhgp9_tower_probe /tmp/ehgp-tower-v9-cfce04dc4b670366.qf3AWrC2E2/source/data/scene_02.u32le 10 48 --s=8 --static=0 --grid=1mm"
	User time (seconds): 2785.04
	System time (seconds): 3.13
	Percent of CPU this job got: 2218%
	Elapsed (wall clock) time (h:mm:ss or m:ss): 2:05.65
	Average shared text size (kbytes): 0
	Average unshared data size (kbytes): 0
	Average stack size (kbytes): 0
	Average total size (kbytes): 0
	Maximum resident set size (kbytes): 4910660
	Average resident set size (kbytes): 0
	Major (requiring I/O) page faults: 0
	Minor (reclaiming a frame) page faults: 2066141
	Voluntary context switches: 377853
	Involuntary context switches: 4818
	Swaps: 0
	File system inputs: 0
	File system outputs: 8
	Socket messages sent: 0
	Socket messages received: 0
	Signals delivered: 0
	Page size (bytes): 4096
	Exit status: 0
