stage_start=index
stage_complete=index seconds=0.010317379
stage_start=generate
stage_complete=generate seconds=290.047648319
stage_start=sort_rle
stage_complete=sort_rle seconds=10.641978631
stage_start=prefilter
stage_complete=prefilter seconds=50.950143886
stage_start=census
stage_complete=census seconds=38.865541526
stage_start=full_ball_tower
stage_complete=full_ball_tower seconds=565.502350594
stage_start=payload_digest
stage_complete=payload_digest seconds=8.852158720
	Command being timed: "/workspaces/E-HGP/build/v7_ball_probe_20260910/monotone_r1/full_ball_probe --n=32000 --s=8 --kmax=10 --threads=1"
	User time (seconds): 937.41
	System time (seconds): 19.77
	Percent of CPU this job got: 99%
	Elapsed (wall clock) time (h:mm:ss or m:ss): 16:06.27
	Average shared text size (kbytes): 0
	Average unshared data size (kbytes): 0
	Average stack size (kbytes): 0
	Average total size (kbytes): 0
	Maximum resident set size (kbytes): 10559316
	Average resident set size (kbytes): 0
	Major (requiring I/O) page faults: 0
	Minor (reclaiming a frame) page faults: 6776088
	Voluntary context switches: 124
	Involuntary context switches: 22248
	Swaps: 0
	File system inputs: 0
	File system outputs: 56
	Socket messages sent: 0
	Socket messages received: 0
	Signals delivered: 0
	Page size (bytes): 4096
	Exit status: 0
