{
  "EOM_flips": 1,
  "comparisons": [
    {
      "EOM_flip": false,
      "differs": false,
      "exact_labels": [
        1,
        1,
        1,
        2,
        2,
        0,
        0
      ],
      "exact_point_lambda": [
        "1",
        "1/2",
        "1/3",
        "1/4",
        "1/4",
        "1/10",
        "1/10"
      ],
      "exact_selected": [
        2,
        3,
        4
      ],
      "exact_stabilities": [
        "7/40",
        "7/8",
        "3/20",
        "37/30",
        "1/10"
      ],
      "mcs": 1,
      "native_labels": [
        1,
        1,
        1,
        2,
        2,
        0,
        0
      ],
      "native_point_lambda": [
        "1",
        "1/2",
        "1/3",
        "1/4",
        "1/4",
        "1/10",
        "1/10"
      ],
      "native_selected": [
        2,
        3,
        4
      ],
      "native_stabilities": [
        "7/40",
        "7/8",
        "3/20",
        "37/30",
        "1/10"
      ],
      "z": 1
    },
    {
      "EOM_flip": false,
      "differs": false,
      "exact_labels": [
        1,
        1,
        1,
        2,
        2,
        0,
        0
      ],
      "exact_point_lambda": [
        "1",
        "1/4",
        "1/9",
        "1/16",
        "1/16",
        "1/100",
        "1/100"
      ],
      "exact_selected": [
        2,
        3,
        4
      ],
      "exact_stabilities": [
        "7/1600",
        "63/320",
        "3/160",
        "1117/900",
        "9/200"
      ],
      "mcs": 1,
      "native_labels": [
        1,
        1,
        1,
        2,
        2,
        0,
        0
      ],
      "native_point_lambda": [
        "1",
        "1/4",
        "1/9",
        "1/16",
        "1/16",
        "1/100",
        "1/100"
      ],
      "native_selected": [
        2,
        3,
        4
      ],
      "native_stabilities": [
        "7/1600",
        "63/320",
        "3/160",
        "1117/900",
        "9/200"
      ],
      "z": 2
    },
    {
      "EOM_flip": true,
      "differs": true,
      "exact_labels": [
        0,
        0,
        0,
        0,
        0,
        1,
        1
      ],
      "exact_point_lambda": [
        "1/2",
        "1/2",
        "1/3",
        "1/4",
        "1/4",
        "1/10",
        "1/10"
      ],
      "exact_selected": [
        1,
        2
      ],
      "exact_stabilities": [
        "7/40",
        "7/8",
        "3/20",
        "11/15",
        "1/10"
      ],
      "mcs": 2,
      "native_labels": [
        1,
        1,
        1,
        2,
        2,
        0,
        0
      ],
      "native_point_lambda": [
        "1",
        "1/2",
        "1/3",
        "1/4",
        "1/4",
        "1/10",
        "1/10"
      ],
      "native_selected": [
        2,
        3,
        4
      ],
      "native_stabilities": [
        "7/40",
        "7/8",
        "3/20",
        "37/30",
        "1/10"
      ],
      "z": 1
    },
    {
      "EOM_flip": false,
      "differs": true,
      "exact_labels": [
        1,
        1,
        1,
        2,
        2,
        0,
        0
      ],
      "exact_point_lambda": [
        "1/4",
        "1/4",
        "1/9",
        "1/16",
        "1/16",
        "1/100",
        "1/100"
      ],
      "exact_selected": [
        2,
        3,
        4
      ],
      "exact_stabilities": [
        "7/1600",
        "63/320",
        "3/160",
        "221/450",
        "9/200"
      ],
      "mcs": 2,
      "native_labels": [
        1,
        1,
        1,
        2,
        2,
        0,
        0
      ],
      "native_point_lambda": [
        "1",
        "1/4",
        "1/9",
        "1/16",
        "1/16",
        "1/100",
        "1/100"
      ],
      "native_selected": [
        2,
        3,
        4
      ],
      "native_stabilities": [
        "7/1600",
        "63/320",
        "3/160",
        "1117/900",
        "9/200"
      ],
      "z": 2
    }
  ],
  "differing_rows": 2,
  "exact_positive_controls": 2,
  "factor": 1,
  "native_executions": 0,
  "points": 7,
  "rows": 4,
  "scope": "fixed API tree under excluded root; no MEB-realizability claim",
  "status": "EXPECTED_API_DIFFERENCE_CONFIRMED"
}
