 M morsehgp3D_v7/CMakeLists.txt
 M morsehgp3D_v7/PASSATION.md
 M morsehgp3D_v7/README.md
 M morsehgp3D_v7/audits/DIALOGUE_COURANT.md
 M morsehgp3D_v7/docs/CONTRAT_PRODUCTEUR_FULL_GABRIEL.md
 M morsehgp3D_v7/docs/RESIDENCE_MASSIVE.md
 M morsehgp3D_v7/src/forest/full_gabriel.hpp
?? morsehgp3D_v7/audits/full_lazy_bridge.cpp
?? morsehgp3D_v7/audits/full_lazy_run.py
?? morsehgp3D_v7/audits/receipts_full_lazy_20260905/O2_build.json
?? morsehgp3D_v7/audits/receipts_full_lazy_20260905/O2_build_stderr.txt
?? morsehgp3D_v7/audits/receipts_full_lazy_20260905/O2_build_stdout.txt
?? morsehgp3D_v7/audits/receipts_full_lazy_20260905/O2_dependencies.d.txt
?? morsehgp3D_v7/audits/receipts_full_lazy_20260905/collapse_minima.patch.txt
?? morsehgp3D_v7/audits/receipts_full_lazy_20260905/digest_review/full_certificate.hpp
?? morsehgp3D_v7/audits/receipts_full_lazy_20260905/digest_review/full_gabriel.hpp
?? morsehgp3D_v7/audits/receipts_full_lazy_20260905/digest_review/full_gabriel_digest_gate.cpp
?? morsehgp3D_v7/audits/receipts_full_lazy_20260905/digest_review/full_gabriel_lazy_probe.cpp
?? morsehgp3D_v7/audits/receipts_full_lazy_20260905/digest_review/full_gabriel_lazy_probe_audit.py
?? morsehgp3D_v7/audits/receipts_full_lazy_20260905/digest_review/full_gabriel_semantic_digest.hpp
?? morsehgp3D_v7/audits/receipts_full_lazy_20260905/digest_review/normal.json
?? morsehgp3D_v7/audits/receipts_full_lazy_20260905/digest_review/optimized.json
?? morsehgp3D_v7/audits/receipts_full_lazy_20260905/digest_review/replay_helpers.py
?? morsehgp3D_v7/audits/receipts_full_lazy_20260905/digest_review/sha256.hpp
?? morsehgp3D_v7/audits/receipts_full_lazy_20260905/digest_review/sources_as_read.json
?? morsehgp3D_v7/audits/receipts_full_lazy_20260905/discovery_stderr.txt
?? morsehgp3D_v7/audits/receipts_full_lazy_20260905/discovery_stdout.txt
?? morsehgp3D_v7/audits/receipts_full_lazy_20260905/ignore_capacity.patch.txt
?? morsehgp3D_v7/audits/receipts_full_lazy_20260905/reject_j1.patch.txt
?? morsehgp3D_v7/audits/receipts_full_lazy_20260905/source/morsehgp3D_v7/src/core/device.hpp
?? morsehgp3D_v7/audits/receipts_full_lazy_20260905/source/morsehgp3D_v7/src/core/intmath.hpp
?? morsehgp3D_v7/audits/receipts_full_lazy_20260905/source/morsehgp3D_v7/src/core/morton.hpp
?? morsehgp3D_v7/audits/receipts_full_lazy_20260905/source/morsehgp3D_v7/src/core/mutants.hpp
?? morsehgp3D_v7/audits/receipts_full_lazy_20260905/source/morsehgp3D_v7/src/core/types.hpp
?? morsehgp3D_v7/audits/receipts_full_lazy_20260905/source/morsehgp3D_v7/src/core/wide.hpp
?? morsehgp3D_v7/audits/receipts_full_lazy_20260905/source/morsehgp3D_v7/src/forest/fold.hpp
?? morsehgp3D_v7/audits/receipts_full_lazy_20260905/source/morsehgp3D_v7/src/forest/full_certificate.hpp
?? morsehgp3D_v7/audits/receipts_full_lazy_20260905/source/morsehgp3D_v7/src/forest/full_gabriel.hpp
?? morsehgp3D_v7/audits/receipts_full_lazy_20260905/source/morsehgp3D_v7/src/forest/silent_incidence.hpp
?? morsehgp3D_v7/audits/receipts_full_lazy_20260905/source/morsehgp3D_v7/src/lanes/keys.hpp
?? morsehgp3D_v7/audits/receipts_full_lazy_20260905/source/morsehgp3D_v7/src/lanes/level.hpp
?? morsehgp3D_v7/audits/receipts_full_lazy_20260905/source/morsehgp3D_v7/src/lanes/q2.hpp
?? morsehgp3D_v7/audits/receipts_full_lazy_20260905/source/morsehgp3D_v7/src/lanes/q3.hpp
?? morsehgp3D_v7/audits/receipts_full_lazy_20260905/source/morsehgp3D_v7/src/lanes/q4.hpp
?? morsehgp3D_v7/audits/receipts_full_lazy_20260905/source/morsehgp3D_v7/src/parallel/pool.hpp
?? morsehgp3D_v7/audits/receipts_full_lazy_20260905/source/morsehgp3D_v7/src/parallel/sort.hpp
?? morsehgp3D_v7/audits/receipts_full_lazy_20260905/source/morsehgp3D_v7/src/pipeline/census.hpp
?? morsehgp3D_v7/audits/receipts_full_lazy_20260905/source/morsehgp3D_v7/src/tree/cloud_index.hpp
?? morsehgp3D_v7/audits/receipts_full_lazy_20260905/source_pins.json
?? morsehgp3D_v7/bench/full_gabriel_lazy_probe.cpp
?? morsehgp3D_v7/bench/full_gabriel_lazy_probe_audit.py
?? morsehgp3D_v7/bench/full_gabriel_semantic_digest.hpp
?? morsehgp3D_v7/docs/CONTRAT_CACHE_FULL_PARESSEUX.md
?? morsehgp3D_v7/docs/CONTRAT_DIGEST_FULL.md
?? morsehgp3D_v7/receipts/full_lazy_development_20260905/README.md
?? morsehgp3D_v7/receipts/full_lazy_development_20260905/commands.json
?? morsehgp3D_v7/receipts/full_lazy_development_20260905/full_gabriel_lazy_gate.failed.cpp
?? morsehgp3D_v7/tests/full_gabriel_digest_gate.cpp
?? morsehgp3D_v7/tests/full_gabriel_lazy_allocation_gate.cpp
?? morsehgp3D_v7/tests/full_gabriel_lazy_gate.cpp
