	Command being timed: "/tmp/ehgp-gpu-v9-c04946b0b5d309af.gRqDkkwPOn/output/build/mhgp9_gpu_filter_probe /tmp/ehgp-gpu-v9-c04946b0b5d309af.gRqDkkwPOn/output/preflight.u32le 5 2 --s=8 --repeats=1"
	User time (seconds): 0.68
	System time (seconds): 0.34
	Percent of CPU this job got: 126%
	Elapsed (wall clock) time (h:mm:ss or m:ss): 0:00.81
	Average shared text size (kbytes): 0
	Average unshared data size (kbytes): 0
	Average stack size (kbytes): 0
	Average total size (kbytes): 0
	Maximum resident set size (kbytes): 112884
	Average resident set size (kbytes): 0
	Major (requiring I/O) page faults: 48
	Minor (reclaiming a frame) page faults: 11219
	Voluntary context switches: 151
	Involuntary context switches: 1
	Swaps: 0
	File system inputs: 28360
	File system outputs: 8
	Socket messages sent: 0
	Socket messages received: 0
	Signals delivered: 0
	Page size (bytes): 4096
	Exit status: 0
