	Command being timed: "/tmp/ehgp-tower-v9-169d9bbd003412c6.OL9XvsImMn/output/build/mhgp9_tower_probe /tmp/ehgp-tower-v9-169d9bbd003412c6.OL9XvsImMn/source/data/scene_00.u32le 10 48 --s=8 --static=48 --grid=1mm --saturate-deep --q3-leaf --dead-lanes"
	User time (seconds): 491.07
	System time (seconds): 8.04
	Percent of CPU this job got: 1399%
	Elapsed (wall clock) time (h:mm:ss or m:ss): 0:35.67
	Average shared text size (kbytes): 0
	Average unshared data size (kbytes): 0
	Average stack size (kbytes): 0
	Average total size (kbytes): 0
	Maximum resident set size (kbytes): 4892312
	Average resident set size (kbytes): 0
	Major (requiring I/O) page faults: 0
	Minor (reclaiming a frame) page faults: 2517011
	Voluntary context switches: 1082924
	Involuntary context switches: 2320
	Swaps: 0
	File system inputs: 0
	File system outputs: 8
	Socket messages sent: 0
	Socket messages received: 0
	Signals delivered: 0
	Page size (bytes): 4096
	Exit status: 0
