  1/250 anisotropic_n2000_g8_easy_noise0 seed=2026092800 cda_eom=0.998 head_eom=0.998 splitonly_eom=0.998 rootonly_eom=0.998 head_eom_noroot=0.998 head_leaf=0.998 cda_eom_noroot=0.998 1.9s
  2/250 anisotropic_n2000_g8_easy_noise0 seed=2026092801 cda_eom=0.935 head_eom=0.989 splitonly_eom=0.989 rootonly_eom=0.935 head_eom_noroot=0.989 head_leaf=0.935 cda_eom_noroot=0.935 1.9s
  3/250 anisotropic_n2000_g8_easy_noise0 seed=2026092802 cda_eom=0.997 head_eom=0.997 splitonly_eom=0.997 rootonly_eom=0.997 head_eom_noroot=0.997 head_leaf=0.997 cda_eom_noroot=0.997 2.5s
  4/250 anisotropic_n2000_g8_easy_noise0 seed=2026092803 cda_eom=0.878 head_eom=0.949 splitonly_eom=0.949 rootonly_eom=0.878 head_eom_noroot=0.949 head_leaf=0.878 cda_eom_noroot=0.878 2.5s
  5/250 anisotropic_n2000_g8_easy_noise0 seed=2026092804 cda_eom=1.000 head_eom=1.000 splitonly_eom=1.000 rootonly_eom=1.000 head_eom_noroot=1.000 head_leaf=1.000 cda_eom_noroot=1.000 2.2s
  6/250 anisotropic_n2000_g8_extreme_noise0 seed=2026092800 cda_eom=0.570 head_eom=0.570 splitonly_eom=0.000 rootonly_eom=0.570 head_eom_noroot=0.570 head_leaf=0.570 cda_eom_noroot=0.570 2.8s
  7/250 anisotropic_n2000_g8_extreme_noise0 seed=2026092801 cda_eom=0.272 head_eom=0.000 splitonly_eom=0.000 rootonly_eom=0.272 head_eom_noroot=0.441 head_leaf=0.272 cda_eom_noroot=0.272 3.9s
  8/250 anisotropic_n2000_g8_extreme_noise0 seed=2026092802 cda_eom=0.354 head_eom=0.000 splitonly_eom=0.000 rootonly_eom=0.354 head_eom_noroot=0.354 head_leaf=0.354 cda_eom_noroot=0.354 2.9s
  9/250 anisotropic_n2000_g8_extreme_noise0 seed=2026092803 cda_eom=0.323 head_eom=0.000 splitonly_eom=0.000 rootonly_eom=0.323 head_eom_noroot=0.323 head_leaf=0.323 cda_eom_noroot=0.323 3.4s
 10/250 anisotropic_n2000_g8_extreme_noise0 seed=2026092804 cda_eom=0.597 head_eom=0.000 splitonly_eom=0.000 rootonly_eom=0.597 head_eom_noroot=0.597 head_leaf=0.597 cda_eom_noroot=0.597 3.2s
 11/250 anisotropic_n2000_g8_hard_noise0 seed=2026092800 cda_eom=0.811 head_eom=0.811 splitonly_eom=0.811 rootonly_eom=0.811 head_eom_noroot=0.811 head_leaf=0.811 cda_eom_noroot=0.811 2.9s
 12/250 anisotropic_n2000_g8_hard_noise0 seed=2026092801 cda_eom=0.626 head_eom=0.691 splitonly_eom=0.691 rootonly_eom=0.626 head_eom_noroot=0.691 head_leaf=0.626 cda_eom_noroot=0.626 2.9s
 13/250 anisotropic_n2000_g8_hard_noise0 seed=2026092802 cda_eom=0.656 head_eom=0.656 splitonly_eom=0.656 rootonly_eom=0.656 head_eom_noroot=0.656 head_leaf=0.656 cda_eom_noroot=0.656 2.5s
 14/250 anisotropic_n2000_g8_hard_noise0 seed=2026092803 cda_eom=0.568 head_eom=0.000 splitonly_eom=0.000 rootonly_eom=0.568 head_eom_noroot=0.568 head_leaf=0.568 cda_eom_noroot=0.568 3.0s
 15/250 anisotropic_n2000_g8_hard_noise0 seed=2026092804 cda_eom=0.854 head_eom=0.854 splitonly_eom=0.000 rootonly_eom=0.854 head_eom_noroot=0.854 head_leaf=0.854 cda_eom_noroot=0.854 2.7s
 16/250 anisotropic_n2000_g8_medium_noise0 seed=2026092800 cda_eom=0.948 head_eom=0.948 splitonly_eom=0.948 rootonly_eom=0.948 head_eom_noroot=0.948 head_leaf=0.948 cda_eom_noroot=0.948 2.3s
 17/250 anisotropic_n2000_g8_medium_noise0 seed=2026092801 cda_eom=0.789 head_eom=0.777 splitonly_eom=0.777 rootonly_eom=0.789 head_eom_noroot=0.777 head_leaf=0.789 cda_eom_noroot=0.789 2.3s
 18/250 anisotropic_n2000_g8_medium_noise0 seed=2026092802 cda_eom=0.898 head_eom=0.898 splitonly_eom=0.898 rootonly_eom=0.898 head_eom_noroot=0.898 head_leaf=0.898 cda_eom_noroot=0.898 3.0s
 19/250 anisotropic_n2000_g8_medium_noise0 seed=2026092803 cda_eom=0.713 head_eom=0.713 splitonly_eom=0.713 rootonly_eom=0.713 head_eom_noroot=0.713 head_leaf=0.713 cda_eom_noroot=0.713 2.9s
 20/250 anisotropic_n2000_g8_medium_noise0 seed=2026092804 cda_eom=0.981 head_eom=0.981 splitonly_eom=0.981 rootonly_eom=0.981 head_eom_noroot=0.981 head_leaf=0.981 cda_eom_noroot=0.981 2.7s
 21/250 bridge_n2000_g8_easy_noise0 seed=2026092800 cda_eom=0.976 head_eom=0.976 splitonly_eom=0.976 rootonly_eom=0.976 head_eom_noroot=0.976 head_leaf=0.976 cda_eom_noroot=0.976 2.5s
 22/250 bridge_n2000_g8_easy_noise0 seed=2026092801 cda_eom=0.973 head_eom=0.973 splitonly_eom=0.973 rootonly_eom=0.973 head_eom_noroot=0.973 head_leaf=0.973 cda_eom_noroot=0.973 2.2s
 23/250 bridge_n2000_g8_easy_noise0 seed=2026092802 cda_eom=0.978 head_eom=0.978 splitonly_eom=0.978 rootonly_eom=0.978 head_eom_noroot=0.978 head_leaf=0.978 cda_eom_noroot=0.978 2.4s
 24/250 bridge_n2000_g8_easy_noise0 seed=2026092803 cda_eom=0.976 head_eom=0.976 splitonly_eom=0.976 rootonly_eom=0.976 head_eom_noroot=0.976 head_leaf=0.976 cda_eom_noroot=0.976 2.5s
 25/250 bridge_n2000_g8_easy_noise0 seed=2026092804 cda_eom=0.972 head_eom=0.972 splitonly_eom=0.972 rootonly_eom=0.972 head_eom_noroot=0.972 head_leaf=0.972 cda_eom_noroot=0.972 2.4s
 26/250 bridge_n2000_g8_extreme_noise0 seed=2026092800 cda_eom=0.551 head_eom=0.551 splitonly_eom=0.000 rootonly_eom=0.551 head_eom_noroot=0.551 head_leaf=0.551 cda_eom_noroot=0.551 2.9s
